============================================================
KlebPhaCol PHAGE GENOMES (Table S2 GenBank accessions)
============================================================
52 phages listed in Table S2
  [1/52] Roth37 (PQ657803): OK
  [2/52] Roth39 (PQ657804): OK
  [3/52] Roth49 (PQ657809): OK
  [4/52] Roth50 (PQ657810): OK
  [5/52] Roth08 (PQ657787): OK
  [6/52] Roth74 (PQ657818): OK
  [7/52] Roth75 (PQ657819): OK
  [8/52] Roth42 (PQ657806): OK
  [9/52] Roth87 (PQ657828): OK
  [10/52] Roth24 (PQ657797): OK
  [11/52] Roth30 (PQ657800): OK
  [12/52] Roth44 (PQ657807): OK
  [13/52] Roth71 (PQ657816): OK
  [14/52] Roth84 (PQ657826): OK
  [15/52] Roth10 (PQ657789): OK
  [16/52] Roth83 (PQ657825): OK
  [17/52] Roth09 (PQ657788): OK
  [18/52] Roth93 (PQ657831): OK
  [19/52] Roth85 (PQ657827): OK
  [20/52] Roth61 (PQ657812): OK
  [21/52] Roth47 (PQ657808): OK
  [22/52] Roth96 (PQ657832): OK
  [23/52] Roth72 (PQ657817): OK
  [24/52] RothD (PP934564): OK
  [25/52] Roth32 (PQ657801): OK
  [26/52] RothG (PQ657833): OK
  [27/52] RothJ (PQ657835): OK
  [28/52] RothI (PQ657834): OK
  [29/52] Roth88 (PQ657829): OK
  [30/52] Roth27 (PQ657799): OK
  [31/52] Roth22 (PQ657795): OK
  [32/52] Roth90 (PQ657830): OK
  [33/52] Roth26 (PQ657798): OK
  [34/52] Roth41 (PQ657805): OK
  [35/52] Roth23 (PQ657796): OK
  [36/52] Roth19 (PQ657792): OK
  [37/52] Roth20 (PQ657793): OK
  [38/52] Roth04 (PQ657786): OK
  [39/52] Roth78 (PQ657822): OK
  [40/52] Roth67 (PQ657814): OK
  [41/52] Roth77 (PQ657821): OK
  [42/52] Roth16 (PQ657790): OK
  [43/52] Roth17 (PQ657791): OK
  [44/52] Roth21 (PQ657794): OK
  [45/52] Roth51 (PQ657811): OK
  [46/52] Roth80 (PQ657824): OK
  [47/52] Roth66 (PQ657813): OK
  [48/52] Roth68 (PQ657815): OK
  [49/52] Roth76 (PQ657820): OK
  [50/52] Roth34 (PQ657802): OK
  [51/52] Roth79 (PQ657823): OK
  [52/52] Roth01 (PQ657785): OK

============================================================
KlebPhaCol HOST GENOMES (Table S1)
============================================================
74 hosts listed in Table S1
No accession in table at all: 5 -> ['NCTC_13368', 'ATCC_11296', 'NCTC_13438', 'NCTC_7427', 'NCTC_13443']
Have some accession to resolve: 69
  [1/69] KLEB11 (JBKFVS000000000 -> GCF_046503475.1): OK
  [2/69] 164413U/2 (aka 164413U12) (JBJHZP000000000 -> GCF_045261815.1): FAILED
  [3/69] 163575R (JBJHZV000000000 -> GCF_045261935.1): OK
  [4/69] L0240 (JBKFVQ000000000 -> GCF_046503425.1): OK
  [5/69] KLEB12 (JBKFVR000000000 -> GCF_046503365.1): OK
  [6/69] 921530F (JBJHZO000000000 -> GCF_045261795.1): OK
  [7/69] 1_1_55 (JBKFVT000000000 -> GCF_046503465.1): OK
  [8/69] KLEB5 (JBJHZI000000000 -> GCF_045261675.1): OK
  [9/69] 4_1_44FAA (JBJHZW000000000 -> GCF_045261975.1): OK
  [10/69] K5962 (SAMN20169039 -> GCF_019732615.1): OK
  [11/69] CFI_127_NDM1 (JBELWP000000000 -> GCF_040270875.1): OK
  [12/69] CFI_108_OXA181 (JBELWT000000000 -> GCF_040270625.1): OK
  [13/69] 2660 (JBELXA000000000 -> GCF_040271285.1): OK
  [14/69] 2619 (JBELXB000000000 -> GCF_040271375.1): OK
  [15/69] MDRT1 (JBELWD000000000 -> GCF_040271525.1): OK
  [16/69] 2609 (JBELXC000000000 -> GCF_040271105.1): OK
  [17/69] 49856 (JBELWX000000000 -> GCF_040270635.1): OK
  [18/69] CFI_131_KPC2 (JBELWN000000000 -> GCF_040271555.1): OK
  [19/69] MKP103 (aka KPNIH1) (NZ_CP008827.1 -> NZ_CP008827.1): OK
  [20/69] 46704 (JBELWY000000000 -> GCF_040270885.1): OK
  [21/69] 45071 (JBELWZ000000000 -> GCF_040271265.1): OK
  [22/69] CFI_141_KPC3 (JBELWL000000000 -> GCF_040271135.1): OK
  [23/69] 51851 (CP159506 -> CP159506): OK
  [24/69] KLEB9 (JBJHZF000000000 -> GCF_045261595.1): OK
  [25/69] L0549 (SAMN30837124 -> GCF_026891045.1): OK
  [26/69] L0506 (SAMN30837133 -> GCF_026891145.1): OK
  [27/69] KLEB6 (JBJHZH000000000 -> GCF_045261635.1): OK
  [28/69] K6500 (SAMN20169011 -> GCF_019732505.1): OK
  [29/69] K5864 (JBJHZM000000000 -> GCF_045261735.1): OK
  [30/69] 164121Y (JBJHZS000000000 -> GCF_045261875.1): OK
  [31/69] 164358U (JBJHZQ000000000 -> GCF_045261855.1): OK
  [32/69] L0593 (JBJHZB000000000 -> GCF_045261515.1): OK
  [33/69] KLEB7 (JBJHZG000000000 -> GCF_045261655.1): OK
  [34/69] RSUH15 (JBELWC000000000 -> GCF_040271595.1): OK
  [35/69] 80528 (JBELWW000000000 -> GCF_040271145.1): OK
  [36/69] KLEB2 (JBJHZL000000000 -> GCF_045261755.1): OK
  [37/69] MGH_78578 (CP000647.1 -> CP000647.1): OK
  [38/69] KLEB10 (JBJHZE000000000 -> GCF_045261615.1): OK
  [39/69] KPUK02 (JBELWG000000000 -> GCF_040271615.1): OK
  [40/69] L0644 (JBJHZA000000000 -> GCF_045261535.1): OK
  [41/69] 163895Q (JBJHZT000000000 -> GCF_045261915.1): OK
  [42/69] L0747 (JBJHYY000000000 -> GCF_045261475.1): OK
  [43/69] 922221W (JBJHZN000000000 -> GCF_045261775.1): OK
  [44/69] L1522 (JBJHYW000000000 -> GCA_045261455.1): OK
  [45/69] L0738 (JBJHYZ000000000 -> GCA_045261495.1): OK
  [46/69] TW3 (JBELWB000000000 -> GCF_040271385.1): OK
  [47/69] M6 (JBELWE000000000 -> GCF_040271635.1): OK
  [48/69] 164125A (JBJHZR000000000 -> GCF_045261835.1): OK
  [49/69] K6310 (SAMN20168914 -> GCF_019732495.1): OK
  [50/69] KLEB3 (JBJHZK000000000 -> GCF_045261695.1): OK
  [51/69] KLEB4 (JBJHZJ000000000 -> GCF_045261715.1): OK
  [52/69] 163862E (JBJHZU000000000 -> GCF_045261895.1): OK
  [53/69] L1392 (JBJHYX000000000 -> GCF_045261435.1): OK
  [54/69] 16 (aka KP16) (CP159507 -> CP159507): OK
  [55/69] CFI_110_OXA232 (JBELWS000000000 -> GCF_040270675.1): OK
  [56/69] CFI_119_OXA48 (JBELWQ000000000 -> GCF_040270895.1): OK
  [57/69] CFI_147_OXA48 (JBELWJ000000000 -> GCF_040270665.1): OK
  [58/69] CFI_118_NDM1 (JBELWR000000000 -> GCF_040270905.1): OK
  [59/69] CFI_134_NDM1 (JBELWM000000000 -> GCF_040271415.1): OK
  [60/69] KPUK01 (JBELWH000000000 -> GCF_040271365.1): OK
  [61/69] CFI_014_VIM4 (JBELWU000000000 -> GCF_040270865.1): OK
  [62/69] 18 (JBELXD000000000 -> GCF_040271165.1): OK
  [63/69] CFI_128_NDM1 (JBELWO000000000 -> GCF_040270685.1): OK
  [64/69] KPUK04a (JBELWF000000000 -> GCF_040271515.1): OK
  [65/69] CFI_146_OXA48 (JBELWK000000000 -> GCF_040270525.1): OK
  [66/69] CFI_001_VIM1 (JBELWV000000000 -> GCF_040271115.1): OK
  [67/69] KLEB14 (JBJHZC000000000 -> GCF_045261575.1): OK
  [68/69] KPTR8 (JBELWI000000000 -> GCF_040271575.1): OK
  [69/69] KLEB13 (JBJHZD000000000 -> GCF_045261555.1): OK

============================================================
SUMMARY
============================================================
Phages: 52/52 retrieved
Hosts:  68/74 retrieved
  UNRETRIEVED: [('NCTC_13368', 'NA', 'NA'), ('ATCC_11296', 'NA', 'NA'), ('NCTC_13438', 'NA', 'NA'), ('NCTC_7427', 'NA', 'NA'), ('NCTC_13443', 'NA', 'NA'), ('164413U/2 (aka 164413U12)', 'PRJNA1187231', 'JBJHZP000000000')]

STOPPING: partial genome set (6 hosts, 0 phages unretrieved). Not proceeding to ANI with incomplete data -- see task instructions.
