
======================================================================
2026-08-23 06:53:22  5b_consistency_control.py --rule longest
======================================================================
Loaded cache: 487,400 pairs, 3,880 host proteins, 274 RBPs
Selection rule: longest
  chose 105 phage representatives

longest @ 100%:   0%|          | 0/185 [00:00<?, ?it/s]C:\Users\IamAh\anaconda3\envs\keymotif\Lib\site-packages\xgboost\core.py:158: UserWarning: [06:53:34] WARNING: C:\buildkite-agent\builds\buildkite-windows-cpu-autoscaling-group-i-08cbc0333d8d4aae1-1\xgboost\xgboost-ci-windows\src\common\error_msg.cc:58: Falling back to prediction using DMatrix due to mismatched devices. This might lead to higher memory usage and slower performance. XGBoost is running on: cuda:0, while the input data is on: cpu.
Potential solutions:
- Use a data structure that matches the device ordinal in the booster.
- Set the device for booster before call to inplace_predict.

This warning will only be shown once.

  warnings.warn(smsg, UserWarning)

longest @ 100%:   1%|          | 1/185 [00:06<20:26,  6.67s/it]
longest @ 100%:   1%|1         | 2/185 [00:13<20:07,  6.60s/it]
longest @ 100%:   2%|1         | 3/185 [00:19<20:01,  6.60s/it]
longest @ 100%:   2%|2         | 4/185 [00:25<19:22,  6.42s/it]
longest @ 100%:   3%|2         | 5/185 [00:32<19:24,  6.47s/it]
longest @ 100%:   3%|3         | 6/185 [00:39<19:27,  6.52s/it]
longest @ 100%:   4%|3         | 7/185 [00:45<19:25,  6.55s/it]
longest @ 100%:   4%|4         | 8/185 [00:51<18:56,  6.42s/it]
longest @ 100%:   5%|4         | 9/185 [00:58<18:58,  6.47s/it]
longest @ 100%:   5%|5         | 10/185 [01:04<18:30,  6.34s/it]
longest @ 100%:   6%|5         | 11/185 [01:11<18:33,  6.40s/it]
longest @ 100%:   6%|6         | 12/185 [01:17<18:12,  6.32s/it]
longest @ 100%:   7%|7         | 13/185 [01:23<18:21,  6.40s/it]
longest @ 100%:   8%|7         | 14/185 [01:30<18:23,  6.45s/it]
longest @ 100%:   8%|8         | 15/185 [01:36<18:07,  6.40s/it]
longest @ 100%:   9%|8         | 16/185 [01:43<18:08,  6.44s/it]
longest @ 100%:   9%|9         | 17/185 [01:49<18:06,  6.47s/it]
longest @ 100%:  10%|9         | 18/185 [01:55<17:40,  6.35s/it]
longest @ 100%:  10%|#         | 19/185 [02:02<17:42,  6.40s/it]
longest @ 100%:  11%|#         | 20/185 [02:08<17:43,  6.45s/it]
longest @ 100%:  11%|#1        | 21/185 [02:14<17:22,  6.36s/it]
longest @ 100%:  12%|#1        | 22/185 [02:21<17:26,  6.42s/it]
longest @ 100%:  12%|#2        | 23/185 [02:27<17:02,  6.31s/it]
longest @ 100%:  13%|#2        | 24/185 [02:34<17:10,  6.40s/it]
longest @ 100%:  14%|#3        | 25/185 [02:40<17:10,  6.44s/it]
longest @ 100%:  14%|#4        | 26/185 [02:47<17:20,  6.54s/it]
longest @ 100%:  15%|#4        | 27/185 [02:53<16:48,  6.39s/it]
longest @ 100%:  15%|#5        | 28/185 [03:00<16:49,  6.43s/it]
longest @ 100%:  16%|#5        | 29/185 [03:06<16:46,  6.45s/it]
longest @ 100%:  16%|#6        | 30/185 [03:13<16:45,  6.49s/it]
longest @ 100%:  17%|#6        | 31/185 [03:19<16:40,  6.50s/it]
longest @ 100%:  17%|#7        | 32/185 [03:25<16:17,  6.39s/it]
longest @ 100%:  18%|#7        | 33/185 [03:32<16:18,  6.44s/it]
longest @ 100%:  18%|#8        | 34/185 [03:38<16:18,  6.48s/it]
longest @ 100%:  19%|#8        | 35/185 [03:45<16:14,  6.49s/it]
longest @ 100%:  19%|#9        | 36/185 [03:52<16:11,  6.52s/it]
longest @ 100%:  20%|##        | 37/185 [03:58<16:03,  6.51s/it]
longest @ 100%:  21%|##        | 38/185 [04:04<15:34,  6.36s/it]
longest @ 100%:  21%|##1       | 39/185 [04:10<15:13,  6.25s/it]
longest @ 100%:  22%|##1       | 40/185 [04:17<15:19,  6.34s/it]
longest @ 100%:  22%|##2       | 41/185 [04:23<15:01,  6.26s/it]
longest @ 100%:  23%|##2       | 42/185 [04:29<14:49,  6.22s/it]
longest @ 100%:  23%|##3       | 43/185 [04:35<14:58,  6.33s/it]
longest @ 100%:  24%|##3       | 44/185 [04:42<15:04,  6.41s/it]
longest @ 100%:  24%|##4       | 45/185 [04:49<15:04,  6.46s/it]
longest @ 100%:  25%|##4       | 46/185 [04:55<15:01,  6.49s/it]
longest @ 100%:  25%|##5       | 47/185 [05:01<14:37,  6.36s/it]
longest @ 100%:  26%|##5       | 48/185 [05:08<14:39,  6.42s/it]
longest @ 100%:  26%|##6       | 49/185 [05:14<14:38,  6.46s/it]
longest @ 100%:  27%|##7       | 50/185 [05:21<14:34,  6.48s/it]
longest @ 100%:  28%|##7       | 51/185 [05:27<14:34,  6.53s/it]
longest @ 100%:  28%|##8       | 52/185 [05:34<14:28,  6.53s/it]
longest @ 100%:  29%|##8       | 53/185 [05:41<14:21,  6.53s/it]
longest @ 100%:  29%|##9       | 54/185 [05:47<14:17,  6.54s/it]
longest @ 100%:  30%|##9       | 55/185 [05:54<14:09,  6.54s/it]
longest @ 100%:  30%|###       | 56/185 [06:00<14:04,  6.55s/it]
longest @ 100%:  31%|###       | 57/185 [06:06<13:41,  6.42s/it]
longest @ 100%:  31%|###1      | 58/185 [06:13<13:40,  6.46s/it]
longest @ 100%:  32%|###1      | 59/185 [06:19<13:37,  6.49s/it]
longest @ 100%:  32%|###2      | 60/185 [06:26<13:33,  6.51s/it]
longest @ 100%:  33%|###2      | 61/185 [06:32<13:12,  6.39s/it]
longest @ 100%:  34%|###3      | 62/185 [06:39<13:12,  6.44s/it]
longest @ 100%:  34%|###4      | 63/185 [06:45<13:08,  6.47s/it]
longest @ 100%:  35%|###4      | 64/185 [06:52<13:04,  6.48s/it]
longest @ 100%:  35%|###5      | 65/185 [06:58<12:45,  6.38s/it]
longest @ 100%:  36%|###5      | 66/185 [07:04<12:44,  6.42s/it]
longest @ 100%:  36%|###6      | 67/185 [07:10<12:26,  6.33s/it]
longest @ 100%:  37%|###6      | 68/185 [07:17<12:26,  6.38s/it]
longest @ 100%:  37%|###7      | 69/185 [07:23<12:12,  6.31s/it]
longest @ 100%:  38%|###7      | 70/185 [07:30<12:15,  6.40s/it]
longest @ 100%:  38%|###8      | 71/185 [07:36<12:11,  6.42s/it]
longest @ 100%:  39%|###8      | 72/185 [07:42<11:52,  6.30s/it]
longest @ 100%:  39%|###9      | 73/185 [07:49<11:53,  6.37s/it]
longest @ 100%:  40%|####      | 74/185 [07:55<11:37,  6.29s/it]
longest @ 100%:  41%|####      | 75/185 [08:01<11:22,  6.20s/it]
longest @ 100%:  41%|####1     | 76/185 [08:07<11:13,  6.18s/it]
longest @ 100%:  42%|####1     | 77/185 [08:14<11:20,  6.30s/it]
longest @ 100%:  42%|####2     | 78/185 [08:20<11:20,  6.36s/it]
longest @ 100%:  43%|####2     | 79/185 [08:27<11:20,  6.42s/it]
longest @ 100%:  43%|####3     | 80/185 [08:33<11:20,  6.48s/it]
longest @ 100%:  44%|####3     | 81/185 [08:40<11:18,  6.52s/it]
longest @ 100%:  44%|####4     | 82/185 [08:46<10:58,  6.39s/it]
longest @ 100%:  45%|####4     | 83/185 [08:52<10:42,  6.30s/it]
longest @ 100%:  45%|####5     | 84/185 [08:59<10:42,  6.36s/it]
longest @ 100%:  46%|####5     | 85/185 [09:05<10:27,  6.28s/it]
longest @ 100%:  46%|####6     | 86/185 [09:11<10:14,  6.21s/it]
longest @ 100%:  47%|####7     | 87/185 [09:17<10:18,  6.31s/it]
longest @ 100%:  48%|####7     | 88/185 [09:23<10:04,  6.23s/it]
longest @ 100%:  48%|####8     | 89/185 [09:30<10:08,  6.34s/it]
longest @ 100%:  49%|####8     | 90/185 [09:36<10:09,  6.42s/it]
longest @ 100%:  49%|####9     | 91/185 [09:43<10:07,  6.46s/it]
longest @ 100%:  50%|####9     | 92/185 [09:50<10:03,  6.49s/it]
longest @ 100%:  50%|#####     | 93/185 [09:56<09:57,  6.49s/it]
longest @ 100%:  51%|#####     | 94/185 [10:03<09:52,  6.51s/it]
longest @ 100%:  51%|#####1    | 95/185 [10:09<09:31,  6.36s/it]
longest @ 100%:  52%|#####1    | 96/185 [10:15<09:33,  6.44s/it]
longest @ 100%:  52%|#####2    | 97/185 [10:22<09:30,  6.49s/it]
longest @ 100%:  53%|#####2    | 98/185 [10:28<09:25,  6.50s/it]
longest @ 100%:  54%|#####3    | 99/185 [10:34<09:08,  6.38s/it]
longest @ 100%:  54%|#####4    | 100/185 [10:41<09:06,  6.43s/it]
longest @ 100%:  55%|#####4    | 101/185 [10:48<09:02,  6.45s/it]
longest @ 100%:  55%|#####5    | 102/185 [10:54<08:45,  6.33s/it]
longest @ 100%:  56%|#####5    | 103/185 [11:00<08:34,  6.27s/it]
longest @ 100%:  56%|#####6    | 104/185 [11:06<08:35,  6.36s/it]
longest @ 100%:  57%|#####6    | 105/185 [11:12<08:22,  6.28s/it]
longest @ 100%:  57%|#####7    | 106/185 [11:19<08:24,  6.39s/it]
longest @ 100%:  58%|#####7    | 107/185 [11:25<08:10,  6.28s/it]
longest @ 100%:  58%|#####8    | 108/185 [11:31<07:59,  6.23s/it]
longest @ 100%:  59%|#####8    | 109/185 [11:37<07:51,  6.21s/it]
longest @ 100%:  59%|#####9    | 110/185 [11:44<07:54,  6.32s/it]
longest @ 100%:  60%|######    | 111/185 [11:51<07:54,  6.41s/it]
longest @ 100%:  61%|######    | 112/185 [11:57<07:49,  6.44s/it]
longest @ 100%:  61%|######1   | 113/185 [12:04<07:44,  6.46s/it]
longest @ 100%:  62%|######1   | 114/185 [12:10<07:42,  6.51s/it]
longest @ 100%:  62%|######2   | 115/185 [12:17<07:36,  6.52s/it]
longest @ 100%:  63%|######2   | 116/185 [12:23<07:20,  6.38s/it]
longest @ 100%:  63%|######3   | 117/185 [12:29<07:17,  6.43s/it]
longest @ 100%:  64%|######3   | 118/185 [12:36<07:11,  6.45s/it]
longest @ 100%:  64%|######4   | 119/185 [12:42<07:07,  6.48s/it]
longest @ 100%:  65%|######4   | 120/185 [12:49<07:01,  6.48s/it]
longest @ 100%:  65%|######5   | 121/185 [12:55<06:46,  6.36s/it]
longest @ 100%:  66%|######5   | 122/185 [13:01<06:44,  6.42s/it]
longest @ 100%:  66%|######6   | 123/185 [13:08<06:40,  6.46s/it]
longest @ 100%:  67%|######7   | 124/185 [13:14<06:27,  6.36s/it]
longest @ 100%:  68%|######7   | 125/185 [13:21<06:23,  6.38s/it]
longest @ 100%:  68%|######8   | 126/185 [13:27<06:19,  6.44s/it]
longest @ 100%:  69%|######8   | 127/185 [13:34<06:14,  6.46s/it]
longest @ 100%:  69%|######9   | 128/185 [13:40<06:10,  6.51s/it]
longest @ 100%:  70%|######9   | 129/185 [13:47<06:04,  6.51s/it]
longest @ 100%:  70%|#######   | 130/185 [13:53<05:59,  6.53s/it]
longest @ 100%:  71%|#######   | 131/185 [14:00<05:53,  6.55s/it]
longest @ 100%:  71%|#######1  | 132/185 [14:07<05:47,  6.56s/it]
longest @ 100%:  72%|#######1  | 133/185 [14:13<05:32,  6.39s/it]
longest @ 100%:  72%|#######2  | 134/185 [14:19<05:26,  6.41s/it]
longest @ 100%:  73%|#######2  | 135/185 [14:25<05:21,  6.43s/it]
longest @ 100%:  74%|#######3  | 136/185 [14:32<05:10,  6.33s/it]
longest @ 100%:  74%|#######4  | 137/185 [14:38<05:08,  6.42s/it]
longest @ 100%:  75%|#######4  | 138/185 [14:45<05:03,  6.47s/it]
longest @ 100%:  75%|#######5  | 139/185 [14:51<04:52,  6.37s/it]
longest @ 100%:  76%|#######5  | 140/185 [14:57<04:43,  6.30s/it]
longest @ 100%:  76%|#######6  | 141/185 [15:04<04:40,  6.37s/it]
longest @ 100%:  77%|#######6  | 142/185 [15:10<04:36,  6.42s/it]
longest @ 100%:  77%|#######7  | 143/185 [15:17<04:31,  6.47s/it]
longest @ 100%:  78%|#######7  | 144/185 [15:23<04:26,  6.50s/it]
longest @ 100%:  78%|#######8  | 145/185 [15:29<04:16,  6.40s/it]
longest @ 100%:  79%|#######8  | 146/185 [15:36<04:05,  6.31s/it]
longest @ 100%:  79%|#######9  | 147/185 [15:42<04:02,  6.37s/it]
longest @ 100%:  80%|########  | 148/185 [15:49<03:58,  6.44s/it]
longest @ 100%:  81%|########  | 149/185 [15:55<03:54,  6.51s/it]
longest @ 100%:  81%|########1 | 150/185 [16:02<03:48,  6.52s/it]
longest @ 100%:  82%|########1 | 151/185 [16:08<03:41,  6.52s/it]
longest @ 100%:  82%|########2 | 152/185 [16:14<03:30,  6.37s/it]
longest @ 100%:  83%|########2 | 153/185 [16:21<03:25,  6.44s/it]
longest @ 100%:  83%|########3 | 154/185 [16:27<03:19,  6.45s/it]
longest @ 100%:  84%|########3 | 155/185 [16:34<03:14,  6.48s/it]
longest @ 100%:  84%|########4 | 156/185 [16:41<03:08,  6.51s/it]
longest @ 100%:  85%|########4 | 157/185 [16:47<03:02,  6.53s/it]
longest @ 100%:  85%|########5 | 158/185 [16:54<02:56,  6.52s/it]
longest @ 100%:  86%|########5 | 159/185 [17:00<02:49,  6.52s/it]
longest @ 100%:  86%|########6 | 160/185 [17:07<02:43,  6.54s/it]
longest @ 100%:  87%|########7 | 161/185 [17:13<02:36,  6.53s/it]
longest @ 100%:  88%|########7 | 162/185 [17:20<02:30,  6.55s/it]
longest @ 100%:  88%|########8 | 163/185 [17:26<02:24,  6.55s/it]
longest @ 100%:  89%|########8 | 164/185 [17:33<02:14,  6.42s/it]
longest @ 100%:  89%|########9 | 165/185 [17:39<02:06,  6.33s/it]
longest @ 100%:  90%|########9 | 166/185 [17:45<02:01,  6.39s/it]
longest @ 100%:  90%|######### | 167/185 [17:52<01:55,  6.43s/it]
longest @ 100%:  91%|######### | 168/185 [17:58<01:49,  6.46s/it]
longest @ 100%:  91%|#########1| 169/185 [18:05<01:43,  6.47s/it]
longest @ 100%:  92%|#########1| 170/185 [18:11<01:35,  6.37s/it]
longest @ 100%:  92%|#########2| 171/185 [18:18<01:30,  6.45s/it]
longest @ 100%:  93%|#########2| 172/185 [18:24<01:24,  6.49s/it]
longest @ 100%:  94%|#########3| 173/185 [18:30<01:16,  6.38s/it]
longest @ 100%:  94%|#########4| 174/185 [18:37<01:10,  6.45s/it]
longest @ 100%:  95%|#########4| 175/185 [18:43<01:03,  6.34s/it]
longest @ 100%:  95%|#########5| 176/185 [18:49<00:57,  6.40s/it]
longest @ 100%:  96%|#########5| 177/185 [18:56<00:51,  6.44s/it]
longest @ 100%:  96%|#########6| 178/185 [19:03<00:45,  6.49s/it]
longest @ 100%:  97%|#########6| 179/185 [19:09<00:39,  6.54s/it]
longest @ 100%:  97%|#########7| 180/185 [19:16<00:32,  6.54s/it]
longest @ 100%:  98%|#########7| 181/185 [19:22<00:25,  6.41s/it]
longest @ 100%:  98%|#########8| 182/185 [19:28<00:19,  6.40s/it]C:\Users\IamAh\Desktop\TheKeyMotif\keymotif_data.py:321: FutureWarning: Downcasting object dtype arrays on .fillna, .ffill, .bfill is deprecated and will change in a future version. Call result.infer_objects(copy=False) instead. To opt-in to the future behavior, set `pd.set_option('future.no_silent_downcasting', True)`
  block = merged[sero_cols].fillna(0)

longest @ 100%:  99%|#########8| 183/185 [19:35<00:12,  6.39s/it]
longest @ 100%:  99%|#########9| 184/185 [19:41<00:06,  6.30s/it]
longest @ 100%: 100%|##########| 185/185 [19:47<00:00,  6.36s/it]
longest @ 100%: 100%|##########| 185/185 [19:47<00:00,  6.42s/it]
  longest @ 100%: ROC 0.664   PR 0.097

longest @ 99.5%:   0%|          | 0/133 [00:00<?, ?it/s]
longest @ 99.5%:   1%|          | 1/133 [00:06<14:42,  6.69s/it]
longest @ 99.5%:   2%|1         | 2/133 [00:13<14:23,  6.59s/it]
longest @ 99.5%:   2%|2         | 3/133 [00:19<14:17,  6.59s/it]
longest @ 99.5%:   3%|3         | 4/133 [00:26<14:10,  6.59s/it]
longest @ 99.5%:   4%|3         | 5/133 [00:32<13:59,  6.56s/it]
longest @ 99.5%:   5%|4         | 6/133 [00:39<13:52,  6.56s/it]
longest @ 99.5%:   5%|5         | 7/133 [00:46<13:47,  6.56s/it]
longest @ 99.5%:   6%|6         | 8/133 [00:52<13:49,  6.64s/it]
longest @ 99.5%:   7%|6         | 9/133 [00:59<13:40,  6.62s/it]
longest @ 99.5%:   8%|7         | 10/133 [01:05<13:13,  6.45s/it]
longest @ 99.5%:   8%|8         | 11/133 [01:12<13:12,  6.49s/it]
longest @ 99.5%:   9%|9         | 12/133 [01:18<13:07,  6.51s/it]
longest @ 99.5%:  10%|9         | 13/133 [01:25<13:07,  6.57s/it]
longest @ 99.5%:  11%|#         | 14/133 [01:31<13:03,  6.58s/it]
longest @ 99.5%:  11%|#1        | 15/133 [01:38<12:43,  6.47s/it]
longest @ 99.5%:  12%|#2        | 16/133 [01:44<12:39,  6.49s/it]
longest @ 99.5%:  13%|#2        | 17/133 [01:51<12:35,  6.51s/it]
longest @ 99.5%:  14%|#3        | 18/133 [01:57<12:13,  6.38s/it]
longest @ 99.5%:  14%|#4        | 19/133 [02:03<12:13,  6.43s/it]
longest @ 99.5%:  15%|#5        | 20/133 [02:10<12:10,  6.46s/it]
longest @ 99.5%:  16%|#5        | 21/133 [02:16<12:08,  6.51s/it]
longest @ 99.5%:  17%|#6        | 22/133 [02:23<12:03,  6.52s/it]
longest @ 99.5%:  17%|#7        | 23/133 [02:29<11:47,  6.43s/it]
longest @ 99.5%:  18%|#8        | 24/133 [02:36<11:45,  6.47s/it]
longest @ 99.5%:  19%|#8        | 25/133 [02:43<11:47,  6.55s/it]
longest @ 99.5%:  20%|#9        | 26/133 [02:49<11:23,  6.39s/it]
longest @ 99.5%:  20%|##        | 27/133 [02:55<11:23,  6.45s/it]
longest @ 99.5%:  21%|##1       | 28/133 [03:02<11:20,  6.48s/it]
longest @ 99.5%:  22%|##1       | 29/133 [03:08<11:16,  6.50s/it]
longest @ 99.5%:  23%|##2       | 30/133 [03:14<10:59,  6.40s/it]
longest @ 99.5%:  23%|##3       | 31/133 [03:21<10:57,  6.45s/it]
longest @ 99.5%:  24%|##4       | 32/133 [03:28<10:57,  6.51s/it]
longest @ 99.5%:  25%|##4       | 33/133 [03:34<10:50,  6.50s/it]
longest @ 99.5%:  26%|##5       | 34/133 [03:41<10:45,  6.52s/it]
longest @ 99.5%:  26%|##6       | 35/133 [03:47<10:37,  6.50s/it]
longest @ 99.5%:  27%|##7       | 36/133 [03:53<10:16,  6.35s/it]
longest @ 99.5%:  28%|##7       | 37/133 [04:00<10:16,  6.42s/it]
longest @ 99.5%:  29%|##8       | 38/133 [04:06<10:02,  6.34s/it]
longest @ 99.5%:  29%|##9       | 39/133 [04:12<10:02,  6.41s/it]
longest @ 99.5%:  30%|###       | 40/133 [04:19<10:01,  6.47s/it]
longest @ 99.5%:  31%|###       | 41/133 [04:26<09:58,  6.50s/it]
longest @ 99.5%:  32%|###1      | 42/133 [04:32<09:41,  6.39s/it]
longest @ 99.5%:  32%|###2      | 43/133 [04:38<09:39,  6.44s/it]
longest @ 99.5%:  33%|###3      | 44/133 [04:45<09:37,  6.49s/it]
longest @ 99.5%:  34%|###3      | 45/133 [04:51<09:31,  6.50s/it]
longest @ 99.5%:  35%|###4      | 46/133 [04:58<09:29,  6.54s/it]
longest @ 99.5%:  35%|###5      | 47/133 [05:05<09:28,  6.61s/it]
longest @ 99.5%:  36%|###6      | 48/133 [05:11<09:19,  6.58s/it]
longest @ 99.5%:  37%|###6      | 49/133 [05:18<09:13,  6.58s/it]
longest @ 99.5%:  38%|###7      | 50/133 [05:25<09:05,  6.57s/it]
longest @ 99.5%:  38%|###8      | 51/133 [05:31<08:58,  6.57s/it]
longest @ 99.5%:  39%|###9      | 52/133 [05:38<08:54,  6.59s/it]
longest @ 99.5%:  40%|###9      | 53/133 [05:44<08:46,  6.58s/it]
longest @ 99.5%:  41%|####      | 54/133 [05:51<08:44,  6.64s/it]
longest @ 99.5%:  41%|####1     | 55/133 [05:58<08:35,  6.61s/it]
longest @ 99.5%:  42%|####2     | 56/133 [06:04<08:27,  6.59s/it]
longest @ 99.5%:  43%|####2     | 57/133 [06:11<08:19,  6.57s/it]
longest @ 99.5%:  44%|####3     | 58/133 [06:17<08:12,  6.57s/it]
longest @ 99.5%:  44%|####4     | 59/133 [06:23<07:56,  6.44s/it]
longest @ 99.5%:  45%|####5     | 60/133 [06:30<07:54,  6.50s/it]
longest @ 99.5%:  46%|####5     | 61/133 [06:36<07:38,  6.37s/it]
longest @ 99.5%:  47%|####6     | 62/133 [06:42<07:27,  6.31s/it]
longest @ 99.5%:  47%|####7     | 63/133 [06:49<07:29,  6.42s/it]
longest @ 99.5%:  48%|####8     | 64/133 [06:56<07:26,  6.47s/it]
longest @ 99.5%:  49%|####8     | 65/133 [07:02<07:21,  6.50s/it]
longest @ 99.5%:  50%|####9     | 66/133 [07:09<07:17,  6.53s/it]
longest @ 99.5%:  50%|#####     | 67/133 [07:15<07:12,  6.55s/it]
longest @ 99.5%:  51%|#####1    | 68/133 [07:21<06:56,  6.40s/it]
longest @ 99.5%:  52%|#####1    | 69/133 [07:28<06:52,  6.44s/it]
longest @ 99.5%:  53%|#####2    | 70/133 [07:34<06:39,  6.34s/it]
longest @ 99.5%:  53%|#####3    | 71/133 [07:40<06:27,  6.25s/it]
longest @ 99.5%:  54%|#####4    | 72/133 [07:47<06:26,  6.34s/it]
longest @ 99.5%:  55%|#####4    | 73/133 [07:53<06:15,  6.26s/it]
longest @ 99.5%:  56%|#####5    | 74/133 [07:59<06:15,  6.36s/it]
longest @ 99.5%:  56%|#####6    | 75/133 [08:06<06:13,  6.44s/it]
longest @ 99.5%:  57%|#####7    | 76/133 [08:12<06:09,  6.48s/it]
longest @ 99.5%:  58%|#####7    | 77/133 [08:19<06:03,  6.49s/it]
longest @ 99.5%:  59%|#####8    | 78/133 [08:26<05:58,  6.51s/it]
longest @ 99.5%:  59%|#####9    | 79/133 [08:32<05:43,  6.37s/it]
longest @ 99.5%:  60%|######    | 80/133 [08:38<05:41,  6.44s/it]
longest @ 99.5%:  61%|######    | 81/133 [08:45<05:37,  6.49s/it]
longest @ 99.5%:  62%|######1   | 82/133 [08:51<05:32,  6.52s/it]
longest @ 99.5%:  62%|######2   | 83/133 [08:58<05:27,  6.54s/it]
longest @ 99.5%:  63%|######3   | 84/133 [09:05<05:22,  6.57s/it]
longest @ 99.5%:  64%|######3   | 85/133 [09:11<05:15,  6.57s/it]
longest @ 99.5%:  65%|######4   | 86/133 [09:17<05:01,  6.42s/it]
longest @ 99.5%:  65%|######5   | 87/133 [09:24<04:58,  6.48s/it]
longest @ 99.5%:  66%|######6   | 88/133 [09:30<04:46,  6.36s/it]
longest @ 99.5%:  67%|######6   | 89/133 [09:36<04:37,  6.30s/it]
longest @ 99.5%:  68%|######7   | 90/133 [09:43<04:33,  6.37s/it]
longest @ 99.5%:  68%|######8   | 91/133 [09:49<04:30,  6.44s/it]
longest @ 99.5%:  69%|######9   | 92/133 [09:55<04:20,  6.35s/it]
longest @ 99.5%:  70%|######9   | 93/133 [10:02<04:16,  6.40s/it]
longest @ 99.5%:  71%|#######   | 94/133 [10:09<04:12,  6.48s/it]
longest @ 99.5%:  71%|#######1  | 95/133 [10:15<04:07,  6.52s/it]
longest @ 99.5%:  72%|#######2  | 96/133 [10:22<04:01,  6.53s/it]
longest @ 99.5%:  73%|#######2  | 97/133 [10:28<03:54,  6.52s/it]
longest @ 99.5%:  74%|#######3  | 98/133 [10:35<03:48,  6.53s/it]
longest @ 99.5%:  74%|#######4  | 99/133 [10:41<03:39,  6.44s/it]
longest @ 99.5%:  75%|#######5  | 100/133 [10:48<03:34,  6.49s/it]
longest @ 99.5%:  76%|#######5  | 101/133 [10:54<03:28,  6.52s/it]
longest @ 99.5%:  77%|#######6  | 102/133 [11:00<03:18,  6.40s/it]
longest @ 99.5%:  77%|#######7  | 103/133 [11:07<03:13,  6.43s/it]
longest @ 99.5%:  78%|#######8  | 104/133 [11:13<03:08,  6.49s/it]
longest @ 99.5%:  79%|#######8  | 105/133 [11:20<03:02,  6.51s/it]
longest @ 99.5%:  80%|#######9  | 106/133 [11:27<02:56,  6.52s/it]
longest @ 99.5%:  80%|########  | 107/133 [11:33<02:46,  6.41s/it]
longest @ 99.5%:  81%|########1 | 108/133 [11:39<02:42,  6.50s/it]
longest @ 99.5%:  82%|########1 | 109/133 [11:46<02:36,  6.52s/it]
longest @ 99.5%:  83%|########2 | 110/133 [11:53<02:30,  6.54s/it]
longest @ 99.5%:  83%|########3 | 111/133 [11:59<02:20,  6.41s/it]
longest @ 99.5%:  84%|########4 | 112/133 [12:05<02:15,  6.46s/it]
longest @ 99.5%:  85%|########4 | 113/133 [12:11<02:07,  6.39s/it]
longest @ 99.5%:  86%|########5 | 114/133 [12:18<02:02,  6.44s/it]
longest @ 99.5%:  86%|########6 | 115/133 [12:25<01:57,  6.51s/it]
longest @ 99.5%:  87%|########7 | 116/133 [12:31<01:51,  6.53s/it]
longest @ 99.5%:  88%|########7 | 117/133 [12:37<01:42,  6.41s/it]
longest @ 99.5%:  89%|########8 | 118/133 [12:44<01:36,  6.46s/it]
longest @ 99.5%:  89%|########9 | 119/133 [12:51<01:30,  6.48s/it]
longest @ 99.5%:  90%|######### | 120/133 [12:57<01:24,  6.50s/it]
longest @ 99.5%:  91%|######### | 121/133 [13:04<01:18,  6.52s/it]
longest @ 99.5%:  92%|#########1| 122/133 [13:10<01:11,  6.53s/it]
longest @ 99.5%:  92%|#########2| 123/133 [13:17<01:05,  6.55s/it]
longest @ 99.5%:  93%|#########3| 124/133 [13:23<00:58,  6.56s/it]
longest @ 99.5%:  94%|#########3| 125/133 [13:29<00:51,  6.41s/it]
longest @ 99.5%:  95%|#########4| 126/133 [13:36<00:44,  6.32s/it]
longest @ 99.5%:  95%|#########5| 127/133 [13:42<00:38,  6.40s/it]
longest @ 99.5%:  96%|#########6| 128/133 [13:49<00:32,  6.44s/it]
longest @ 99.5%:  97%|#########6| 129/133 [13:55<00:25,  6.34s/it]
longest @ 99.5%:  98%|#########7| 130/133 [14:01<00:18,  6.27s/it]
longest @ 99.5%:  98%|#########8| 131/133 [14:07<00:12,  6.37s/it]
longest @ 99.5%:  99%|#########9| 132/133 [14:14<00:06,  6.40s/it]
longest @ 99.5%: 100%|##########| 133/133 [14:20<00:00,  6.39s/it]
longest @ 99.5%: 100%|##########| 133/133 [14:20<00:00,  6.47s/it]
  longest @ 99.5%: ROC 0.6   PR 0.083

longest @ 99%:   0%|          | 0/121 [00:00<?, ?it/s]
longest @ 99%:   1%|          | 1/121 [00:06<13:26,  6.72s/it]
longest @ 99%:   2%|1         | 2/121 [00:13<13:06,  6.61s/it]
longest @ 99%:   2%|2         | 3/121 [00:19<12:59,  6.61s/it]
longest @ 99%:   3%|3         | 4/121 [00:26<12:53,  6.61s/it]
longest @ 99%:   4%|4         | 5/121 [00:32<12:41,  6.57s/it]
longest @ 99%:   5%|4         | 6/121 [00:39<12:39,  6.61s/it]
longest @ 99%:   6%|5         | 7/121 [00:46<12:34,  6.62s/it]
longest @ 99%:   7%|6         | 8/121 [00:53<12:33,  6.66s/it]
longest @ 99%:   7%|7         | 9/121 [00:59<12:21,  6.62s/it]
longest @ 99%:   8%|8         | 10/121 [01:05<12:02,  6.51s/it]
longest @ 99%:   9%|9         | 11/121 [01:12<12:00,  6.55s/it]
longest @ 99%:  10%|9         | 12/121 [01:19<11:54,  6.55s/it]
longest @ 99%:  11%|#         | 13/121 [01:25<11:52,  6.60s/it]
longest @ 99%:  12%|#1        | 14/121 [01:32<11:49,  6.63s/it]
longest @ 99%:  12%|#2        | 15/121 [01:38<11:28,  6.50s/it]
longest @ 99%:  13%|#3        | 16/121 [01:45<11:24,  6.52s/it]
longest @ 99%:  14%|#4        | 17/121 [01:51<11:22,  6.56s/it]
longest @ 99%:  15%|#4        | 18/121 [01:58<11:14,  6.54s/it]
longest @ 99%:  16%|#5        | 19/121 [02:04<11:05,  6.53s/it]
longest @ 99%:  17%|#6        | 20/121 [02:11<10:59,  6.53s/it]
longest @ 99%:  17%|#7        | 21/121 [02:18<10:56,  6.56s/it]
longest @ 99%:  18%|#8        | 22/121 [02:24<10:47,  6.54s/it]
longest @ 99%:  19%|#9        | 23/121 [02:30<10:31,  6.45s/it]
longest @ 99%:  20%|#9        | 24/121 [02:37<10:29,  6.49s/it]
longest @ 99%:  21%|##        | 25/121 [02:43<10:19,  6.45s/it]
longest @ 99%:  21%|##1       | 26/121 [02:49<09:59,  6.32s/it]
longest @ 99%:  22%|##2       | 27/121 [02:56<10:00,  6.39s/it]
longest @ 99%:  23%|##3       | 28/121 [03:02<09:57,  6.43s/it]
longest @ 99%:  24%|##3       | 29/121 [03:09<09:54,  6.46s/it]
longest @ 99%:  25%|##4       | 30/121 [03:15<09:39,  6.37s/it]
longest @ 99%:  26%|##5       | 31/121 [03:22<09:38,  6.43s/it]
longest @ 99%:  26%|##6       | 32/121 [03:28<09:37,  6.49s/it]
longest @ 99%:  27%|##7       | 33/121 [03:35<09:31,  6.49s/it]
longest @ 99%:  28%|##8       | 34/121 [03:41<09:26,  6.52s/it]
longest @ 99%:  29%|##8       | 35/121 [03:48<09:18,  6.50s/it]
longest @ 99%:  30%|##9       | 36/121 [03:54<08:59,  6.35s/it]
longest @ 99%:  31%|###       | 37/121 [04:00<08:58,  6.41s/it]
longest @ 99%:  31%|###1      | 38/121 [04:06<08:44,  6.32s/it]
longest @ 99%:  32%|###2      | 39/121 [04:13<08:43,  6.39s/it]
longest @ 99%:  33%|###3      | 40/121 [04:20<08:43,  6.46s/it]
longest @ 99%:  34%|###3      | 41/121 [04:26<08:30,  6.38s/it]
longest @ 99%:  35%|###4      | 42/121 [04:32<08:28,  6.44s/it]
longest @ 99%:  36%|###5      | 43/121 [04:39<08:24,  6.46s/it]
longest @ 99%:  36%|###6      | 44/121 [04:45<08:22,  6.52s/it]
longest @ 99%:  37%|###7      | 45/121 [04:52<08:19,  6.58s/it]
longest @ 99%:  38%|###8      | 46/121 [04:59<08:11,  6.55s/it]
longest @ 99%:  39%|###8      | 47/121 [05:05<07:57,  6.45s/it]
longest @ 99%:  40%|###9      | 48/121 [05:11<07:52,  6.47s/it]
longest @ 99%:  40%|####      | 49/121 [05:18<07:48,  6.51s/it]
longest @ 99%:  41%|####1     | 50/121 [05:25<07:45,  6.56s/it]
longest @ 99%:  42%|####2     | 51/121 [05:31<07:40,  6.57s/it]
longest @ 99%:  43%|####2     | 52/121 [05:38<07:37,  6.63s/it]
longest @ 99%:  44%|####3     | 53/121 [05:45<07:28,  6.59s/it]
longest @ 99%:  45%|####4     | 54/121 [05:51<07:20,  6.57s/it]
longest @ 99%:  45%|####5     | 55/121 [05:58<07:12,  6.56s/it]
longest @ 99%:  46%|####6     | 56/121 [06:04<07:07,  6.58s/it]
longest @ 99%:  47%|####7     | 57/121 [06:11<07:02,  6.60s/it]
longest @ 99%:  48%|####7     | 58/121 [06:17<06:45,  6.43s/it]
longest @ 99%:  49%|####8     | 59/121 [06:23<06:31,  6.32s/it]
longest @ 99%:  50%|####9     | 60/121 [06:30<06:31,  6.42s/it]
longest @ 99%:  50%|#####     | 61/121 [06:36<06:27,  6.45s/it]
longest @ 99%:  51%|#####1    | 62/121 [06:43<06:22,  6.49s/it]
longest @ 99%:  52%|#####2    | 63/121 [06:49<06:18,  6.52s/it]
longest @ 99%:  53%|#####2    | 64/121 [06:56<06:12,  6.54s/it]
longest @ 99%:  54%|#####3    | 65/121 [07:02<06:06,  6.54s/it]
longest @ 99%:  55%|#####4    | 66/121 [07:09<05:52,  6.40s/it]
longest @ 99%:  55%|#####5    | 67/121 [07:15<05:40,  6.30s/it]
longest @ 99%:  56%|#####6    | 68/121 [07:21<05:38,  6.38s/it]
longest @ 99%:  57%|#####7    | 69/121 [07:27<05:27,  6.30s/it]
longest @ 99%:  58%|#####7    | 70/121 [07:34<05:25,  6.38s/it]
longest @ 99%:  59%|#####8    | 71/121 [07:40<05:22,  6.45s/it]
longest @ 99%:  60%|#####9    | 72/121 [07:47<05:17,  6.48s/it]
longest @ 99%:  60%|######    | 73/121 [07:54<05:11,  6.49s/it]
longest @ 99%:  61%|######1   | 74/121 [08:00<05:05,  6.50s/it]
longest @ 99%:  62%|######1   | 75/121 [08:06<04:52,  6.35s/it]
longest @ 99%:  63%|######2   | 76/121 [08:13<04:48,  6.42s/it]
longest @ 99%:  64%|######3   | 77/121 [08:19<04:44,  6.46s/it]
longest @ 99%:  64%|######4   | 78/121 [08:26<04:38,  6.49s/it]
longest @ 99%:  65%|######5   | 79/121 [08:32<04:33,  6.52s/it]
longest @ 99%:  66%|######6   | 80/121 [08:39<04:27,  6.53s/it]
longest @ 99%:  67%|######6   | 81/121 [08:45<04:15,  6.40s/it]
longest @ 99%:  68%|######7   | 82/121 [08:52<04:12,  6.48s/it]
longest @ 99%:  69%|######8   | 83/121 [08:58<04:01,  6.36s/it]
longest @ 99%:  69%|######9   | 84/121 [09:04<03:53,  6.31s/it]
longest @ 99%:  70%|#######   | 85/121 [09:11<03:50,  6.39s/it]
longest @ 99%:  71%|#######1  | 86/121 [09:17<03:45,  6.44s/it]
longest @ 99%:  72%|#######1  | 87/121 [09:24<03:39,  6.46s/it]
longest @ 99%:  73%|#######2  | 88/121 [09:30<03:34,  6.50s/it]
longest @ 99%:  74%|#######3  | 89/121 [09:37<03:29,  6.54s/it]
longest @ 99%:  74%|#######4  | 90/121 [09:43<03:22,  6.53s/it]
longest @ 99%:  75%|#######5  | 91/121 [09:50<03:15,  6.53s/it]
longest @ 99%:  76%|#######6  | 92/121 [09:56<03:09,  6.53s/it]
longest @ 99%:  77%|#######6  | 93/121 [10:03<03:00,  6.43s/it]
longest @ 99%:  78%|#######7  | 94/121 [10:09<02:54,  6.47s/it]
longest @ 99%:  79%|#######8  | 95/121 [10:16<02:48,  6.50s/it]
longest @ 99%:  79%|#######9  | 96/121 [10:22<02:39,  6.39s/it]
longest @ 99%:  80%|########  | 97/121 [10:28<02:34,  6.45s/it]
longest @ 99%:  81%|########  | 98/121 [10:35<02:29,  6.50s/it]
longest @ 99%:  82%|########1 | 99/121 [10:41<02:20,  6.40s/it]
longest @ 99%:  83%|########2 | 100/121 [10:48<02:16,  6.48s/it]
longest @ 99%:  83%|########3 | 101/121 [10:54<02:09,  6.49s/it]
longest @ 99%:  84%|########4 | 102/121 [11:01<02:03,  6.50s/it]
longest @ 99%:  85%|########5 | 103/121 [11:07<01:54,  6.37s/it]
longest @ 99%:  86%|########5 | 104/121 [11:14<01:49,  6.44s/it]
longest @ 99%:  87%|########6 | 105/121 [11:20<01:41,  6.37s/it]
longest @ 99%:  88%|########7 | 106/121 [11:26<01:36,  6.46s/it]
longest @ 99%:  88%|########8 | 107/121 [11:33<01:31,  6.50s/it]
longest @ 99%:  89%|########9 | 108/121 [11:40<01:24,  6.52s/it]
longest @ 99%:  90%|######### | 109/121 [11:46<01:18,  6.53s/it]
longest @ 99%:  91%|######### | 110/121 [11:53<01:11,  6.54s/it]
longest @ 99%:  92%|#########1| 111/121 [11:59<01:05,  6.54s/it]
longest @ 99%:  93%|#########2| 112/121 [12:06<00:58,  6.55s/it]
longest @ 99%:  93%|#########3| 113/121 [12:12<00:52,  6.57s/it]
longest @ 99%:  94%|#########4| 114/121 [12:19<00:45,  6.56s/it]
longest @ 99%:  95%|#########5| 115/121 [12:26<00:39,  6.56s/it]
longest @ 99%:  96%|#########5| 116/121 [12:32<00:32,  6.57s/it]
longest @ 99%:  97%|#########6| 117/121 [12:38<00:25,  6.43s/it]
longest @ 99%:  98%|#########7| 118/121 [12:44<00:18,  6.33s/it]
longest @ 99%:  98%|#########8| 119/121 [12:51<00:12,  6.42s/it]
longest @ 99%:  99%|#########9| 120/121 [12:57<00:06,  6.44s/it]
longest @ 99%: 100%|##########| 121/121 [13:04<00:00,  6.43s/it]
longest @ 99%: 100%|##########| 121/121 [13:04<00:00,  6.48s/it]
  longest @ 99%: ROC 0.567   PR 0.085

longest @ 95%:   0%|          | 0/110 [00:00<?, ?it/s]
longest @ 95%:   1%|          | 1/110 [00:06<12:04,  6.65s/it]
longest @ 95%:   2%|1         | 2/110 [00:13<11:52,  6.59s/it]
longest @ 95%:   3%|2         | 3/110 [00:19<11:42,  6.56s/it]
longest @ 95%:   4%|3         | 4/110 [00:26<11:36,  6.57s/it]
longest @ 95%:   5%|4         | 5/110 [00:32<11:30,  6.57s/it]
longest @ 95%:   5%|5         | 6/110 [00:39<11:28,  6.62s/it]
longest @ 95%:   6%|6         | 7/110 [00:46<11:21,  6.62s/it]
longest @ 95%:   7%|7         | 8/110 [00:52<11:18,  6.65s/it]
longest @ 95%:   8%|8         | 9/110 [00:59<11:07,  6.61s/it]
longest @ 95%:   9%|9         | 10/110 [01:05<10:48,  6.49s/it]
longest @ 95%:  10%|#         | 11/110 [01:12<10:47,  6.54s/it]
longest @ 95%:  11%|#         | 12/110 [01:18<10:43,  6.56s/it]
longest @ 95%:  12%|#1        | 13/110 [01:25<10:41,  6.61s/it]
longest @ 95%:  13%|#2        | 14/110 [01:32<10:39,  6.66s/it]
longest @ 95%:  14%|#3        | 15/110 [01:38<10:20,  6.53s/it]
longest @ 95%:  15%|#4        | 16/110 [01:45<10:13,  6.53s/it]
longest @ 95%:  15%|#5        | 17/110 [01:51<09:55,  6.40s/it]
longest @ 95%:  16%|#6        | 18/110 [01:57<09:52,  6.44s/it]
longest @ 95%:  17%|#7        | 19/110 [02:04<09:49,  6.48s/it]
longest @ 95%:  18%|#8        | 20/110 [02:11<09:47,  6.52s/it]
longest @ 95%:  19%|#9        | 21/110 [02:17<09:41,  6.53s/it]
longest @ 95%:  20%|##        | 22/110 [02:23<09:26,  6.44s/it]
longest @ 95%:  21%|##        | 23/110 [02:30<09:23,  6.47s/it]
longest @ 95%:  22%|##1       | 24/110 [02:36<09:14,  6.45s/it]
longest @ 95%:  23%|##2       | 25/110 [02:43<09:11,  6.48s/it]
longest @ 95%:  24%|##3       | 26/110 [02:49<09:05,  6.50s/it]
longest @ 95%:  25%|##4       | 27/110 [02:56<09:00,  6.51s/it]
longest @ 95%:  25%|##5       | 28/110 [03:02<08:44,  6.40s/it]
longest @ 95%:  26%|##6       | 29/110 [03:09<08:42,  6.45s/it]
longest @ 95%:  27%|##7       | 30/110 [03:15<08:41,  6.52s/it]
longest @ 95%:  28%|##8       | 31/110 [03:22<08:37,  6.56s/it]
longest @ 95%:  29%|##9       | 32/110 [03:29<08:33,  6.58s/it]
longest @ 95%:  30%|###       | 33/110 [03:35<08:25,  6.56s/it]
longest @ 95%:  31%|###       | 34/110 [03:41<08:07,  6.41s/it]
longest @ 95%:  32%|###1      | 35/110 [03:48<08:04,  6.46s/it]
longest @ 95%:  33%|###2      | 36/110 [03:54<07:51,  6.37s/it]
longest @ 95%:  34%|###3      | 37/110 [04:01<07:51,  6.46s/it]
longest @ 95%:  35%|###4      | 38/110 [04:07<07:47,  6.49s/it]
longest @ 95%:  35%|###5      | 39/110 [04:13<07:33,  6.39s/it]
longest @ 95%:  36%|###6      | 40/110 [04:20<07:32,  6.46s/it]
longest @ 95%:  37%|###7      | 41/110 [04:26<07:26,  6.47s/it]
longest @ 95%:  38%|###8      | 42/110 [04:33<07:24,  6.54s/it]
longest @ 95%:  39%|###9      | 43/110 [04:39<07:13,  6.48s/it]
longest @ 95%:  40%|####      | 44/110 [04:46<07:07,  6.48s/it]
longest @ 95%:  41%|####      | 45/110 [04:52<06:56,  6.41s/it]
longest @ 95%:  42%|####1     | 46/110 [04:59<06:52,  6.44s/it]
longest @ 95%:  43%|####2     | 47/110 [05:05<06:48,  6.49s/it]
longest @ 95%:  44%|####3     | 48/110 [05:12<06:45,  6.54s/it]
longest @ 95%:  45%|####4     | 49/110 [05:18<06:39,  6.54s/it]
longest @ 95%:  45%|####5     | 50/110 [05:25<06:36,  6.61s/it]
longest @ 95%:  46%|####6     | 51/110 [05:32<06:31,  6.63s/it]
longest @ 95%:  47%|####7     | 52/110 [05:38<06:22,  6.60s/it]
longest @ 95%:  48%|####8     | 53/110 [05:45<06:15,  6.59s/it]
longest @ 95%:  49%|####9     | 54/110 [05:52<06:10,  6.62s/it]
longest @ 95%:  50%|#####     | 55/110 [05:58<06:04,  6.63s/it]
longest @ 95%:  51%|#####     | 56/110 [06:04<05:48,  6.44s/it]
longest @ 95%:  52%|#####1    | 57/110 [06:11<05:43,  6.47s/it]
longest @ 95%:  53%|#####2    | 58/110 [06:18<05:39,  6.52s/it]
longest @ 95%:  54%|#####3    | 59/110 [06:24<05:33,  6.54s/it]
longest @ 95%:  55%|#####4    | 60/110 [06:31<05:28,  6.56s/it]
longest @ 95%:  55%|#####5    | 61/110 [06:37<05:21,  6.57s/it]
longest @ 95%:  56%|#####6    | 62/110 [06:44<05:15,  6.57s/it]
longest @ 95%:  57%|#####7    | 63/110 [06:51<05:10,  6.61s/it]
longest @ 95%:  58%|#####8    | 64/110 [06:57<05:03,  6.59s/it]
longest @ 95%:  59%|#####9    | 65/110 [07:03<04:49,  6.43s/it]
longest @ 95%:  60%|######    | 66/110 [07:10<04:45,  6.48s/it]
longest @ 95%:  61%|######    | 67/110 [07:16<04:40,  6.51s/it]
longest @ 95%:  62%|######1   | 68/110 [07:23<04:34,  6.53s/it]
longest @ 95%:  63%|######2   | 69/110 [07:30<04:28,  6.55s/it]
longest @ 95%:  64%|######3   | 70/110 [07:36<04:22,  6.56s/it]
longest @ 95%:  65%|######4   | 71/110 [07:43<04:15,  6.56s/it]
longest @ 95%:  65%|######5   | 72/110 [07:49<04:09,  6.58s/it]
longest @ 95%:  66%|######6   | 73/110 [07:56<04:03,  6.58s/it]
longest @ 95%:  67%|######7   | 74/110 [08:02<03:51,  6.44s/it]
longest @ 95%:  68%|######8   | 75/110 [08:09<03:47,  6.49s/it]
longest @ 95%:  69%|######9   | 76/110 [08:15<03:36,  6.36s/it]
longest @ 95%:  70%|#######   | 77/110 [08:21<03:27,  6.28s/it]
longest @ 95%:  71%|#######   | 78/110 [08:27<03:24,  6.38s/it]
longest @ 95%:  72%|#######1  | 79/110 [08:34<03:19,  6.43s/it]
longest @ 95%:  73%|#######2  | 80/110 [08:41<03:15,  6.50s/it]
longest @ 95%:  74%|#######3  | 81/110 [08:47<03:09,  6.55s/it]
longest @ 95%:  75%|#######4  | 82/110 [08:54<03:03,  6.54s/it]
longest @ 95%:  75%|#######5  | 83/110 [09:00<02:56,  6.53s/it]
longest @ 95%:  76%|#######6  | 84/110 [09:07<02:50,  6.54s/it]
longest @ 95%:  77%|#######7  | 85/110 [09:13<02:40,  6.44s/it]
longest @ 95%:  78%|#######8  | 86/110 [09:20<02:35,  6.48s/it]
longest @ 95%:  79%|#######9  | 87/110 [09:26<02:29,  6.52s/it]
longest @ 95%:  80%|########  | 88/110 [09:32<02:20,  6.41s/it]
longest @ 95%:  81%|########  | 89/110 [09:39<02:15,  6.46s/it]
longest @ 95%:  82%|########1 | 90/110 [09:45<02:07,  6.36s/it]
longest @ 95%:  83%|########2 | 91/110 [09:52<02:02,  6.45s/it]
longest @ 95%:  84%|########3 | 92/110 [09:58<01:56,  6.48s/it]
longest @ 95%:  85%|########4 | 93/110 [10:05<01:50,  6.50s/it]
longest @ 95%:  85%|########5 | 94/110 [10:11<01:42,  6.38s/it]
longest @ 95%:  86%|########6 | 95/110 [10:18<01:36,  6.46s/it]
longest @ 95%:  87%|########7 | 96/110 [10:24<01:29,  6.38s/it]
longest @ 95%:  88%|########8 | 97/110 [10:30<01:23,  6.46s/it]
longest @ 95%:  89%|########9 | 98/110 [10:37<01:17,  6.49s/it]
longest @ 95%:  90%|######### | 99/110 [10:44<01:11,  6.52s/it]
longest @ 95%:  91%|######### | 100/110 [10:50<01:05,  6.52s/it]
longest @ 95%:  92%|#########1| 101/110 [10:57<00:58,  6.54s/it]
longest @ 95%:  93%|#########2| 102/110 [11:03<00:52,  6.53s/it]
longest @ 95%:  94%|#########3| 103/110 [11:10<00:45,  6.55s/it]
longest @ 95%:  95%|#########4| 104/110 [11:16<00:39,  6.57s/it]
longest @ 95%:  95%|#########5| 105/110 [11:23<00:32,  6.57s/it]
longest @ 95%:  96%|#########6| 106/110 [11:29<00:26,  6.56s/it]
longest @ 95%:  97%|#########7| 107/110 [11:36<00:19,  6.43s/it]
longest @ 95%:  98%|#########8| 108/110 [11:42<00:12,  6.31s/it]
longest @ 95%:  99%|#########9| 109/110 [11:48<00:06,  6.41s/it]
longest @ 95%: 100%|##########| 110/110 [11:55<00:00,  6.39s/it]
longest @ 95%: 100%|##########| 110/110 [11:55<00:00,  6.50s/it]
  longest @ 95%: ROC 0.544   PR 0.079

longest @ 90%:   0%|          | 0/101 [00:00<?, ?it/s]
longest @ 90%:   1%|          | 1/101 [00:06<11:07,  6.67s/it]
longest @ 90%:   2%|1         | 2/101 [00:13<10:52,  6.59s/it]
longest @ 90%:   3%|2         | 3/101 [00:19<10:43,  6.57s/it]
longest @ 90%:   4%|3         | 4/101 [00:26<10:38,  6.58s/it]
longest @ 90%:   5%|4         | 5/101 [00:32<10:33,  6.59s/it]
longest @ 90%:   6%|5         | 6/101 [00:39<10:28,  6.61s/it]
longest @ 90%:   7%|6         | 7/101 [00:46<10:20,  6.60s/it]
longest @ 90%:   8%|7         | 8/101 [00:52<10:18,  6.65s/it]
longest @ 90%:   9%|8         | 9/101 [00:59<10:09,  6.62s/it]
longest @ 90%:  10%|9         | 10/101 [01:05<09:50,  6.49s/it]
longest @ 90%:  11%|#         | 11/101 [01:12<09:50,  6.57s/it]
longest @ 90%:  12%|#1        | 12/101 [01:19<09:44,  6.57s/it]
longest @ 90%:  13%|#2        | 13/101 [01:25<09:32,  6.51s/it]
longest @ 90%:  14%|#3        | 14/101 [01:32<09:30,  6.56s/it]
longest @ 90%:  15%|#4        | 15/101 [01:38<09:14,  6.45s/it]
longest @ 90%:  16%|#5        | 16/101 [01:44<09:10,  6.47s/it]
longest @ 90%:  17%|#6        | 17/101 [01:50<08:56,  6.38s/it]
longest @ 90%:  18%|#7        | 18/101 [01:57<08:53,  6.42s/it]
longest @ 90%:  19%|#8        | 19/101 [02:04<08:50,  6.47s/it]
longest @ 90%:  20%|#9        | 20/101 [02:10<08:47,  6.51s/it]
longest @ 90%:  21%|##        | 21/101 [02:17<08:40,  6.51s/it]
longest @ 90%:  22%|##1       | 22/101 [02:23<08:26,  6.42s/it]
longest @ 90%:  23%|##2       | 23/101 [02:29<08:24,  6.46s/it]
longest @ 90%:  24%|##3       | 24/101 [02:36<08:16,  6.44s/it]
longest @ 90%:  25%|##4       | 25/101 [02:43<08:18,  6.55s/it]
longest @ 90%:  26%|##5       | 26/101 [02:49<08:09,  6.53s/it]
longest @ 90%:  27%|##6       | 27/101 [02:56<08:04,  6.54s/it]
longest @ 90%:  28%|##7       | 28/101 [03:02<07:49,  6.43s/it]
longest @ 90%:  29%|##8       | 29/101 [03:08<07:45,  6.47s/it]
longest @ 90%:  30%|##9       | 30/101 [03:15<07:44,  6.54s/it]
longest @ 90%:  31%|###       | 31/101 [03:22<07:41,  6.59s/it]
longest @ 90%:  32%|###1      | 32/101 [03:28<07:34,  6.59s/it]
longest @ 90%:  33%|###2      | 33/101 [03:35<07:27,  6.58s/it]
longest @ 90%:  34%|###3      | 34/101 [03:41<07:09,  6.41s/it]
longest @ 90%:  35%|###4      | 35/101 [03:48<07:06,  6.46s/it]
longest @ 90%:  36%|###5      | 36/101 [03:54<06:53,  6.36s/it]
longest @ 90%:  37%|###6      | 37/101 [04:00<06:52,  6.44s/it]
longest @ 90%:  38%|###7      | 38/101 [04:07<06:48,  6.49s/it]
longest @ 90%:  39%|###8      | 39/101 [04:13<06:36,  6.39s/it]
longest @ 90%:  40%|###9      | 40/101 [04:20<06:33,  6.45s/it]
longest @ 90%:  41%|####      | 41/101 [04:26<06:29,  6.49s/it]
longest @ 90%:  42%|####1     | 42/101 [04:33<06:20,  6.44s/it]
longest @ 90%:  43%|####2     | 43/101 [04:39<06:14,  6.46s/it]
longest @ 90%:  44%|####3     | 44/101 [04:45<06:04,  6.39s/it]
longest @ 90%:  45%|####4     | 45/101 [04:52<06:00,  6.43s/it]
longest @ 90%:  46%|####5     | 46/101 [04:58<05:56,  6.49s/it]
longest @ 90%:  47%|####6     | 47/101 [05:05<05:52,  6.53s/it]
longest @ 90%:  48%|####7     | 48/101 [05:12<05:46,  6.54s/it]
longest @ 90%:  49%|####8     | 49/101 [05:18<05:43,  6.61s/it]
longest @ 90%:  50%|####9     | 50/101 [05:25<05:38,  6.63s/it]
longest @ 90%:  50%|#####     | 51/101 [05:32<05:30,  6.60s/it]
longest @ 90%:  51%|#####1    | 52/101 [05:38<05:22,  6.58s/it]
longest @ 90%:  52%|#####2    | 53/101 [05:45<05:17,  6.61s/it]
longest @ 90%:  53%|#####3    | 54/101 [05:51<05:10,  6.61s/it]
longest @ 90%:  54%|#####4    | 55/101 [05:57<04:55,  6.43s/it]
longest @ 90%:  55%|#####5    | 56/101 [06:04<04:51,  6.47s/it]
longest @ 90%:  56%|#####6    | 57/101 [06:11<04:47,  6.53s/it]
longest @ 90%:  57%|#####7    | 58/101 [06:17<04:41,  6.54s/it]
longest @ 90%:  58%|#####8    | 59/101 [06:24<04:35,  6.56s/it]
longest @ 90%:  59%|#####9    | 60/101 [06:31<04:30,  6.59s/it]
longest @ 90%:  60%|######    | 61/101 [06:37<04:23,  6.58s/it]
longest @ 90%:  61%|######1   | 62/101 [06:44<04:18,  6.62s/it]
longest @ 90%:  62%|######2   | 63/101 [06:50<04:11,  6.62s/it]
longest @ 90%:  63%|######3   | 64/101 [06:57<04:04,  6.60s/it]
longest @ 90%:  64%|######4   | 65/101 [07:04<03:56,  6.58s/it]
longest @ 90%:  65%|######5   | 66/101 [07:10<03:49,  6.57s/it]
longest @ 90%:  66%|######6   | 67/101 [07:17<03:43,  6.59s/it]
longest @ 90%:  67%|######7   | 68/101 [07:23<03:37,  6.58s/it]
longest @ 90%:  68%|######8   | 69/101 [07:30<03:30,  6.59s/it]
longest @ 90%:  69%|######9   | 70/101 [07:36<03:24,  6.59s/it]
longest @ 90%:  70%|#######   | 71/101 [07:43<03:13,  6.45s/it]
longest @ 90%:  71%|#######1  | 72/101 [07:49<03:08,  6.51s/it]
longest @ 90%:  72%|#######2  | 73/101 [07:55<02:59,  6.40s/it]
longest @ 90%:  73%|#######3  | 74/101 [08:02<02:50,  6.33s/it]
longest @ 90%:  74%|#######4  | 75/101 [08:08<02:46,  6.40s/it]
longest @ 90%:  75%|#######5  | 76/101 [08:15<02:41,  6.46s/it]
longest @ 90%:  76%|#######6  | 77/101 [08:21<02:36,  6.50s/it]
longest @ 90%:  77%|#######7  | 78/101 [08:28<02:30,  6.53s/it]
longest @ 90%:  78%|#######8  | 79/101 [08:34<02:23,  6.54s/it]
longest @ 90%:  79%|#######9  | 80/101 [08:41<02:17,  6.53s/it]
longest @ 90%:  80%|########  | 81/101 [08:47<02:08,  6.43s/it]
longest @ 90%:  81%|########1 | 82/101 [08:54<02:02,  6.47s/it]
longest @ 90%:  82%|########2 | 83/101 [09:00<01:54,  6.36s/it]
longest @ 90%:  83%|########3 | 84/101 [09:06<01:49,  6.43s/it]
longest @ 90%:  84%|########4 | 85/101 [09:13<01:41,  6.35s/it]
longest @ 90%:  85%|########5 | 86/101 [09:19<01:36,  6.44s/it]
longest @ 90%:  86%|########6 | 87/101 [09:26<01:30,  6.47s/it]
longest @ 90%:  87%|########7 | 88/101 [09:32<01:24,  6.51s/it]
longest @ 90%:  88%|########8 | 89/101 [09:38<01:16,  6.39s/it]
longest @ 90%:  89%|########9 | 90/101 [09:45<01:09,  6.33s/it]
longest @ 90%:  90%|######### | 91/101 [09:51<01:04,  6.43s/it]
longest @ 90%:  91%|#########1| 92/101 [09:58<00:58,  6.48s/it]
longest @ 90%:  92%|#########2| 93/101 [10:05<00:52,  6.52s/it]
longest @ 90%:  93%|#########3| 94/101 [10:11<00:45,  6.55s/it]
longest @ 90%:  94%|#########4| 95/101 [10:18<00:39,  6.54s/it]
longest @ 90%:  95%|#########5| 96/101 [10:24<00:32,  6.54s/it]
longest @ 90%:  96%|#########6| 97/101 [10:31<00:26,  6.55s/it]
longest @ 90%:  97%|#########7| 98/101 [10:37<00:19,  6.55s/it]
longest @ 90%:  98%|#########8| 99/101 [10:43<00:12,  6.41s/it]
longest @ 90%:  99%|#########9| 100/101 [10:50<00:06,  6.48s/it]
longest @ 90%: 100%|##########| 101/101 [10:56<00:00,  6.46s/it]
longest @ 90%: 100%|##########| 101/101 [10:56<00:00,  6.50s/it]
  longest @ 90%: ROC 0.536   PR 0.079

longest @ 85%:   0%|          | 0/96 [00:00<?, ?it/s]
longest @ 85%:   1%|1         | 1/96 [00:06<10:39,  6.73s/it]
longest @ 85%:   2%|2         | 2/96 [00:13<10:23,  6.63s/it]
longest @ 85%:   3%|3         | 3/96 [00:19<10:13,  6.60s/it]
longest @ 85%:   4%|4         | 4/96 [00:26<10:07,  6.61s/it]
longest @ 85%:   5%|5         | 5/96 [00:33<09:59,  6.59s/it]
longest @ 85%:   6%|6         | 6/96 [00:39<09:55,  6.62s/it]
longest @ 85%:   7%|7         | 7/96 [00:46<09:50,  6.63s/it]
longest @ 85%:   8%|8         | 8/96 [00:53<09:46,  6.67s/it]
longest @ 85%:   9%|9         | 9/96 [00:59<09:36,  6.63s/it]
longest @ 85%:  10%|#         | 10/96 [01:06<09:36,  6.70s/it]
longest @ 85%:  11%|#1        | 11/96 [01:13<09:29,  6.70s/it]
longest @ 85%:  12%|#2        | 12/96 [01:19<09:19,  6.67s/it]
longest @ 85%:  14%|#3        | 13/96 [01:26<09:04,  6.56s/it]
longest @ 85%:  15%|#4        | 14/96 [01:32<09:02,  6.61s/it]
longest @ 85%:  16%|#5        | 15/96 [01:39<08:45,  6.48s/it]
longest @ 85%:  17%|#6        | 16/96 [01:45<08:39,  6.49s/it]
longest @ 85%:  18%|#7        | 17/96 [01:52<08:34,  6.51s/it]
longest @ 85%:  19%|#8        | 18/96 [01:58<08:28,  6.52s/it]
longest @ 85%:  20%|#9        | 19/96 [02:05<08:23,  6.54s/it]
longest @ 85%:  21%|##        | 20/96 [02:11<08:16,  6.53s/it]
longest @ 85%:  22%|##1       | 21/96 [02:17<08:03,  6.45s/it]
longest @ 85%:  23%|##2       | 22/96 [02:24<07:59,  6.48s/it]
longest @ 85%:  24%|##3       | 23/96 [02:30<07:49,  6.44s/it]
longest @ 85%:  25%|##5       | 24/96 [02:37<07:49,  6.53s/it]
longest @ 85%:  26%|##6       | 25/96 [02:44<07:42,  6.51s/it]
longest @ 85%:  27%|##7       | 26/96 [02:50<07:36,  6.53s/it]
longest @ 85%:  28%|##8       | 27/96 [02:56<07:22,  6.41s/it]
longest @ 85%:  29%|##9       | 28/96 [03:03<07:18,  6.45s/it]
longest @ 85%:  30%|###       | 29/96 [03:10<07:18,  6.55s/it]
longest @ 85%:  31%|###1      | 30/96 [03:16<07:14,  6.58s/it]
longest @ 85%:  32%|###2      | 31/96 [03:23<07:07,  6.58s/it]
longest @ 85%:  33%|###3      | 32/96 [03:29<06:59,  6.55s/it]
longest @ 85%:  34%|###4      | 33/96 [03:35<06:43,  6.41s/it]
longest @ 85%:  35%|###5      | 34/96 [03:42<06:40,  6.46s/it]
longest @ 85%:  36%|###6      | 35/96 [03:48<06:28,  6.36s/it]
longest @ 85%:  38%|###7      | 36/96 [03:55<06:26,  6.44s/it]
longest @ 85%:  39%|###8      | 37/96 [04:01<06:22,  6.48s/it]
longest @ 85%:  40%|###9      | 38/96 [04:07<06:10,  6.38s/it]
longest @ 85%:  41%|####      | 39/96 [04:14<06:07,  6.45s/it]
longest @ 85%:  42%|####1     | 40/96 [04:21<06:04,  6.50s/it]
longest @ 85%:  43%|####2     | 41/96 [04:27<05:55,  6.46s/it]
longest @ 85%:  44%|####3     | 42/96 [04:34<05:49,  6.47s/it]
longest @ 85%:  45%|####4     | 43/96 [04:40<05:39,  6.40s/it]
longest @ 85%:  46%|####5     | 44/96 [04:46<05:34,  6.43s/it]
longest @ 85%:  47%|####6     | 45/96 [04:53<05:31,  6.49s/it]
longest @ 85%:  48%|####7     | 46/96 [05:00<05:26,  6.54s/it]
longest @ 85%:  49%|####8     | 47/96 [05:06<05:21,  6.56s/it]
longest @ 85%:  50%|#####     | 48/96 [05:13<05:17,  6.62s/it]
longest @ 85%:  51%|#####1    | 49/96 [05:20<05:11,  6.62s/it]
longest @ 85%:  52%|#####2    | 50/96 [05:26<05:02,  6.58s/it]
longest @ 85%:  53%|#####3    | 51/96 [05:33<04:54,  6.55s/it]
longest @ 85%:  54%|#####4    | 52/96 [05:39<04:49,  6.58s/it]
longest @ 85%:  55%|#####5    | 53/96 [05:46<04:43,  6.60s/it]
longest @ 85%:  56%|#####6    | 54/96 [05:52<04:30,  6.45s/it]
longest @ 85%:  57%|#####7    | 55/96 [05:59<04:26,  6.49s/it]
longest @ 85%:  58%|#####8    | 56/96 [06:05<04:21,  6.55s/it]
longest @ 85%:  59%|#####9    | 57/96 [06:12<04:15,  6.54s/it]
longest @ 85%:  60%|######    | 58/96 [06:18<04:09,  6.56s/it]
longest @ 85%:  61%|######1   | 59/96 [06:25<04:03,  6.57s/it]
longest @ 85%:  62%|######2   | 60/96 [06:32<03:56,  6.58s/it]
longest @ 85%:  64%|######3   | 61/96 [06:38<03:52,  6.64s/it]
longest @ 85%:  65%|######4   | 62/96 [06:45<03:45,  6.62s/it]
longest @ 85%:  66%|######5   | 63/96 [06:51<03:37,  6.60s/it]
longest @ 85%:  67%|######6   | 64/96 [06:58<03:30,  6.59s/it]
longest @ 85%:  68%|######7   | 65/96 [07:05<03:24,  6.58s/it]
longest @ 85%:  69%|######8   | 66/96 [07:11<03:17,  6.59s/it]
longest @ 85%:  70%|######9   | 67/96 [07:18<03:10,  6.57s/it]
longest @ 85%:  71%|#######   | 68/96 [07:24<03:04,  6.59s/it]
longest @ 85%:  72%|#######1  | 69/96 [07:31<02:57,  6.58s/it]
longest @ 85%:  73%|#######2  | 70/96 [07:37<02:47,  6.44s/it]
longest @ 85%:  74%|#######3  | 71/96 [07:44<02:42,  6.50s/it]
longest @ 85%:  75%|#######5  | 72/96 [07:50<02:32,  6.37s/it]
longest @ 85%:  76%|#######6  | 73/96 [07:56<02:24,  6.29s/it]
longest @ 85%:  77%|#######7  | 74/96 [08:02<02:20,  6.39s/it]
longest @ 85%:  78%|#######8  | 75/96 [08:09<02:15,  6.47s/it]
longest @ 85%:  79%|#######9  | 76/96 [08:16<02:10,  6.52s/it]
longest @ 85%:  80%|########  | 77/96 [08:22<02:03,  6.52s/it]
longest @ 85%:  81%|########1 | 78/96 [08:29<01:57,  6.52s/it]
longest @ 85%:  82%|########2 | 79/96 [08:35<01:49,  6.47s/it]
longest @ 85%:  83%|########3 | 80/96 [08:42<01:44,  6.51s/it]
longest @ 85%:  84%|########4 | 81/96 [08:48<01:36,  6.40s/it]
longest @ 85%:  85%|########5 | 82/96 [08:54<01:30,  6.45s/it]
longest @ 85%:  86%|########6 | 83/96 [09:01<01:24,  6.52s/it]
longest @ 85%:  88%|########7 | 84/96 [09:08<01:18,  6.53s/it]
longest @ 85%:  89%|########8 | 85/96 [09:14<01:12,  6.55s/it]
longest @ 85%:  90%|########9 | 86/96 [09:20<01:04,  6.41s/it]
longest @ 85%:  91%|######### | 87/96 [09:26<00:56,  6.33s/it]
longest @ 85%:  92%|#########1| 88/96 [09:33<00:51,  6.43s/it]
longest @ 85%:  93%|#########2| 89/96 [09:40<00:45,  6.48s/it]
longest @ 85%:  94%|#########3| 90/96 [09:46<00:39,  6.51s/it]
longest @ 85%:  95%|#########4| 91/96 [09:53<00:32,  6.54s/it]
longest @ 85%:  96%|#########5| 92/96 [09:59<00:26,  6.53s/it]
longest @ 85%:  97%|#########6| 93/96 [10:06<00:19,  6.55s/it]
longest @ 85%:  98%|#########7| 94/96 [10:13<00:13,  6.55s/it]
longest @ 85%:  99%|#########8| 95/96 [10:19<00:06,  6.44s/it]
longest @ 85%: 100%|##########| 96/96 [10:25<00:00,  6.49s/it]
longest @ 85%: 100%|##########| 96/96 [10:25<00:00,  6.52s/it]
  longest @ 85%: ROC 0.526   PR 0.078

longest @ 80%:   0%|          | 0/93 [00:00<?, ?it/s]
longest @ 80%:   1%|1         | 1/93 [00:06<10:20,  6.75s/it]
longest @ 80%:   2%|2         | 2/93 [00:13<10:04,  6.65s/it]
longest @ 80%:   3%|3         | 3/93 [00:19<09:55,  6.61s/it]
longest @ 80%:   4%|4         | 4/93 [00:26<09:48,  6.61s/it]
longest @ 80%:   5%|5         | 5/93 [00:33<09:41,  6.61s/it]
longest @ 80%:   6%|6         | 6/93 [00:39<09:36,  6.63s/it]
longest @ 80%:   8%|7         | 7/93 [00:46<09:32,  6.66s/it]
longest @ 80%:   9%|8         | 8/93 [00:53<09:28,  6.69s/it]
longest @ 80%:  10%|9         | 9/93 [00:59<09:19,  6.66s/it]
longest @ 80%:  11%|#         | 10/93 [01:06<09:16,  6.70s/it]
longest @ 80%:  12%|#1        | 11/93 [01:13<09:09,  6.71s/it]
longest @ 80%:  13%|#2        | 12/93 [01:19<08:59,  6.66s/it]
longest @ 80%:  14%|#3        | 13/93 [01:26<08:45,  6.57s/it]
longest @ 80%:  15%|#5        | 14/93 [01:32<08:41,  6.60s/it]
longest @ 80%:  16%|#6        | 15/93 [01:39<08:25,  6.48s/it]
longest @ 80%:  17%|#7        | 16/93 [01:45<08:19,  6.49s/it]
longest @ 80%:  18%|#8        | 17/93 [01:52<08:13,  6.49s/it]
longest @ 80%:  19%|#9        | 18/93 [01:58<08:08,  6.51s/it]
longest @ 80%:  20%|##        | 19/93 [02:05<08:03,  6.53s/it]
longest @ 80%:  22%|##1       | 20/93 [02:11<07:56,  6.53s/it]
longest @ 80%:  23%|##2       | 21/93 [02:18<07:44,  6.45s/it]
longest @ 80%:  24%|##3       | 22/93 [02:24<07:40,  6.48s/it]
longest @ 80%:  25%|##4       | 23/93 [02:31<07:31,  6.46s/it]
longest @ 80%:  26%|##5       | 24/93 [02:37<07:31,  6.54s/it]
longest @ 80%:  27%|##6       | 25/93 [02:44<07:23,  6.52s/it]
longest @ 80%:  28%|##7       | 26/93 [02:50<07:18,  6.54s/it]
longest @ 80%:  29%|##9       | 27/93 [02:57<07:04,  6.43s/it]
longest @ 80%:  30%|###       | 28/93 [03:03<07:00,  6.47s/it]
longest @ 80%:  31%|###1      | 29/93 [03:10<06:58,  6.54s/it]
longest @ 80%:  32%|###2      | 30/93 [03:16<06:54,  6.58s/it]
longest @ 80%:  33%|###3      | 31/93 [03:23<06:47,  6.57s/it]
longest @ 80%:  34%|###4      | 32/93 [03:29<06:38,  6.54s/it]
longest @ 80%:  35%|###5      | 33/93 [03:36<06:23,  6.40s/it]
longest @ 80%:  37%|###6      | 34/93 [03:42<06:20,  6.45s/it]
longest @ 80%:  38%|###7      | 35/93 [03:48<06:08,  6.35s/it]
longest @ 80%:  39%|###8      | 36/93 [03:55<06:10,  6.50s/it]
longest @ 80%:  40%|###9      | 37/93 [04:02<06:06,  6.55s/it]
longest @ 80%:  41%|####      | 38/93 [04:08<05:53,  6.43s/it]
longest @ 80%:  42%|####1     | 39/93 [04:14<05:49,  6.48s/it]
longest @ 80%:  43%|####3     | 40/93 [04:21<05:41,  6.44s/it]
longest @ 80%:  44%|####4     | 41/93 [04:27<05:36,  6.47s/it]
longest @ 80%:  45%|####5     | 42/93 [04:34<05:26,  6.39s/it]
longest @ 80%:  46%|####6     | 43/93 [04:40<05:21,  6.43s/it]
longest @ 80%:  47%|####7     | 44/93 [04:47<05:18,  6.51s/it]
longest @ 80%:  48%|####8     | 45/93 [04:54<05:16,  6.59s/it]
longest @ 80%:  49%|####9     | 46/93 [05:00<05:09,  6.59s/it]
longest @ 80%:  51%|#####     | 47/93 [05:07<05:05,  6.64s/it]
longest @ 80%:  52%|#####1    | 48/93 [05:14<04:59,  6.65s/it]
longest @ 80%:  53%|#####2    | 49/93 [05:20<04:45,  6.48s/it]
longest @ 80%:  54%|#####3    | 50/93 [05:26<04:38,  6.49s/it]
longest @ 80%:  55%|#####4    | 51/93 [05:33<04:34,  6.53s/it]
longest @ 80%:  56%|#####5    | 52/93 [05:39<04:29,  6.56s/it]
longest @ 80%:  57%|#####6    | 53/93 [05:45<04:16,  6.41s/it]
longest @ 80%:  58%|#####8    | 54/93 [05:52<04:12,  6.46s/it]
longest @ 80%:  59%|#####9    | 55/93 [05:59<04:07,  6.52s/it]
longest @ 80%:  60%|######    | 56/93 [06:05<04:01,  6.53s/it]
longest @ 80%:  61%|######1   | 57/93 [06:12<03:55,  6.55s/it]
longest @ 80%:  62%|######2   | 58/93 [06:18<03:49,  6.57s/it]
longest @ 80%:  63%|######3   | 59/93 [06:25<03:43,  6.58s/it]
longest @ 80%:  65%|######4   | 60/93 [06:32<03:38,  6.63s/it]
longest @ 80%:  66%|######5   | 61/93 [06:38<03:31,  6.61s/it]
longest @ 80%:  67%|######6   | 62/93 [06:45<03:24,  6.61s/it]
longest @ 80%:  68%|######7   | 63/93 [06:51<03:13,  6.46s/it]
longest @ 80%:  69%|######8   | 64/93 [06:58<03:08,  6.51s/it]
longest @ 80%:  70%|######9   | 65/93 [07:04<03:02,  6.53s/it]
longest @ 80%:  71%|#######   | 66/93 [07:11<02:57,  6.57s/it]
longest @ 80%:  72%|#######2  | 67/93 [07:18<02:50,  6.56s/it]
longest @ 80%:  73%|#######3  | 68/93 [07:24<02:40,  6.42s/it]
longest @ 80%:  74%|#######4  | 69/93 [07:30<02:36,  6.50s/it]
longest @ 80%:  75%|#######5  | 70/93 [07:36<02:26,  6.38s/it]
longest @ 80%:  76%|#######6  | 71/93 [07:43<02:18,  6.31s/it]
longest @ 80%:  77%|#######7  | 72/93 [07:49<02:13,  6.38s/it]
longest @ 80%:  78%|#######8  | 73/93 [07:56<02:08,  6.42s/it]
longest @ 80%:  80%|#######9  | 74/93 [08:02<02:02,  6.45s/it]
longest @ 80%:  81%|########  | 75/93 [08:09<01:57,  6.50s/it]
longest @ 80%:  82%|########1 | 76/93 [08:15<01:49,  6.42s/it]
longest @ 80%:  83%|########2 | 77/93 [08:22<01:43,  6.46s/it]
longest @ 80%:  84%|########3 | 78/93 [08:28<01:35,  6.34s/it]
longest @ 80%:  85%|########4 | 79/93 [08:34<01:29,  6.40s/it]
longest @ 80%:  86%|########6 | 80/93 [08:41<01:24,  6.49s/it]
longest @ 80%:  87%|########7 | 81/93 [08:47<01:18,  6.54s/it]
longest @ 80%:  88%|########8 | 82/93 [08:54<01:11,  6.54s/it]
longest @ 80%:  89%|########9 | 83/93 [09:01<01:05,  6.54s/it]
longest @ 80%:  90%|######### | 84/93 [09:07<00:57,  6.40s/it]
longest @ 80%:  91%|#########1| 85/93 [09:13<00:51,  6.47s/it]
longest @ 80%:  92%|#########2| 86/93 [09:20<00:45,  6.52s/it]
longest @ 80%:  94%|#########3| 87/93 [09:26<00:39,  6.54s/it]
longest @ 80%:  95%|#########4| 88/93 [09:33<00:32,  6.55s/it]
longest @ 80%:  96%|#########5| 89/93 [09:40<00:26,  6.54s/it]
longest @ 80%:  97%|#########6| 90/93 [09:46<00:19,  6.56s/it]
longest @ 80%:  98%|#########7| 91/93 [09:52<00:12,  6.43s/it]
longest @ 80%:  99%|#########8| 92/93 [09:58<00:06,  6.33s/it]
longest @ 80%: 100%|##########| 93/93 [10:05<00:00,  6.43s/it]
longest @ 80%: 100%|##########| 93/93 [10:05<00:00,  6.51s/it]
  longest @ 80%: ROC 0.549   PR 0.084

longest @ 75%:   0%|          | 0/89 [00:00<?, ?it/s]
longest @ 75%:   1%|1         | 1/89 [00:06<09:57,  6.78s/it]
longest @ 75%:   2%|2         | 2/89 [00:13<09:37,  6.64s/it]
longest @ 75%:   3%|3         | 3/89 [00:19<09:29,  6.62s/it]
longest @ 75%:   4%|4         | 4/89 [00:26<09:19,  6.58s/it]
longest @ 75%:   6%|5         | 5/89 [00:33<09:12,  6.58s/it]
longest @ 75%:   7%|6         | 6/89 [00:39<09:07,  6.59s/it]
longest @ 75%:   8%|7         | 7/89 [00:46<09:01,  6.61s/it]
longest @ 75%:   9%|8         | 8/89 [00:53<08:59,  6.66s/it]
longest @ 75%:  10%|#         | 9/89 [00:59<08:50,  6.63s/it]
longest @ 75%:  11%|#1        | 10/89 [01:06<08:49,  6.70s/it]
longest @ 75%:  12%|#2        | 11/89 [01:13<08:42,  6.70s/it]
longest @ 75%:  13%|#3        | 12/89 [01:19<08:32,  6.66s/it]
longest @ 75%:  15%|#4        | 13/89 [01:26<08:17,  6.55s/it]
longest @ 75%:  16%|#5        | 14/89 [01:32<08:15,  6.60s/it]
longest @ 75%:  17%|#6        | 15/89 [01:38<08:00,  6.49s/it]
longest @ 75%:  18%|#7        | 16/89 [01:45<07:54,  6.50s/it]
longest @ 75%:  19%|#9        | 17/89 [01:52<07:48,  6.51s/it]
longest @ 75%:  20%|##        | 18/89 [01:58<07:42,  6.52s/it]
longest @ 75%:  21%|##1       | 19/89 [02:05<07:38,  6.55s/it]
longest @ 75%:  22%|##2       | 20/89 [02:11<07:31,  6.54s/it]
longest @ 75%:  24%|##3       | 21/89 [02:17<07:18,  6.44s/it]
longest @ 75%:  25%|##4       | 22/89 [02:24<07:13,  6.47s/it]
longest @ 75%:  26%|##5       | 23/89 [02:30<07:04,  6.43s/it]
longest @ 75%:  27%|##6       | 24/89 [02:37<07:00,  6.46s/it]
longest @ 75%:  28%|##8       | 25/89 [02:43<06:54,  6.47s/it]
longest @ 75%:  29%|##9       | 26/89 [02:50<06:49,  6.51s/it]
longest @ 75%:  30%|###       | 27/89 [02:56<06:37,  6.42s/it]
longest @ 75%:  31%|###1      | 28/89 [03:03<06:34,  6.47s/it]
longest @ 75%:  33%|###2      | 29/89 [03:10<06:33,  6.57s/it]
longest @ 75%:  34%|###3      | 30/89 [03:16<06:29,  6.61s/it]
longest @ 75%:  35%|###4      | 31/89 [03:23<06:22,  6.59s/it]
longest @ 75%:  36%|###5      | 32/89 [03:29<06:13,  6.55s/it]
longest @ 75%:  37%|###7      | 33/89 [03:35<05:59,  6.42s/it]
longest @ 75%:  38%|###8      | 34/89 [03:42<05:55,  6.47s/it]
longest @ 75%:  39%|###9      | 35/89 [03:49<05:53,  6.54s/it]
longest @ 75%:  40%|####      | 36/89 [03:55<05:48,  6.58s/it]
longest @ 75%:  42%|####1     | 37/89 [04:02<05:42,  6.59s/it]
longest @ 75%:  43%|####2     | 38/89 [04:08<05:35,  6.58s/it]
longest @ 75%:  44%|####3     | 39/89 [04:15<05:28,  6.57s/it]
longest @ 75%:  45%|####4     | 40/89 [04:21<05:18,  6.50s/it]
longest @ 75%:  46%|####6     | 41/89 [04:28<05:12,  6.51s/it]
longest @ 75%:  47%|####7     | 42/89 [04:34<05:02,  6.43s/it]
longest @ 75%:  48%|####8     | 43/89 [04:41<04:57,  6.46s/it]
longest @ 75%:  49%|####9     | 44/89 [04:47<04:54,  6.54s/it]
longest @ 75%:  51%|#####     | 45/89 [04:54<04:50,  6.60s/it]
longest @ 75%:  52%|#####1    | 46/89 [05:01<04:43,  6.59s/it]
longest @ 75%:  53%|#####2    | 47/89 [05:07<04:38,  6.64s/it]
longest @ 75%:  54%|#####3    | 48/89 [05:14<04:32,  6.64s/it]
longest @ 75%:  55%|#####5    | 49/89 [05:20<04:19,  6.48s/it]
longest @ 75%:  56%|#####6    | 50/89 [05:27<04:12,  6.49s/it]
longest @ 75%:  57%|#####7    | 51/89 [05:33<04:08,  6.54s/it]
longest @ 75%:  58%|#####8    | 52/89 [05:39<03:56,  6.40s/it]
longest @ 75%:  60%|#####9    | 53/89 [05:46<03:52,  6.45s/it]
longest @ 75%:  61%|######    | 54/89 [05:53<03:47,  6.50s/it]
longest @ 75%:  62%|######1   | 55/89 [05:59<03:41,  6.52s/it]
longest @ 75%:  63%|######2   | 56/89 [06:06<03:35,  6.53s/it]
longest @ 75%:  64%|######4   | 57/89 [06:12<03:30,  6.57s/it]
longest @ 75%:  65%|######5   | 58/89 [06:19<03:23,  6.57s/it]
longest @ 75%:  66%|######6   | 59/89 [06:26<03:18,  6.62s/it]
longest @ 75%:  67%|######7   | 60/89 [06:32<03:11,  6.60s/it]
longest @ 75%:  69%|######8   | 61/89 [06:38<03:00,  6.46s/it]
longest @ 75%:  70%|######9   | 62/89 [06:45<02:55,  6.49s/it]
longest @ 75%:  71%|#######   | 63/89 [06:52<02:49,  6.51s/it]
longest @ 75%:  72%|#######1  | 64/89 [06:58<02:43,  6.56s/it]
longest @ 75%:  73%|#######3  | 65/89 [07:05<02:37,  6.57s/it]
longest @ 75%:  74%|#######4  | 66/89 [07:11<02:28,  6.44s/it]
longest @ 75%:  75%|#######5  | 67/89 [07:18<02:22,  6.49s/it]
longest @ 75%:  76%|#######6  | 68/89 [07:24<02:13,  6.36s/it]
longest @ 75%:  78%|#######7  | 69/89 [07:30<02:05,  6.28s/it]
longest @ 75%:  79%|#######8  | 70/89 [07:36<02:00,  6.36s/it]
longest @ 75%:  80%|#######9  | 71/89 [07:43<01:55,  6.42s/it]
longest @ 75%:  81%|########  | 72/89 [07:49<01:49,  6.45s/it]
longest @ 75%:  82%|########2 | 73/89 [07:56<01:43,  6.47s/it]
longest @ 75%:  83%|########3 | 74/89 [08:02<01:35,  6.38s/it]
longest @ 75%:  84%|########4 | 75/89 [08:09<01:30,  6.45s/it]
longest @ 75%:  85%|########5 | 76/89 [08:15<01:24,  6.49s/it]
longest @ 75%:  87%|########6 | 77/89 [08:22<01:18,  6.54s/it]
longest @ 75%:  88%|########7 | 78/89 [08:28<01:11,  6.46s/it]
longest @ 75%:  89%|########8 | 79/89 [08:35<01:05,  6.52s/it]
longest @ 75%:  90%|########9 | 80/89 [08:41<00:58,  6.53s/it]
longest @ 75%:  91%|#########1| 81/89 [08:47<00:51,  6.41s/it]
longest @ 75%:  92%|#########2| 82/89 [08:54<00:45,  6.48s/it]
longest @ 75%:  93%|#########3| 83/89 [09:01<00:39,  6.55s/it]
longest @ 75%:  94%|#########4| 84/89 [09:07<00:32,  6.54s/it]
longest @ 75%:  96%|#########5| 85/89 [09:14<00:26,  6.57s/it]
longest @ 75%:  97%|#########6| 86/89 [09:21<00:19,  6.57s/it]
longest @ 75%:  98%|#########7| 87/89 [09:27<00:13,  6.57s/it]
longest @ 75%:  99%|#########8| 88/89 [09:33<00:06,  6.46s/it]
longest @ 75%: 100%|##########| 89/89 [09:40<00:00,  6.50s/it]
longest @ 75%: 100%|##########| 89/89 [09:40<00:00,  6.52s/it]
  longest @ 75%: ROC 0.558   PR 0.087

Wrote Results/5b_AUCs_consistency_longest.pkl — [np.float64(0.664), np.float64(0.6), np.float64(0.567), np.float64(0.544), np.float64(0.536), np.float64(0.526), np.float64(0.549), np.float64(0.558)]

Compare:
  PHL-M (motif)   [0.658, 0.652, 0.656, 0.651, 0.647, 0.636, 0.638, 0.635]
  PHL-Random      0.545 (best across thresholds)
If this rule matches PHL-M, the advantage was consistency, not motif.
