
======================================================================
2026-08-23 05:00:44  2d_phage_holdout.py --cluster-identity 0.80 --dedup
======================================================================
Loaded cache: 487,400 pairs, 3,880 host proteins, 274 RBPs
  rapidfuzz not installed; falling back to difflib (much slower)
  pip install rapidfuzz
  identity clustering at 80%: 105 phages -> 69 groups (36 merges, 274 RBPs compared)
Phage clustering: 105 phages -> 69 groups (merged by 80% RBP identity)
Deduplicated: 487,400 -> 25,120 rows (matches 2c_rbp_only.py weighting)
Rows: 25,120   folds: 69
Features: RBP embedding + 87 serotype columns (identical to PHL-RBP+S)
Output: Results/2d_phage_holdout_id80.pkl

phage-holdout CV:   0%|          | 0/69 [00:00<?, ?it/s]C:\Users\IamAh\anaconda3\envs\keymotif\Lib\site-packages\xgboost\core.py:158: UserWarning: [05:01:29] WARNING: C:\buildkite-agent\builds\buildkite-windows-cpu-autoscaling-group-i-08cbc0333d8d4aae1-1\xgboost\xgboost-ci-windows\src\common\error_msg.cc:58: Falling back to prediction using DMatrix due to mismatched devices. This might lead to higher memory usage and slower performance. XGBoost is running on: cuda:0, while the input data is on: cpu.
Potential solutions:
- Use a data structure that matches the device ordinal in the booster.
- Set the device for booster before call to inplace_predict.

This warning will only be shown once.

  warnings.warn(smsg, UserWarning)

phage-holdout CV:   1%|1         | 1/69 [00:11<13:21, 11.79s/it]
phage-holdout CV:   3%|2         | 2/69 [00:22<12:39, 11.34s/it]
phage-holdout CV:   4%|4         | 3/69 [00:33<12:22, 11.25s/it]
phage-holdout CV:   6%|5         | 4/69 [00:46<12:45, 11.77s/it]
phage-holdout CV:   7%|7         | 5/69 [00:57<12:15, 11.50s/it]
phage-holdout CV:   9%|8         | 6/69 [01:08<12:01, 11.45s/it]
phage-holdout CV:  10%|#         | 7/69 [01:21<12:11, 11.79s/it]
phage-holdout CV:  12%|#1        | 8/69 [01:32<11:49, 11.63s/it]
phage-holdout CV:  13%|#3        | 9/69 [01:43<11:28, 11.48s/it]
phage-holdout CV:  14%|#4        | 10/69 [01:54<11:10, 11.37s/it]
phage-holdout CV:  16%|#5        | 11/69 [02:06<10:57, 11.33s/it]
phage-holdout CV:  17%|#7        | 12/69 [02:17<10:44, 11.30s/it]
phage-holdout CV:  19%|#8        | 13/69 [02:28<10:31, 11.27s/it]
phage-holdout CV:  20%|##        | 14/69 [02:39<10:16, 11.20s/it]
phage-holdout CV:  22%|##1       | 15/69 [02:50<10:04, 11.20s/it]
phage-holdout CV:  23%|##3       | 16/69 [03:02<09:52, 11.19s/it]
phage-holdout CV:  25%|##4       | 17/69 [03:13<09:42, 11.21s/it]
phage-holdout CV:  26%|##6       | 18/69 [03:24<09:31, 11.21s/it]
phage-holdout CV:  28%|##7       | 19/69 [03:35<09:20, 11.20s/it]
phage-holdout CV:  29%|##8       | 20/69 [03:47<09:16, 11.36s/it]
phage-holdout CV:  30%|###       | 21/69 [03:58<08:59, 11.23s/it]
phage-holdout CV:  32%|###1      | 22/69 [04:09<08:44, 11.17s/it]
phage-holdout CV:  33%|###3      | 23/69 [04:20<08:33, 11.17s/it]
phage-holdout CV:  35%|###4      | 24/69 [04:31<08:23, 11.19s/it]
phage-holdout CV:  36%|###6      | 25/69 [04:42<08:10, 11.14s/it]
phage-holdout CV:  38%|###7      | 26/69 [04:53<07:59, 11.15s/it]
phage-holdout CV:  39%|###9      | 27/69 [05:04<07:46, 11.11s/it]
phage-holdout CV:  41%|####      | 28/69 [05:16<07:37, 11.15s/it]
phage-holdout CV:  42%|####2     | 29/69 [05:27<07:26, 11.16s/it]
phage-holdout CV:  43%|####3     | 30/69 [05:38<07:17, 11.21s/it]
phage-holdout CV:  45%|####4     | 31/69 [05:49<07:04, 11.17s/it]
phage-holdout CV:  46%|####6     | 32/69 [06:01<06:53, 11.19s/it]
phage-holdout CV:  48%|####7     | 33/69 [06:12<06:42, 11.19s/it]
phage-holdout CV:  49%|####9     | 34/69 [06:23<06:32, 11.22s/it]
phage-holdout CV:  51%|#####     | 35/69 [06:34<06:20, 11.18s/it]
phage-holdout CV:  52%|#####2    | 36/69 [06:45<06:09, 11.20s/it]
phage-holdout CV:  54%|#####3    | 37/69 [06:57<05:58, 11.21s/it]
phage-holdout CV:  55%|#####5    | 38/69 [07:08<05:46, 11.19s/it]
phage-holdout CV:  57%|#####6    | 39/69 [07:19<05:35, 11.18s/it]
phage-holdout CV:  58%|#####7    | 40/69 [07:30<05:24, 11.20s/it]
phage-holdout CV:  59%|#####9    | 41/69 [07:42<05:15, 11.26s/it]
phage-holdout CV:  61%|######    | 42/69 [07:53<05:02, 11.22s/it]
phage-holdout CV:  62%|######2   | 43/69 [08:04<04:50, 11.18s/it]
phage-holdout CV:  64%|######3   | 44/69 [08:15<04:39, 11.19s/it]
phage-holdout CV:  65%|######5   | 45/69 [08:26<04:29, 11.24s/it]
phage-holdout CV:  67%|######6   | 46/69 [08:38<04:18, 11.23s/it]
phage-holdout CV:  68%|######8   | 47/69 [08:49<04:06, 11.22s/it]
phage-holdout CV:  70%|######9   | 48/69 [09:00<03:55, 11.21s/it]
phage-holdout CV:  71%|#######1  | 49/69 [09:11<03:44, 11.20s/it]
phage-holdout CV:  72%|#######2  | 50/69 [09:22<03:33, 11.24s/it]
phage-holdout CV:  74%|#######3  | 51/69 [09:34<03:22, 11.24s/it]
phage-holdout CV:  75%|#######5  | 52/69 [09:45<03:13, 11.39s/it]
phage-holdout CV:  77%|#######6  | 53/69 [09:56<03:00, 11.29s/it]
phage-holdout CV:  78%|#######8  | 54/69 [10:08<02:48, 11.26s/it]
phage-holdout CV:  80%|#######9  | 55/69 [10:19<02:37, 11.25s/it]
phage-holdout CV:  81%|########1 | 56/69 [10:30<02:26, 11.26s/it]
phage-holdout CV:  83%|########2 | 57/69 [10:41<02:15, 11.26s/it]
phage-holdout CV:  84%|########4 | 58/69 [10:52<02:03, 11.20s/it]
phage-holdout CV:  86%|########5 | 59/69 [11:04<01:52, 11.22s/it]
phage-holdout CV:  87%|########6 | 60/69 [11:15<01:41, 11.29s/it]
phage-holdout CV:  88%|########8 | 61/69 [11:26<01:29, 11.21s/it]
phage-holdout CV:  90%|########9 | 62/69 [11:38<01:18, 11.25s/it]
phage-holdout CV:  91%|#########1| 63/69 [11:49<01:07, 11.28s/it]
phage-holdout CV:  93%|#########2| 64/69 [12:00<00:56, 11.26s/it]
phage-holdout CV:  94%|#########4| 65/69 [12:11<00:44, 11.21s/it]
phage-holdout CV:  96%|#########5| 66/69 [12:23<00:33, 11.23s/it]
phage-holdout CV:  97%|#########7| 67/69 [12:34<00:22, 11.29s/it]
phage-holdout CV:  99%|#########8| 68/69 [12:45<00:11, 11.29s/it]
phage-holdout CV: 100%|##########| 69/69 [12:57<00:00, 11.29s/it]
phage-holdout CV: 100%|##########| 69/69 [12:57<00:00, 11.26s/it]

==============================================================
PHAGE-HELD-OUT AUC: 0.691    PR-AUC: 0.167
==============================================================
  THE 2x2:                bacterial split   phage split
    RBP + serotype              0.817          0.691
    RBP only                    0.701              ?
    serotype only               0.589              n/a
  dataset positive rate:      0.033

  -> Partial. Some transferable RBP signal, but a large share of
     the bacterial-split performance does not survive unseen phages.

  Wrote Results/2d_phage_holdout_id80.pkl
