
======================================================================
2026-08-23 05:14:15  5b_consistency_control.py --rule central
======================================================================
Loaded cache: 487,400 pairs, 3,880 host proteins, 274 RBPs
Selection rule: central
  chose 237 (serotype, phage) representatives

central @ 100%:   0%|          | 0/185 [00:00<?, ?it/s]C:\Users\IamAh\anaconda3\envs\keymotif\Lib\site-packages\xgboost\core.py:158: UserWarning: [05:14:36] WARNING: C:\buildkite-agent\builds\buildkite-windows-cpu-autoscaling-group-i-08cbc0333d8d4aae1-1\xgboost\xgboost-ci-windows\src\common\error_msg.cc:58: Falling back to prediction using DMatrix due to mismatched devices. This might lead to higher memory usage and slower performance. XGBoost is running on: cuda:0, while the input data is on: cpu.
Potential solutions:
- Use a data structure that matches the device ordinal in the booster.
- Set the device for booster before call to inplace_predict.

This warning will only be shown once.

  warnings.warn(smsg, UserWarning)

central @ 100%:   1%|          | 1/185 [00:06<19:30,  6.36s/it]
central @ 100%:   1%|1         | 2/185 [00:12<19:17,  6.33s/it]
central @ 100%:   2%|1         | 3/185 [00:18<19:10,  6.32s/it]
central @ 100%:   2%|2         | 4/185 [00:24<18:36,  6.17s/it]
central @ 100%:   3%|2         | 5/185 [00:30<18:17,  6.10s/it]
central @ 100%:   3%|3         | 6/185 [00:37<18:30,  6.20s/it]
central @ 100%:   4%|3         | 7/185 [00:43<18:37,  6.28s/it]
central @ 100%:   4%|4         | 8/185 [00:50<18:37,  6.32s/it]
central @ 100%:   5%|4         | 9/185 [00:56<18:34,  6.33s/it]
central @ 100%:   5%|5         | 10/185 [01:02<18:29,  6.34s/it]
central @ 100%:   6%|5         | 11/185 [01:09<18:23,  6.34s/it]
central @ 100%:   6%|6         | 12/185 [01:15<18:14,  6.33s/it]
central @ 100%:   7%|7         | 13/185 [01:21<18:09,  6.34s/it]
central @ 100%:   8%|7         | 14/185 [01:28<18:03,  6.34s/it]
central @ 100%:   8%|8         | 15/185 [01:34<18:00,  6.35s/it]
central @ 100%:   9%|8         | 16/185 [01:40<17:49,  6.33s/it]
central @ 100%:   9%|9         | 17/185 [01:47<17:45,  6.34s/it]
central @ 100%:  10%|9         | 18/185 [01:53<17:39,  6.34s/it]
central @ 100%:  10%|#         | 19/185 [01:59<17:33,  6.35s/it]
central @ 100%:  11%|#         | 20/185 [02:06<17:26,  6.35s/it]
central @ 100%:  11%|#1        | 21/185 [02:12<17:22,  6.36s/it]
central @ 100%:  12%|#1        | 22/185 [02:19<17:16,  6.36s/it]
central @ 100%:  12%|#2        | 23/185 [02:25<17:05,  6.33s/it]
central @ 100%:  13%|#2        | 24/185 [02:31<16:58,  6.33s/it]
central @ 100%:  14%|#3        | 25/185 [02:37<16:50,  6.31s/it]
central @ 100%:  14%|#4        | 26/185 [02:44<16:55,  6.39s/it]
central @ 100%:  15%|#4        | 27/185 [02:50<16:43,  6.35s/it]
central @ 100%:  15%|#5        | 28/185 [02:56<16:32,  6.32s/it]
central @ 100%:  16%|#5        | 29/185 [03:03<16:24,  6.31s/it]
central @ 100%:  16%|#6        | 30/185 [03:09<16:21,  6.33s/it]
central @ 100%:  17%|#6        | 31/185 [03:15<15:57,  6.22s/it]
central @ 100%:  17%|#7        | 32/185 [03:21<15:57,  6.26s/it]
central @ 100%:  18%|#7        | 33/185 [03:28<15:58,  6.30s/it]
central @ 100%:  18%|#8        | 34/185 [03:34<15:52,  6.31s/it]
central @ 100%:  19%|#8        | 35/185 [03:40<15:46,  6.31s/it]
central @ 100%:  19%|#9        | 36/185 [03:46<15:19,  6.17s/it]
central @ 100%:  20%|##        | 37/185 [03:53<15:18,  6.21s/it]
central @ 100%:  21%|##        | 38/185 [03:59<15:14,  6.22s/it]
central @ 100%:  21%|##1       | 39/185 [04:05<15:16,  6.28s/it]
central @ 100%:  22%|##1       | 40/185 [04:12<15:13,  6.30s/it]
central @ 100%:  22%|##2       | 41/185 [04:18<15:08,  6.31s/it]
central @ 100%:  23%|##2       | 42/185 [04:24<15:03,  6.32s/it]
central @ 100%:  23%|##3       | 43/185 [04:31<14:55,  6.30s/it]
central @ 100%:  24%|##3       | 44/185 [04:37<14:51,  6.32s/it]
central @ 100%:  24%|##4       | 45/185 [04:43<14:44,  6.32s/it]
central @ 100%:  25%|##4       | 46/185 [04:50<14:37,  6.31s/it]
central @ 100%:  25%|##5       | 47/185 [04:56<14:17,  6.21s/it]
central @ 100%:  26%|##5       | 48/185 [05:02<14:17,  6.26s/it]
central @ 100%:  26%|##6       | 49/185 [05:08<14:16,  6.30s/it]
central @ 100%:  27%|##7       | 50/185 [05:15<14:08,  6.29s/it]
central @ 100%:  28%|##7       | 51/185 [05:21<14:06,  6.31s/it]
central @ 100%:  28%|##8       | 52/185 [05:27<13:59,  6.31s/it]
central @ 100%:  29%|##8       | 53/185 [05:34<13:53,  6.31s/it]
central @ 100%:  29%|##9       | 54/185 [05:40<13:52,  6.36s/it]
central @ 100%:  30%|##9       | 55/185 [05:46<13:46,  6.36s/it]
central @ 100%:  30%|###       | 56/185 [05:53<13:38,  6.35s/it]
central @ 100%:  31%|###       | 57/185 [05:59<13:35,  6.37s/it]
central @ 100%:  31%|###1      | 58/185 [06:05<13:25,  6.34s/it]
central @ 100%:  32%|###1      | 59/185 [06:12<13:19,  6.34s/it]
central @ 100%:  32%|###2      | 60/185 [06:18<13:11,  6.34s/it]
central @ 100%:  33%|###2      | 61/185 [06:24<13:08,  6.36s/it]
central @ 100%:  34%|###3      | 62/185 [06:31<12:59,  6.34s/it]
central @ 100%:  34%|###4      | 63/185 [06:37<12:51,  6.33s/it]
central @ 100%:  35%|###4      | 64/185 [06:44<12:50,  6.37s/it]
central @ 100%:  35%|###5      | 65/185 [06:50<12:45,  6.38s/it]
central @ 100%:  36%|###5      | 66/185 [06:56<12:34,  6.34s/it]
central @ 100%:  36%|###6      | 67/185 [07:02<12:26,  6.32s/it]
central @ 100%:  37%|###6      | 68/185 [07:09<12:19,  6.32s/it]
central @ 100%:  37%|###7      | 69/185 [07:15<12:14,  6.34s/it]
central @ 100%:  38%|###7      | 70/185 [07:21<12:08,  6.33s/it]
central @ 100%:  38%|###8      | 71/185 [07:28<12:02,  6.34s/it]
central @ 100%:  39%|###8      | 72/185 [07:34<11:54,  6.32s/it]
central @ 100%:  39%|###9      | 73/185 [07:40<11:47,  6.32s/it]
central @ 100%:  40%|####      | 74/185 [07:47<11:41,  6.32s/it]
central @ 100%:  41%|####      | 75/185 [07:53<11:34,  6.31s/it]
central @ 100%:  41%|####1     | 76/185 [07:59<11:28,  6.31s/it]
central @ 100%:  42%|####1     | 77/185 [08:05<11:11,  6.22s/it]
central @ 100%:  42%|####2     | 78/185 [08:12<11:09,  6.26s/it]
central @ 100%:  43%|####2     | 79/185 [08:18<11:05,  6.28s/it]
central @ 100%:  43%|####3     | 80/185 [08:24<11:00,  6.29s/it]
central @ 100%:  44%|####3     | 81/185 [08:31<10:55,  6.30s/it]
central @ 100%:  44%|####4     | 82/185 [08:37<10:51,  6.32s/it]
central @ 100%:  45%|####4     | 83/185 [08:43<10:44,  6.32s/it]
central @ 100%:  45%|####5     | 84/185 [08:50<10:36,  6.30s/it]
central @ 100%:  46%|####5     | 85/185 [08:56<10:33,  6.34s/it]
central @ 100%:  46%|####6     | 86/185 [09:02<10:26,  6.33s/it]
central @ 100%:  47%|####7     | 87/185 [09:09<10:21,  6.34s/it]
central @ 100%:  48%|####7     | 88/185 [09:15<10:16,  6.36s/it]
central @ 100%:  48%|####8     | 89/185 [09:21<10:08,  6.34s/it]
central @ 100%:  49%|####8     | 90/185 [09:28<10:03,  6.35s/it]
central @ 100%:  49%|####9     | 91/185 [09:34<09:56,  6.35s/it]
central @ 100%:  50%|####9     | 92/185 [09:40<09:49,  6.34s/it]
central @ 100%:  50%|#####     | 93/185 [09:47<09:40,  6.31s/it]
central @ 100%:  51%|#####     | 94/185 [09:53<09:34,  6.32s/it]
central @ 100%:  51%|#####1    | 95/185 [09:59<09:30,  6.34s/it]
central @ 100%:  52%|#####1    | 96/185 [10:06<09:26,  6.37s/it]
central @ 100%:  52%|#####2    | 97/185 [10:12<09:19,  6.36s/it]
central @ 100%:  53%|#####2    | 98/185 [10:18<09:11,  6.34s/it]
central @ 100%:  54%|#####3    | 99/185 [10:25<09:05,  6.35s/it]
central @ 100%:  54%|#####4    | 100/185 [10:31<08:59,  6.35s/it]
central @ 100%:  55%|#####4    | 101/185 [10:38<08:53,  6.35s/it]
central @ 100%:  55%|#####5    | 102/185 [10:44<08:46,  6.35s/it]
central @ 100%:  56%|#####5    | 103/185 [10:50<08:42,  6.37s/it]
central @ 100%:  56%|#####6    | 104/185 [10:57<08:35,  6.36s/it]
central @ 100%:  57%|#####6    | 105/185 [11:03<08:28,  6.36s/it]
central @ 100%:  57%|#####7    | 106/185 [11:09<08:22,  6.37s/it]
central @ 100%:  58%|#####7    | 107/185 [11:16<08:16,  6.36s/it]
central @ 100%:  58%|#####8    | 108/185 [11:22<08:10,  6.37s/it]
central @ 100%:  59%|#####8    | 109/185 [11:28<07:56,  6.27s/it]
central @ 100%:  59%|#####9    | 110/185 [11:35<07:52,  6.30s/it]
central @ 100%:  60%|######    | 111/185 [11:41<07:46,  6.30s/it]
central @ 100%:  61%|######    | 112/185 [11:47<07:41,  6.32s/it]
central @ 100%:  61%|######1   | 113/185 [11:54<07:35,  6.33s/it]
central @ 100%:  62%|######1   | 114/185 [12:00<07:30,  6.35s/it]
central @ 100%:  62%|######2   | 115/185 [12:06<07:23,  6.34s/it]
central @ 100%:  63%|######2   | 116/185 [12:13<07:15,  6.31s/it]
central @ 100%:  63%|######3   | 117/185 [12:19<07:09,  6.31s/it]
central @ 100%:  64%|######3   | 118/185 [12:25<07:03,  6.32s/it]
central @ 100%:  64%|######4   | 119/185 [12:32<06:58,  6.34s/it]
central @ 100%:  65%|######4   | 120/185 [12:38<06:51,  6.34s/it]
central @ 100%:  65%|######5   | 121/185 [12:44<06:46,  6.34s/it]
central @ 100%:  66%|######5   | 122/185 [12:51<06:41,  6.38s/it]
central @ 100%:  66%|######6   | 123/185 [12:57<06:35,  6.37s/it]
central @ 100%:  67%|######7   | 124/185 [13:03<06:28,  6.37s/it]
central @ 100%:  68%|######7   | 125/185 [13:10<06:20,  6.34s/it]
central @ 100%:  68%|######8   | 126/185 [13:16<06:13,  6.34s/it]
central @ 100%:  69%|######8   | 127/185 [13:22<06:07,  6.33s/it]
central @ 100%:  69%|######9   | 128/185 [13:29<06:01,  6.33s/it]
central @ 100%:  70%|######9   | 129/185 [13:35<05:47,  6.21s/it]
central @ 100%:  70%|#######   | 130/185 [13:41<05:42,  6.23s/it]
central @ 100%:  71%|#######   | 131/185 [13:47<05:38,  6.26s/it]
central @ 100%:  71%|#######1  | 132/185 [13:54<05:32,  6.28s/it]
central @ 100%:  72%|#######1  | 133/185 [14:00<05:27,  6.31s/it]
central @ 100%:  72%|#######2  | 134/185 [14:06<05:20,  6.28s/it]
central @ 100%:  73%|#######2  | 135/185 [14:12<05:13,  6.26s/it]
central @ 100%:  74%|#######3  | 136/185 [14:19<05:09,  6.31s/it]
central @ 100%:  74%|#######4  | 137/185 [14:25<05:04,  6.34s/it]
central @ 100%:  75%|#######4  | 138/185 [14:31<04:57,  6.33s/it]
central @ 100%:  75%|#######5  | 139/185 [14:38<04:50,  6.32s/it]
central @ 100%:  76%|#######5  | 140/185 [14:44<04:45,  6.35s/it]
central @ 100%:  76%|#######6  | 141/185 [14:51<04:39,  6.35s/it]
central @ 100%:  77%|#######6  | 142/185 [14:57<04:32,  6.34s/it]
central @ 100%:  77%|#######7  | 143/185 [15:03<04:25,  6.33s/it]
central @ 100%:  78%|#######7  | 144/185 [15:10<04:19,  6.33s/it]
central @ 100%:  78%|#######8  | 145/185 [15:16<04:12,  6.32s/it]
central @ 100%:  79%|#######8  | 146/185 [15:22<04:06,  6.32s/it]
central @ 100%:  79%|#######9  | 147/185 [15:28<03:59,  6.31s/it]
central @ 100%:  80%|########  | 148/185 [15:35<03:54,  6.34s/it]
central @ 100%:  81%|########  | 149/185 [15:41<03:48,  6.35s/it]
central @ 100%:  81%|########1 | 150/185 [15:48<03:41,  6.34s/it]
central @ 100%:  82%|########1 | 151/185 [15:54<03:35,  6.35s/it]
central @ 100%:  82%|########2 | 152/185 [16:00<03:29,  6.35s/it]
central @ 100%:  83%|########2 | 153/185 [16:07<03:23,  6.35s/it]
central @ 100%:  83%|########3 | 154/185 [16:13<03:16,  6.34s/it]
central @ 100%:  84%|########3 | 155/185 [16:19<03:09,  6.33s/it]
central @ 100%:  84%|########4 | 156/185 [16:26<03:04,  6.35s/it]
central @ 100%:  85%|########4 | 157/185 [16:32<02:57,  6.33s/it]
central @ 100%:  85%|########5 | 158/185 [16:38<02:50,  6.32s/it]
central @ 100%:  86%|########5 | 159/185 [16:45<02:44,  6.35s/it]
central @ 100%:  86%|########6 | 160/185 [16:51<02:38,  6.36s/it]
central @ 100%:  87%|########7 | 161/185 [16:57<02:32,  6.34s/it]
central @ 100%:  88%|########7 | 162/185 [17:04<02:25,  6.34s/it]
central @ 100%:  88%|########8 | 163/185 [17:10<02:19,  6.36s/it]
central @ 100%:  89%|########8 | 164/185 [17:16<02:13,  6.33s/it]
central @ 100%:  89%|########9 | 165/185 [17:23<02:06,  6.34s/it]
central @ 100%:  90%|########9 | 166/185 [17:29<02:00,  6.34s/it]
central @ 100%:  90%|######### | 167/185 [17:35<01:53,  6.32s/it]
central @ 100%:  91%|######### | 168/185 [17:41<01:45,  6.19s/it]
central @ 100%:  91%|#########1| 169/185 [17:48<01:40,  6.28s/it]
central @ 100%:  92%|#########1| 170/185 [17:54<01:34,  6.32s/it]
central @ 100%:  92%|#########2| 171/185 [18:00<01:28,  6.31s/it]
central @ 100%:  93%|#########2| 172/185 [18:07<01:22,  6.31s/it]
central @ 100%:  94%|#########3| 173/185 [18:13<01:15,  6.29s/it]
central @ 100%:  94%|#########4| 174/185 [18:19<01:09,  6.32s/it]
central @ 100%:  95%|#########4| 175/185 [18:26<01:03,  6.34s/it]
central @ 100%:  95%|#########5| 176/185 [18:32<00:56,  6.32s/it]
central @ 100%:  96%|#########5| 177/185 [18:38<00:50,  6.37s/it]
central @ 100%:  96%|#########6| 178/185 [18:45<00:44,  6.33s/it]
central @ 100%:  97%|#########6| 179/185 [18:51<00:38,  6.36s/it]
central @ 100%:  97%|#########7| 180/185 [18:57<00:31,  6.36s/it]
central @ 100%:  98%|#########7| 181/185 [19:04<00:25,  6.34s/it]
central @ 100%:  98%|#########8| 182/185 [19:10<00:18,  6.33s/it]C:\Users\IamAh\Desktop\TheKeyMotif\keymotif_data.py:321: FutureWarning: Downcasting object dtype arrays on .fillna, .ffill, .bfill is deprecated and will change in a future version. Call result.infer_objects(copy=False) instead. To opt-in to the future behavior, set `pd.set_option('future.no_silent_downcasting', True)`
  block = merged[sero_cols].fillna(0)

central @ 100%:  99%|#########8| 183/185 [19:16<00:12,  6.31s/it]
central @ 100%:  99%|#########9| 184/185 [19:23<00:06,  6.31s/it]
central @ 100%: 100%|##########| 185/185 [19:29<00:00,  6.31s/it]
central @ 100%: 100%|##########| 185/185 [19:29<00:00,  6.32s/it]
  central @ 100%: ROC 0.735   PR 0.132

central @ 99.5%:   0%|          | 0/133 [00:00<?, ?it/s]
central @ 99.5%:   1%|          | 1/133 [00:06<14:23,  6.54s/it]
central @ 99.5%:   2%|1         | 2/133 [00:12<13:56,  6.39s/it]
central @ 99.5%:   2%|2         | 3/133 [00:19<13:45,  6.35s/it]
central @ 99.5%:   3%|3         | 4/133 [00:25<13:39,  6.35s/it]
central @ 99.5%:   4%|3         | 5/133 [00:31<13:13,  6.20s/it]
central @ 99.5%:   5%|4         | 6/133 [00:37<13:16,  6.27s/it]
central @ 99.5%:   5%|5         | 7/133 [00:44<13:15,  6.31s/it]
central @ 99.5%:   6%|6         | 8/133 [00:50<13:20,  6.41s/it]
central @ 99.5%:   7%|6         | 9/133 [00:57<13:11,  6.38s/it]
central @ 99.5%:   8%|7         | 10/133 [01:03<13:03,  6.37s/it]
central @ 99.5%:   8%|8         | 11/133 [01:09<13:00,  6.40s/it]
central @ 99.5%:   9%|9         | 12/133 [01:16<12:51,  6.37s/it]
central @ 99.5%:  10%|9         | 13/133 [01:22<12:49,  6.42s/it]
central @ 99.5%:  11%|#         | 14/133 [01:29<12:44,  6.42s/it]
central @ 99.5%:  11%|#1        | 15/133 [01:35<12:36,  6.41s/it]
central @ 99.5%:  12%|#2        | 16/133 [01:41<12:24,  6.37s/it]
central @ 99.5%:  13%|#2        | 17/133 [01:48<12:18,  6.37s/it]
central @ 99.5%:  14%|#3        | 18/133 [01:54<12:12,  6.37s/it]
central @ 99.5%:  14%|#4        | 19/133 [02:01<12:06,  6.38s/it]
central @ 99.5%:  15%|#5        | 20/133 [02:07<11:59,  6.36s/it]
central @ 99.5%:  16%|#5        | 21/133 [02:13<11:55,  6.39s/it]
central @ 99.5%:  17%|#6        | 22/133 [02:20<11:48,  6.38s/it]
central @ 99.5%:  17%|#7        | 23/133 [02:26<11:46,  6.42s/it]
central @ 99.5%:  18%|#8        | 24/133 [02:32<11:36,  6.39s/it]
central @ 99.5%:  19%|#8        | 25/133 [02:39<11:37,  6.46s/it]
central @ 99.5%:  20%|#9        | 26/133 [02:45<11:25,  6.41s/it]
central @ 99.5%:  20%|##        | 27/133 [02:52<11:14,  6.37s/it]
central @ 99.5%:  21%|##1       | 28/133 [02:58<11:05,  6.34s/it]
central @ 99.5%:  22%|##1       | 29/133 [03:04<11:00,  6.35s/it]
central @ 99.5%:  23%|##2       | 30/133 [03:11<10:54,  6.35s/it]
central @ 99.5%:  23%|##3       | 31/133 [03:17<10:49,  6.37s/it]
central @ 99.5%:  24%|##4       | 32/133 [03:24<10:45,  6.39s/it]
central @ 99.5%:  25%|##4       | 33/133 [03:30<10:35,  6.36s/it]
central @ 99.5%:  26%|##5       | 34/133 [03:36<10:31,  6.38s/it]
central @ 99.5%:  26%|##6       | 35/133 [03:43<10:22,  6.35s/it]
central @ 99.5%:  27%|##7       | 36/133 [03:49<10:15,  6.35s/it]
central @ 99.5%:  28%|##7       | 37/133 [03:55<10:09,  6.35s/it]
central @ 99.5%:  29%|##8       | 38/133 [04:02<10:03,  6.36s/it]
central @ 99.5%:  29%|##9       | 39/133 [04:08<10:01,  6.40s/it]
central @ 99.5%:  30%|###       | 40/133 [04:14<09:53,  6.38s/it]
central @ 99.5%:  31%|###       | 41/133 [04:21<09:44,  6.36s/it]
central @ 99.5%:  32%|###1      | 42/133 [04:27<09:38,  6.35s/it]
central @ 99.5%:  32%|###2      | 43/133 [04:33<09:31,  6.35s/it]
central @ 99.5%:  33%|###3      | 44/133 [04:40<09:25,  6.35s/it]
central @ 99.5%:  34%|###3      | 45/133 [04:46<09:17,  6.34s/it]
central @ 99.5%:  35%|###4      | 46/133 [04:53<09:16,  6.39s/it]
central @ 99.5%:  35%|###5      | 47/133 [04:59<09:13,  6.44s/it]
central @ 99.5%:  36%|###6      | 48/133 [05:05<09:04,  6.41s/it]
central @ 99.5%:  37%|###6      | 49/133 [05:12<08:59,  6.42s/it]
central @ 99.5%:  38%|###7      | 50/133 [05:18<08:51,  6.40s/it]
central @ 99.5%:  38%|###8      | 51/133 [05:25<08:43,  6.38s/it]
central @ 99.5%:  39%|###9      | 52/133 [05:31<08:35,  6.36s/it]
central @ 99.5%:  40%|###9      | 53/133 [05:37<08:29,  6.36s/it]
central @ 99.5%:  41%|####      | 54/133 [05:44<08:24,  6.38s/it]
central @ 99.5%:  41%|####1     | 55/133 [05:50<08:15,  6.35s/it]
central @ 99.5%:  42%|####2     | 56/133 [05:56<08:08,  6.34s/it]
central @ 99.5%:  43%|####2     | 57/133 [06:03<08:05,  6.39s/it]
central @ 99.5%:  44%|####3     | 58/133 [06:09<07:59,  6.39s/it]
central @ 99.5%:  44%|####4     | 59/133 [06:16<07:53,  6.40s/it]
central @ 99.5%:  45%|####5     | 60/133 [06:22<07:48,  6.42s/it]
central @ 99.5%:  46%|####5     | 61/133 [06:28<07:39,  6.38s/it]
central @ 99.5%:  47%|####6     | 62/133 [06:35<07:31,  6.36s/it]
central @ 99.5%:  47%|####7     | 63/133 [06:41<07:28,  6.41s/it]
central @ 99.5%:  48%|####8     | 64/133 [06:47<07:13,  6.28s/it]
central @ 99.5%:  49%|####8     | 65/133 [06:54<07:08,  6.30s/it]
central @ 99.5%:  50%|####9     | 66/133 [07:00<07:03,  6.32s/it]
central @ 99.5%:  50%|#####     | 67/133 [07:06<06:57,  6.33s/it]
central @ 99.5%:  51%|#####1    | 68/133 [07:13<06:52,  6.34s/it]
central @ 99.5%:  52%|#####1    | 69/133 [07:19<06:44,  6.32s/it]
central @ 99.5%:  53%|#####2    | 70/133 [07:25<06:41,  6.37s/it]
central @ 99.5%:  53%|#####3    | 71/133 [07:32<06:33,  6.35s/it]
central @ 99.5%:  54%|#####4    | 72/133 [07:38<06:28,  6.36s/it]
central @ 99.5%:  55%|#####4    | 73/133 [07:44<06:22,  6.37s/it]
central @ 99.5%:  56%|#####5    | 74/133 [07:51<06:14,  6.35s/it]
central @ 99.5%:  56%|#####6    | 75/133 [07:57<06:08,  6.36s/it]
central @ 99.5%:  57%|#####7    | 76/133 [08:04<06:02,  6.36s/it]
central @ 99.5%:  58%|#####7    | 77/133 [08:10<05:54,  6.33s/it]
central @ 99.5%:  59%|#####8    | 78/133 [08:16<05:48,  6.33s/it]
central @ 99.5%:  59%|#####9    | 79/133 [08:22<05:42,  6.35s/it]
central @ 99.5%:  60%|######    | 80/133 [08:29<05:38,  6.39s/it]
central @ 99.5%:  61%|######    | 81/133 [08:35<05:31,  6.38s/it]
central @ 99.5%:  62%|######1   | 82/133 [08:42<05:24,  6.36s/it]
central @ 99.5%:  62%|######2   | 83/133 [08:48<05:17,  6.36s/it]
central @ 99.5%:  63%|######3   | 84/133 [08:54<05:10,  6.34s/it]
central @ 99.5%:  64%|######3   | 85/133 [09:01<05:04,  6.34s/it]
central @ 99.5%:  65%|######4   | 86/133 [09:07<04:58,  6.35s/it]
central @ 99.5%:  65%|######5   | 87/133 [09:13<04:52,  6.37s/it]
central @ 99.5%:  66%|######6   | 88/133 [09:20<04:46,  6.38s/it]
central @ 99.5%:  67%|######6   | 89/133 [09:26<04:35,  6.26s/it]
central @ 99.5%:  68%|######7   | 90/133 [09:32<04:30,  6.29s/it]
central @ 99.5%:  68%|######8   | 91/133 [09:38<04:24,  6.30s/it]
central @ 99.5%:  69%|######9   | 92/133 [09:45<04:19,  6.32s/it]
central @ 99.5%:  70%|######9   | 93/133 [09:51<04:13,  6.33s/it]
central @ 99.5%:  71%|#######   | 94/133 [09:58<04:09,  6.39s/it]
central @ 99.5%:  71%|#######1  | 95/133 [10:04<04:02,  6.37s/it]
central @ 99.5%:  72%|#######2  | 96/133 [10:10<03:55,  6.36s/it]
central @ 99.5%:  73%|#######2  | 97/133 [10:17<03:49,  6.36s/it]
central @ 99.5%:  74%|#######3  | 98/133 [10:23<03:42,  6.37s/it]
central @ 99.5%:  74%|#######4  | 99/133 [10:30<03:37,  6.40s/it]
central @ 99.5%:  75%|#######5  | 100/133 [10:36<03:31,  6.41s/it]
central @ 99.5%:  76%|#######5  | 101/133 [10:42<03:24,  6.38s/it]
central @ 99.5%:  77%|#######6  | 102/133 [10:49<03:17,  6.38s/it]
central @ 99.5%:  77%|#######7  | 103/133 [10:55<03:10,  6.36s/it]
central @ 99.5%:  78%|#######8  | 104/133 [11:01<03:04,  6.35s/it]
central @ 99.5%:  79%|#######8  | 105/133 [11:08<02:57,  6.35s/it]
central @ 99.5%:  80%|#######9  | 106/133 [11:14<02:51,  6.35s/it]
central @ 99.5%:  80%|########  | 107/133 [11:20<02:44,  6.34s/it]
central @ 99.5%:  81%|########1 | 108/133 [11:27<02:39,  6.37s/it]
central @ 99.5%:  82%|########1 | 109/133 [11:33<02:32,  6.34s/it]
central @ 99.5%:  83%|########2 | 110/133 [11:39<02:25,  6.33s/it]
central @ 99.5%:  83%|########3 | 111/133 [11:46<02:20,  6.39s/it]
central @ 99.5%:  84%|########4 | 112/133 [11:52<02:13,  6.37s/it]
central @ 99.5%:  85%|########4 | 113/133 [11:59<02:07,  6.36s/it]
central @ 99.5%:  86%|########5 | 114/133 [12:05<02:01,  6.37s/it]
central @ 99.5%:  86%|########6 | 115/133 [12:11<01:54,  6.37s/it]
central @ 99.5%:  87%|########7 | 116/133 [12:18<01:47,  6.35s/it]
central @ 99.5%:  88%|########7 | 117/133 [12:24<01:42,  6.41s/it]
central @ 99.5%:  89%|########8 | 118/133 [12:31<01:35,  6.38s/it]
central @ 99.5%:  89%|########9 | 119/133 [12:37<01:29,  6.36s/it]
central @ 99.5%:  90%|######### | 120/133 [12:43<01:22,  6.34s/it]
central @ 99.5%:  91%|######### | 121/133 [12:50<01:16,  6.35s/it]
central @ 99.5%:  92%|#########1| 122/133 [12:56<01:10,  6.37s/it]
central @ 99.5%:  92%|#########2| 123/133 [13:02<01:03,  6.39s/it]
central @ 99.5%:  93%|#########3| 124/133 [13:09<00:57,  6.37s/it]
central @ 99.5%:  94%|#########3| 125/133 [13:15<00:50,  6.33s/it]
central @ 99.5%:  95%|#########4| 126/133 [13:21<00:44,  6.33s/it]
central @ 99.5%:  95%|#########5| 127/133 [13:28<00:37,  6.33s/it]
central @ 99.5%:  96%|#########6| 128/133 [13:34<00:31,  6.34s/it]
central @ 99.5%:  97%|#########6| 129/133 [13:40<00:25,  6.31s/it]
central @ 99.5%:  98%|#########7| 130/133 [13:47<00:18,  6.32s/it]
central @ 99.5%:  98%|#########8| 131/133 [13:53<00:12,  6.34s/it]
central @ 99.5%:  99%|#########9| 132/133 [13:59<00:06,  6.35s/it]
central @ 99.5%: 100%|##########| 133/133 [14:06<00:00,  6.33s/it]
central @ 99.5%: 100%|##########| 133/133 [14:06<00:00,  6.36s/it]
  central @ 99.5%: ROC 0.658   PR 0.116

central @ 99%:   0%|          | 0/121 [00:00<?, ?it/s]
central @ 99%:   1%|          | 1/121 [00:06<13:04,  6.53s/it]
central @ 99%:   2%|1         | 2/121 [00:12<12:44,  6.42s/it]
central @ 99%:   2%|2         | 3/121 [00:19<12:31,  6.37s/it]
central @ 99%:   3%|3         | 4/121 [00:25<12:24,  6.37s/it]
central @ 99%:   4%|4         | 5/121 [00:31<12:02,  6.22s/it]
central @ 99%:   5%|4         | 6/121 [00:37<12:04,  6.30s/it]
central @ 99%:   6%|5         | 7/121 [00:44<12:02,  6.33s/it]
central @ 99%:   7%|6         | 8/121 [00:50<12:04,  6.41s/it]
central @ 99%:   7%|7         | 9/121 [00:57<11:57,  6.41s/it]
central @ 99%:   8%|8         | 10/121 [01:03<11:54,  6.44s/it]
central @ 99%:   9%|9         | 11/121 [01:10<11:47,  6.43s/it]
central @ 99%:  10%|9         | 12/121 [01:16<11:37,  6.40s/it]
central @ 99%:  11%|#         | 13/121 [01:23<11:36,  6.45s/it]
central @ 99%:  12%|#1        | 14/121 [01:29<11:33,  6.48s/it]
central @ 99%:  12%|#2        | 15/121 [01:36<11:24,  6.46s/it]
central @ 99%:  13%|#3        | 16/121 [01:42<11:12,  6.41s/it]
central @ 99%:  14%|#4        | 17/121 [01:48<11:05,  6.40s/it]
central @ 99%:  15%|#4        | 18/121 [01:55<10:57,  6.39s/it]
central @ 99%:  16%|#5        | 19/121 [02:01<10:50,  6.38s/it]
central @ 99%:  17%|#6        | 20/121 [02:07<10:42,  6.36s/it]
central @ 99%:  17%|#7        | 21/121 [02:14<10:39,  6.39s/it]
central @ 99%:  18%|#8        | 22/121 [02:20<10:31,  6.38s/it]
central @ 99%:  19%|#9        | 23/121 [02:27<10:29,  6.42s/it]
central @ 99%:  20%|#9        | 24/121 [02:33<10:21,  6.41s/it]
central @ 99%:  21%|##        | 25/121 [02:39<10:08,  6.34s/it]
central @ 99%:  21%|##1       | 26/121 [02:45<09:59,  6.31s/it]
central @ 99%:  22%|##2       | 27/121 [02:52<09:52,  6.30s/it]
central @ 99%:  23%|##3       | 28/121 [02:58<09:45,  6.30s/it]
central @ 99%:  24%|##3       | 29/121 [03:04<09:41,  6.32s/it]
central @ 99%:  25%|##4       | 30/121 [03:11<09:36,  6.33s/it]
central @ 99%:  26%|##5       | 31/121 [03:17<09:31,  6.36s/it]
central @ 99%:  26%|##6       | 32/121 [03:24<09:26,  6.37s/it]
central @ 99%:  27%|##7       | 33/121 [03:30<09:17,  6.34s/it]
central @ 99%:  28%|##8       | 34/121 [03:36<09:13,  6.36s/it]
central @ 99%:  29%|##8       | 35/121 [03:43<09:05,  6.34s/it]
central @ 99%:  30%|##9       | 36/121 [03:49<08:59,  6.34s/it]
central @ 99%:  31%|###       | 37/121 [03:55<08:52,  6.34s/it]
central @ 99%:  31%|###1      | 38/121 [04:02<08:46,  6.34s/it]
central @ 99%:  32%|###2      | 39/121 [04:08<08:43,  6.38s/it]
central @ 99%:  33%|###3      | 40/121 [04:14<08:35,  6.37s/it]
central @ 99%:  34%|###3      | 41/121 [04:21<08:29,  6.37s/it]
central @ 99%:  35%|###4      | 42/121 [04:27<08:23,  6.37s/it]
central @ 99%:  36%|###5      | 43/121 [04:33<08:14,  6.34s/it]
central @ 99%:  36%|###6      | 44/121 [04:40<08:11,  6.38s/it]
central @ 99%:  37%|###7      | 45/121 [04:46<08:07,  6.42s/it]
central @ 99%:  38%|###8      | 46/121 [04:53<07:58,  6.39s/it]
central @ 99%:  39%|###8      | 47/121 [04:59<07:53,  6.40s/it]
central @ 99%:  40%|###9      | 48/121 [05:06<07:47,  6.40s/it]
central @ 99%:  40%|####      | 49/121 [05:12<07:39,  6.38s/it]
central @ 99%:  41%|####1     | 50/121 [05:18<07:31,  6.35s/it]
central @ 99%:  42%|####2     | 51/121 [05:25<07:24,  6.35s/it]
central @ 99%:  43%|####2     | 52/121 [05:31<07:20,  6.38s/it]
central @ 99%:  44%|####3     | 53/121 [05:37<07:11,  6.35s/it]
central @ 99%:  45%|####4     | 54/121 [05:44<07:04,  6.33s/it]
central @ 99%:  45%|####5     | 55/121 [05:50<07:01,  6.38s/it]
central @ 99%:  46%|####6     | 56/121 [05:56<06:55,  6.39s/it]
central @ 99%:  47%|####7     | 57/121 [06:03<06:50,  6.41s/it]
central @ 99%:  48%|####7     | 58/121 [06:09<06:41,  6.37s/it]
central @ 99%:  49%|####8     | 59/121 [06:15<06:33,  6.35s/it]
central @ 99%:  50%|####9     | 60/121 [06:22<06:30,  6.40s/it]
central @ 99%:  50%|#####     | 61/121 [06:28<06:16,  6.28s/it]
central @ 99%:  51%|#####1    | 62/121 [06:34<06:11,  6.30s/it]
central @ 99%:  52%|#####2    | 63/121 [06:41<06:06,  6.32s/it]
central @ 99%:  53%|#####2    | 64/121 [06:47<06:00,  6.33s/it]
central @ 99%:  54%|#####3    | 65/121 [06:53<05:53,  6.32s/it]
central @ 99%:  55%|#####4    | 66/121 [07:00<05:50,  6.36s/it]
central @ 99%:  55%|#####5    | 67/121 [07:06<05:42,  6.35s/it]
central @ 99%:  56%|#####6    | 68/121 [07:12<05:36,  6.35s/it]
central @ 99%:  57%|#####7    | 69/121 [07:19<05:30,  6.36s/it]
central @ 99%:  58%|#####7    | 70/121 [07:25<05:23,  6.35s/it]
central @ 99%:  59%|#####8    | 71/121 [07:32<05:17,  6.35s/it]
central @ 99%:  60%|#####9    | 72/121 [07:38<05:11,  6.36s/it]
central @ 99%:  60%|######    | 73/121 [07:44<05:03,  6.33s/it]
central @ 99%:  61%|######1   | 74/121 [07:51<04:57,  6.33s/it]
central @ 99%:  62%|######1   | 75/121 [07:57<04:51,  6.34s/it]
central @ 99%:  63%|######2   | 76/121 [08:03<04:46,  6.37s/it]
central @ 99%:  64%|######3   | 77/121 [08:10<04:39,  6.36s/it]
central @ 99%:  64%|######4   | 78/121 [08:16<04:32,  6.34s/it]
central @ 99%:  65%|######5   | 79/121 [08:22<04:25,  6.32s/it]
central @ 99%:  66%|######6   | 80/121 [08:29<04:19,  6.33s/it]
central @ 99%:  67%|######6   | 81/121 [08:35<04:13,  6.34s/it]
central @ 99%:  68%|######7   | 82/121 [08:41<04:08,  6.36s/it]
central @ 99%:  69%|######8   | 83/121 [08:48<04:02,  6.37s/it]
central @ 99%:  69%|######9   | 84/121 [08:54<03:51,  6.26s/it]
central @ 99%:  70%|#######   | 85/121 [09:00<03:46,  6.30s/it]
central @ 99%:  71%|#######1  | 86/121 [09:06<03:40,  6.30s/it]
central @ 99%:  72%|#######1  | 87/121 [09:13<03:34,  6.31s/it]
central @ 99%:  73%|#######2  | 88/121 [09:19<03:29,  6.36s/it]
central @ 99%:  74%|#######3  | 89/121 [09:26<03:23,  6.37s/it]
central @ 99%:  74%|#######4  | 90/121 [09:32<03:17,  6.36s/it]
central @ 99%:  75%|#######5  | 91/121 [09:38<03:10,  6.36s/it]
central @ 99%:  76%|#######6  | 92/121 [09:45<03:04,  6.36s/it]
central @ 99%:  77%|#######6  | 93/121 [09:51<02:59,  6.40s/it]
central @ 99%:  78%|#######7  | 94/121 [09:58<02:52,  6.40s/it]
central @ 99%:  79%|#######8  | 95/121 [10:04<02:45,  6.38s/it]
central @ 99%:  79%|#######9  | 96/121 [10:10<02:39,  6.39s/it]
central @ 99%:  80%|########  | 97/121 [10:17<02:33,  6.38s/it]
central @ 99%:  81%|########  | 98/121 [10:23<02:26,  6.37s/it]
central @ 99%:  82%|########1 | 99/121 [10:29<02:19,  6.36s/it]
central @ 99%:  83%|########2 | 100/121 [10:36<02:13,  6.37s/it]
central @ 99%:  83%|########3 | 101/121 [10:42<02:07,  6.35s/it]
central @ 99%:  84%|########4 | 102/121 [10:48<02:00,  6.34s/it]
central @ 99%:  85%|########5 | 103/121 [10:55<01:55,  6.40s/it]
central @ 99%:  86%|########5 | 104/121 [11:01<01:48,  6.39s/it]
central @ 99%:  87%|########6 | 105/121 [11:08<01:41,  6.37s/it]
central @ 99%:  88%|########7 | 106/121 [11:14<01:35,  6.37s/it]
central @ 99%:  88%|########8 | 107/121 [11:20<01:28,  6.35s/it]
central @ 99%:  89%|########9 | 108/121 [11:27<01:22,  6.35s/it]
central @ 99%:  90%|######### | 109/121 [11:33<01:15,  6.33s/it]
central @ 99%:  91%|######### | 110/121 [11:39<01:09,  6.34s/it]
central @ 99%:  92%|#########1| 111/121 [11:46<01:03,  6.38s/it]
central @ 99%:  93%|#########2| 112/121 [11:52<00:57,  6.38s/it]
central @ 99%:  93%|#########3| 113/121 [11:58<00:50,  6.36s/it]
central @ 99%:  94%|#########4| 114/121 [12:04<00:43,  6.23s/it]
central @ 99%:  95%|#########5| 115/121 [12:11<00:37,  6.25s/it]
central @ 99%:  96%|#########5| 116/121 [12:17<00:31,  6.28s/it]
central @ 99%:  97%|#########6| 117/121 [12:23<00:25,  6.28s/it]
central @ 99%:  98%|#########7| 118/121 [12:30<00:18,  6.31s/it]
central @ 99%:  98%|#########8| 119/121 [12:36<00:12,  6.35s/it]
central @ 99%:  99%|#########9| 120/121 [12:42<00:06,  6.35s/it]
central @ 99%: 100%|##########| 121/121 [12:49<00:00,  6.34s/it]
central @ 99%: 100%|##########| 121/121 [12:49<00:00,  6.36s/it]
  central @ 99%: ROC 0.617   PR 0.109

central @ 95%:   0%|          | 0/110 [00:00<?, ?it/s]
central @ 95%:   1%|          | 1/110 [00:06<11:36,  6.39s/it]
central @ 95%:   2%|1         | 2/110 [00:12<11:23,  6.33s/it]
central @ 95%:   3%|2         | 3/110 [00:19<11:18,  6.34s/it]
central @ 95%:   4%|3         | 4/110 [00:25<11:11,  6.33s/it]
central @ 95%:   5%|4         | 5/110 [00:31<10:53,  6.22s/it]
central @ 95%:   5%|5         | 6/110 [00:37<10:54,  6.29s/it]
central @ 95%:   6%|6         | 7/110 [00:44<10:51,  6.33s/it]
central @ 95%:   7%|7         | 8/110 [00:50<10:54,  6.41s/it]
central @ 95%:   8%|8         | 9/110 [00:57<10:46,  6.40s/it]
central @ 95%:   9%|9         | 10/110 [01:03<10:44,  6.44s/it]
central @ 95%:  10%|#         | 11/110 [01:10<10:36,  6.43s/it]
central @ 95%:  11%|#         | 12/110 [01:16<10:26,  6.40s/it]
central @ 95%:  12%|#1        | 13/110 [01:22<10:23,  6.43s/it]
central @ 95%:  13%|#2        | 14/110 [01:29<10:19,  6.45s/it]
central @ 95%:  14%|#3        | 15/110 [01:35<10:10,  6.43s/it]
central @ 95%:  15%|#4        | 16/110 [01:42<10:00,  6.39s/it]
central @ 95%:  15%|#5        | 17/110 [01:48<09:53,  6.38s/it]
central @ 95%:  16%|#6        | 18/110 [01:54<09:46,  6.38s/it]
central @ 95%:  17%|#7        | 19/110 [02:01<09:39,  6.37s/it]
central @ 95%:  18%|#8        | 20/110 [02:07<09:34,  6.38s/it]
central @ 95%:  19%|#9        | 21/110 [02:13<09:26,  6.37s/it]
central @ 95%:  20%|##        | 22/110 [02:20<09:24,  6.41s/it]
central @ 95%:  21%|##        | 23/110 [02:26<09:16,  6.40s/it]
central @ 95%:  22%|##1       | 24/110 [02:33<09:06,  6.36s/it]
central @ 95%:  23%|##2       | 25/110 [02:39<08:57,  6.32s/it]
central @ 95%:  24%|##3       | 26/110 [02:45<08:49,  6.31s/it]
central @ 95%:  25%|##4       | 27/110 [02:51<08:44,  6.32s/it]
central @ 95%:  25%|##5       | 28/110 [02:58<08:39,  6.34s/it]
central @ 95%:  26%|##6       | 29/110 [03:04<08:34,  6.35s/it]
central @ 95%:  27%|##7       | 30/110 [03:11<08:31,  6.39s/it]
central @ 95%:  28%|##8       | 31/110 [03:17<08:25,  6.40s/it]
central @ 95%:  29%|##9       | 32/110 [03:24<08:19,  6.41s/it]
central @ 95%:  30%|###       | 33/110 [03:30<08:10,  6.37s/it]
central @ 95%:  31%|###       | 34/110 [03:36<08:03,  6.36s/it]
central @ 95%:  32%|###1      | 35/110 [03:43<07:56,  6.35s/it]
central @ 95%:  33%|###2      | 36/110 [03:49<07:50,  6.36s/it]
central @ 95%:  34%|###3      | 37/110 [03:55<07:45,  6.38s/it]
central @ 95%:  35%|###4      | 38/110 [04:02<07:38,  6.37s/it]
central @ 95%:  35%|###5      | 39/110 [04:08<07:31,  6.37s/it]
central @ 95%:  36%|###6      | 40/110 [04:14<07:25,  6.36s/it]
central @ 95%:  37%|###7      | 41/110 [04:21<07:17,  6.34s/it]
central @ 95%:  38%|###8      | 42/110 [04:27<07:14,  6.38s/it]
central @ 95%:  39%|###9      | 43/110 [04:33<07:03,  6.32s/it]
central @ 95%:  40%|####      | 44/110 [04:40<06:57,  6.33s/it]
central @ 95%:  41%|####      | 45/110 [04:46<06:53,  6.36s/it]
central @ 95%:  42%|####1     | 46/110 [04:52<06:47,  6.36s/it]
central @ 95%:  43%|####2     | 47/110 [04:59<06:39,  6.35s/it]
central @ 95%:  44%|####3     | 48/110 [05:05<06:32,  6.33s/it]
central @ 95%:  45%|####4     | 49/110 [05:11<06:26,  6.34s/it]
central @ 95%:  45%|####5     | 50/110 [05:18<06:22,  6.37s/it]
central @ 95%:  46%|####6     | 51/110 [05:24<06:17,  6.39s/it]
central @ 95%:  47%|####7     | 52/110 [05:31<06:09,  6.37s/it]
central @ 95%:  48%|####8     | 53/110 [05:37<06:04,  6.40s/it]
central @ 95%:  49%|####9     | 54/110 [05:43<05:58,  6.40s/it]
central @ 95%:  50%|#####     | 55/110 [05:50<05:52,  6.41s/it]
central @ 95%:  51%|#####     | 56/110 [05:56<05:43,  6.37s/it]
central @ 95%:  52%|#####1    | 57/110 [06:03<05:38,  6.38s/it]
central @ 95%:  53%|#####2    | 58/110 [06:09<05:34,  6.43s/it]
central @ 95%:  54%|#####3    | 59/110 [06:15<05:21,  6.30s/it]
central @ 95%:  55%|#####4    | 60/110 [06:21<05:15,  6.31s/it]
central @ 95%:  55%|#####5    | 61/110 [06:28<05:09,  6.32s/it]
central @ 95%:  56%|#####6    | 62/110 [06:34<05:03,  6.33s/it]
central @ 95%:  57%|#####7    | 63/110 [06:41<04:59,  6.37s/it]
central @ 95%:  58%|#####8    | 64/110 [06:47<04:52,  6.37s/it]
central @ 95%:  59%|#####9    | 65/110 [06:53<04:46,  6.37s/it]
central @ 95%:  60%|######    | 66/110 [07:00<04:40,  6.37s/it]
central @ 95%:  61%|######    | 67/110 [07:06<04:33,  6.36s/it]
central @ 95%:  62%|######1   | 68/110 [07:12<04:26,  6.35s/it]
central @ 95%:  63%|######2   | 69/110 [07:19<04:21,  6.38s/it]
central @ 95%:  64%|######3   | 70/110 [07:25<04:14,  6.37s/it]
central @ 95%:  65%|######4   | 71/110 [07:32<04:07,  6.35s/it]
central @ 95%:  65%|######5   | 72/110 [07:38<04:00,  6.33s/it]
central @ 95%:  66%|######6   | 73/110 [07:44<03:54,  6.34s/it]
central @ 95%:  67%|######7   | 74/110 [07:51<03:48,  6.34s/it]
central @ 95%:  68%|######8   | 75/110 [07:57<03:42,  6.36s/it]
central @ 95%:  69%|######9   | 76/110 [08:03<03:36,  6.37s/it]
central @ 95%:  70%|#######   | 77/110 [08:09<03:26,  6.25s/it]
central @ 95%:  71%|#######   | 78/110 [08:16<03:21,  6.29s/it]
central @ 95%:  72%|#######1  | 79/110 [08:22<03:15,  6.30s/it]
central @ 95%:  73%|#######2  | 80/110 [08:28<03:10,  6.36s/it]
central @ 95%:  74%|#######3  | 81/110 [08:35<03:04,  6.35s/it]
central @ 95%:  75%|#######4  | 82/110 [08:41<02:57,  6.34s/it]
central @ 95%:  75%|#######5  | 83/110 [08:47<02:51,  6.34s/it]
central @ 95%:  76%|#######6  | 84/110 [08:54<02:45,  6.36s/it]
central @ 95%:  77%|#######7  | 85/110 [09:00<02:39,  6.39s/it]
central @ 95%:  78%|#######8  | 86/110 [09:07<02:33,  6.40s/it]
central @ 95%:  79%|#######9  | 87/110 [09:13<02:26,  6.38s/it]
central @ 95%:  80%|########  | 88/110 [09:19<02:20,  6.38s/it]
central @ 95%:  81%|########  | 89/110 [09:26<02:13,  6.37s/it]
central @ 95%:  82%|########1 | 90/110 [09:32<02:07,  6.35s/it]
central @ 95%:  83%|########2 | 91/110 [09:39<02:00,  6.37s/it]
central @ 95%:  84%|########3 | 92/110 [09:45<01:54,  6.36s/it]
central @ 95%:  85%|########4 | 93/110 [09:51<01:47,  6.34s/it]
central @ 95%:  85%|########5 | 94/110 [09:58<01:42,  6.40s/it]
central @ 95%:  86%|########6 | 95/110 [10:04<01:35,  6.38s/it]
central @ 95%:  87%|########7 | 96/110 [10:10<01:29,  6.37s/it]
central @ 95%:  88%|########8 | 97/110 [10:17<01:22,  6.37s/it]
central @ 95%:  89%|########9 | 98/110 [10:23<01:16,  6.36s/it]
central @ 95%:  90%|######### | 99/110 [10:29<01:09,  6.36s/it]
central @ 95%:  91%|######### | 100/110 [10:36<01:03,  6.34s/it]
central @ 95%:  92%|#########1| 101/110 [10:42<00:57,  6.34s/it]
central @ 95%:  93%|#########2| 102/110 [10:49<00:50,  6.36s/it]
central @ 95%:  94%|#########3| 103/110 [10:55<00:44,  6.38s/it]
central @ 95%:  95%|#########4| 104/110 [11:01<00:38,  6.37s/it]
central @ 95%:  95%|#########5| 105/110 [11:08<00:31,  6.37s/it]
central @ 95%:  96%|#########6| 106/110 [11:14<00:25,  6.37s/it]
central @ 95%:  97%|#########7| 107/110 [11:20<00:19,  6.34s/it]
central @ 95%:  98%|#########8| 108/110 [11:27<00:12,  6.34s/it]
central @ 95%:  99%|#########9| 109/110 [11:33<00:06,  6.34s/it]
central @ 95%: 100%|##########| 110/110 [11:39<00:00,  6.33s/it]
central @ 95%: 100%|##########| 110/110 [11:39<00:00,  6.36s/it]
  central @ 95%: ROC 0.581   PR 0.101

central @ 90%:   0%|          | 0/101 [00:00<?, ?it/s]
central @ 90%:   1%|          | 1/101 [00:06<10:52,  6.52s/it]
central @ 90%:   2%|1         | 2/101 [00:12<10:33,  6.40s/it]
central @ 90%:   3%|2         | 3/101 [00:19<10:25,  6.38s/it]
central @ 90%:   4%|3         | 4/101 [00:25<10:17,  6.36s/it]
central @ 90%:   5%|4         | 5/101 [00:31<09:58,  6.23s/it]
central @ 90%:   6%|5         | 6/101 [00:37<09:58,  6.30s/it]
central @ 90%:   7%|6         | 7/101 [00:44<09:54,  6.33s/it]
central @ 90%:   8%|7         | 8/101 [00:50<09:55,  6.40s/it]
central @ 90%:   9%|8         | 9/101 [00:57<09:48,  6.39s/it]
central @ 90%:  10%|9         | 10/101 [01:03<09:45,  6.43s/it]
central @ 90%:  11%|#         | 11/101 [01:10<09:39,  6.44s/it]
central @ 90%:  12%|#1        | 12/101 [01:16<09:29,  6.40s/it]
central @ 90%:  13%|#2        | 13/101 [01:23<09:26,  6.43s/it]
central @ 90%:  14%|#3        | 14/101 [01:29<09:21,  6.45s/it]
central @ 90%:  15%|#4        | 15/101 [01:35<09:13,  6.43s/it]
central @ 90%:  16%|#5        | 16/101 [01:42<09:04,  6.40s/it]
central @ 90%:  17%|#6        | 17/101 [01:48<08:56,  6.38s/it]
central @ 90%:  18%|#7        | 18/101 [01:55<08:49,  6.38s/it]
central @ 90%:  19%|#8        | 19/101 [02:01<08:41,  6.36s/it]
central @ 90%:  20%|#9        | 20/101 [02:07<08:36,  6.38s/it]
central @ 90%:  21%|##        | 21/101 [02:14<08:29,  6.37s/it]
central @ 90%:  22%|##1       | 22/101 [02:20<08:27,  6.42s/it]
central @ 90%:  23%|##2       | 23/101 [02:27<08:19,  6.41s/it]
central @ 90%:  24%|##3       | 24/101 [02:33<08:07,  6.33s/it]
central @ 90%:  25%|##4       | 25/101 [02:39<08:04,  6.37s/it]
central @ 90%:  26%|##5       | 26/101 [02:45<07:56,  6.35s/it]
central @ 90%:  27%|##6       | 27/101 [02:52<07:49,  6.35s/it]
central @ 90%:  28%|##7       | 28/101 [02:58<07:43,  6.35s/it]
central @ 90%:  29%|##8       | 29/101 [03:05<07:38,  6.37s/it]
central @ 90%:  30%|##9       | 30/101 [03:11<07:33,  6.39s/it]
central @ 90%:  31%|###       | 31/101 [03:17<07:29,  6.42s/it]
central @ 90%:  32%|###1      | 32/101 [03:24<07:22,  6.42s/it]
central @ 90%:  33%|###2      | 33/101 [03:30<07:13,  6.38s/it]
central @ 90%:  34%|###3      | 34/101 [03:37<07:06,  6.37s/it]
central @ 90%:  35%|###4      | 35/101 [03:43<06:59,  6.36s/it]
central @ 90%:  36%|###5      | 36/101 [03:49<06:54,  6.37s/it]
central @ 90%:  37%|###6      | 37/101 [03:56<06:49,  6.40s/it]
central @ 90%:  38%|###7      | 38/101 [04:02<06:42,  6.38s/it]
central @ 90%:  39%|###8      | 39/101 [04:08<06:34,  6.37s/it]
central @ 90%:  40%|###9      | 40/101 [04:15<06:28,  6.37s/it]
central @ 90%:  41%|####      | 41/101 [04:21<06:23,  6.39s/it]
central @ 90%:  42%|####1     | 42/101 [04:27<06:13,  6.33s/it]
central @ 90%:  43%|####2     | 43/101 [04:34<06:07,  6.34s/it]
central @ 90%:  44%|####3     | 44/101 [04:40<06:02,  6.37s/it]
central @ 90%:  45%|####4     | 45/101 [04:47<05:56,  6.37s/it]
central @ 90%:  46%|####5     | 46/101 [04:53<05:49,  6.35s/it]
central @ 90%:  47%|####6     | 47/101 [04:59<05:42,  6.34s/it]
central @ 90%:  48%|####7     | 48/101 [05:06<05:36,  6.34s/it]
central @ 90%:  49%|####8     | 49/101 [05:12<05:32,  6.39s/it]
central @ 90%:  50%|####9     | 50/101 [05:18<05:26,  6.41s/it]
central @ 90%:  50%|#####     | 51/101 [05:25<05:18,  6.37s/it]
central @ 90%:  51%|#####1    | 52/101 [05:31<05:13,  6.41s/it]
central @ 90%:  52%|#####2    | 53/101 [05:38<05:07,  6.41s/it]
central @ 90%:  53%|#####3    | 54/101 [05:44<05:02,  6.43s/it]
central @ 90%:  54%|#####4    | 55/101 [05:50<04:53,  6.39s/it]
central @ 90%:  55%|#####5    | 56/101 [05:57<04:47,  6.39s/it]
central @ 90%:  56%|#####6    | 57/101 [06:03<04:43,  6.44s/it]
central @ 90%:  57%|#####7    | 58/101 [06:09<04:30,  6.30s/it]
central @ 90%:  58%|#####8    | 59/101 [06:16<04:24,  6.31s/it]
central @ 90%:  59%|#####9    | 60/101 [06:22<04:18,  6.32s/it]
central @ 90%:  60%|######    | 61/101 [06:28<04:13,  6.33s/it]
central @ 90%:  61%|######1   | 62/101 [06:35<04:08,  6.36s/it]
central @ 90%:  62%|######2   | 63/101 [06:41<04:02,  6.38s/it]
central @ 90%:  63%|######3   | 64/101 [06:48<03:55,  6.38s/it]
central @ 90%:  64%|######4   | 65/101 [06:54<03:47,  6.33s/it]
central @ 90%:  65%|######5   | 66/101 [07:00<03:41,  6.33s/it]
central @ 90%:  66%|######6   | 67/101 [07:07<03:36,  6.37s/it]
central @ 90%:  67%|######7   | 68/101 [07:13<03:31,  6.40s/it]
central @ 90%:  68%|######8   | 69/101 [07:20<03:25,  6.43s/it]
central @ 90%:  69%|######9   | 70/101 [07:26<03:18,  6.41s/it]
central @ 90%:  70%|#######   | 71/101 [07:32<03:12,  6.41s/it]
central @ 90%:  71%|#######1  | 72/101 [07:39<03:05,  6.40s/it]
central @ 90%:  72%|#######2  | 73/101 [07:45<02:59,  6.40s/it]
central @ 90%:  73%|#######3  | 74/101 [07:51<02:49,  6.27s/it]
central @ 90%:  74%|#######4  | 75/101 [07:58<02:43,  6.31s/it]
central @ 90%:  75%|#######5  | 76/101 [08:04<02:37,  6.30s/it]
central @ 90%:  76%|#######6  | 77/101 [08:10<02:32,  6.37s/it]
central @ 90%:  77%|#######7  | 78/101 [08:17<02:26,  6.37s/it]
central @ 90%:  78%|#######8  | 79/101 [08:23<02:19,  6.35s/it]
central @ 90%:  79%|#######9  | 80/101 [08:29<02:13,  6.35s/it]
central @ 90%:  80%|########  | 81/101 [08:36<02:07,  6.38s/it]
central @ 90%:  81%|########1 | 82/101 [08:42<02:01,  6.39s/it]
central @ 90%:  82%|########2 | 83/101 [08:49<01:54,  6.39s/it]
central @ 90%:  83%|########3 | 84/101 [08:55<01:48,  6.38s/it]
central @ 90%:  84%|########4 | 85/101 [09:01<01:41,  6.37s/it]
central @ 90%:  85%|########5 | 86/101 [09:08<01:35,  6.38s/it]
central @ 90%:  86%|########6 | 87/101 [09:14<01:28,  6.34s/it]
central @ 90%:  87%|########7 | 88/101 [09:20<01:22,  6.34s/it]
central @ 90%:  88%|########8 | 89/101 [09:27<01:16,  6.39s/it]
central @ 90%:  89%|########9 | 90/101 [09:33<01:10,  6.37s/it]
central @ 90%:  90%|######### | 91/101 [09:40<01:03,  6.37s/it]
central @ 90%:  91%|#########1| 92/101 [09:46<00:57,  6.36s/it]
central @ 90%:  92%|#########2| 93/101 [09:52<00:50,  6.35s/it]
central @ 90%:  93%|#########3| 94/101 [09:59<00:44,  6.36s/it]
central @ 90%:  94%|#########4| 95/101 [10:05<00:38,  6.37s/it]
central @ 90%:  95%|#########5| 96/101 [10:11<00:31,  6.36s/it]
central @ 90%:  96%|#########6| 97/101 [10:18<00:25,  6.39s/it]
central @ 90%:  97%|#########7| 98/101 [10:24<00:19,  6.37s/it]
central @ 90%:  98%|#########8| 99/101 [10:30<00:12,  6.34s/it]
central @ 90%:  99%|#########9| 100/101 [10:37<00:06,  6.34s/it]
central @ 90%: 100%|##########| 101/101 [10:43<00:00,  6.33s/it]
central @ 90%: 100%|##########| 101/101 [10:43<00:00,  6.37s/it]
  central @ 90%: ROC 0.577   PR 0.099

central @ 85%:   0%|          | 0/96 [00:00<?, ?it/s]
central @ 85%:   1%|1         | 1/96 [00:06<10:14,  6.47s/it]
central @ 85%:   2%|2         | 2/96 [00:12<09:57,  6.36s/it]
central @ 85%:   3%|3         | 3/96 [00:19<09:51,  6.36s/it]
central @ 85%:   4%|4         | 4/96 [00:25<09:44,  6.35s/it]
central @ 85%:   5%|5         | 5/96 [00:31<09:26,  6.22s/it]
central @ 85%:   6%|6         | 6/96 [00:37<09:26,  6.29s/it]
central @ 85%:   7%|7         | 7/96 [00:44<09:22,  6.32s/it]
central @ 85%:   8%|8         | 8/96 [00:50<09:21,  6.39s/it]
central @ 85%:   9%|9         | 9/96 [00:57<09:13,  6.36s/it]
central @ 85%:  10%|#         | 10/96 [01:03<09:15,  6.46s/it]
central @ 85%:  11%|#1        | 11/96 [01:10<09:08,  6.45s/it]
central @ 85%:  12%|#2        | 12/96 [01:16<08:58,  6.41s/it]
central @ 85%:  14%|#3        | 13/96 [01:22<08:53,  6.43s/it]
central @ 85%:  15%|#4        | 14/96 [01:29<08:48,  6.45s/it]
central @ 85%:  16%|#5        | 15/96 [01:35<08:40,  6.42s/it]
central @ 85%:  17%|#6        | 16/96 [01:42<08:30,  6.38s/it]
central @ 85%:  18%|#7        | 17/96 [01:48<08:24,  6.38s/it]
central @ 85%:  19%|#8        | 18/96 [01:54<08:17,  6.37s/it]
central @ 85%:  20%|#9        | 19/96 [02:01<08:11,  6.38s/it]
central @ 85%:  21%|##        | 20/96 [02:07<08:04,  6.37s/it]
central @ 85%:  22%|##1       | 21/96 [02:14<08:01,  6.42s/it]
central @ 85%:  23%|##2       | 22/96 [02:20<07:53,  6.40s/it]
central @ 85%:  24%|##3       | 23/96 [02:26<07:42,  6.33s/it]
central @ 85%:  25%|##5       | 24/96 [02:33<07:38,  6.37s/it]
central @ 85%:  26%|##6       | 25/96 [02:39<07:30,  6.34s/it]
central @ 85%:  27%|##7       | 26/96 [02:45<07:24,  6.35s/it]
central @ 85%:  28%|##8       | 27/96 [02:52<07:18,  6.35s/it]
central @ 85%:  29%|##9       | 28/96 [02:58<07:12,  6.36s/it]
central @ 85%:  30%|###       | 29/96 [03:05<07:11,  6.44s/it]
central @ 85%:  31%|###1      | 30/96 [03:11<07:05,  6.45s/it]
central @ 85%:  32%|###2      | 31/96 [03:18<06:59,  6.45s/it]
central @ 85%:  33%|###3      | 32/96 [03:24<06:49,  6.40s/it]
central @ 85%:  34%|###4      | 33/96 [03:30<06:41,  6.38s/it]
central @ 85%:  35%|###5      | 34/96 [03:37<06:34,  6.37s/it]
central @ 85%:  36%|###6      | 35/96 [03:43<06:28,  6.36s/it]
central @ 85%:  38%|###7      | 36/96 [03:49<06:22,  6.38s/it]
central @ 85%:  39%|###8      | 37/96 [03:56<06:16,  6.38s/it]
central @ 85%:  40%|###9      | 38/96 [04:02<06:09,  6.37s/it]
central @ 85%:  41%|####      | 39/96 [04:08<06:02,  6.36s/it]
central @ 85%:  42%|####1     | 40/96 [04:15<05:57,  6.39s/it]
central @ 85%:  43%|####2     | 41/96 [04:21<05:47,  6.32s/it]
central @ 85%:  44%|####3     | 42/96 [04:27<05:41,  6.32s/it]
central @ 85%:  45%|####4     | 43/96 [04:34<05:36,  6.35s/it]
central @ 85%:  46%|####5     | 44/96 [04:40<05:30,  6.36s/it]
central @ 85%:  47%|####6     | 45/96 [04:47<05:26,  6.39s/it]
central @ 85%:  48%|####7     | 46/96 [04:53<05:18,  6.36s/it]
central @ 85%:  49%|####8     | 47/96 [04:59<05:11,  6.36s/it]
central @ 85%:  50%|#####     | 48/96 [05:06<05:06,  6.38s/it]
central @ 85%:  51%|#####1    | 49/96 [05:12<05:00,  6.40s/it]
central @ 85%:  52%|#####2    | 50/96 [05:19<04:55,  6.43s/it]
central @ 85%:  53%|#####3    | 51/96 [05:25<04:50,  6.46s/it]
central @ 85%:  54%|#####4    | 52/96 [05:31<04:42,  6.43s/it]
central @ 85%:  55%|#####5    | 53/96 [05:38<04:36,  6.43s/it]
central @ 85%:  56%|#####6    | 54/96 [05:44<04:28,  6.38s/it]
central @ 85%:  57%|#####7    | 55/96 [05:51<04:21,  6.38s/it]
central @ 85%:  58%|#####8    | 56/96 [05:57<04:16,  6.42s/it]
central @ 85%:  59%|#####9    | 57/96 [06:03<04:05,  6.30s/it]
central @ 85%:  60%|######    | 58/96 [06:09<03:59,  6.31s/it]
central @ 85%:  61%|######1   | 59/96 [06:16<03:53,  6.32s/it]
central @ 85%:  62%|######2   | 60/96 [06:22<03:48,  6.34s/it]
central @ 85%:  64%|######3   | 61/96 [06:29<03:43,  6.37s/it]
central @ 85%:  65%|######4   | 62/96 [06:35<03:36,  6.36s/it]
central @ 85%:  66%|######5   | 63/96 [06:41<03:29,  6.36s/it]
central @ 85%:  67%|######6   | 64/96 [06:48<03:22,  6.33s/it]
central @ 85%:  68%|######7   | 65/96 [06:54<03:16,  6.34s/it]
central @ 85%:  69%|######8   | 66/96 [07:00<03:11,  6.37s/it]
central @ 85%:  70%|######9   | 67/96 [07:07<03:04,  6.36s/it]
central @ 85%:  71%|#######   | 68/96 [07:13<02:59,  6.41s/it]
central @ 85%:  72%|#######1  | 69/96 [07:20<02:52,  6.40s/it]
central @ 85%:  73%|#######2  | 70/96 [07:26<02:46,  6.39s/it]
central @ 85%:  74%|#######3  | 71/96 [07:32<02:39,  6.39s/it]
central @ 85%:  75%|#######5  | 72/96 [07:39<02:33,  6.40s/it]
central @ 85%:  76%|#######6  | 73/96 [07:45<02:24,  6.29s/it]
central @ 85%:  77%|#######7  | 74/96 [07:51<02:18,  6.31s/it]
central @ 85%:  78%|#######8  | 75/96 [07:57<02:12,  6.31s/it]
central @ 85%:  79%|#######9  | 76/96 [08:04<02:06,  6.32s/it]
central @ 85%:  80%|########  | 77/96 [08:10<02:00,  6.32s/it]
central @ 85%:  81%|########1 | 78/96 [08:17<01:54,  6.34s/it]
central @ 85%:  82%|########2 | 79/96 [08:23<01:48,  6.38s/it]
central @ 85%:  83%|########3 | 80/96 [08:29<01:42,  6.39s/it]
central @ 85%:  84%|########4 | 81/96 [08:36<01:35,  6.38s/it]
central @ 85%:  85%|########5 | 82/96 [08:42<01:29,  6.37s/it]
central @ 85%:  86%|########6 | 83/96 [08:49<01:22,  6.37s/it]
central @ 85%:  88%|########7 | 84/96 [08:55<01:16,  6.35s/it]
central @ 85%:  89%|########8 | 85/96 [09:01<01:09,  6.34s/it]
central @ 85%:  90%|########9 | 86/96 [09:08<01:04,  6.40s/it]
central @ 85%:  91%|######### | 87/96 [09:14<00:57,  6.39s/it]
central @ 85%:  92%|#########1| 88/96 [09:20<00:51,  6.39s/it]
central @ 85%:  93%|#########2| 89/96 [09:27<00:44,  6.37s/it]
central @ 85%:  94%|#########3| 90/96 [09:33<00:38,  6.36s/it]
central @ 85%:  95%|#########4| 91/96 [09:39<00:31,  6.36s/it]
central @ 85%:  96%|#########5| 92/96 [09:46<00:25,  6.39s/it]
central @ 85%:  97%|#########6| 93/96 [09:52<00:19,  6.37s/it]
central @ 85%:  98%|#########7| 94/96 [09:59<00:12,  6.36s/it]
central @ 85%:  99%|#########8| 95/96 [10:05<00:06,  6.33s/it]
central @ 85%: 100%|##########| 96/96 [10:11<00:00,  6.33s/it]
central @ 85%: 100%|##########| 96/96 [10:11<00:00,  6.37s/it]
  central @ 85%: ROC 0.567   PR 0.100

central @ 80%:   0%|          | 0/93 [00:00<?, ?it/s]
central @ 80%:   1%|1         | 1/93 [00:06<09:55,  6.47s/it]
central @ 80%:   2%|2         | 2/93 [00:12<09:38,  6.36s/it]
central @ 80%:   3%|3         | 3/93 [00:19<09:32,  6.36s/it]
central @ 80%:   4%|4         | 4/93 [00:25<09:27,  6.37s/it]
central @ 80%:   5%|5         | 5/93 [00:31<09:10,  6.25s/it]
central @ 80%:   6%|6         | 6/93 [00:38<09:10,  6.33s/it]
central @ 80%:   8%|7         | 7/93 [00:44<09:06,  6.36s/it]
central @ 80%:   9%|8         | 8/93 [00:51<09:06,  6.43s/it]
central @ 80%:  10%|9         | 9/93 [00:57<08:57,  6.40s/it]
central @ 80%:  11%|#         | 10/93 [01:03<08:55,  6.46s/it]
central @ 80%:  12%|#1        | 11/93 [01:10<08:48,  6.44s/it]
central @ 80%:  13%|#2        | 12/93 [01:16<08:39,  6.41s/it]
central @ 80%:  14%|#3        | 13/93 [01:23<08:35,  6.44s/it]
central @ 80%:  15%|#5        | 14/93 [01:29<08:29,  6.45s/it]
central @ 80%:  16%|#6        | 15/93 [01:36<08:21,  6.43s/it]
central @ 80%:  17%|#7        | 16/93 [01:42<08:12,  6.39s/it]
central @ 80%:  18%|#8        | 17/93 [01:48<08:05,  6.39s/it]
central @ 80%:  19%|#9        | 18/93 [01:55<07:58,  6.38s/it]
central @ 80%:  20%|##        | 19/93 [02:01<07:52,  6.39s/it]
central @ 80%:  22%|##1       | 20/93 [02:07<07:45,  6.37s/it]
central @ 80%:  23%|##2       | 21/93 [02:14<07:42,  6.42s/it]
central @ 80%:  24%|##3       | 22/93 [02:20<07:35,  6.41s/it]
central @ 80%:  25%|##4       | 23/93 [02:27<07:25,  6.37s/it]
central @ 80%:  26%|##5       | 24/93 [02:33<07:21,  6.40s/it]
central @ 80%:  27%|##6       | 25/93 [02:39<07:12,  6.36s/it]
central @ 80%:  28%|##7       | 26/93 [02:46<07:06,  6.36s/it]
central @ 80%:  29%|##9       | 27/93 [02:52<07:00,  6.37s/it]
central @ 80%:  30%|###       | 28/93 [02:58<06:54,  6.38s/it]
central @ 80%:  31%|###1      | 29/93 [03:05<06:53,  6.46s/it]
central @ 80%:  32%|###2      | 30/93 [03:12<06:47,  6.47s/it]
central @ 80%:  33%|###3      | 31/93 [03:18<06:40,  6.47s/it]
central @ 80%:  34%|###4      | 32/93 [03:24<06:31,  6.41s/it]
central @ 80%:  35%|###5      | 33/93 [03:31<06:23,  6.39s/it]
central @ 80%:  37%|###6      | 34/93 [03:37<06:16,  6.38s/it]
central @ 80%:  38%|###7      | 35/93 [03:43<06:09,  6.38s/it]
central @ 80%:  39%|###8      | 36/93 [03:50<06:03,  6.39s/it]
central @ 80%:  40%|###9      | 37/93 [03:56<05:56,  6.37s/it]
central @ 80%:  41%|####      | 38/93 [04:02<05:49,  6.36s/it]
central @ 80%:  42%|####1     | 39/93 [04:09<05:43,  6.36s/it]
central @ 80%:  43%|####3     | 40/93 [04:15<05:38,  6.40s/it]
central @ 80%:  44%|####4     | 41/93 [04:22<05:31,  6.37s/it]
central @ 80%:  45%|####5     | 42/93 [04:28<05:26,  6.40s/it]
central @ 80%:  46%|####6     | 43/93 [04:34<05:19,  6.40s/it]
central @ 80%:  47%|####7     | 44/93 [04:41<05:14,  6.42s/it]
central @ 80%:  48%|####8     | 45/93 [04:47<05:08,  6.42s/it]
central @ 80%:  49%|####9     | 46/93 [04:54<05:00,  6.40s/it]
central @ 80%:  51%|#####     | 47/93 [05:00<04:54,  6.40s/it]
central @ 80%:  52%|#####1    | 48/93 [05:07<04:48,  6.41s/it]
central @ 80%:  53%|#####2    | 49/93 [05:13<04:41,  6.39s/it]
central @ 80%:  54%|#####3    | 50/93 [05:19<04:36,  6.43s/it]
central @ 80%:  55%|#####4    | 51/93 [05:26<04:29,  6.42s/it]
central @ 80%:  56%|#####5    | 52/93 [05:32<04:23,  6.43s/it]
central @ 80%:  57%|#####6    | 53/93 [05:38<04:15,  6.38s/it]
central @ 80%:  58%|#####8    | 54/93 [05:45<04:08,  6.37s/it]
central @ 80%:  59%|#####9    | 55/93 [05:51<04:02,  6.37s/it]
central @ 80%:  60%|######    | 56/93 [05:57<03:51,  6.27s/it]
central @ 80%:  61%|######1   | 57/93 [06:04<03:46,  6.31s/it]
central @ 80%:  62%|######2   | 58/93 [06:10<03:41,  6.33s/it]
central @ 80%:  63%|######3   | 59/93 [06:16<03:35,  6.34s/it]
central @ 80%:  65%|######4   | 60/93 [06:23<03:30,  6.37s/it]
central @ 80%:  66%|######5   | 61/93 [06:29<03:23,  6.36s/it]
central @ 80%:  67%|######6   | 62/93 [06:36<03:17,  6.36s/it]
central @ 80%:  68%|######7   | 63/93 [06:42<03:11,  6.37s/it]
central @ 80%:  69%|######8   | 64/93 [06:48<03:06,  6.42s/it]
central @ 80%:  70%|######9   | 65/93 [06:55<02:59,  6.41s/it]
central @ 80%:  71%|#######   | 66/93 [07:01<02:53,  6.43s/it]
central @ 80%:  72%|#######2  | 67/93 [07:08<02:46,  6.40s/it]
central @ 80%:  73%|#######3  | 68/93 [07:14<02:39,  6.40s/it]
central @ 80%:  74%|#######4  | 69/93 [07:20<02:33,  6.40s/it]
central @ 80%:  75%|#######5  | 70/93 [07:27<02:27,  6.40s/it]
central @ 80%:  76%|#######6  | 71/93 [07:33<02:18,  6.29s/it]
central @ 80%:  77%|#######7  | 72/93 [07:39<02:12,  6.32s/it]
central @ 80%:  78%|#######8  | 73/93 [07:46<02:06,  6.32s/it]
central @ 80%:  80%|#######9  | 74/93 [07:52<02:00,  6.33s/it]
central @ 80%:  81%|########  | 75/93 [07:58<01:54,  6.36s/it]
central @ 80%:  82%|########1 | 76/93 [08:05<01:48,  6.39s/it]
central @ 80%:  83%|########2 | 77/93 [08:11<01:42,  6.40s/it]
central @ 80%:  84%|########3 | 78/93 [08:18<01:35,  6.39s/it]
central @ 80%:  85%|########4 | 79/93 [08:24<01:29,  6.40s/it]
central @ 80%:  86%|########6 | 80/93 [08:30<01:23,  6.41s/it]
central @ 80%:  87%|########7 | 81/93 [08:37<01:16,  6.41s/it]
central @ 80%:  88%|########8 | 82/93 [08:43<01:10,  6.37s/it]
central @ 80%:  89%|########9 | 83/93 [08:49<01:03,  6.35s/it]
central @ 80%:  90%|######### | 84/93 [08:56<00:57,  6.41s/it]
central @ 80%:  91%|#########1| 85/93 [09:02<00:51,  6.40s/it]
central @ 80%:  92%|#########2| 86/93 [09:09<00:44,  6.42s/it]
central @ 80%:  94%|#########3| 87/93 [09:15<00:38,  6.40s/it]
central @ 80%:  95%|#########4| 88/93 [09:22<00:31,  6.39s/it]
central @ 80%:  96%|#########5| 89/93 [09:28<00:25,  6.41s/it]
central @ 80%:  97%|#########6| 90/93 [09:34<00:19,  6.38s/it]
central @ 80%:  98%|#########7| 91/93 [09:41<00:12,  6.40s/it]
central @ 80%:  99%|#########8| 92/93 [09:47<00:06,  6.36s/it]
central @ 80%: 100%|##########| 93/93 [09:53<00:00,  6.35s/it]
central @ 80%: 100%|##########| 93/93 [09:53<00:00,  6.39s/it]
  central @ 80%: ROC 0.592   PR 0.106

central @ 75%:   0%|          | 0/89 [00:00<?, ?it/s]
central @ 75%:   1%|1         | 1/89 [00:06<09:25,  6.43s/it]
central @ 75%:   2%|2         | 2/89 [00:12<09:11,  6.34s/it]
central @ 75%:   3%|3         | 3/89 [00:19<09:05,  6.34s/it]
central @ 75%:   4%|4         | 4/89 [00:25<09:02,  6.39s/it]
central @ 75%:   6%|5         | 5/89 [00:31<08:45,  6.25s/it]
central @ 75%:   7%|6         | 6/89 [00:37<08:45,  6.33s/it]
central @ 75%:   8%|7         | 7/89 [00:44<08:40,  6.35s/it]
central @ 75%:   9%|8         | 8/89 [00:50<08:40,  6.42s/it]
central @ 75%:  10%|#         | 9/89 [00:57<08:31,  6.39s/it]
central @ 75%:  11%|#1        | 10/89 [01:03<08:30,  6.47s/it]
central @ 75%:  12%|#2        | 11/89 [01:10<08:24,  6.46s/it]
central @ 75%:  13%|#3        | 12/89 [01:16<08:14,  6.42s/it]
central @ 75%:  15%|#4        | 13/89 [01:23<08:11,  6.47s/it]
central @ 75%:  16%|#5        | 14/89 [01:29<08:05,  6.47s/it]
central @ 75%:  17%|#6        | 15/89 [01:36<07:56,  6.44s/it]
central @ 75%:  18%|#7        | 16/89 [01:42<07:46,  6.39s/it]
central @ 75%:  19%|#9        | 17/89 [01:48<07:39,  6.38s/it]
central @ 75%:  20%|##        | 18/89 [01:55<07:31,  6.37s/it]
central @ 75%:  21%|##1       | 19/89 [02:01<07:27,  6.39s/it]
central @ 75%:  22%|##2       | 20/89 [02:07<07:20,  6.38s/it]
central @ 75%:  24%|##3       | 21/89 [02:14<07:16,  6.41s/it]
central @ 75%:  25%|##4       | 22/89 [02:20<07:08,  6.40s/it]
central @ 75%:  26%|##5       | 23/89 [02:26<06:57,  6.33s/it]
central @ 75%:  27%|##6       | 24/89 [02:33<06:49,  6.31s/it]
central @ 75%:  28%|##8       | 25/89 [02:39<06:43,  6.30s/it]
central @ 75%:  29%|##9       | 26/89 [02:45<06:38,  6.32s/it]
central @ 75%:  30%|###       | 27/89 [02:52<06:33,  6.34s/it]
central @ 75%:  31%|###1      | 28/89 [02:58<06:27,  6.36s/it]
central @ 75%:  33%|###2      | 29/89 [03:05<06:26,  6.44s/it]
central @ 75%:  34%|###3      | 30/89 [03:11<06:21,  6.46s/it]
central @ 75%:  35%|###4      | 31/89 [03:18<06:14,  6.45s/it]
central @ 75%:  36%|###5      | 32/89 [03:24<06:05,  6.41s/it]
central @ 75%:  37%|###7      | 33/89 [03:30<05:58,  6.40s/it]
central @ 75%:  38%|###8      | 34/89 [03:37<05:51,  6.39s/it]
central @ 75%:  39%|###9      | 35/89 [03:43<05:45,  6.40s/it]
central @ 75%:  40%|####      | 36/89 [03:50<05:39,  6.41s/it]
central @ 75%:  42%|####1     | 37/89 [03:56<05:32,  6.39s/it]
central @ 75%:  43%|####2     | 38/89 [04:02<05:24,  6.36s/it]
central @ 75%:  44%|####3     | 39/89 [04:09<05:18,  6.36s/it]
central @ 75%:  45%|####4     | 40/89 [04:15<05:13,  6.40s/it]
central @ 75%:  46%|####6     | 41/89 [04:21<05:06,  6.38s/it]
central @ 75%:  47%|####7     | 42/89 [04:28<05:00,  6.39s/it]
central @ 75%:  48%|####8     | 43/89 [04:34<04:53,  6.38s/it]
central @ 75%:  49%|####9     | 44/89 [04:41<04:48,  6.41s/it]
central @ 75%:  51%|#####     | 45/89 [04:47<04:42,  6.42s/it]
central @ 75%:  52%|#####1    | 46/89 [04:53<04:35,  6.40s/it]
central @ 75%:  53%|#####2    | 47/89 [05:00<04:29,  6.42s/it]
central @ 75%:  54%|#####3    | 48/89 [05:06<04:23,  6.42s/it]
central @ 75%:  55%|#####5    | 49/89 [05:13<04:16,  6.40s/it]
central @ 75%:  56%|#####6    | 50/89 [05:19<04:10,  6.43s/it]
central @ 75%:  57%|#####7    | 51/89 [05:26<04:03,  6.41s/it]
central @ 75%:  58%|#####8    | 52/89 [05:32<03:55,  6.37s/it]
central @ 75%:  60%|#####9    | 53/89 [05:38<03:49,  6.38s/it]
central @ 75%:  61%|######    | 54/89 [05:45<03:43,  6.39s/it]
central @ 75%:  62%|######1   | 55/89 [05:51<03:33,  6.28s/it]
central @ 75%:  63%|######2   | 56/89 [05:57<03:27,  6.30s/it]
central @ 75%:  64%|######4   | 57/89 [06:03<03:21,  6.31s/it]
central @ 75%:  65%|######5   | 58/89 [06:10<03:16,  6.32s/it]
central @ 75%:  66%|######6   | 59/89 [06:16<03:10,  6.35s/it]
central @ 75%:  67%|######7   | 60/89 [06:23<03:04,  6.36s/it]
central @ 75%:  69%|######8   | 61/89 [06:29<02:58,  6.38s/it]
central @ 75%:  70%|######9   | 62/89 [06:35<02:52,  6.40s/it]
central @ 75%:  71%|#######   | 63/89 [06:42<02:45,  6.38s/it]
central @ 75%:  72%|#######1  | 64/89 [06:48<02:40,  6.41s/it]
central @ 75%:  73%|#######3  | 65/89 [06:55<02:33,  6.39s/it]
central @ 75%:  74%|#######4  | 66/89 [07:01<02:26,  6.39s/it]
central @ 75%:  75%|#######5  | 67/89 [07:07<02:20,  6.40s/it]
central @ 75%:  76%|#######6  | 68/89 [07:14<02:14,  6.39s/it]
central @ 75%:  78%|#######7  | 69/89 [07:20<02:05,  6.27s/it]
central @ 75%:  79%|#######8  | 70/89 [07:26<01:59,  6.31s/it]
central @ 75%:  80%|#######9  | 71/89 [07:32<01:53,  6.31s/it]
central @ 75%:  81%|########  | 72/89 [07:39<01:47,  6.33s/it]
central @ 75%:  82%|########2 | 73/89 [07:45<01:41,  6.36s/it]
central @ 75%:  83%|########3 | 74/89 [07:52<01:35,  6.39s/it]
central @ 75%:  84%|########4 | 75/89 [07:58<01:29,  6.40s/it]
central @ 75%:  85%|########5 | 76/89 [08:04<01:21,  6.27s/it]
central @ 75%:  87%|########6 | 77/89 [08:10<01:15,  6.28s/it]
central @ 75%:  88%|########7 | 78/89 [08:17<01:09,  6.34s/it]
central @ 75%:  89%|########8 | 79/89 [08:23<01:03,  6.35s/it]
central @ 75%:  90%|########9 | 80/89 [08:30<00:57,  6.35s/it]
central @ 75%:  91%|#########1| 81/89 [08:36<00:51,  6.41s/it]
central @ 75%:  92%|#########2| 82/89 [08:43<00:44,  6.40s/it]
central @ 75%:  93%|#########3| 83/89 [08:49<00:38,  6.40s/it]
central @ 75%:  94%|#########4| 84/89 [08:55<00:31,  6.37s/it]
central @ 75%:  96%|#########5| 85/89 [09:02<00:25,  6.37s/it]
central @ 75%:  97%|#########6| 86/89 [09:08<00:19,  6.38s/it]
central @ 75%:  98%|#########7| 87/89 [09:14<00:12,  6.37s/it]
central @ 75%:  99%|#########8| 88/89 [09:21<00:06,  6.39s/it]
central @ 75%: 100%|##########| 89/89 [09:27<00:00,  6.37s/it]
central @ 75%: 100%|##########| 89/89 [09:27<00:00,  6.38s/it]
  central @ 75%: ROC 0.619   PR 0.107

Wrote Results/5b_AUCs_consistency_central.pkl — [np.float64(0.735), np.float64(0.658), np.float64(0.617), np.float64(0.581), np.float64(0.577), np.float64(0.567), np.float64(0.592), np.float64(0.619)]

Compare:
  PHL-M (motif)   [0.658, 0.652, 0.656, 0.651, 0.647, 0.636, 0.638, 0.635]
  PHL-Random      0.545 (best across thresholds)
If this rule matches PHL-M, the advantage was consistency, not motif.
