
======================================================================
2026-08-23 08:34:09  5b_consistency_control.py --rule first
======================================================================
Loaded cache: 487,400 pairs, 3,880 host proteins, 274 RBPs
Selection rule: first
  chose 105 phage representatives

first @ 100%:   0%|          | 0/185 [00:00<?, ?it/s]C:\Users\IamAh\anaconda3\envs\keymotif\Lib\site-packages\xgboost\core.py:158: UserWarning: [08:34:23] WARNING: C:\buildkite-agent\builds\buildkite-windows-cpu-autoscaling-group-i-08cbc0333d8d4aae1-1\xgboost\xgboost-ci-windows\src\common\error_msg.cc:58: Falling back to prediction using DMatrix due to mismatched devices. This might lead to higher memory usage and slower performance. XGBoost is running on: cuda:0, while the input data is on: cpu.
Potential solutions:
- Use a data structure that matches the device ordinal in the booster.
- Set the device for booster before call to inplace_predict.

This warning will only be shown once.

  warnings.warn(smsg, UserWarning)

first @ 100%:   1%|          | 1/185 [00:05<18:05,  5.90s/it]
first @ 100%:   1%|1         | 2/185 [00:11<17:49,  5.84s/it]
first @ 100%:   2%|1         | 3/185 [00:17<17:40,  5.83s/it]
first @ 100%:   2%|2         | 4/185 [00:23<17:29,  5.80s/it]
first @ 100%:   3%|2         | 5/185 [00:29<17:24,  5.81s/it]
first @ 100%:   3%|3         | 6/185 [00:34<17:18,  5.80s/it]
first @ 100%:   4%|3         | 7/185 [00:40<17:11,  5.80s/it]
first @ 100%:   4%|4         | 8/185 [00:46<17:05,  5.80s/it]
first @ 100%:   5%|4         | 9/185 [00:52<17:00,  5.80s/it]
first @ 100%:   5%|5         | 10/185 [00:58<16:51,  5.78s/it]
first @ 100%:   6%|5         | 11/185 [01:03<16:51,  5.81s/it]
first @ 100%:   6%|6         | 12/185 [01:09<16:38,  5.77s/it]
first @ 100%:   7%|7         | 13/185 [01:15<16:38,  5.80s/it]
first @ 100%:   8%|7         | 14/185 [01:21<16:29,  5.78s/it]
first @ 100%:   8%|8         | 15/185 [01:27<16:28,  5.81s/it]
first @ 100%:   9%|8         | 16/185 [01:32<16:21,  5.81s/it]
first @ 100%:   9%|9         | 17/185 [01:38<16:11,  5.78s/it]
first @ 100%:  10%|9         | 18/185 [01:44<16:02,  5.76s/it]
first @ 100%:  10%|#         | 19/185 [01:50<15:54,  5.75s/it]
first @ 100%:  11%|#         | 20/185 [01:55<15:56,  5.80s/it]
first @ 100%:  11%|#1        | 21/185 [02:01<15:52,  5.81s/it]
first @ 100%:  12%|#1        | 22/185 [02:07<15:46,  5.81s/it]
first @ 100%:  12%|#2        | 23/185 [02:13<15:38,  5.80s/it]
first @ 100%:  13%|#2        | 24/185 [02:19<15:33,  5.80s/it]
first @ 100%:  14%|#3        | 25/185 [02:24<15:26,  5.79s/it]
first @ 100%:  14%|#4        | 26/185 [02:30<15:29,  5.85s/it]
first @ 100%:  15%|#4        | 27/185 [02:36<15:19,  5.82s/it]
first @ 100%:  15%|#5        | 28/185 [02:42<15:12,  5.81s/it]
first @ 100%:  16%|#5        | 29/185 [02:48<15:06,  5.81s/it]
first @ 100%:  16%|#6        | 30/185 [02:54<15:02,  5.82s/it]
first @ 100%:  17%|#6        | 31/185 [02:59<14:53,  5.80s/it]
first @ 100%:  17%|#7        | 32/185 [03:05<14:51,  5.82s/it]
first @ 100%:  18%|#7        | 33/185 [03:11<14:46,  5.83s/it]
first @ 100%:  18%|#8        | 34/185 [03:17<14:40,  5.83s/it]
first @ 100%:  19%|#8        | 35/185 [03:23<14:35,  5.83s/it]
first @ 100%:  19%|#9        | 36/185 [03:29<14:29,  5.84s/it]
first @ 100%:  20%|##        | 37/185 [03:34<14:20,  5.82s/it]
first @ 100%:  21%|##        | 38/185 [03:40<14:09,  5.78s/it]
first @ 100%:  21%|##1       | 39/185 [03:46<14:02,  5.77s/it]
first @ 100%:  22%|##1       | 40/185 [03:52<13:56,  5.77s/it]
first @ 100%:  22%|##2       | 41/185 [03:57<13:49,  5.76s/it]
first @ 100%:  23%|##2       | 42/185 [04:03<13:41,  5.75s/it]
first @ 100%:  23%|##3       | 43/185 [04:09<13:34,  5.74s/it]
first @ 100%:  24%|##3       | 44/185 [04:14<13:28,  5.74s/it]
first @ 100%:  24%|##4       | 45/185 [04:20<13:25,  5.75s/it]
first @ 100%:  25%|##4       | 46/185 [04:26<13:20,  5.76s/it]
first @ 100%:  25%|##5       | 47/185 [04:32<13:12,  5.75s/it]
first @ 100%:  26%|##5       | 48/185 [04:38<13:11,  5.78s/it]
first @ 100%:  26%|##6       | 49/185 [04:43<13:06,  5.79s/it]
first @ 100%:  27%|##7       | 50/185 [04:49<13:04,  5.81s/it]
first @ 100%:  28%|##7       | 51/185 [04:55<12:57,  5.80s/it]
first @ 100%:  28%|##8       | 52/185 [05:01<12:47,  5.77s/it]
first @ 100%:  29%|##8       | 53/185 [05:07<12:42,  5.77s/it]
first @ 100%:  29%|##9       | 54/185 [05:12<12:38,  5.79s/it]
first @ 100%:  30%|##9       | 55/185 [05:18<12:30,  5.77s/it]
first @ 100%:  30%|###       | 56/185 [05:24<12:24,  5.77s/it]
first @ 100%:  31%|###       | 57/185 [05:30<12:20,  5.78s/it]
first @ 100%:  31%|###1      | 58/185 [05:35<12:14,  5.78s/it]
first @ 100%:  32%|###1      | 59/185 [05:41<12:07,  5.77s/it]
first @ 100%:  32%|###2      | 60/185 [05:47<12:00,  5.77s/it]
first @ 100%:  33%|###2      | 61/185 [05:53<11:58,  5.79s/it]
first @ 100%:  34%|###3      | 62/185 [05:59<11:52,  5.80s/it]
first @ 100%:  34%|###4      | 63/185 [06:04<11:46,  5.79s/it]
first @ 100%:  35%|###4      | 64/185 [06:10<11:41,  5.80s/it]
first @ 100%:  35%|###5      | 65/185 [06:16<11:32,  5.77s/it]
first @ 100%:  36%|###5      | 66/185 [06:22<11:26,  5.77s/it]
first @ 100%:  36%|###6      | 67/185 [06:27<11:19,  5.76s/it]
first @ 100%:  37%|###6      | 68/185 [06:33<11:12,  5.75s/it]
first @ 100%:  37%|###7      | 69/185 [06:39<11:05,  5.74s/it]
first @ 100%:  38%|###7      | 70/185 [06:45<10:59,  5.74s/it]
first @ 100%:  38%|###8      | 71/185 [06:50<10:57,  5.77s/it]
first @ 100%:  39%|###8      | 72/185 [06:56<10:49,  5.75s/it]
first @ 100%:  39%|###9      | 73/185 [07:02<10:43,  5.75s/it]
first @ 100%:  40%|####      | 74/185 [07:08<10:36,  5.73s/it]
first @ 100%:  41%|####      | 75/185 [07:13<10:31,  5.74s/it]
first @ 100%:  41%|####1     | 76/185 [07:19<10:25,  5.74s/it]
first @ 100%:  42%|####1     | 77/185 [07:25<10:19,  5.73s/it]
first @ 100%:  42%|####2     | 78/185 [07:31<10:15,  5.76s/it]
first @ 100%:  43%|####2     | 79/185 [07:36<10:11,  5.77s/it]
first @ 100%:  43%|####3     | 80/185 [07:42<10:04,  5.76s/it]
first @ 100%:  44%|####3     | 81/185 [07:48<10:00,  5.77s/it]
first @ 100%:  44%|####4     | 82/185 [07:54<09:55,  5.78s/it]
first @ 100%:  45%|####4     | 83/185 [08:00<09:49,  5.78s/it]
first @ 100%:  45%|####5     | 84/185 [08:05<09:43,  5.78s/it]
first @ 100%:  46%|####5     | 85/185 [08:11<09:40,  5.81s/it]
first @ 100%:  46%|####6     | 86/185 [08:17<09:31,  5.78s/it]
first @ 100%:  47%|####7     | 87/185 [08:23<09:24,  5.76s/it]
first @ 100%:  48%|####7     | 88/185 [08:28<09:19,  5.77s/it]
first @ 100%:  48%|####8     | 89/185 [08:34<09:14,  5.78s/it]
first @ 100%:  49%|####8     | 90/185 [08:40<09:07,  5.77s/it]
first @ 100%:  49%|####9     | 91/185 [08:46<09:02,  5.77s/it]
first @ 100%:  50%|####9     | 92/185 [08:51<08:56,  5.76s/it]
first @ 100%:  50%|#####     | 93/185 [08:57<08:48,  5.75s/it]
first @ 100%:  51%|#####     | 94/185 [09:03<08:43,  5.75s/it]
first @ 100%:  51%|#####1    | 95/185 [09:09<08:38,  5.76s/it]
first @ 100%:  52%|#####1    | 96/185 [09:15<08:36,  5.80s/it]
first @ 100%:  52%|#####2    | 97/185 [09:20<08:29,  5.79s/it]
first @ 100%:  53%|#####2    | 98/185 [09:26<08:24,  5.79s/it]
first @ 100%:  54%|#####3    | 99/185 [09:32<08:17,  5.78s/it]
first @ 100%:  54%|#####4    | 100/185 [09:38<08:11,  5.78s/it]
first @ 100%:  55%|#####4    | 101/185 [09:44<08:07,  5.81s/it]
first @ 100%:  55%|#####5    | 102/185 [09:49<08:00,  5.78s/it]
first @ 100%:  56%|#####5    | 103/185 [09:55<07:55,  5.80s/it]
first @ 100%:  56%|#####6    | 104/185 [10:01<07:48,  5.79s/it]
first @ 100%:  57%|#####6    | 105/185 [10:07<07:44,  5.80s/it]
first @ 100%:  57%|#####7    | 106/185 [10:13<07:39,  5.81s/it]
first @ 100%:  58%|#####7    | 107/185 [10:18<07:33,  5.82s/it]
first @ 100%:  58%|#####8    | 108/185 [10:24<07:27,  5.82s/it]
first @ 100%:  59%|#####8    | 109/185 [10:30<07:21,  5.81s/it]
first @ 100%:  59%|#####9    | 110/185 [10:36<07:15,  5.80s/it]
first @ 100%:  60%|######    | 111/185 [10:42<07:07,  5.78s/it]
first @ 100%:  61%|######    | 112/185 [10:47<07:02,  5.79s/it]
first @ 100%:  61%|######1   | 113/185 [10:53<06:56,  5.79s/it]
first @ 100%:  62%|######1   | 114/185 [10:59<06:52,  5.81s/it]
first @ 100%:  62%|######2   | 115/185 [11:05<06:46,  5.81s/it]
first @ 100%:  63%|######2   | 116/185 [11:11<06:40,  5.80s/it]
first @ 100%:  63%|######3   | 117/185 [11:16<06:32,  5.78s/it]
first @ 100%:  64%|######3   | 118/185 [11:22<06:27,  5.78s/it]
first @ 100%:  64%|######4   | 119/185 [11:28<06:20,  5.76s/it]
first @ 100%:  65%|######4   | 120/185 [11:34<06:14,  5.75s/it]
first @ 100%:  65%|######5   | 121/185 [11:39<06:08,  5.75s/it]
first @ 100%:  66%|######5   | 122/185 [11:45<06:03,  5.78s/it]
first @ 100%:  66%|######6   | 123/185 [11:51<05:59,  5.79s/it]
first @ 100%:  67%|######7   | 124/185 [11:57<05:53,  5.80s/it]
first @ 100%:  68%|######7   | 125/185 [12:02<05:45,  5.76s/it]
first @ 100%:  68%|######8   | 126/185 [12:08<05:40,  5.77s/it]
first @ 100%:  69%|######8   | 127/185 [12:14<05:34,  5.77s/it]
first @ 100%:  69%|######9   | 128/185 [12:20<05:28,  5.77s/it]
first @ 100%:  70%|######9   | 129/185 [12:26<05:23,  5.78s/it]
first @ 100%:  70%|#######   | 130/185 [12:31<05:18,  5.79s/it]
first @ 100%:  71%|#######   | 131/185 [12:37<05:11,  5.78s/it]
first @ 100%:  71%|#######1  | 132/185 [12:43<05:05,  5.77s/it]
first @ 100%:  72%|#######1  | 133/185 [12:49<04:59,  5.75s/it]
first @ 100%:  72%|#######2  | 134/185 [12:54<04:52,  5.74s/it]
first @ 100%:  73%|#######2  | 135/185 [13:00<04:46,  5.74s/it]
first @ 100%:  74%|#######3  | 136/185 [13:06<04:43,  5.78s/it]
first @ 100%:  74%|#######4  | 137/185 [13:12<04:38,  5.81s/it]
first @ 100%:  75%|#######4  | 138/185 [13:18<04:33,  5.83s/it]
first @ 100%:  75%|#######5  | 139/185 [13:23<04:25,  5.77s/it]
first @ 100%:  76%|#######5  | 140/185 [13:29<04:20,  5.78s/it]
first @ 100%:  76%|#######6  | 141/185 [13:35<04:13,  5.76s/it]
first @ 100%:  77%|#######6  | 142/185 [13:41<04:06,  5.74s/it]
first @ 100%:  77%|#######7  | 143/185 [13:46<04:02,  5.79s/it]
first @ 100%:  78%|#######7  | 144/185 [13:52<03:57,  5.80s/it]
first @ 100%:  78%|#######8  | 145/185 [13:58<03:51,  5.78s/it]
first @ 100%:  79%|#######8  | 146/185 [14:04<03:44,  5.75s/it]
first @ 100%:  79%|#######9  | 147/185 [14:09<03:39,  5.77s/it]
first @ 100%:  80%|########  | 148/185 [14:15<03:33,  5.77s/it]
first @ 100%:  81%|########  | 149/185 [14:21<03:27,  5.76s/it]
first @ 100%:  81%|########1 | 150/185 [14:27<03:21,  5.75s/it]
first @ 100%:  82%|########1 | 151/185 [14:33<03:16,  5.77s/it]
first @ 100%:  82%|########2 | 152/185 [14:38<03:09,  5.75s/it]
first @ 100%:  83%|########2 | 153/185 [14:44<03:04,  5.75s/it]
first @ 100%:  83%|########3 | 154/185 [14:50<02:59,  5.79s/it]
first @ 100%:  84%|########3 | 155/185 [14:56<02:53,  5.78s/it]
first @ 100%:  84%|########4 | 156/185 [15:01<02:47,  5.79s/it]
first @ 100%:  85%|########4 | 157/185 [15:07<02:42,  5.80s/it]
first @ 100%:  85%|########5 | 158/185 [15:13<02:36,  5.79s/it]
first @ 100%:  86%|########5 | 159/185 [15:19<02:30,  5.78s/it]
first @ 100%:  86%|########6 | 160/185 [15:25<02:24,  5.78s/it]
first @ 100%:  87%|########7 | 161/185 [15:30<02:18,  5.78s/it]
first @ 100%:  88%|########7 | 162/185 [15:36<02:12,  5.77s/it]
first @ 100%:  88%|########8 | 163/185 [15:42<02:07,  5.80s/it]
first @ 100%:  89%|########8 | 164/185 [15:48<02:00,  5.76s/it]
first @ 100%:  89%|########9 | 165/185 [15:53<01:55,  5.76s/it]
first @ 100%:  90%|########9 | 166/185 [15:59<01:49,  5.79s/it]
first @ 100%:  90%|######### | 167/185 [16:05<01:44,  5.80s/it]
first @ 100%:  91%|######### | 168/185 [16:11<01:38,  5.79s/it]
first @ 100%:  91%|#########1| 169/185 [16:17<01:32,  5.80s/it]
first @ 100%:  92%|#########1| 170/185 [16:22<01:26,  5.77s/it]
first @ 100%:  92%|#########2| 171/185 [16:28<01:21,  5.80s/it]
first @ 100%:  93%|#########2| 172/185 [16:34<01:15,  5.79s/it]
first @ 100%:  94%|#########3| 173/185 [16:40<01:09,  5.76s/it]
first @ 100%:  94%|#########4| 174/185 [16:45<01:03,  5.77s/it]
first @ 100%:  95%|#########4| 175/185 [16:51<00:57,  5.78s/it]
first @ 100%:  95%|#########5| 176/185 [16:57<00:52,  5.79s/it]
first @ 100%:  96%|#########5| 177/185 [17:03<00:46,  5.82s/it]
first @ 100%:  96%|#########6| 178/185 [17:09<00:40,  5.78s/it]
first @ 100%:  97%|#########6| 179/185 [17:15<00:34,  5.82s/it]
first @ 100%:  97%|#########7| 180/185 [17:20<00:28,  5.80s/it]
first @ 100%:  98%|#########7| 181/185 [17:26<00:23,  5.76s/it]
first @ 100%:  98%|#########8| 182/185 [17:32<00:17,  5.77s/it]C:\Users\IamAh\Desktop\TheKeyMotif\keymotif_data.py:321: FutureWarning: Downcasting object dtype arrays on .fillna, .ffill, .bfill is deprecated and will change in a future version. Call result.infer_objects(copy=False) instead. To opt-in to the future behavior, set `pd.set_option('future.no_silent_downcasting', True)`
  block = merged[sero_cols].fillna(0)

first @ 100%:  99%|#########8| 183/185 [17:37<00:11,  5.74s/it]
first @ 100%:  99%|#########9| 184/185 [17:43<00:05,  5.75s/it]
first @ 100%: 100%|##########| 185/185 [17:49<00:00,  5.78s/it]
first @ 100%: 100%|##########| 185/185 [17:49<00:00,  5.78s/it]
  first @ 100%: ROC 0.767   PR 0.148

first @ 99.5%:   0%|          | 0/133 [00:00<?, ?it/s]
first @ 99.5%:   1%|          | 1/133 [00:05<12:55,  5.87s/it]
first @ 99.5%:   2%|1         | 2/133 [00:11<12:43,  5.83s/it]
first @ 99.5%:   2%|2         | 3/133 [00:17<12:34,  5.81s/it]
first @ 99.5%:   3%|3         | 4/133 [00:23<12:31,  5.82s/it]
first @ 99.5%:   4%|3         | 5/133 [00:29<12:22,  5.80s/it]
first @ 99.5%:   5%|4         | 6/133 [00:34<12:20,  5.83s/it]
first @ 99.5%:   5%|5         | 7/133 [00:40<12:10,  5.80s/it]
first @ 99.5%:   6%|6         | 8/133 [00:46<12:13,  5.87s/it]
first @ 99.5%:   7%|6         | 9/133 [00:52<12:03,  5.83s/it]
first @ 99.5%:   8%|7         | 10/133 [00:58<11:52,  5.80s/it]
first @ 99.5%:   8%|8         | 11/133 [01:03<11:45,  5.78s/it]
first @ 99.5%:   9%|9         | 12/133 [01:09<11:43,  5.81s/it]
first @ 99.5%:  10%|9         | 13/133 [01:15<11:39,  5.83s/it]
first @ 99.5%:  11%|#         | 14/133 [01:21<11:34,  5.84s/it]
first @ 99.5%:  11%|#1        | 15/133 [01:27<11:29,  5.85s/it]
first @ 99.5%:  12%|#2        | 16/133 [01:33<11:21,  5.82s/it]
first @ 99.5%:  13%|#2        | 17/133 [01:38<11:11,  5.79s/it]
first @ 99.5%:  14%|#3        | 18/133 [01:44<11:03,  5.77s/it]
first @ 99.5%:  14%|#4        | 19/133 [01:50<10:55,  5.75s/it]
first @ 99.5%:  15%|#5        | 20/133 [01:56<10:55,  5.80s/it]
first @ 99.5%:  16%|#5        | 21/133 [02:02<10:50,  5.81s/it]
first @ 99.5%:  17%|#6        | 22/133 [02:07<10:45,  5.81s/it]
first @ 99.5%:  17%|#7        | 23/133 [02:13<10:41,  5.83s/it]
first @ 99.5%:  18%|#8        | 24/133 [02:19<10:35,  5.83s/it]
first @ 99.5%:  19%|#8        | 25/133 [02:25<10:35,  5.88s/it]
first @ 99.5%:  20%|#9        | 26/133 [02:31<10:25,  5.85s/it]
first @ 99.5%:  20%|##        | 27/133 [02:37<10:17,  5.83s/it]
first @ 99.5%:  21%|##1       | 28/133 [02:42<10:11,  5.82s/it]
first @ 99.5%:  22%|##1       | 29/133 [02:48<10:04,  5.81s/it]
first @ 99.5%:  23%|##2       | 30/133 [02:54<09:57,  5.80s/it]
first @ 99.5%:  23%|##3       | 31/133 [03:00<09:53,  5.82s/it]
first @ 99.5%:  24%|##4       | 32/133 [03:06<09:51,  5.86s/it]
first @ 99.5%:  25%|##4       | 33/133 [03:12<09:44,  5.84s/it]
first @ 99.5%:  26%|##5       | 34/133 [03:17<09:39,  5.85s/it]
first @ 99.5%:  26%|##6       | 35/133 [03:23<09:30,  5.82s/it]
first @ 99.5%:  27%|##7       | 36/133 [03:29<09:22,  5.80s/it]
first @ 99.5%:  28%|##7       | 37/133 [03:35<09:15,  5.79s/it]
first @ 99.5%:  29%|##8       | 38/133 [03:40<09:07,  5.76s/it]
first @ 99.5%:  29%|##9       | 39/133 [03:46<09:02,  5.77s/it]
first @ 99.5%:  30%|###       | 40/133 [03:52<08:56,  5.77s/it]
first @ 99.5%:  31%|###       | 41/133 [03:58<08:51,  5.78s/it]
first @ 99.5%:  32%|###1      | 42/133 [04:04<08:46,  5.79s/it]
first @ 99.5%:  32%|###2      | 43/133 [04:09<08:42,  5.80s/it]
first @ 99.5%:  33%|###3      | 44/133 [04:15<08:35,  5.79s/it]
first @ 99.5%:  34%|###3      | 45/133 [04:21<08:31,  5.81s/it]
first @ 99.5%:  35%|###4      | 46/133 [04:27<08:26,  5.82s/it]
first @ 99.5%:  35%|###5      | 47/133 [04:33<08:27,  5.90s/it]
first @ 99.5%:  36%|###6      | 48/133 [04:39<08:18,  5.86s/it]
first @ 99.5%:  37%|###6      | 49/133 [04:45<08:11,  5.86s/it]
first @ 99.5%:  38%|###7      | 50/133 [04:50<08:02,  5.81s/it]
first @ 99.5%:  38%|###8      | 51/133 [04:56<07:58,  5.83s/it]
first @ 99.5%:  39%|###9      | 52/133 [05:02<07:51,  5.83s/it]
first @ 99.5%:  40%|###9      | 53/133 [05:08<07:44,  5.80s/it]
first @ 99.5%:  41%|####      | 54/133 [05:14<07:42,  5.85s/it]
first @ 99.5%:  41%|####1     | 55/133 [05:20<07:36,  5.86s/it]
first @ 99.5%:  42%|####2     | 56/133 [05:25<07:29,  5.83s/it]
first @ 99.5%:  43%|####2     | 57/133 [05:31<07:22,  5.82s/it]
first @ 99.5%:  44%|####3     | 58/133 [05:37<07:16,  5.82s/it]
first @ 99.5%:  44%|####4     | 59/133 [05:43<07:07,  5.78s/it]
first @ 99.5%:  45%|####5     | 60/133 [05:49<07:05,  5.83s/it]
first @ 99.5%:  46%|####5     | 61/133 [05:54<06:57,  5.80s/it]
first @ 99.5%:  47%|####6     | 62/133 [06:00<06:49,  5.77s/it]
first @ 99.5%:  47%|####7     | 63/133 [06:06<06:44,  5.78s/it]
first @ 99.5%:  48%|####8     | 64/133 [06:12<06:37,  5.76s/it]
first @ 99.5%:  49%|####8     | 65/133 [06:17<06:33,  5.78s/it]
first @ 99.5%:  50%|####9     | 66/133 [06:23<06:26,  5.77s/it]
first @ 99.5%:  50%|#####     | 67/133 [06:29<06:21,  5.78s/it]
first @ 99.5%:  51%|#####1    | 68/133 [06:35<06:16,  5.79s/it]
first @ 99.5%:  52%|#####1    | 69/133 [06:41<06:10,  5.79s/it]
first @ 99.5%:  53%|#####2    | 70/133 [06:46<06:05,  5.80s/it]
first @ 99.5%:  53%|#####3    | 71/133 [06:52<05:58,  5.78s/it]
first @ 99.5%:  54%|#####4    | 72/133 [06:58<05:52,  5.78s/it]
first @ 99.5%:  55%|#####4    | 73/133 [07:04<05:46,  5.78s/it]
first @ 99.5%:  56%|#####5    | 74/133 [07:09<05:41,  5.79s/it]
first @ 99.5%:  56%|#####6    | 75/133 [07:15<05:34,  5.78s/it]
first @ 99.5%:  57%|#####7    | 76/133 [07:21<05:29,  5.78s/it]
first @ 99.5%:  58%|#####7    | 77/133 [07:27<05:22,  5.76s/it]
first @ 99.5%:  59%|#####8    | 78/133 [07:32<05:16,  5.76s/it]
first @ 99.5%:  59%|#####9    | 79/133 [07:38<05:10,  5.76s/it]
first @ 99.5%:  60%|######    | 80/133 [07:44<05:07,  5.79s/it]
first @ 99.5%:  61%|######    | 81/133 [07:50<05:01,  5.79s/it]
first @ 99.5%:  62%|######1   | 82/133 [07:56<04:55,  5.80s/it]
first @ 99.5%:  62%|######2   | 83/133 [08:01<04:49,  5.79s/it]
first @ 99.5%:  63%|######3   | 84/133 [08:07<04:45,  5.82s/it]
first @ 99.5%:  64%|######3   | 85/133 [08:13<04:38,  5.81s/it]
first @ 99.5%:  65%|######4   | 86/133 [08:19<04:33,  5.82s/it]
first @ 99.5%:  65%|######5   | 87/133 [08:25<04:28,  5.84s/it]
first @ 99.5%:  66%|######6   | 88/133 [08:31<04:22,  5.84s/it]
first @ 99.5%:  67%|######6   | 89/133 [08:36<04:15,  5.82s/it]
first @ 99.5%:  68%|######7   | 90/133 [08:42<04:09,  5.81s/it]
first @ 99.5%:  68%|######8   | 91/133 [08:48<04:03,  5.79s/it]
first @ 99.5%:  69%|######9   | 92/133 [08:54<03:58,  5.82s/it]
first @ 99.5%:  70%|######9   | 93/133 [09:00<03:52,  5.82s/it]
first @ 99.5%:  71%|#######   | 94/133 [09:06<03:48,  5.85s/it]
first @ 99.5%:  71%|#######1  | 95/133 [09:11<03:41,  5.82s/it]
first @ 99.5%:  72%|#######2  | 96/133 [09:17<03:34,  5.79s/it]
first @ 99.5%:  73%|#######2  | 97/133 [09:23<03:28,  5.79s/it]
first @ 99.5%:  74%|#######3  | 98/133 [09:29<03:22,  5.78s/it]
first @ 99.5%:  74%|#######4  | 99/133 [09:34<03:16,  5.78s/it]
first @ 99.5%:  75%|#######5  | 100/133 [09:40<03:11,  5.79s/it]
first @ 99.5%:  76%|#######5  | 101/133 [09:46<03:05,  5.80s/it]
first @ 99.5%:  77%|#######6  | 102/133 [09:52<03:00,  5.81s/it]
first @ 99.5%:  77%|#######7  | 103/133 [09:58<02:53,  5.80s/it]
first @ 99.5%:  78%|#######8  | 104/133 [10:03<02:48,  5.79s/it]
first @ 99.5%:  79%|#######8  | 105/133 [10:09<02:41,  5.79s/it]
first @ 99.5%:  80%|#######9  | 106/133 [10:15<02:36,  5.78s/it]
first @ 99.5%:  80%|########  | 107/133 [10:21<02:30,  5.79s/it]
first @ 99.5%:  81%|########1 | 108/133 [10:27<02:25,  5.82s/it]
first @ 99.5%:  82%|########1 | 109/133 [10:33<02:19,  5.83s/it]
first @ 99.5%:  83%|########2 | 110/133 [10:38<02:13,  5.80s/it]
first @ 99.5%:  83%|########3 | 111/133 [10:44<02:07,  5.80s/it]
first @ 99.5%:  84%|########4 | 112/133 [10:50<02:01,  5.81s/it]
first @ 99.5%:  85%|########4 | 113/133 [10:56<01:55,  5.78s/it]
first @ 99.5%:  86%|########5 | 114/133 [11:01<01:49,  5.78s/it]
first @ 99.5%:  86%|########6 | 115/133 [11:07<01:44,  5.79s/it]
first @ 99.5%:  87%|########7 | 116/133 [11:13<01:38,  5.77s/it]
first @ 99.5%:  88%|########7 | 117/133 [11:19<01:32,  5.77s/it]
first @ 99.5%:  89%|########8 | 118/133 [11:25<01:26,  5.77s/it]
first @ 99.5%:  89%|########9 | 119/133 [11:30<01:21,  5.80s/it]
first @ 99.5%:  90%|######### | 120/133 [11:36<01:15,  5.79s/it]
first @ 99.5%:  91%|######### | 121/133 [11:42<01:09,  5.80s/it]
first @ 99.5%:  92%|#########1| 122/133 [11:48<01:03,  5.79s/it]
first @ 99.5%:  92%|#########2| 123/133 [11:54<00:57,  5.79s/it]
first @ 99.5%:  93%|#########3| 124/133 [11:59<00:52,  5.78s/it]
first @ 99.5%:  94%|#########3| 125/133 [12:05<00:45,  5.75s/it]
first @ 99.5%:  95%|#########4| 126/133 [12:11<00:40,  5.75s/it]
first @ 99.5%:  95%|#########5| 127/133 [12:17<00:34,  5.78s/it]
first @ 99.5%:  96%|#########6| 128/133 [12:22<00:28,  5.78s/it]
first @ 99.5%:  97%|#########6| 129/133 [12:28<00:23,  5.77s/it]
first @ 99.5%:  98%|#########7| 130/133 [12:34<00:17,  5.78s/it]
first @ 99.5%:  98%|#########8| 131/133 [12:40<00:11,  5.81s/it]
first @ 99.5%:  99%|#########9| 132/133 [12:46<00:05,  5.80s/it]
first @ 99.5%: 100%|##########| 133/133 [12:51<00:00,  5.80s/it]
first @ 99.5%: 100%|##########| 133/133 [12:51<00:00,  5.80s/it]
  first @ 99.5%: ROC 0.694   PR 0.112

first @ 99%:   0%|          | 0/121 [00:00<?, ?it/s]
first @ 99%:   1%|          | 1/121 [00:05<11:38,  5.82s/it]
first @ 99%:   2%|1         | 2/121 [00:11<11:33,  5.83s/it]
first @ 99%:   2%|2         | 3/121 [00:17<11:26,  5.82s/it]
first @ 99%:   3%|3         | 4/121 [00:23<11:21,  5.83s/it]
first @ 99%:   4%|4         | 5/121 [00:29<11:14,  5.81s/it]
first @ 99%:   5%|4         | 6/121 [00:35<11:13,  5.85s/it]
first @ 99%:   6%|5         | 7/121 [00:40<11:07,  5.85s/it]
first @ 99%:   7%|6         | 8/121 [00:46<11:09,  5.92s/it]
first @ 99%:   7%|7         | 9/121 [00:52<10:58,  5.88s/it]
first @ 99%:   8%|8         | 10/121 [00:58<10:53,  5.89s/it]
first @ 99%:   9%|9         | 11/121 [01:04<10:47,  5.88s/it]
first @ 99%:  10%|9         | 12/121 [01:10<10:39,  5.87s/it]
first @ 99%:  11%|#         | 13/121 [01:16<10:33,  5.87s/it]
first @ 99%:  12%|#1        | 14/121 [01:22<10:30,  5.89s/it]
first @ 99%:  12%|#2        | 15/121 [01:28<10:24,  5.89s/it]
first @ 99%:  13%|#3        | 16/121 [01:33<10:15,  5.86s/it]
first @ 99%:  14%|#4        | 17/121 [01:39<10:05,  5.82s/it]
first @ 99%:  15%|#4        | 18/121 [01:45<09:55,  5.79s/it]
first @ 99%:  16%|#5        | 19/121 [01:50<09:47,  5.76s/it]
first @ 99%:  17%|#6        | 20/121 [01:56<09:45,  5.79s/it]
first @ 99%:  17%|#7        | 21/121 [02:02<09:39,  5.79s/it]
first @ 99%:  18%|#8        | 22/121 [02:08<09:33,  5.80s/it]
first @ 99%:  19%|#9        | 23/121 [02:14<09:31,  5.83s/it]
first @ 99%:  20%|#9        | 24/121 [02:20<09:23,  5.81s/it]
first @ 99%:  21%|##        | 25/121 [02:26<09:25,  5.89s/it]
first @ 99%:  21%|##1       | 26/121 [02:31<09:15,  5.84s/it]
first @ 99%:  22%|##2       | 27/121 [02:37<09:07,  5.82s/it]
first @ 99%:  23%|##3       | 28/121 [02:43<09:01,  5.82s/it]
first @ 99%:  24%|##3       | 29/121 [02:49<08:55,  5.82s/it]
first @ 99%:  25%|##4       | 30/121 [02:55<08:49,  5.82s/it]
first @ 99%:  26%|##5       | 31/121 [03:01<08:44,  5.83s/it]
first @ 99%:  26%|##6       | 32/121 [03:06<08:42,  5.87s/it]
first @ 99%:  27%|##7       | 33/121 [03:12<08:35,  5.85s/it]
first @ 99%:  28%|##8       | 34/121 [03:18<08:29,  5.85s/it]
first @ 99%:  29%|##8       | 35/121 [03:24<08:20,  5.82s/it]
first @ 99%:  30%|##9       | 36/121 [03:30<08:13,  5.81s/it]
first @ 99%:  31%|###       | 37/121 [03:35<08:08,  5.81s/it]
first @ 99%:  31%|###1      | 38/121 [03:41<07:59,  5.78s/it]
first @ 99%:  32%|###2      | 39/121 [03:47<07:54,  5.78s/it]
first @ 99%:  33%|###3      | 40/121 [03:53<07:47,  5.77s/it]
first @ 99%:  34%|###3      | 41/121 [03:59<07:43,  5.79s/it]
first @ 99%:  35%|###4      | 42/121 [04:04<07:37,  5.79s/it]
first @ 99%:  36%|###5      | 43/121 [04:10<07:34,  5.82s/it]
first @ 99%:  36%|###6      | 44/121 [04:16<07:27,  5.81s/it]
first @ 99%:  37%|###7      | 45/121 [04:22<07:27,  5.88s/it]
first @ 99%:  38%|###8      | 46/121 [04:28<07:18,  5.85s/it]
first @ 99%:  39%|###8      | 47/121 [04:34<07:14,  5.87s/it]
first @ 99%:  40%|###9      | 48/121 [04:39<07:04,  5.82s/it]
first @ 99%:  40%|####      | 49/121 [04:45<06:57,  5.80s/it]
first @ 99%:  41%|####1     | 50/121 [04:51<06:52,  5.81s/it]
first @ 99%:  42%|####2     | 51/121 [04:57<06:46,  5.80s/it]
first @ 99%:  43%|####2     | 52/121 [05:03<06:43,  5.85s/it]
first @ 99%:  44%|####3     | 53/121 [05:09<06:37,  5.84s/it]
first @ 99%:  45%|####4     | 54/121 [05:14<06:30,  5.83s/it]
first @ 99%:  45%|####5     | 55/121 [05:20<06:24,  5.82s/it]
first @ 99%:  46%|####6     | 56/121 [05:26<06:19,  5.84s/it]
first @ 99%:  47%|####7     | 57/121 [05:32<06:15,  5.86s/it]
first @ 99%:  48%|####7     | 58/121 [05:38<06:06,  5.81s/it]
first @ 99%:  49%|####8     | 59/121 [05:43<05:58,  5.79s/it]
first @ 99%:  50%|####9     | 60/121 [05:49<05:54,  5.80s/it]
first @ 99%:  50%|#####     | 61/121 [05:55<05:47,  5.78s/it]
first @ 99%:  51%|#####1    | 62/121 [06:01<05:42,  5.80s/it]
first @ 99%:  52%|#####2    | 63/121 [06:07<05:35,  5.79s/it]
first @ 99%:  53%|#####2    | 64/121 [06:12<05:30,  5.79s/it]
first @ 99%:  54%|#####3    | 65/121 [06:18<05:24,  5.79s/it]
first @ 99%:  55%|#####4    | 66/121 [06:24<05:19,  5.81s/it]
first @ 99%:  55%|#####5    | 67/121 [06:30<05:12,  5.78s/it]
first @ 99%:  56%|#####6    | 68/121 [06:36<05:06,  5.78s/it]
first @ 99%:  57%|#####7    | 69/121 [06:41<05:00,  5.77s/it]
first @ 99%:  58%|#####7    | 70/121 [06:47<04:55,  5.79s/it]
first @ 99%:  59%|#####8    | 71/121 [06:53<04:49,  5.80s/it]
first @ 99%:  60%|#####9    | 72/121 [06:59<04:43,  5.80s/it]
first @ 99%:  60%|######    | 73/121 [07:04<04:37,  5.77s/it]
first @ 99%:  61%|######1   | 74/121 [07:10<04:31,  5.77s/it]
first @ 99%:  62%|######1   | 75/121 [07:16<04:25,  5.77s/it]
first @ 99%:  63%|######2   | 76/121 [07:22<04:20,  5.80s/it]
first @ 99%:  64%|######3   | 77/121 [07:28<04:15,  5.80s/it]
first @ 99%:  64%|######4   | 78/121 [07:34<04:09,  5.81s/it]
first @ 99%:  65%|######5   | 79/121 [07:39<04:05,  5.83s/it]
first @ 99%:  66%|######6   | 80/121 [07:45<03:58,  5.82s/it]
first @ 99%:  67%|######6   | 81/121 [07:51<03:53,  5.83s/it]
first @ 99%:  68%|######7   | 82/121 [07:57<03:47,  5.84s/it]
first @ 99%:  69%|######8   | 83/121 [08:03<03:41,  5.84s/it]
first @ 99%:  69%|######9   | 84/121 [08:09<03:35,  5.82s/it]
first @ 99%:  70%|#######   | 85/121 [08:14<03:29,  5.82s/it]
first @ 99%:  71%|#######1  | 86/121 [08:20<03:22,  5.79s/it]
first @ 99%:  72%|#######1  | 87/121 [08:26<03:17,  5.80s/it]
first @ 99%:  73%|#######2  | 88/121 [08:32<03:12,  5.83s/it]
first @ 99%:  74%|#######3  | 89/121 [08:37<03:05,  5.80s/it]
first @ 99%:  74%|#######4  | 90/121 [08:43<02:59,  5.79s/it]
first @ 99%:  75%|#######5  | 91/121 [08:49<02:53,  5.79s/it]
first @ 99%:  76%|#######6  | 92/121 [08:55<02:47,  5.77s/it]
first @ 99%:  77%|#######6  | 93/121 [09:01<02:41,  5.78s/it]
first @ 99%:  78%|#######7  | 94/121 [09:06<02:36,  5.80s/it]
first @ 99%:  79%|#######8  | 95/121 [09:12<02:30,  5.80s/it]
first @ 99%:  79%|#######9  | 96/121 [09:18<02:25,  5.80s/it]
first @ 99%:  80%|########  | 97/121 [09:24<02:19,  5.81s/it]
first @ 99%:  81%|########  | 98/121 [09:30<02:13,  5.80s/it]
first @ 99%:  82%|########1 | 99/121 [09:36<02:07,  5.82s/it]
first @ 99%:  83%|########2 | 100/121 [09:41<02:02,  5.83s/it]
first @ 99%:  83%|########3 | 101/121 [09:47<01:56,  5.85s/it]
first @ 99%:  84%|########4 | 102/121 [09:53<01:50,  5.81s/it]
first @ 99%:  85%|########5 | 103/121 [09:59<01:44,  5.80s/it]
first @ 99%:  86%|########5 | 104/121 [10:05<01:39,  5.82s/it]
first @ 99%:  87%|########6 | 105/121 [10:10<01:32,  5.81s/it]
first @ 99%:  88%|########7 | 106/121 [10:16<01:26,  5.79s/it]
first @ 99%:  88%|########8 | 107/121 [10:22<01:20,  5.77s/it]
first @ 99%:  89%|########9 | 108/121 [10:28<01:15,  5.77s/it]
first @ 99%:  90%|######### | 109/121 [10:33<01:09,  5.77s/it]
first @ 99%:  91%|######### | 110/121 [10:39<01:03,  5.77s/it]
first @ 99%:  92%|#########1| 111/121 [10:45<00:57,  5.78s/it]
first @ 99%:  93%|#########2| 112/121 [10:51<00:52,  5.78s/it]
first @ 99%:  93%|#########3| 113/121 [10:57<00:46,  5.78s/it]
first @ 99%:  94%|#########4| 114/121 [11:02<00:40,  5.80s/it]
first @ 99%:  95%|#########5| 115/121 [11:08<00:34,  5.82s/it]
first @ 99%:  96%|#########5| 116/121 [11:14<00:28,  5.80s/it]
first @ 99%:  97%|#########6| 117/121 [11:20<00:23,  5.78s/it]
first @ 99%:  98%|#########7| 118/121 [11:26<00:17,  5.79s/it]
first @ 99%:  98%|#########8| 119/121 [11:31<00:11,  5.84s/it]
first @ 99%:  99%|#########9| 120/121 [11:37<00:05,  5.81s/it]
first @ 99%: 100%|##########| 121/121 [11:43<00:00,  5.81s/it]
first @ 99%: 100%|##########| 121/121 [11:43<00:00,  5.81s/it]
  first @ 99%: ROC 0.635   PR 0.098

first @ 95%:   0%|          | 0/110 [00:00<?, ?it/s]
first @ 95%:   1%|          | 1/110 [00:05<10:38,  5.86s/it]
first @ 95%:   2%|1         | 2/110 [00:11<10:29,  5.83s/it]
first @ 95%:   3%|2         | 3/110 [00:17<10:20,  5.80s/it]
first @ 95%:   4%|3         | 4/110 [00:23<10:18,  5.83s/it]
first @ 95%:   5%|4         | 5/110 [00:29<10:17,  5.88s/it]
first @ 95%:   5%|5         | 6/110 [00:35<10:14,  5.91s/it]
first @ 95%:   6%|6         | 7/110 [00:41<10:08,  5.90s/it]
first @ 95%:   7%|7         | 8/110 [00:47<10:06,  5.95s/it]
first @ 95%:   8%|8         | 9/110 [00:52<09:55,  5.89s/it]
first @ 95%:   9%|9         | 10/110 [00:58<09:50,  5.91s/it]
first @ 95%:  10%|#         | 11/110 [01:04<09:43,  5.89s/it]
first @ 95%:  11%|#         | 12/110 [01:10<09:35,  5.87s/it]
first @ 95%:  12%|#1        | 13/110 [01:16<09:28,  5.87s/it]
first @ 95%:  13%|#2        | 14/110 [01:22<09:24,  5.88s/it]
first @ 95%:  14%|#3        | 15/110 [01:28<09:18,  5.88s/it]
first @ 95%:  15%|#4        | 16/110 [01:33<09:09,  5.84s/it]
first @ 95%:  15%|#5        | 17/110 [01:39<09:02,  5.84s/it]
first @ 95%:  16%|#6        | 18/110 [01:45<08:53,  5.80s/it]
first @ 95%:  17%|#7        | 19/110 [01:51<08:50,  5.83s/it]
first @ 95%:  18%|#8        | 20/110 [01:57<08:44,  5.83s/it]
first @ 95%:  19%|#9        | 21/110 [02:03<08:37,  5.82s/it]
first @ 95%:  20%|##        | 22/110 [02:08<08:33,  5.83s/it]
first @ 95%:  21%|##        | 23/110 [02:14<08:27,  5.84s/it]
first @ 95%:  22%|##1       | 24/110 [02:20<08:27,  5.90s/it]
first @ 95%:  23%|##2       | 25/110 [02:26<08:18,  5.86s/it]
first @ 95%:  24%|##3       | 26/110 [02:32<08:11,  5.85s/it]
first @ 95%:  25%|##4       | 27/110 [02:38<08:04,  5.83s/it]
first @ 95%:  25%|##5       | 28/110 [02:44<07:57,  5.83s/it]
first @ 95%:  26%|##6       | 29/110 [02:49<07:53,  5.84s/it]
first @ 95%:  27%|##7       | 30/110 [02:55<07:50,  5.88s/it]
first @ 95%:  28%|##8       | 31/110 [03:01<07:43,  5.87s/it]
first @ 95%:  29%|##9       | 32/110 [03:07<07:38,  5.88s/it]
first @ 95%:  30%|###       | 33/110 [03:13<07:29,  5.84s/it]
first @ 95%:  31%|###       | 34/110 [03:19<07:21,  5.81s/it]
first @ 95%:  32%|###1      | 35/110 [03:24<07:14,  5.80s/it]
first @ 95%:  33%|###2      | 36/110 [03:30<07:06,  5.77s/it]
first @ 95%:  34%|###3      | 37/110 [03:36<07:03,  5.81s/it]
first @ 95%:  35%|###4      | 38/110 [03:42<06:56,  5.79s/it]
first @ 95%:  35%|###5      | 39/110 [03:48<06:51,  5.79s/it]
first @ 95%:  36%|###6      | 40/110 [03:53<06:45,  5.79s/it]
first @ 95%:  37%|###7      | 41/110 [03:59<06:40,  5.80s/it]
first @ 95%:  38%|###8      | 42/110 [04:05<06:34,  5.80s/it]
first @ 95%:  39%|###9      | 43/110 [04:11<06:31,  5.84s/it]
first @ 95%:  40%|####      | 44/110 [04:17<06:23,  5.81s/it]
first @ 95%:  41%|####      | 45/110 [04:23<06:20,  5.85s/it]
first @ 95%:  42%|####1     | 46/110 [04:28<06:12,  5.82s/it]
first @ 95%:  43%|####2     | 47/110 [04:34<06:05,  5.80s/it]
first @ 95%:  44%|####3     | 48/110 [04:40<05:59,  5.80s/it]
first @ 95%:  45%|####4     | 49/110 [04:46<05:52,  5.78s/it]
first @ 95%:  45%|####5     | 50/110 [04:52<05:50,  5.84s/it]
first @ 95%:  46%|####6     | 51/110 [04:57<05:46,  5.87s/it]
first @ 95%:  47%|####7     | 52/110 [05:03<05:39,  5.85s/it]
first @ 95%:  48%|####8     | 53/110 [05:09<05:32,  5.84s/it]
first @ 95%:  49%|####9     | 54/110 [05:15<05:26,  5.83s/it]
first @ 95%:  50%|#####     | 55/110 [05:21<05:22,  5.86s/it]
first @ 95%:  51%|#####     | 56/110 [05:27<05:13,  5.81s/it]
first @ 95%:  52%|#####1    | 57/110 [05:32<05:07,  5.81s/it]
first @ 95%:  53%|#####2    | 58/110 [05:38<05:02,  5.82s/it]
first @ 95%:  54%|#####3    | 59/110 [05:44<04:55,  5.80s/it]
first @ 95%:  55%|#####4    | 60/110 [05:50<04:50,  5.80s/it]
first @ 95%:  55%|#####5    | 61/110 [05:55<04:43,  5.78s/it]
first @ 95%:  56%|#####6    | 62/110 [06:01<04:37,  5.78s/it]
first @ 95%:  57%|#####7    | 63/110 [06:07<04:34,  5.84s/it]
first @ 95%:  58%|#####8    | 64/110 [06:13<04:27,  5.81s/it]
first @ 95%:  59%|#####9    | 65/110 [06:19<04:21,  5.81s/it]
first @ 95%:  60%|######    | 66/110 [06:25<04:15,  5.81s/it]
first @ 95%:  61%|######    | 67/110 [06:30<04:08,  5.78s/it]
first @ 95%:  62%|######1   | 68/110 [06:36<04:02,  5.78s/it]
first @ 95%:  63%|######2   | 69/110 [06:42<03:57,  5.80s/it]
first @ 95%:  64%|######3   | 70/110 [06:48<03:51,  5.79s/it]
first @ 95%:  65%|######4   | 71/110 [06:54<03:46,  5.80s/it]
first @ 95%:  65%|######5   | 72/110 [06:59<03:41,  5.83s/it]
first @ 95%:  66%|######6   | 73/110 [07:05<03:35,  5.82s/it]
first @ 95%:  67%|######7   | 74/110 [07:11<03:29,  5.83s/it]
first @ 95%:  68%|######8   | 75/110 [07:17<03:24,  5.85s/it]
first @ 95%:  69%|######9   | 76/110 [07:23<03:18,  5.84s/it]
first @ 95%:  70%|#######   | 77/110 [07:29<03:11,  5.81s/it]
first @ 95%:  71%|#######   | 78/110 [07:34<03:05,  5.81s/it]
first @ 95%:  72%|#######1  | 79/110 [07:40<02:59,  5.79s/it]
first @ 95%:  73%|#######2  | 80/110 [07:46<02:54,  5.83s/it]
first @ 95%:  74%|#######3  | 81/110 [07:52<02:48,  5.80s/it]
first @ 95%:  75%|#######4  | 82/110 [07:57<02:41,  5.78s/it]
first @ 95%:  75%|#######5  | 83/110 [08:03<02:35,  5.78s/it]
first @ 95%:  76%|#######6  | 84/110 [08:09<02:29,  5.76s/it]
first @ 95%:  77%|#######7  | 85/110 [08:15<02:24,  5.77s/it]
first @ 95%:  78%|#######8  | 86/110 [08:21<02:18,  5.79s/it]
first @ 95%:  79%|#######9  | 87/110 [08:26<02:13,  5.80s/it]
first @ 95%:  80%|########  | 88/110 [08:32<02:07,  5.80s/it]
first @ 95%:  81%|########  | 89/110 [08:38<02:01,  5.79s/it]
first @ 95%:  82%|########1 | 90/110 [08:44<01:56,  5.80s/it]
first @ 95%:  83%|########2 | 91/110 [08:50<01:50,  5.83s/it]
first @ 95%:  84%|########3 | 92/110 [08:56<01:45,  5.84s/it]
first @ 95%:  85%|########4 | 93/110 [09:01<01:38,  5.82s/it]
first @ 95%:  85%|########5 | 94/110 [09:07<01:32,  5.80s/it]
first @ 95%:  86%|########6 | 95/110 [09:13<01:27,  5.81s/it]
first @ 95%:  87%|########7 | 96/110 [09:19<01:20,  5.78s/it]
first @ 95%:  88%|########8 | 97/110 [09:24<01:15,  5.78s/it]
first @ 95%:  89%|########9 | 98/110 [09:30<01:09,  5.77s/it]
first @ 95%:  90%|######### | 99/110 [09:36<01:03,  5.78s/it]
first @ 95%:  91%|######### | 100/110 [09:42<00:57,  5.78s/it]
first @ 95%:  92%|#########1| 101/110 [09:48<00:52,  5.79s/it]
first @ 95%:  93%|#########2| 102/110 [09:53<00:46,  5.78s/it]
first @ 95%:  94%|#########3| 103/110 [09:59<00:40,  5.78s/it]
first @ 95%:  95%|#########4| 104/110 [10:05<00:34,  5.78s/it]
first @ 95%:  95%|#########5| 105/110 [10:11<00:29,  5.81s/it]
first @ 95%:  96%|#########6| 106/110 [10:17<00:23,  5.80s/it]
first @ 95%:  97%|#########7| 107/110 [10:22<00:17,  5.79s/it]
first @ 95%:  98%|#########8| 108/110 [10:28<00:11,  5.79s/it]
first @ 95%:  99%|#########9| 109/110 [10:34<00:05,  5.83s/it]
first @ 95%: 100%|##########| 110/110 [10:40<00:00,  5.85s/it]
first @ 95%: 100%|##########| 110/110 [10:40<00:00,  5.82s/it]
  first @ 95%: ROC 0.592   PR 0.084

first @ 90%:   0%|          | 0/101 [00:00<?, ?it/s]
first @ 90%:   1%|          | 1/101 [00:05<09:58,  5.99s/it]
first @ 90%:   2%|1         | 2/101 [00:11<09:42,  5.88s/it]
first @ 90%:   3%|2         | 3/101 [00:17<09:32,  5.84s/it]
first @ 90%:   4%|3         | 4/101 [00:23<09:28,  5.86s/it]
first @ 90%:   5%|4         | 5/101 [00:29<09:26,  5.90s/it]
first @ 90%:   6%|5         | 6/101 [00:35<09:21,  5.92s/it]
first @ 90%:   7%|6         | 7/101 [00:41<09:15,  5.91s/it]
first @ 90%:   8%|7         | 8/101 [00:47<09:14,  5.96s/it]
first @ 90%:   9%|8         | 9/101 [00:53<09:02,  5.90s/it]
first @ 90%:  10%|9         | 10/101 [00:59<08:56,  5.90s/it]
first @ 90%:  11%|#         | 11/101 [01:04<08:50,  5.89s/it]
first @ 90%:  12%|#1        | 12/101 [01:10<08:42,  5.88s/it]
first @ 90%:  13%|#2        | 13/101 [01:16<08:39,  5.90s/it]
first @ 90%:  14%|#3        | 14/101 [01:22<08:34,  5.92s/it]
first @ 90%:  15%|#4        | 15/101 [01:28<08:28,  5.92s/it]
first @ 90%:  16%|#5        | 16/101 [01:34<08:22,  5.91s/it]
first @ 90%:  17%|#6        | 17/101 [01:40<08:24,  6.01s/it]
first @ 90%:  18%|#7        | 18/101 [01:46<08:17,  6.00s/it]
first @ 90%:  19%|#8        | 19/101 [01:52<08:10,  5.98s/it]
first @ 90%:  20%|#9        | 20/101 [01:58<08:01,  5.95s/it]
first @ 90%:  21%|##        | 21/101 [02:04<07:53,  5.92s/it]
first @ 90%:  22%|##1       | 22/101 [02:10<07:46,  5.91s/it]
first @ 90%:  23%|##2       | 23/101 [02:16<07:39,  5.89s/it]
first @ 90%:  24%|##3       | 24/101 [02:22<07:38,  5.96s/it]
first @ 90%:  25%|##4       | 25/101 [02:28<07:31,  5.94s/it]
first @ 90%:  26%|##5       | 26/101 [02:33<07:23,  5.91s/it]
first @ 90%:  27%|##6       | 27/101 [02:39<07:15,  5.88s/it]
first @ 90%:  28%|##7       | 28/101 [02:45<07:08,  5.87s/it]
first @ 90%:  29%|##8       | 29/101 [02:51<07:02,  5.87s/it]
first @ 90%:  30%|##9       | 30/101 [02:57<07:00,  5.92s/it]
first @ 90%:  31%|###       | 31/101 [03:03<06:56,  5.94s/it]
first @ 90%:  32%|###1      | 32/101 [03:09<06:49,  5.94s/it]
first @ 90%:  33%|###2      | 33/101 [03:15<06:40,  5.89s/it]
first @ 90%:  34%|###3      | 34/101 [03:21<06:33,  5.87s/it]
first @ 90%:  35%|###4      | 35/101 [03:26<06:26,  5.86s/it]
first @ 90%:  36%|###5      | 36/101 [03:32<06:18,  5.82s/it]
first @ 90%:  37%|###6      | 37/101 [03:38<06:15,  5.86s/it]
first @ 90%:  38%|###7      | 38/101 [03:44<06:07,  5.84s/it]
first @ 90%:  39%|###8      | 39/101 [03:50<06:02,  5.85s/it]
first @ 90%:  40%|###9      | 40/101 [03:55<05:55,  5.83s/it]
first @ 90%:  41%|####      | 41/101 [04:01<05:48,  5.81s/it]
first @ 90%:  42%|####1     | 42/101 [04:07<05:45,  5.85s/it]
first @ 90%:  43%|####2     | 43/101 [04:13<05:38,  5.83s/it]
first @ 90%:  44%|####3     | 44/101 [04:19<05:34,  5.87s/it]
first @ 90%:  45%|####4     | 45/101 [04:25<05:27,  5.85s/it]
first @ 90%:  46%|####5     | 46/101 [04:31<05:20,  5.82s/it]
first @ 90%:  47%|####6     | 47/101 [04:36<05:14,  5.83s/it]
first @ 90%:  48%|####7     | 48/101 [04:42<05:08,  5.81s/it]
first @ 90%:  49%|####8     | 49/101 [04:48<05:05,  5.87s/it]
first @ 90%:  50%|####9     | 50/101 [04:54<05:00,  5.89s/it]
first @ 90%:  50%|#####     | 51/101 [05:00<04:53,  5.87s/it]
first @ 90%:  51%|#####1    | 52/101 [05:06<04:47,  5.87s/it]
first @ 90%:  52%|#####2    | 53/101 [05:12<04:41,  5.86s/it]
first @ 90%:  53%|#####3    | 54/101 [05:17<04:36,  5.87s/it]
first @ 90%:  54%|#####4    | 55/101 [05:23<04:28,  5.83s/it]
first @ 90%:  55%|#####5    | 56/101 [05:29<04:22,  5.83s/it]
first @ 90%:  56%|#####6    | 57/101 [05:35<04:16,  5.83s/it]
first @ 90%:  57%|#####7    | 58/101 [05:41<04:09,  5.81s/it]
first @ 90%:  58%|#####8    | 59/101 [05:47<04:04,  5.82s/it]
first @ 90%:  59%|#####9    | 60/101 [05:52<03:58,  5.81s/it]
first @ 90%:  60%|######    | 61/101 [05:58<03:52,  5.81s/it]
first @ 90%:  61%|######1   | 62/101 [06:04<03:47,  5.84s/it]
first @ 90%:  62%|######2   | 63/101 [06:10<03:41,  5.82s/it]
first @ 90%:  63%|######3   | 64/101 [06:16<03:35,  5.83s/it]
first @ 90%:  64%|######4   | 65/101 [06:21<03:29,  5.82s/it]
first @ 90%:  65%|######5   | 66/101 [06:27<03:23,  5.81s/it]
first @ 90%:  66%|######6   | 67/101 [06:33<03:18,  5.84s/it]
first @ 90%:  67%|######7   | 68/101 [06:39<03:12,  5.83s/it]
first @ 90%:  68%|######8   | 69/101 [06:45<03:06,  5.83s/it]
first @ 90%:  69%|######9   | 70/101 [06:51<03:00,  5.82s/it]
first @ 90%:  70%|#######   | 71/101 [06:56<02:55,  5.84s/it]
first @ 90%:  71%|#######1  | 72/101 [07:02<02:50,  5.86s/it]
first @ 90%:  72%|#######2  | 73/101 [07:08<02:44,  5.86s/it]
first @ 90%:  73%|#######3  | 74/101 [07:14<02:37,  5.84s/it]
first @ 90%:  74%|#######4  | 75/101 [07:20<02:31,  5.83s/it]
first @ 90%:  75%|#######5  | 76/101 [07:26<02:25,  5.82s/it]
first @ 90%:  76%|#######6  | 77/101 [07:32<02:20,  5.86s/it]
first @ 90%:  77%|#######7  | 78/101 [07:37<02:14,  5.84s/it]
first @ 90%:  78%|#######8  | 79/101 [07:43<02:08,  5.82s/it]
first @ 90%:  79%|#######9  | 80/101 [07:49<02:02,  5.82s/it]
first @ 90%:  80%|########  | 81/101 [07:55<01:56,  5.81s/it]
first @ 90%:  81%|########1 | 82/101 [08:01<01:51,  5.86s/it]
first @ 90%:  82%|########2 | 83/101 [08:07<01:45,  5.86s/it]
first @ 90%:  83%|########3 | 84/101 [08:12<01:39,  5.85s/it]
first @ 90%:  84%|########4 | 85/101 [08:18<01:33,  5.86s/it]
first @ 90%:  85%|########5 | 86/101 [08:24<01:28,  5.88s/it]
first @ 90%:  86%|########6 | 87/101 [08:30<01:22,  5.89s/it]
first @ 90%:  87%|########7 | 88/101 [08:36<01:15,  5.84s/it]
first @ 90%:  88%|########8 | 89/101 [08:42<01:10,  5.84s/it]
first @ 90%:  89%|########9 | 90/101 [08:47<01:03,  5.82s/it]
first @ 90%:  90%|######### | 91/101 [08:53<00:58,  5.81s/it]
first @ 90%:  91%|#########1| 92/101 [08:59<00:52,  5.81s/it]
first @ 90%:  92%|#########2| 93/101 [09:05<00:46,  5.82s/it]
first @ 90%:  93%|#########3| 94/101 [09:11<00:40,  5.82s/it]
first @ 90%:  94%|#########4| 95/101 [09:17<00:34,  5.81s/it]
first @ 90%:  95%|#########5| 96/101 [09:22<00:29,  5.80s/it]
first @ 90%:  96%|#########6| 97/101 [09:28<00:23,  5.82s/it]
first @ 90%:  97%|#########7| 98/101 [09:34<00:17,  5.81s/it]
first @ 90%:  98%|#########8| 99/101 [09:40<00:11,  5.80s/it]
first @ 90%:  99%|#########9| 100/101 [09:46<00:05,  5.85s/it]
first @ 90%: 100%|##########| 101/101 [09:51<00:00,  5.84s/it]
first @ 90%: 100%|##########| 101/101 [09:51<00:00,  5.86s/it]
  first @ 90%: ROC 0.581   PR 0.080

first @ 85%:   0%|          | 0/96 [00:00<?, ?it/s]
first @ 85%:   1%|1         | 1/96 [00:05<09:26,  5.97s/it]
first @ 85%:   2%|2         | 2/96 [00:11<09:14,  5.90s/it]
first @ 85%:   3%|3         | 3/96 [00:17<09:04,  5.85s/it]
first @ 85%:   4%|4         | 4/96 [00:23<08:58,  5.85s/it]
first @ 85%:   5%|5         | 5/96 [00:29<08:57,  5.90s/it]
first @ 85%:   6%|6         | 6/96 [00:35<08:53,  5.93s/it]
first @ 85%:   7%|7         | 7/96 [00:41<08:47,  5.92s/it]
first @ 85%:   8%|8         | 8/96 [00:47<08:45,  5.97s/it]
first @ 85%:   9%|9         | 9/96 [00:53<08:33,  5.90s/it]
first @ 85%:  10%|#         | 10/96 [00:59<08:32,  5.96s/it]
first @ 85%:  11%|#1        | 11/96 [01:05<08:25,  5.94s/it]
first @ 85%:  12%|#2        | 12/96 [01:11<08:18,  5.93s/it]
first @ 85%:  14%|#3        | 13/96 [01:17<08:13,  5.94s/it]
first @ 85%:  15%|#4        | 14/96 [01:23<08:07,  5.95s/it]
first @ 85%:  16%|#5        | 15/96 [01:28<08:00,  5.93s/it]
first @ 85%:  17%|#6        | 16/96 [01:34<07:51,  5.89s/it]
first @ 85%:  18%|#7        | 17/96 [01:40<07:41,  5.84s/it]
first @ 85%:  19%|#8        | 18/96 [01:46<07:36,  5.85s/it]
first @ 85%:  20%|#9        | 19/96 [01:52<07:30,  5.85s/it]
first @ 85%:  21%|##        | 20/96 [01:57<07:23,  5.83s/it]
first @ 85%:  22%|##1       | 21/96 [02:03<07:18,  5.84s/it]
first @ 85%:  23%|##2       | 22/96 [02:09<07:10,  5.82s/it]
first @ 85%:  24%|##3       | 23/96 [02:15<07:08,  5.87s/it]
first @ 85%:  25%|##5       | 24/96 [02:21<07:02,  5.86s/it]
first @ 85%:  26%|##6       | 25/96 [02:27<06:55,  5.85s/it]
first @ 85%:  27%|##7       | 26/96 [02:33<06:49,  5.85s/it]
first @ 85%:  28%|##8       | 27/96 [02:38<06:42,  5.83s/it]
first @ 85%:  29%|##9       | 28/96 [02:44<06:36,  5.84s/it]
first @ 85%:  30%|###       | 29/96 [02:50<06:35,  5.90s/it]
first @ 85%:  31%|###1      | 30/96 [02:56<06:30,  5.91s/it]
first @ 85%:  32%|###2      | 31/96 [03:02<06:23,  5.91s/it]
first @ 85%:  33%|###3      | 32/96 [03:08<06:15,  5.87s/it]
first @ 85%:  34%|###4      | 33/96 [03:14<06:07,  5.84s/it]
first @ 85%:  35%|###5      | 34/96 [03:19<06:00,  5.81s/it]
first @ 85%:  36%|###6      | 35/96 [03:25<05:52,  5.78s/it]
first @ 85%:  38%|###7      | 36/96 [03:31<05:49,  5.82s/it]
first @ 85%:  39%|###8      | 37/96 [03:37<05:41,  5.79s/it]
first @ 85%:  40%|###9      | 38/96 [03:43<05:36,  5.81s/it]
first @ 85%:  41%|####      | 39/96 [03:48<05:30,  5.81s/it]
first @ 85%:  42%|####1     | 40/96 [03:54<05:25,  5.81s/it]
first @ 85%:  43%|####2     | 41/96 [04:00<05:22,  5.86s/it]
first @ 85%:  44%|####3     | 42/96 [04:06<05:15,  5.83s/it]
first @ 85%:  45%|####4     | 43/96 [04:12<05:11,  5.88s/it]
first @ 85%:  46%|####5     | 44/96 [04:18<05:03,  5.84s/it]
first @ 85%:  47%|####6     | 45/96 [04:24<04:59,  5.88s/it]
first @ 85%:  48%|####7     | 46/96 [04:29<04:53,  5.87s/it]
first @ 85%:  49%|####8     | 47/96 [04:35<04:46,  5.85s/it]
first @ 85%:  50%|#####     | 48/96 [04:41<04:42,  5.88s/it]
first @ 85%:  51%|#####1    | 49/96 [04:47<04:37,  5.91s/it]
first @ 85%:  52%|#####2    | 50/96 [04:53<04:32,  5.92s/it]
first @ 85%:  53%|#####3    | 51/96 [04:59<04:24,  5.89s/it]
first @ 85%:  54%|#####4    | 52/96 [05:05<04:18,  5.87s/it]
first @ 85%:  55%|#####5    | 53/96 [05:11<04:13,  5.89s/it]
first @ 85%:  56%|#####6    | 54/96 [05:16<04:05,  5.84s/it]
first @ 85%:  57%|#####7    | 55/96 [05:22<03:59,  5.84s/it]
first @ 85%:  58%|#####8    | 56/96 [05:28<03:53,  5.84s/it]
first @ 85%:  59%|#####9    | 57/96 [05:34<03:46,  5.82s/it]
first @ 85%:  60%|######    | 58/96 [05:40<03:41,  5.83s/it]
first @ 85%:  61%|######1   | 59/96 [05:46<03:34,  5.81s/it]
first @ 85%:  62%|######2   | 60/96 [05:51<03:29,  5.81s/it]
first @ 85%:  64%|######3   | 61/96 [05:57<03:24,  5.85s/it]
first @ 85%:  65%|######4   | 62/96 [06:03<03:18,  5.82s/it]
first @ 85%:  66%|######5   | 63/96 [06:09<03:11,  5.82s/it]
first @ 85%:  67%|######6   | 64/96 [06:15<03:05,  5.79s/it]
first @ 85%:  68%|######7   | 65/96 [06:20<02:59,  5.79s/it]
first @ 85%:  69%|######8   | 66/96 [06:26<02:54,  5.82s/it]
first @ 85%:  70%|######9   | 67/96 [06:32<02:49,  5.84s/it]
first @ 85%:  71%|#######   | 68/96 [06:38<02:43,  5.84s/it]
first @ 85%:  72%|#######1  | 69/96 [06:44<02:37,  5.83s/it]
first @ 85%:  73%|#######2  | 70/96 [06:50<02:31,  5.84s/it]
first @ 85%:  74%|#######3  | 71/96 [06:56<02:26,  5.85s/it]
first @ 85%:  75%|#######5  | 72/96 [07:01<02:20,  5.85s/it]
first @ 85%:  76%|#######6  | 73/96 [07:07<02:14,  5.84s/it]
first @ 85%:  77%|#######7  | 74/96 [07:13<02:08,  5.84s/it]
first @ 85%:  78%|#######8  | 75/96 [07:19<02:02,  5.82s/it]
first @ 85%:  79%|#######9  | 76/96 [07:25<01:56,  5.80s/it]
first @ 85%:  80%|########  | 77/96 [07:30<01:49,  5.79s/it]
first @ 85%:  81%|########1 | 78/96 [07:36<01:44,  5.80s/it]
first @ 85%:  82%|########2 | 79/96 [07:42<01:38,  5.80s/it]
first @ 85%:  83%|########3 | 80/96 [07:48<01:33,  5.83s/it]
first @ 85%:  84%|########4 | 81/96 [07:54<01:27,  5.84s/it]
first @ 85%:  85%|########5 | 82/96 [07:59<01:21,  5.82s/it]
first @ 85%:  86%|########6 | 83/96 [08:05<01:16,  5.85s/it]
first @ 85%:  88%|########7 | 84/96 [08:11<01:10,  5.87s/it]
first @ 85%:  89%|########8 | 85/96 [08:17<01:04,  5.83s/it]
first @ 85%:  90%|########9 | 86/96 [08:23<00:58,  5.82s/it]
first @ 85%:  91%|######### | 87/96 [08:29<00:52,  5.81s/it]
first @ 85%:  92%|#########1| 88/96 [08:34<00:46,  5.81s/it]
first @ 85%:  93%|#########2| 89/96 [08:40<00:40,  5.79s/it]
first @ 85%:  94%|#########3| 90/96 [08:46<00:34,  5.80s/it]
first @ 85%:  95%|#########4| 91/96 [08:52<00:28,  5.80s/it]
first @ 85%:  96%|#########5| 92/96 [08:58<00:23,  5.79s/it]
first @ 85%:  97%|#########6| 93/96 [09:03<00:17,  5.79s/it]
first @ 85%:  98%|#########7| 94/96 [09:09<00:11,  5.80s/it]
first @ 85%:  99%|#########8| 95/96 [09:15<00:05,  5.80s/it]
first @ 85%: 100%|##########| 96/96 [09:21<00:00,  5.84s/it]
first @ 85%: 100%|##########| 96/96 [09:21<00:00,  5.85s/it]
  first @ 85%: ROC 0.567   PR 0.077

first @ 80%:   0%|          | 0/93 [00:00<?, ?it/s]
first @ 80%:   1%|1         | 1/93 [00:05<09:09,  5.97s/it]
first @ 80%:   2%|2         | 2/93 [00:11<08:54,  5.87s/it]
first @ 80%:   3%|3         | 3/93 [00:17<08:43,  5.81s/it]
first @ 80%:   4%|4         | 4/93 [00:23<08:39,  5.83s/it]
first @ 80%:   5%|5         | 5/93 [00:29<08:38,  5.89s/it]
first @ 80%:   6%|6         | 6/93 [00:35<08:34,  5.92s/it]
first @ 80%:   8%|7         | 7/93 [00:41<08:27,  5.90s/it]
first @ 80%:   9%|8         | 8/93 [00:47<08:24,  5.94s/it]
first @ 80%:  10%|9         | 9/93 [00:52<08:14,  5.88s/it]
first @ 80%:  11%|#         | 10/93 [00:59<08:13,  5.94s/it]
first @ 80%:  12%|#1        | 11/93 [01:04<08:05,  5.92s/it]
first @ 80%:  13%|#2        | 12/93 [01:10<07:58,  5.90s/it]
first @ 80%:  14%|#3        | 13/93 [01:16<07:53,  5.92s/it]
first @ 80%:  15%|#5        | 14/93 [01:22<07:48,  5.93s/it]
first @ 80%:  16%|#6        | 15/93 [01:28<07:41,  5.91s/it]
first @ 80%:  17%|#7        | 16/93 [01:34<07:32,  5.87s/it]
first @ 80%:  18%|#8        | 17/93 [01:40<07:23,  5.83s/it]
first @ 80%:  19%|#9        | 18/93 [01:46<07:18,  5.85s/it]
first @ 80%:  20%|##        | 19/93 [01:51<07:13,  5.86s/it]
first @ 80%:  22%|##1       | 20/93 [01:57<07:07,  5.85s/it]
first @ 80%:  23%|##2       | 21/93 [02:03<07:02,  5.86s/it]
first @ 80%:  24%|##3       | 22/93 [02:09<06:54,  5.84s/it]
first @ 80%:  25%|##4       | 23/93 [02:15<06:52,  5.90s/it]
first @ 80%:  26%|##5       | 24/93 [02:21<06:45,  5.88s/it]
first @ 80%:  27%|##6       | 25/93 [02:27<06:38,  5.87s/it]
first @ 80%:  28%|##7       | 26/93 [02:32<06:32,  5.86s/it]
first @ 80%:  29%|##9       | 27/93 [02:38<06:26,  5.85s/it]
first @ 80%:  30%|###       | 28/93 [02:44<06:20,  5.85s/it]
first @ 80%:  31%|###1      | 29/93 [02:50<06:18,  5.91s/it]
first @ 80%:  32%|###2      | 30/93 [02:56<06:12,  5.91s/it]
first @ 80%:  33%|###3      | 31/93 [03:02<06:06,  5.90s/it]
first @ 80%:  34%|###4      | 32/93 [03:08<05:58,  5.88s/it]
first @ 80%:  35%|###5      | 33/93 [03:14<05:51,  5.86s/it]
first @ 80%:  37%|###6      | 34/93 [03:19<05:44,  5.84s/it]
first @ 80%:  38%|###7      | 35/93 [03:25<05:36,  5.80s/it]
first @ 80%:  39%|###8      | 36/93 [03:31<05:32,  5.84s/it]
first @ 80%:  40%|###9      | 37/93 [03:37<05:25,  5.82s/it]
first @ 80%:  41%|####      | 38/93 [03:43<05:20,  5.84s/it]
first @ 80%:  42%|####1     | 39/93 [03:49<05:15,  5.84s/it]
first @ 80%:  43%|####3     | 40/93 [03:55<05:12,  5.89s/it]
first @ 80%:  44%|####4     | 41/93 [04:00<05:04,  5.86s/it]
first @ 80%:  45%|####5     | 42/93 [04:06<05:00,  5.90s/it]
first @ 80%:  46%|####6     | 43/93 [04:12<04:52,  5.85s/it]
first @ 80%:  47%|####7     | 44/93 [04:18<04:48,  5.89s/it]
first @ 80%:  48%|####8     | 45/93 [04:24<04:42,  5.89s/it]
first @ 80%:  49%|####9     | 46/93 [04:30<04:35,  5.86s/it]
first @ 80%:  51%|#####     | 47/93 [04:36<04:31,  5.90s/it]
first @ 80%:  52%|#####1    | 48/93 [04:42<04:26,  5.92s/it]
first @ 80%:  53%|#####2    | 49/93 [04:48<04:19,  5.90s/it]
first @ 80%:  54%|#####3    | 50/93 [04:53<04:12,  5.88s/it]
first @ 80%:  55%|#####4    | 51/93 [04:59<04:06,  5.87s/it]
first @ 80%:  56%|#####5    | 52/93 [05:05<04:00,  5.86s/it]
first @ 80%:  57%|#####6    | 53/93 [05:11<03:53,  5.83s/it]
first @ 80%:  58%|#####8    | 54/93 [05:17<03:47,  5.83s/it]
first @ 80%:  59%|#####9    | 55/93 [05:23<03:42,  5.85s/it]
first @ 80%:  60%|######    | 56/93 [05:28<03:35,  5.82s/it]
first @ 80%:  61%|######1   | 57/93 [05:34<03:29,  5.83s/it]
first @ 80%:  62%|######2   | 58/93 [05:40<03:22,  5.80s/it]
first @ 80%:  63%|######3   | 59/93 [05:46<03:17,  5.80s/it]
first @ 80%:  65%|######4   | 60/93 [05:52<03:12,  5.83s/it]
first @ 80%:  66%|######5   | 61/93 [05:57<03:06,  5.83s/it]
first @ 80%:  67%|######6   | 62/93 [06:03<03:00,  5.82s/it]
first @ 80%:  68%|######7   | 63/93 [06:09<02:55,  5.84s/it]
first @ 80%:  69%|######8   | 64/93 [06:15<02:49,  5.85s/it]
first @ 80%:  70%|######9   | 65/93 [06:21<02:43,  5.84s/it]
first @ 80%:  71%|#######   | 66/93 [06:27<02:37,  5.84s/it]
first @ 80%:  72%|#######2  | 67/93 [06:32<02:31,  5.83s/it]
first @ 80%:  73%|#######3  | 68/93 [06:38<02:26,  5.85s/it]
first @ 80%:  74%|#######4  | 69/93 [06:44<02:20,  5.86s/it]
first @ 80%:  75%|#######5  | 70/93 [06:50<02:14,  5.85s/it]
first @ 80%:  76%|#######6  | 71/93 [06:56<02:08,  5.83s/it]
first @ 80%:  77%|#######7  | 72/93 [07:02<02:02,  5.83s/it]
first @ 80%:  78%|#######8  | 73/93 [07:07<01:56,  5.81s/it]
first @ 80%:  80%|#######9  | 74/93 [07:13<01:50,  5.82s/it]
first @ 80%:  81%|########  | 75/93 [07:19<01:44,  5.81s/it]
first @ 80%:  82%|########1 | 76/93 [07:25<01:38,  5.82s/it]
first @ 80%:  83%|########2 | 77/93 [07:31<01:33,  5.82s/it]
first @ 80%:  84%|########3 | 78/93 [07:37<01:27,  5.83s/it]
first @ 80%:  85%|########4 | 79/93 [07:42<01:21,  5.82s/it]
first @ 80%:  86%|########6 | 80/93 [07:48<01:15,  5.83s/it]
first @ 80%:  87%|########7 | 81/93 [07:54<01:10,  5.85s/it]
first @ 80%:  88%|########8 | 82/93 [08:00<01:04,  5.87s/it]
first @ 80%:  89%|########9 | 83/93 [08:06<00:58,  5.83s/it]
first @ 80%:  90%|######### | 84/93 [08:12<00:52,  5.82s/it]
first @ 80%:  91%|#########1| 85/93 [08:17<00:46,  5.81s/it]
first @ 80%:  92%|#########2| 86/93 [08:23<00:40,  5.83s/it]
first @ 80%:  94%|#########3| 87/93 [08:29<00:34,  5.82s/it]
first @ 80%:  95%|#########4| 88/93 [08:35<00:29,  5.82s/it]
first @ 80%:  96%|#########5| 89/93 [08:41<00:23,  5.81s/it]
first @ 80%:  97%|#########6| 90/93 [08:46<00:17,  5.80s/it]
first @ 80%:  98%|#########7| 91/93 [08:52<00:11,  5.82s/it]
first @ 80%:  99%|#########8| 92/93 [08:58<00:05,  5.80s/it]
first @ 80%: 100%|##########| 93/93 [09:04<00:00,  5.83s/it]
first @ 80%: 100%|##########| 93/93 [09:04<00:00,  5.85s/it]
  first @ 80%: ROC 0.6   PR 0.082

first @ 75%:   0%|          | 0/89 [00:00<?, ?it/s]
first @ 75%:   1%|1         | 1/89 [00:05<08:43,  5.95s/it]
first @ 75%:   2%|2         | 2/89 [00:11<08:31,  5.88s/it]
first @ 75%:   3%|3         | 3/89 [00:17<08:21,  5.83s/it]
first @ 75%:   4%|4         | 4/89 [00:23<08:13,  5.80s/it]
first @ 75%:   6%|5         | 5/89 [00:29<08:12,  5.86s/it]
first @ 75%:   7%|6         | 6/89 [00:35<08:09,  5.89s/it]
first @ 75%:   8%|7         | 7/89 [00:41<08:03,  5.89s/it]
first @ 75%:   9%|8         | 8/89 [00:47<08:00,  5.93s/it]
first @ 75%:  10%|#         | 9/89 [00:52<07:50,  5.88s/it]
first @ 75%:  11%|#1        | 10/89 [00:58<07:47,  5.92s/it]
first @ 75%:  12%|#2        | 11/89 [01:04<07:42,  5.93s/it]
first @ 75%:  13%|#3        | 12/89 [01:10<07:35,  5.92s/it]
first @ 75%:  15%|#4        | 13/89 [01:16<07:30,  5.92s/it]
first @ 75%:  16%|#5        | 14/89 [01:22<07:25,  5.94s/it]
first @ 75%:  17%|#6        | 15/89 [01:28<07:19,  5.94s/it]
first @ 75%:  18%|#7        | 16/89 [01:34<07:11,  5.90s/it]
first @ 75%:  19%|#9        | 17/89 [01:40<07:01,  5.85s/it]
first @ 75%:  20%|##        | 18/89 [01:46<06:57,  5.88s/it]
first @ 75%:  21%|##1       | 19/89 [01:51<06:51,  5.87s/it]
first @ 75%:  22%|##2       | 20/89 [01:57<06:44,  5.86s/it]
first @ 75%:  24%|##3       | 21/89 [02:03<06:38,  5.87s/it]
first @ 75%:  25%|##4       | 22/89 [02:09<06:32,  5.86s/it]
first @ 75%:  26%|##5       | 23/89 [02:15<06:30,  5.92s/it]
first @ 75%:  27%|##6       | 24/89 [02:21<06:22,  5.89s/it]
first @ 75%:  28%|##8       | 25/89 [02:27<06:15,  5.87s/it]
first @ 75%:  29%|##9       | 26/89 [02:33<06:09,  5.87s/it]
first @ 75%:  30%|###       | 27/89 [02:38<06:03,  5.86s/it]
first @ 75%:  31%|###1      | 28/89 [02:44<05:57,  5.86s/it]
first @ 75%:  33%|###2      | 29/89 [02:50<05:55,  5.93s/it]
first @ 75%:  34%|###3      | 30/89 [02:56<05:50,  5.94s/it]
first @ 75%:  35%|###4      | 31/89 [03:02<05:43,  5.93s/it]
first @ 75%:  36%|###5      | 32/89 [03:08<05:35,  5.89s/it]
first @ 75%:  37%|###7      | 33/89 [03:14<05:30,  5.91s/it]
first @ 75%:  38%|###8      | 34/89 [03:20<05:22,  5.87s/it]
first @ 75%:  39%|###9      | 35/89 [03:26<05:18,  5.89s/it]
first @ 75%:  40%|####      | 36/89 [03:32<05:13,  5.91s/it]
first @ 75%:  42%|####1     | 37/89 [03:37<05:05,  5.87s/it]
first @ 75%:  43%|####2     | 38/89 [03:43<04:58,  5.85s/it]
first @ 75%:  44%|####3     | 39/89 [03:49<04:51,  5.83s/it]
first @ 75%:  45%|####4     | 40/89 [03:55<04:48,  5.89s/it]
first @ 75%:  46%|####6     | 41/89 [04:01<04:41,  5.85s/it]
first @ 75%:  47%|####7     | 42/89 [04:07<04:36,  5.89s/it]
first @ 75%:  48%|####8     | 43/89 [04:13<04:29,  5.85s/it]
first @ 75%:  49%|####9     | 44/89 [04:19<04:24,  5.88s/it]
first @ 75%:  51%|#####     | 45/89 [04:24<04:18,  5.88s/it]
first @ 75%:  52%|#####1    | 46/89 [04:30<04:11,  5.84s/it]
first @ 75%:  53%|#####2    | 47/89 [04:36<04:06,  5.88s/it]
first @ 75%:  54%|#####3    | 48/89 [04:42<04:01,  5.90s/it]
first @ 75%:  55%|#####5    | 49/89 [04:48<03:55,  5.89s/it]
first @ 75%:  56%|#####6    | 50/89 [04:54<03:49,  5.87s/it]
first @ 75%:  57%|#####7    | 51/89 [05:00<03:43,  5.87s/it]
first @ 75%:  58%|#####8    | 52/89 [05:05<03:35,  5.82s/it]
first @ 75%:  60%|#####9    | 53/89 [05:11<03:29,  5.83s/it]
first @ 75%:  61%|######    | 54/89 [05:17<03:24,  5.84s/it]
first @ 75%:  62%|######1   | 55/89 [05:23<03:17,  5.82s/it]
first @ 75%:  63%|######2   | 56/89 [05:29<03:12,  5.84s/it]
first @ 75%:  64%|######4   | 57/89 [05:34<03:06,  5.81s/it]
first @ 75%:  65%|######5   | 58/89 [05:40<03:00,  5.82s/it]
first @ 75%:  66%|######6   | 59/89 [05:46<02:55,  5.84s/it]
first @ 75%:  67%|######7   | 60/89 [05:52<02:48,  5.82s/it]
first @ 75%:  69%|######8   | 61/89 [05:58<02:43,  5.83s/it]
first @ 75%:  70%|######9   | 62/89 [06:04<02:37,  5.84s/it]
first @ 75%:  71%|#######   | 63/89 [06:09<02:31,  5.84s/it]
first @ 75%:  72%|#######1  | 64/89 [06:15<02:26,  5.85s/it]
first @ 75%:  73%|#######3  | 65/89 [06:21<02:20,  5.84s/it]
first @ 75%:  74%|#######4  | 66/89 [06:27<02:14,  5.84s/it]
first @ 75%:  75%|#######5  | 67/89 [06:33<02:08,  5.86s/it]
first @ 75%:  76%|#######6  | 68/89 [06:39<02:03,  5.86s/it]
first @ 75%:  78%|#######7  | 69/89 [06:45<01:56,  5.84s/it]
first @ 75%:  79%|#######8  | 70/89 [06:50<01:50,  5.84s/it]
first @ 75%:  80%|#######9  | 71/89 [06:56<01:44,  5.82s/it]
first @ 75%:  81%|########  | 72/89 [07:02<01:38,  5.82s/it]
first @ 75%:  82%|########2 | 73/89 [07:08<01:32,  5.80s/it]
first @ 75%:  83%|########3 | 74/89 [07:14<01:27,  5.81s/it]
first @ 75%:  84%|########4 | 75/89 [07:19<01:21,  5.82s/it]
first @ 75%:  85%|########5 | 76/89 [07:25<01:15,  5.83s/it]
first @ 75%:  87%|########6 | 77/89 [07:31<01:09,  5.83s/it]
first @ 75%:  88%|########7 | 78/89 [07:37<01:04,  5.88s/it]
first @ 75%:  89%|########8 | 79/89 [07:43<00:58,  5.89s/it]
first @ 75%:  90%|########9 | 80/89 [07:49<00:52,  5.84s/it]
first @ 75%:  91%|#########1| 81/89 [07:55<00:46,  5.83s/it]
first @ 75%:  92%|#########2| 82/89 [08:00<00:40,  5.82s/it]
first @ 75%:  93%|#########3| 83/89 [08:06<00:35,  5.85s/it]
first @ 75%:  94%|#########4| 84/89 [08:12<00:29,  5.86s/it]
first @ 75%:  96%|#########5| 85/89 [08:18<00:23,  5.85s/it]
first @ 75%:  97%|#########6| 86/89 [08:24<00:17,  5.83s/it]
first @ 75%:  98%|#########7| 87/89 [08:30<00:11,  5.81s/it]
first @ 75%:  99%|#########8| 88/89 [08:36<00:05,  5.85s/it]
first @ 75%: 100%|##########| 89/89 [08:41<00:00,  5.87s/it]
first @ 75%: 100%|##########| 89/89 [08:41<00:00,  5.86s/it]
  first @ 75%: ROC 0.62   PR 0.086

Wrote Results/5b_AUCs_consistency_first.pkl — [np.float64(0.767), np.float64(0.694), np.float64(0.635), np.float64(0.592), np.float64(0.581), np.float64(0.567), np.float64(0.6), np.float64(0.62)]

Compare:
  PHL-M (motif)   [0.658, 0.652, 0.656, 0.651, 0.647, 0.636, 0.638, 0.635]
  PHL-Random      0.545 (best across thresholds)
If this rule matches PHL-M, the advantage was consistency, not motif.
