
======================================================================
2026-08-20 00:41:25  0_original_replica_compact.py  device=cuda  thresholds=['100', '99.5', '99']
======================================================================
Loaded cache: 487,400 pairs, 3,880 host proteins, 274 RBPs
Checkpoint found — already complete: ['75', '80', '85', '90', '95']
Precomputing averaged representation for 100% ...
  collapsing 25/200 accessions
  collapsing 50/200 accessions
  collapsing 75/200 accessions
  collapsing 100/200 accessions
  collapsing 125/200 accessions
  collapsing 150/200 accessions
  collapsing 175/200 accessions
  collapsing 200/200 accessions


LOGO CV @ 100%:   0%|          | 0/185 [00:00<?, ?it/s]C:\Users\IamAh\anaconda3\envs\keymotif\Lib\site-packages\xgboost\core.py:158: UserWarning: [00:43:41] WARNING: C:\buildkite-agent\builds\buildkite-windows-cpu-autoscaling-group-i-08cbc0333d8d4aae1-1\xgboost\xgboost-ci-windows\src\common\error_msg.cc:58: Falling back to prediction using DMatrix due to mismatched devices. This might lead to higher memory usage and slower performance. XGBoost is running on: cuda:0, while the input data is on: cpu.
Potential solutions:
- Use a data structure that matches the device ordinal in the booster.
- Set the device for booster before call to inplace_predict.

This warning will only be shown once.

  warnings.warn(smsg, UserWarning)

LOGO CV @ 100%:   1%|          | 1/185 [00:17<54:20, 17.72s/it]
LOGO CV @ 100%:   1%|1         | 2/185 [00:35<53:40, 17.60s/it]
LOGO CV @ 100%:   2%|1         | 3/185 [00:52<53:36, 17.67s/it]
LOGO CV @ 100%:   2%|2         | 4/185 [01:10<52:56, 17.55s/it]
LOGO CV @ 100%:   3%|2         | 5/185 [01:28<52:59, 17.66s/it]
LOGO CV @ 100%:   3%|3         | 6/185 [01:45<52:20, 17.54s/it]
LOGO CV @ 100%:   4%|3         | 7/185 [02:02<51:52, 17.48s/it]
LOGO CV @ 100%:   4%|4         | 8/185 [02:20<51:24, 17.43s/it]
LOGO CV @ 100%:   5%|4         | 9/185 [02:37<51:06, 17.42s/it]
LOGO CV @ 100%:   5%|5         | 10/185 [02:55<51:14, 17.57s/it]
LOGO CV @ 100%:   6%|5         | 11/185 [03:12<50:45, 17.50s/it]
LOGO CV @ 100%:   6%|6         | 12/185 [03:30<50:38, 17.57s/it]
LOGO CV @ 100%:   7%|7         | 13/185 [03:47<50:10, 17.50s/it]
LOGO CV @ 100%:   8%|7         | 14/185 [04:05<49:42, 17.44s/it]
LOGO CV @ 100%:   8%|8         | 15/185 [04:22<49:14, 17.38s/it]
LOGO CV @ 100%:   9%|8         | 16/185 [04:39<48:45, 17.31s/it]
LOGO CV @ 100%:   9%|9         | 17/185 [04:56<48:17, 17.25s/it]
LOGO CV @ 100%:  10%|9         | 18/185 [05:14<48:24, 17.39s/it]
LOGO CV @ 100%:  10%|#         | 19/185 [05:32<48:18, 17.46s/it]
LOGO CV @ 100%:  11%|#         | 20/185 [05:49<48:10, 17.52s/it]
LOGO CV @ 100%:  11%|#1        | 21/185 [06:07<47:51, 17.51s/it]
LOGO CV @ 100%:  12%|#1        | 22/185 [06:25<47:50, 17.61s/it]
LOGO CV @ 100%:  12%|#2        | 23/185 [06:42<47:28, 17.58s/it]
LOGO CV @ 100%:  13%|#2        | 24/185 [06:59<47:01, 17.52s/it]
LOGO CV @ 100%:  14%|#3        | 25/185 [07:17<46:59, 17.62s/it]
LOGO CV @ 100%:  14%|#4        | 26/185 [07:35<46:43, 17.63s/it]
LOGO CV @ 100%:  15%|#4        | 27/185 [07:53<46:26, 17.64s/it]
LOGO CV @ 100%:  15%|#5        | 28/185 [08:10<46:02, 17.59s/it]
LOGO CV @ 100%:  16%|#5        | 29/185 [08:28<45:49, 17.63s/it]
LOGO CV @ 100%:  16%|#6        | 30/185 [08:46<45:40, 17.68s/it]
LOGO CV @ 100%:  17%|#6        | 31/185 [09:03<45:24, 17.69s/it]
LOGO CV @ 100%:  17%|#7        | 32/185 [09:21<45:12, 17.73s/it]
LOGO CV @ 100%:  18%|#7        | 33/185 [09:39<44:46, 17.68s/it]
LOGO CV @ 100%:  18%|#8        | 34/185 [09:56<44:26, 17.66s/it]
LOGO CV @ 100%:  19%|#8        | 35/185 [10:14<44:15, 17.70s/it]
LOGO CV @ 100%:  19%|#9        | 36/185 [10:32<43:52, 17.67s/it]
LOGO CV @ 100%:  20%|##        | 37/185 [10:49<43:21, 17.58s/it]
LOGO CV @ 100%:  21%|##        | 38/185 [11:07<43:12, 17.64s/it]
LOGO CV @ 100%:  21%|##1       | 39/185 [11:24<42:53, 17.63s/it]
LOGO CV @ 100%:  22%|##1       | 40/185 [11:42<42:37, 17.64s/it]
LOGO CV @ 100%:  22%|##2       | 41/185 [12:00<42:16, 17.61s/it]
LOGO CV @ 100%:  23%|##2       | 42/185 [12:17<41:52, 17.57s/it]
LOGO CV @ 100%:  23%|##3       | 43/185 [12:35<41:28, 17.52s/it]
LOGO CV @ 100%:  24%|##3       | 44/185 [12:52<41:14, 17.55s/it]
LOGO CV @ 100%:  24%|##4       | 45/185 [13:10<41:08, 17.63s/it]
LOGO CV @ 100%:  25%|##4       | 46/185 [13:28<40:58, 17.69s/it]
LOGO CV @ 100%:  25%|##5       | 47/185 [13:46<40:46, 17.73s/it]
LOGO CV @ 100%:  26%|##5       | 48/185 [14:03<40:26, 17.71s/it]
LOGO CV @ 100%:  26%|##6       | 49/185 [14:21<40:16, 17.77s/it]
LOGO CV @ 100%:  27%|##7       | 50/185 [14:39<39:55, 17.75s/it]
LOGO CV @ 100%:  28%|##7       | 51/185 [14:56<39:25, 17.65s/it]
LOGO CV @ 100%:  28%|##8       | 52/185 [15:14<39:19, 17.74s/it]
LOGO CV @ 100%:  29%|##8       | 53/185 [15:32<38:59, 17.73s/it]
LOGO CV @ 100%:  29%|##9       | 54/185 [15:50<38:42, 17.73s/it]
LOGO CV @ 100%:  30%|##9       | 55/185 [16:08<38:29, 17.76s/it]
LOGO CV @ 100%:  30%|###       | 56/185 [16:25<38:17, 17.81s/it]
LOGO CV @ 100%:  31%|###       | 57/185 [16:43<38:00, 17.82s/it]
LOGO CV @ 100%:  31%|###1      | 58/185 [17:01<37:56, 17.92s/it]
LOGO CV @ 100%:  32%|###1      | 59/185 [17:19<37:23, 17.81s/it]
LOGO CV @ 100%:  32%|###2      | 60/185 [17:37<37:04, 17.80s/it]
LOGO CV @ 100%:  33%|###2      | 61/185 [17:55<36:50, 17.82s/it]
LOGO CV @ 100%:  34%|###3      | 62/185 [18:12<36:28, 17.79s/it]
LOGO CV @ 100%:  34%|###4      | 63/185 [18:30<36:05, 17.75s/it]
LOGO CV @ 100%:  35%|###4      | 64/185 [18:48<35:55, 17.81s/it]
LOGO CV @ 100%:  35%|###5      | 65/185 [19:06<35:51, 17.93s/it]
LOGO CV @ 100%:  36%|###5      | 66/185 [19:24<35:17, 17.80s/it]
LOGO CV @ 100%:  36%|###6      | 67/185 [19:42<35:20, 17.97s/it]
LOGO CV @ 100%:  37%|###6      | 68/185 [20:00<35:03, 17.98s/it]
LOGO CV @ 100%:  37%|###7      | 69/185 [20:18<34:35, 17.89s/it]
LOGO CV @ 100%:  38%|###7      | 70/185 [20:36<34:13, 17.86s/it]
LOGO CV @ 100%:  38%|###8      | 71/185 [20:53<33:45, 17.76s/it]
LOGO CV @ 100%:  39%|###8      | 72/185 [21:11<33:22, 17.72s/it]
LOGO CV @ 100%:  39%|###9      | 73/185 [21:28<33:06, 17.73s/it]
LOGO CV @ 100%:  40%|####      | 74/185 [21:47<33:09, 17.93s/it]
LOGO CV @ 100%:  41%|####      | 75/185 [22:05<33:00, 18.00s/it]
LOGO CV @ 100%:  41%|####1     | 76/185 [22:22<32:24, 17.84s/it]
LOGO CV @ 100%:  42%|####1     | 77/185 [22:41<32:17, 17.94s/it]
LOGO CV @ 100%:  42%|####2     | 78/185 [22:59<32:09, 18.03s/it]
LOGO CV @ 100%:  43%|####2     | 79/185 [23:17<31:43, 17.96s/it]
LOGO CV @ 100%:  43%|####3     | 80/185 [23:35<31:28, 17.99s/it]
LOGO CV @ 100%:  44%|####3     | 81/185 [23:54<31:35, 18.23s/it]
LOGO CV @ 100%:  44%|####4     | 82/185 [24:12<31:12, 18.18s/it]
LOGO CV @ 100%:  45%|####4     | 83/185 [24:30<31:08, 18.32s/it]
LOGO CV @ 100%:  45%|####5     | 84/185 [24:49<30:49, 18.31s/it]
LOGO CV @ 100%:  46%|####5     | 85/185 [25:07<30:30, 18.31s/it]
LOGO CV @ 100%:  46%|####6     | 86/185 [25:25<30:02, 18.21s/it]
LOGO CV @ 100%:  47%|####7     | 87/185 [25:43<29:56, 18.34s/it]
LOGO CV @ 100%:  48%|####7     | 88/185 [26:02<29:36, 18.31s/it]
LOGO CV @ 100%:  48%|####8     | 89/185 [26:21<29:34, 18.48s/it]
LOGO CV @ 100%:  49%|####8     | 90/185 [26:39<29:17, 18.50s/it]
LOGO CV @ 100%:  49%|####9     | 91/185 [26:57<28:50, 18.41s/it]
LOGO CV @ 100%:  50%|####9     | 92/185 [27:16<28:42, 18.52s/it]
LOGO CV @ 100%:  50%|#####     | 93/185 [27:35<28:22, 18.51s/it]
LOGO CV @ 100%:  51%|#####     | 94/185 [27:53<27:56, 18.42s/it]
LOGO CV @ 100%:  51%|#####1    | 95/185 [28:11<27:30, 18.34s/it]
LOGO CV @ 100%:  52%|#####1    | 96/185 [28:29<27:15, 18.38s/it]
LOGO CV @ 100%:  52%|#####2    | 97/185 [28:48<27:03, 18.45s/it]
LOGO CV @ 100%:  53%|#####2    | 98/185 [29:06<26:40, 18.40s/it]
LOGO CV @ 100%:  54%|#####3    | 99/185 [29:25<26:34, 18.54s/it]
LOGO CV @ 100%:  54%|#####4    | 100/185 [29:43<26:09, 18.46s/it]
LOGO CV @ 100%:  55%|#####4    | 101/185 [30:02<25:55, 18.52s/it]
LOGO CV @ 100%:  55%|#####5    | 102/185 [30:21<25:43, 18.59s/it]
LOGO CV @ 100%:  56%|#####5    | 103/185 [30:39<25:15, 18.48s/it]
LOGO CV @ 100%:  56%|#####6    | 104/185 [30:58<25:07, 18.62s/it]
LOGO CV @ 100%:  57%|#####6    | 105/185 [31:16<24:34, 18.43s/it]
LOGO CV @ 100%:  57%|#####7    | 106/185 [31:34<24:15, 18.42s/it]
LOGO CV @ 100%:  58%|#####7    | 107/185 [31:53<23:58, 18.44s/it]
LOGO CV @ 100%:  58%|#####8    | 108/185 [32:11<23:39, 18.43s/it]
LOGO CV @ 100%:  59%|#####8    | 109/185 [32:30<23:20, 18.42s/it]
LOGO CV @ 100%:  59%|#####9    | 110/185 [32:48<23:01, 18.42s/it]
LOGO CV @ 100%:  60%|######    | 111/185 [33:07<22:54, 18.57s/it]
LOGO CV @ 100%:  61%|######    | 112/185 [33:26<22:37, 18.60s/it]
LOGO CV @ 100%:  61%|######1   | 113/185 [33:44<22:15, 18.54s/it]
LOGO CV @ 100%:  62%|######1   | 114/185 [34:03<21:55, 18.53s/it]
LOGO CV @ 100%:  62%|######2   | 115/185 [34:21<21:40, 18.57s/it]
LOGO CV @ 100%:  63%|######2   | 116/185 [34:40<21:14, 18.47s/it]
LOGO CV @ 100%:  63%|######3   | 117/185 [34:58<21:05, 18.61s/it]
LOGO CV @ 100%:  64%|######3   | 118/185 [35:17<20:51, 18.68s/it]
LOGO CV @ 100%:  64%|######4   | 119/185 [35:36<20:29, 18.63s/it]
LOGO CV @ 100%:  65%|######4   | 120/185 [35:54<20:09, 18.61s/it]
LOGO CV @ 100%:  65%|######5   | 121/185 [36:13<19:54, 18.67s/it]
LOGO CV @ 100%:  66%|######5   | 122/185 [36:31<19:25, 18.50s/it]
LOGO CV @ 100%:  66%|######6   | 123/185 [36:50<19:07, 18.51s/it]
LOGO CV @ 100%:  67%|######7   | 124/185 [37:08<18:50, 18.54s/it]
LOGO CV @ 100%:  68%|######7   | 125/185 [37:27<18:26, 18.44s/it]
LOGO CV @ 100%:  68%|######8   | 126/185 [37:45<18:12, 18.51s/it]
LOGO CV @ 100%:  69%|######8   | 127/185 [38:04<17:54, 18.53s/it]
LOGO CV @ 100%:  69%|######9   | 128/185 [38:22<17:27, 18.38s/it]
LOGO CV @ 100%:  70%|######9   | 129/185 [38:40<17:08, 18.37s/it]
LOGO CV @ 100%:  70%|#######   | 130/185 [38:59<16:55, 18.47s/it]
LOGO CV @ 100%:  71%|#######   | 131/185 [39:19<17:01, 18.91s/it]
LOGO CV @ 100%:  71%|#######1  | 132/185 [39:39<17:07, 19.39s/it]
LOGO CV @ 100%:  72%|#######1  | 133/185 [40:00<17:03, 19.68s/it]
LOGO CV @ 100%:  72%|#######2  | 134/185 [40:18<16:27, 19.37s/it]
LOGO CV @ 100%:  73%|#######2  | 135/185 [40:37<15:53, 19.06s/it]
LOGO CV @ 100%:  74%|#######3  | 136/185 [40:55<15:20, 18.78s/it]
LOGO CV @ 100%:  74%|#######4  | 137/185 [41:13<14:56, 18.68s/it]
LOGO CV @ 100%:  75%|#######4  | 138/185 [41:32<14:37, 18.68s/it]
LOGO CV @ 100%:  75%|#######5  | 139/185 [41:51<14:22, 18.76s/it]
LOGO CV @ 100%:  76%|#######5  | 140/185 [42:10<14:02, 18.73s/it]
LOGO CV @ 100%:  76%|#######6  | 141/185 [42:28<13:37, 18.59s/it]
LOGO CV @ 100%:  77%|#######6  | 142/185 [42:46<13:19, 18.59s/it]
LOGO CV @ 100%:  77%|#######7  | 143/185 [43:05<12:59, 18.56s/it]
LOGO CV @ 100%:  78%|#######7  | 144/185 [43:23<12:36, 18.45s/it]
LOGO CV @ 100%:  78%|#######8  | 145/185 [43:42<12:22, 18.56s/it]
LOGO CV @ 100%:  79%|#######8  | 146/185 [44:02<12:24, 19.10s/it]
LOGO CV @ 100%:  79%|#######9  | 147/185 [44:23<12:20, 19.47s/it]
LOGO CV @ 100%:  80%|########  | 148/185 [44:42<12:04, 19.58s/it]
LOGO CV @ 100%:  81%|########  | 149/185 [45:02<11:43, 19.54s/it]
LOGO CV @ 100%:  81%|########1 | 150/185 [45:20<11:05, 19.02s/it]
LOGO CV @ 100%:  82%|########1 | 151/185 [45:38<10:39, 18.81s/it]
LOGO CV @ 100%:  82%|########2 | 152/185 [45:56<10:16, 18.69s/it]
LOGO CV @ 100%:  83%|########2 | 153/185 [46:15<09:55, 18.61s/it]
LOGO CV @ 100%:  83%|########3 | 154/185 [46:34<09:39, 18.69s/it]
LOGO CV @ 100%:  84%|########3 | 155/185 [46:52<09:18, 18.62s/it]
LOGO CV @ 100%:  84%|########4 | 156/185 [47:10<08:50, 18.28s/it]
LOGO CV @ 100%:  85%|########4 | 157/185 [47:27<08:20, 17.86s/it]
LOGO CV @ 100%:  85%|########5 | 158/185 [47:44<07:55, 17.62s/it]
LOGO CV @ 100%:  86%|########5 | 159/185 [48:01<07:32, 17.39s/it]
LOGO CV @ 100%:  86%|########6 | 160/185 [48:17<07:10, 17.24s/it]
LOGO CV @ 100%:  87%|########7 | 161/185 [48:35<06:53, 17.21s/it]
LOGO CV @ 100%:  88%|########7 | 162/185 [48:53<06:41, 17.47s/it]
LOGO CV @ 100%:  88%|########8 | 163/185 [49:09<06:19, 17.27s/it]
LOGO CV @ 100%:  89%|########8 | 164/185 [49:26<06:00, 17.17s/it]
LOGO CV @ 100%:  89%|########9 | 165/185 [49:44<05:46, 17.32s/it]
LOGO CV @ 100%:  90%|########9 | 166/185 [50:01<05:25, 17.14s/it]
LOGO CV @ 100%:  90%|######### | 167/185 [50:18<05:08, 17.11s/it]
LOGO CV @ 100%:  91%|######### | 168/185 [50:34<04:48, 16.95s/it]
LOGO CV @ 100%:  91%|#########1| 169/185 [50:51<04:30, 16.93s/it]
LOGO CV @ 100%:  92%|#########1| 170/185 [51:08<04:12, 16.86s/it]
LOGO CV @ 100%:  92%|#########2| 171/185 [51:25<03:55, 16.80s/it]
LOGO CV @ 100%:  93%|#########2| 172/185 [51:42<03:38, 16.84s/it]
LOGO CV @ 100%:  94%|#########3| 173/185 [51:58<03:22, 16.86s/it]
LOGO CV @ 100%:  94%|#########4| 174/185 [52:15<03:05, 16.87s/it]
LOGO CV @ 100%:  95%|#########4| 175/185 [52:32<02:48, 16.88s/it]
LOGO CV @ 100%:  95%|#########5| 176/185 [52:49<02:31, 16.81s/it]
LOGO CV @ 100%:  96%|#########5| 177/185 [53:06<02:14, 16.78s/it]
LOGO CV @ 100%:  96%|#########6| 178/185 [53:23<01:57, 16.82s/it]
LOGO CV @ 100%:  97%|#########6| 179/185 [53:39<01:39, 16.64s/it]
LOGO CV @ 100%:  97%|#########7| 180/185 [53:56<01:23, 16.69s/it]
LOGO CV @ 100%:  98%|#########7| 181/185 [54:13<01:07, 16.77s/it]
LOGO CV @ 100%:  98%|#########8| 182/185 [54:29<00:50, 16.76s/it]
LOGO CV @ 100%:  99%|#########8| 183/185 [54:46<00:33, 16.84s/it]
LOGO CV @ 100%:  99%|#########9| 184/185 [55:03<00:16, 16.75s/it]
LOGO CV @ 100%: 100%|##########| 185/185 [55:20<00:00, 16.75s/it]
LOGO CV @ 100%: 100%|##########| 185/185 [55:20<00:00, 17.95s/it]
Final AUC after host-averaged adjustment: 0.817
Precomputing averaged representation for 99.5% ...
  collapsing 25/200 accessions
  collapsing 50/200 accessions
  collapsing 75/200 accessions
  collapsing 100/200 accessions
  collapsing 125/200 accessions
  collapsing 150/200 accessions
  collapsing 175/200 accessions
  collapsing 200/200 accessions


LOGO CV @ 99.5%:   0%|          | 0/133 [00:00<?, ?it/s]
LOGO CV @ 99.5%:   1%|          | 1/133 [00:17<39:06, 17.77s/it]
LOGO CV @ 99.5%:   2%|1         | 2/133 [00:34<37:12, 17.04s/it]
LOGO CV @ 99.5%:   2%|2         | 3/133 [00:51<36:40, 16.93s/it]
LOGO CV @ 99.5%:   3%|3         | 4/133 [01:07<35:59, 16.74s/it]
LOGO CV @ 99.5%:   4%|3         | 5/133 [01:24<35:45, 16.76s/it]
LOGO CV @ 99.5%:   5%|4         | 6/133 [01:40<35:20, 16.69s/it]
LOGO CV @ 99.5%:   5%|5         | 7/133 [01:57<35:02, 16.69s/it]
LOGO CV @ 99.5%:   6%|6         | 8/133 [02:14<34:48, 16.71s/it]
LOGO CV @ 99.5%:   7%|6         | 9/133 [02:30<34:24, 16.65s/it]
LOGO CV @ 99.5%:   8%|7         | 10/133 [02:48<34:27, 16.81s/it]
LOGO CV @ 99.5%:   8%|8         | 11/133 [03:04<34:01, 16.73s/it]
LOGO CV @ 99.5%:   9%|9         | 12/133 [03:21<33:45, 16.74s/it]
LOGO CV @ 99.5%:  10%|9         | 13/133 [03:37<33:21, 16.68s/it]
LOGO CV @ 99.5%:  11%|#         | 14/133 [03:54<33:06, 16.69s/it]
LOGO CV @ 99.5%:  11%|#1        | 15/133 [04:10<32:37, 16.59s/it]
LOGO CV @ 99.5%:  12%|#2        | 16/133 [04:27<32:14, 16.54s/it]
LOGO CV @ 99.5%:  13%|#2        | 17/133 [04:44<32:28, 16.79s/it]
LOGO CV @ 99.5%:  14%|#3        | 18/133 [05:01<32:11, 16.80s/it]
LOGO CV @ 99.5%:  14%|#4        | 19/133 [05:18<31:53, 16.79s/it]
LOGO CV @ 99.5%:  15%|#5        | 20/133 [05:35<31:36, 16.78s/it]
LOGO CV @ 99.5%:  16%|#5        | 21/133 [05:51<31:11, 16.71s/it]
LOGO CV @ 99.5%:  17%|#6        | 22/133 [06:08<31:00, 16.76s/it]
LOGO CV @ 99.5%:  17%|#7        | 23/133 [06:25<30:36, 16.70s/it]
LOGO CV @ 99.5%:  18%|#8        | 24/133 [06:41<30:10, 16.61s/it]
LOGO CV @ 99.5%:  19%|#8        | 25/133 [06:58<29:54, 16.61s/it]
LOGO CV @ 99.5%:  20%|#9        | 26/133 [07:14<29:39, 16.63s/it]
LOGO CV @ 99.5%:  20%|##        | 27/133 [07:31<29:23, 16.63s/it]
LOGO CV @ 99.5%:  21%|##1       | 28/133 [07:48<29:08, 16.65s/it]
LOGO CV @ 99.5%:  22%|##1       | 29/133 [08:04<28:58, 16.71s/it]
LOGO CV @ 99.5%:  23%|##2       | 30/133 [08:21<28:46, 16.77s/it]
LOGO CV @ 99.5%:  23%|##3       | 31/133 [08:38<28:21, 16.68s/it]
LOGO CV @ 99.5%:  24%|##4       | 32/133 [08:55<28:06, 16.70s/it]
LOGO CV @ 99.5%:  25%|##4       | 33/133 [09:11<27:56, 16.76s/it]
LOGO CV @ 99.5%:  26%|##5       | 34/133 [09:28<27:27, 16.64s/it]
LOGO CV @ 99.5%:  26%|##6       | 35/133 [09:44<27:02, 16.55s/it]
LOGO CV @ 99.5%:  27%|##7       | 36/133 [10:01<26:47, 16.57s/it]
LOGO CV @ 99.5%:  28%|##7       | 37/133 [10:17<26:29, 16.56s/it]
LOGO CV @ 99.5%:  29%|##8       | 38/133 [10:34<26:08, 16.51s/it]
LOGO CV @ 99.5%:  29%|##9       | 39/133 [10:50<25:55, 16.55s/it]
LOGO CV @ 99.5%:  30%|###       | 40/133 [11:07<25:37, 16.53s/it]
LOGO CV @ 99.5%:  31%|###       | 41/133 [11:24<25:24, 16.57s/it]
LOGO CV @ 99.5%:  32%|###1      | 42/133 [11:40<25:10, 16.60s/it]
LOGO CV @ 99.5%:  32%|###2      | 43/133 [11:57<24:50, 16.56s/it]
LOGO CV @ 99.5%:  33%|###3      | 44/133 [12:13<24:39, 16.62s/it]
LOGO CV @ 99.5%:  34%|###3      | 45/133 [12:30<24:25, 16.66s/it]
LOGO CV @ 99.5%:  35%|###4      | 46/133 [12:47<24:03, 16.59s/it]
LOGO CV @ 99.5%:  35%|###5      | 47/133 [13:03<23:39, 16.50s/it]
LOGO CV @ 99.5%:  36%|###6      | 48/133 [13:19<23:24, 16.52s/it]
LOGO CV @ 99.5%:  37%|###6      | 49/133 [13:36<23:06, 16.51s/it]
LOGO CV @ 99.5%:  38%|###7      | 50/133 [13:52<22:50, 16.51s/it]
LOGO CV @ 99.5%:  38%|###8      | 51/133 [14:09<22:40, 16.59s/it]
LOGO CV @ 99.5%:  39%|###9      | 52/133 [14:26<22:24, 16.60s/it]
LOGO CV @ 99.5%:  40%|###9      | 53/133 [14:42<21:55, 16.44s/it]
LOGO CV @ 99.5%:  41%|####      | 54/133 [14:59<21:51, 16.60s/it]
LOGO CV @ 99.5%:  41%|####1     | 55/133 [15:16<21:38, 16.64s/it]
LOGO CV @ 99.5%:  42%|####2     | 56/133 [15:32<21:17, 16.58s/it]
LOGO CV @ 99.5%:  43%|####2     | 57/133 [15:49<21:03, 16.62s/it]
LOGO CV @ 99.5%:  44%|####3     | 58/133 [16:05<20:43, 16.57s/it]
LOGO CV @ 99.5%:  44%|####4     | 59/133 [16:22<20:23, 16.54s/it]
LOGO CV @ 99.5%:  45%|####5     | 60/133 [16:38<20:08, 16.56s/it]
LOGO CV @ 99.5%:  46%|####5     | 61/133 [16:55<19:49, 16.52s/it]
LOGO CV @ 99.5%:  47%|####6     | 62/133 [17:12<19:39, 16.62s/it]
LOGO CV @ 99.5%:  47%|####7     | 63/133 [17:28<19:25, 16.64s/it]
LOGO CV @ 99.5%:  48%|####8     | 64/133 [17:45<19:13, 16.71s/it]
LOGO CV @ 99.5%:  49%|####8     | 65/133 [18:02<18:50, 16.62s/it]
LOGO CV @ 99.5%:  50%|####9     | 66/133 [18:18<18:33, 16.61s/it]
LOGO CV @ 99.5%:  50%|#####     | 67/133 [18:35<18:22, 16.70s/it]
LOGO CV @ 99.5%:  51%|#####1    | 68/133 [18:51<17:56, 16.56s/it]
LOGO CV @ 99.5%:  52%|#####1    | 69/133 [19:08<17:39, 16.56s/it]
LOGO CV @ 99.5%:  53%|#####2    | 70/133 [19:24<17:23, 16.56s/it]
LOGO CV @ 99.5%:  53%|#####3    | 71/133 [19:41<17:00, 16.45s/it]
LOGO CV @ 99.5%:  54%|#####4    | 72/133 [19:57<16:49, 16.54s/it]
LOGO CV @ 99.5%:  55%|#####4    | 73/133 [20:14<16:34, 16.57s/it]
LOGO CV @ 99.5%:  56%|#####5    | 74/133 [20:31<16:24, 16.69s/it]
LOGO CV @ 99.5%:  56%|#####6    | 75/133 [20:48<16:06, 16.67s/it]
LOGO CV @ 99.5%:  57%|#####7    | 76/133 [21:04<15:46, 16.61s/it]
LOGO CV @ 99.5%:  58%|#####7    | 77/133 [21:21<15:30, 16.62s/it]
LOGO CV @ 99.5%:  59%|#####8    | 78/133 [21:37<15:10, 16.55s/it]
LOGO CV @ 99.5%:  59%|#####9    | 79/133 [21:54<14:50, 16.50s/it]
LOGO CV @ 99.5%:  60%|######    | 80/133 [22:10<14:35, 16.52s/it]
LOGO CV @ 99.5%:  61%|######    | 81/133 [22:27<14:20, 16.54s/it]
LOGO CV @ 99.5%:  62%|######1   | 82/133 [22:43<14:02, 16.51s/it]
LOGO CV @ 99.5%:  62%|######2   | 83/133 [23:00<13:44, 16.49s/it]
LOGO CV @ 99.5%:  63%|######3   | 84/133 [23:16<13:28, 16.49s/it]
LOGO CV @ 99.5%:  64%|######3   | 85/133 [23:33<13:18, 16.64s/it]
LOGO CV @ 99.5%:  65%|######4   | 86/133 [23:49<12:53, 16.46s/it]
LOGO CV @ 99.5%:  65%|######5   | 87/133 [24:06<12:38, 16.49s/it]
LOGO CV @ 99.5%:  66%|######6   | 88/133 [24:22<12:22, 16.49s/it]
LOGO CV @ 99.5%:  67%|######6   | 89/133 [24:39<12:06, 16.52s/it]
LOGO CV @ 99.5%:  68%|######7   | 90/133 [24:55<11:50, 16.52s/it]
LOGO CV @ 99.5%:  68%|######8   | 91/133 [25:12<11:40, 16.69s/it]
LOGO CV @ 99.5%:  69%|######9   | 92/133 [25:29<11:23, 16.67s/it]
LOGO CV @ 99.5%:  70%|######9   | 93/133 [25:46<11:05, 16.65s/it]
LOGO CV @ 99.5%:  71%|#######   | 94/133 [26:02<10:51, 16.71s/it]
LOGO CV @ 99.5%:  71%|#######1  | 95/133 [26:19<10:34, 16.70s/it]
LOGO CV @ 99.5%:  72%|#######2  | 96/133 [26:36<10:20, 16.78s/it]
LOGO CV @ 99.5%:  73%|#######2  | 97/133 [26:54<10:11, 16.99s/it]
LOGO CV @ 99.5%:  74%|#######3  | 98/133 [27:11<09:55, 17.01s/it]
LOGO CV @ 99.5%:  74%|#######4  | 99/133 [27:27<09:33, 16.87s/it]
LOGO CV @ 99.5%:  75%|#######5  | 100/133 [27:44<09:13, 16.76s/it]
LOGO CV @ 99.5%:  76%|#######5  | 101/133 [28:00<08:57, 16.80s/it]
LOGO CV @ 99.5%:  77%|#######6  | 102/133 [28:17<08:40, 16.79s/it]
LOGO CV @ 99.5%:  77%|#######7  | 103/133 [28:34<08:24, 16.83s/it]
LOGO CV @ 99.5%:  78%|#######8  | 104/133 [28:51<08:06, 16.79s/it]
LOGO CV @ 99.5%:  79%|#######8  | 105/133 [29:08<07:54, 16.94s/it]
LOGO CV @ 99.5%:  80%|#######9  | 106/133 [29:25<07:38, 16.97s/it]
LOGO CV @ 99.5%:  80%|########  | 107/133 [29:42<07:18, 16.86s/it]
LOGO CV @ 99.5%:  81%|########1 | 108/133 [29:59<07:01, 16.86s/it]
LOGO CV @ 99.5%:  82%|########1 | 109/133 [30:15<06:44, 16.85s/it]
LOGO CV @ 99.5%:  83%|########2 | 110/133 [30:32<06:26, 16.80s/it]
LOGO CV @ 99.5%:  83%|########3 | 111/133 [30:49<06:08, 16.75s/it]
LOGO CV @ 99.5%:  84%|########4 | 112/133 [31:05<05:50, 16.67s/it]
LOGO CV @ 99.5%:  85%|########4 | 113/133 [31:22<05:35, 16.77s/it]
LOGO CV @ 99.5%:  86%|########5 | 114/133 [31:39<05:16, 16.67s/it]
LOGO CV @ 99.5%:  86%|########6 | 115/133 [31:55<05:00, 16.69s/it]
LOGO CV @ 99.5%:  87%|########7 | 116/133 [32:12<04:44, 16.71s/it]
LOGO CV @ 99.5%:  88%|########7 | 117/133 [32:29<04:27, 16.73s/it]
LOGO CV @ 99.5%:  89%|########8 | 118/133 [32:46<04:10, 16.73s/it]
LOGO CV @ 99.5%:  89%|########9 | 119/133 [33:03<03:55, 16.83s/it]
LOGO CV @ 99.5%:  90%|######### | 120/133 [33:20<03:38, 16.81s/it]
LOGO CV @ 99.5%:  91%|######### | 121/133 [33:36<03:20, 16.70s/it]
LOGO CV @ 99.5%:  92%|#########1| 122/133 [33:53<03:03, 16.70s/it]
LOGO CV @ 99.5%:  92%|#########2| 123/133 [34:09<02:46, 16.70s/it]
LOGO CV @ 99.5%:  93%|#########3| 124/133 [34:26<02:30, 16.67s/it]
LOGO CV @ 99.5%:  94%|#########3| 125/133 [34:43<02:13, 16.64s/it]
LOGO CV @ 99.5%:  95%|#########4| 126/133 [34:59<01:56, 16.70s/it]
LOGO CV @ 99.5%:  95%|#########5| 127/133 [35:16<01:40, 16.67s/it]
LOGO CV @ 99.5%:  96%|#########6| 128/133 [35:33<01:23, 16.75s/it]
LOGO CV @ 99.5%:  97%|#########6| 129/133 [35:50<01:07, 16.78s/it]
LOGO CV @ 99.5%:  98%|#########7| 130/133 [36:07<00:50, 16.86s/it]
LOGO CV @ 99.5%:  98%|#########8| 131/133 [36:23<00:33, 16.65s/it]
LOGO CV @ 99.5%:  99%|#########9| 132/133 [36:40<00:16, 16.71s/it]
LOGO CV @ 99.5%: 100%|##########| 133/133 [36:57<00:00, 16.77s/it]
LOGO CV @ 99.5%: 100%|##########| 133/133 [36:57<00:00, 16.67s/it]
Final AUC after host-averaged adjustment: 0.745
Precomputing averaged representation for 99% ...
  collapsing 25/200 accessions
  collapsing 50/200 accessions
  collapsing 75/200 accessions
  collapsing 100/200 accessions
  collapsing 125/200 accessions
  collapsing 150/200 accessions
  collapsing 175/200 accessions
  collapsing 200/200 accessions


LOGO CV @ 99%:   0%|          | 0/121 [00:00<?, ?it/s]
LOGO CV @ 99%:   1%|          | 1/121 [00:17<35:24, 17.71s/it]
LOGO CV @ 99%:   2%|1         | 2/121 [00:34<33:51, 17.07s/it]
LOGO CV @ 99%:   2%|2         | 3/121 [00:51<33:30, 17.04s/it]
LOGO CV @ 99%:   3%|3         | 4/121 [01:07<32:45, 16.80s/it]
LOGO CV @ 99%:   4%|4         | 5/121 [01:24<32:30, 16.81s/it]
LOGO CV @ 99%:   5%|4         | 6/121 [01:41<32:11, 16.80s/it]
LOGO CV @ 99%:   6%|5         | 7/121 [01:57<31:48, 16.74s/it]
LOGO CV @ 99%:   7%|6         | 8/121 [02:14<31:35, 16.78s/it]
LOGO CV @ 99%:   7%|7         | 9/121 [02:31<31:16, 16.76s/it]
LOGO CV @ 99%:   8%|8         | 10/121 [02:48<30:50, 16.67s/it]
LOGO CV @ 99%:   9%|9         | 11/121 [03:04<30:31, 16.65s/it]
LOGO CV @ 99%:  10%|9         | 12/121 [03:21<30:22, 16.72s/it]
LOGO CV @ 99%:  11%|#         | 13/121 [03:38<29:59, 16.66s/it]
LOGO CV @ 99%:  12%|#1        | 14/121 [03:54<29:42, 16.66s/it]
LOGO CV @ 99%:  12%|#2        | 15/121 [04:11<29:21, 16.62s/it]
LOGO CV @ 99%:  13%|#3        | 16/121 [04:27<29:02, 16.60s/it]
LOGO CV @ 99%:  14%|#4        | 17/121 [04:44<28:35, 16.49s/it]
LOGO CV @ 99%:  15%|#4        | 18/121 [05:00<28:25, 16.56s/it]
LOGO CV @ 99%:  16%|#5        | 19/121 [05:17<28:18, 16.66s/it]
LOGO CV @ 99%:  17%|#6        | 20/121 [05:34<28:02, 16.66s/it]
LOGO CV @ 99%:  17%|#7        | 21/121 [05:51<27:48, 16.68s/it]
LOGO CV @ 99%:  18%|#8        | 22/121 [06:08<27:42, 16.80s/it]
LOGO CV @ 99%:  19%|#9        | 23/121 [06:24<27:22, 16.76s/it]
LOGO CV @ 99%:  20%|#9        | 24/121 [06:41<27:04, 16.75s/it]
LOGO CV @ 99%:  21%|##        | 25/121 [06:58<26:41, 16.68s/it]
LOGO CV @ 99%:  21%|##1       | 26/121 [07:14<26:25, 16.69s/it]
LOGO CV @ 99%:  22%|##2       | 27/121 [07:31<26:08, 16.68s/it]
LOGO CV @ 99%:  23%|##3       | 28/121 [07:48<25:57, 16.75s/it]
LOGO CV @ 99%:  24%|##3       | 29/121 [08:05<25:43, 16.77s/it]
LOGO CV @ 99%:  25%|##4       | 30/121 [08:22<25:30, 16.82s/it]
LOGO CV @ 99%:  26%|##5       | 31/121 [08:38<25:09, 16.77s/it]
LOGO CV @ 99%:  26%|##6       | 32/121 [08:55<24:51, 16.76s/it]
LOGO CV @ 99%:  27%|##7       | 33/121 [09:12<24:39, 16.81s/it]
LOGO CV @ 99%:  28%|##8       | 34/121 [09:28<24:15, 16.74s/it]
LOGO CV @ 99%:  29%|##8       | 35/121 [09:45<23:48, 16.61s/it]
LOGO CV @ 99%:  30%|##9       | 36/121 [10:01<23:33, 16.63s/it]
LOGO CV @ 99%:  31%|###       | 37/121 [10:18<23:18, 16.65s/it]
LOGO CV @ 99%:  31%|###1      | 38/121 [10:35<22:55, 16.58s/it]
LOGO CV @ 99%:  32%|###2      | 39/121 [10:51<22:41, 16.60s/it]
LOGO CV @ 99%:  33%|###3      | 40/121 [11:08<22:27, 16.63s/it]
LOGO CV @ 99%:  34%|###3      | 41/121 [11:25<22:13, 16.67s/it]
LOGO CV @ 99%:  35%|###4      | 42/121 [11:41<21:59, 16.70s/it]
LOGO CV @ 99%:  36%|###5      | 43/121 [11:58<21:43, 16.71s/it]
LOGO CV @ 99%:  36%|###6      | 44/121 [12:15<21:25, 16.69s/it]
LOGO CV @ 99%:  37%|###7      | 45/121 [12:31<20:59, 16.57s/it]
LOGO CV @ 99%:  38%|###8      | 46/121 [12:48<20:44, 16.59s/it]
LOGO CV @ 99%:  39%|###8      | 47/121 [13:04<20:25, 16.56s/it]
LOGO CV @ 99%:  40%|###9      | 48/121 [13:21<20:09, 16.56s/it]
LOGO CV @ 99%:  40%|####      | 49/121 [13:38<19:58, 16.65s/it]
LOGO CV @ 99%:  41%|####1     | 50/121 [13:54<19:44, 16.68s/it]
LOGO CV @ 99%:  42%|####2     | 51/121 [14:10<19:15, 16.51s/it]
LOGO CV @ 99%:  43%|####2     | 52/121 [14:28<19:10, 16.67s/it]
LOGO CV @ 99%:  44%|####3     | 53/121 [14:44<18:57, 16.72s/it]
LOGO CV @ 99%:  45%|####4     | 54/121 [15:01<18:36, 16.66s/it]
LOGO CV @ 99%:  45%|####5     | 55/121 [15:18<18:22, 16.70s/it]
LOGO CV @ 99%:  46%|####6     | 56/121 [15:35<18:08, 16.74s/it]
LOGO CV @ 99%:  47%|####7     | 57/121 [15:51<17:48, 16.69s/it]
LOGO CV @ 99%:  48%|####7     | 58/121 [16:08<17:27, 16.62s/it]
LOGO CV @ 99%:  49%|####8     | 59/121 [16:25<17:18, 16.75s/it]
LOGO CV @ 99%:  50%|####9     | 60/121 [16:41<17:01, 16.74s/it]
LOGO CV @ 99%:  50%|#####     | 61/121 [16:58<16:47, 16.80s/it]
LOGO CV @ 99%:  51%|#####1    | 62/121 [17:15<16:27, 16.73s/it]
LOGO CV @ 99%:  52%|#####2    | 63/121 [17:31<16:07, 16.68s/it]
LOGO CV @ 99%:  53%|#####2    | 64/121 [17:48<15:54, 16.75s/it]
LOGO CV @ 99%:  54%|#####3    | 65/121 [18:05<15:36, 16.72s/it]
LOGO CV @ 99%:  55%|#####4    | 66/121 [18:21<15:15, 16.65s/it]
LOGO CV @ 99%:  55%|#####5    | 67/121 [18:38<14:51, 16.52s/it]
LOGO CV @ 99%:  56%|#####6    | 68/121 [18:54<14:39, 16.60s/it]
LOGO CV @ 99%:  57%|#####7    | 69/121 [19:11<14:23, 16.61s/it]
LOGO CV @ 99%:  58%|#####7    | 70/121 [19:28<14:12, 16.71s/it]
LOGO CV @ 99%:  59%|#####8    | 71/121 [19:45<13:55, 16.72s/it]
LOGO CV @ 99%:  60%|#####9    | 72/121 [20:01<13:37, 16.68s/it]
LOGO CV @ 99%:  60%|######    | 73/121 [20:18<13:19, 16.65s/it]
LOGO CV @ 99%:  61%|######1   | 74/121 [20:34<13:01, 16.62s/it]
LOGO CV @ 99%:  62%|######1   | 75/121 [20:51<12:43, 16.59s/it]
LOGO CV @ 99%:  63%|######2   | 76/121 [21:08<12:26, 16.58s/it]
LOGO CV @ 99%:  64%|######3   | 77/121 [21:24<12:12, 16.64s/it]
LOGO CV @ 99%:  64%|######4   | 78/121 [21:41<11:54, 16.61s/it]
LOGO CV @ 99%:  65%|######5   | 79/121 [21:57<11:37, 16.61s/it]
LOGO CV @ 99%:  66%|######6   | 80/121 [22:15<11:26, 16.74s/it]
LOGO CV @ 99%:  67%|######6   | 81/121 [22:31<11:02, 16.56s/it]
LOGO CV @ 99%:  68%|######7   | 82/121 [22:47<10:46, 16.58s/it]
LOGO CV @ 99%:  69%|######8   | 83/121 [23:04<10:30, 16.58s/it]
LOGO CV @ 99%:  69%|######9   | 84/121 [23:21<10:14, 16.60s/it]
LOGO CV @ 99%:  70%|#######   | 85/121 [23:37<09:57, 16.60s/it]
LOGO CV @ 99%:  71%|#######1  | 86/121 [23:54<09:46, 16.77s/it]
LOGO CV @ 99%:  72%|#######1  | 87/121 [24:11<09:30, 16.77s/it]
LOGO CV @ 99%:  73%|#######2  | 88/121 [24:28<09:14, 16.79s/it]
LOGO CV @ 99%:  74%|#######3  | 89/121 [24:45<08:56, 16.75s/it]
LOGO CV @ 99%:  74%|#######4  | 90/121 [25:02<08:42, 16.84s/it]
LOGO CV @ 99%:  75%|#######5  | 91/121 [25:19<08:27, 16.90s/it]
LOGO CV @ 99%:  76%|#######6  | 92/121 [25:35<08:08, 16.85s/it]
LOGO CV @ 99%:  77%|#######6  | 93/121 [25:52<07:48, 16.74s/it]
LOGO CV @ 99%:  78%|#######7  | 94/121 [26:08<07:29, 16.65s/it]
LOGO CV @ 99%:  79%|#######8  | 95/121 [26:25<07:12, 16.65s/it]
LOGO CV @ 99%:  79%|#######9  | 96/121 [26:42<06:56, 16.66s/it]
LOGO CV @ 99%:  80%|########  | 97/121 [26:58<06:38, 16.60s/it]
LOGO CV @ 99%:  81%|########  | 98/121 [27:15<06:22, 16.65s/it]
LOGO CV @ 99%:  82%|########1 | 99/121 [27:31<06:05, 16.60s/it]
LOGO CV @ 99%:  83%|########2 | 100/121 [27:48<05:49, 16.64s/it]
LOGO CV @ 99%:  83%|########3 | 101/121 [28:05<05:33, 16.67s/it]
LOGO CV @ 99%:  84%|########4 | 102/121 [28:21<05:16, 16.64s/it]
LOGO CV @ 99%:  85%|########5 | 103/121 [28:38<04:59, 16.63s/it]
LOGO CV @ 99%:  86%|########5 | 104/121 [28:54<04:41, 16.55s/it]
LOGO CV @ 99%:  87%|########6 | 105/121 [29:11<04:26, 16.65s/it]
LOGO CV @ 99%:  88%|########7 | 106/121 [29:28<04:10, 16.70s/it]
LOGO CV @ 99%:  88%|########8 | 107/121 [29:45<03:53, 16.66s/it]
LOGO CV @ 99%:  89%|########9 | 108/121 [30:01<03:37, 16.70s/it]
LOGO CV @ 99%:  90%|######### | 109/121 [30:18<03:20, 16.73s/it]
LOGO CV @ 99%:  91%|######### | 110/121 [30:35<03:02, 16.61s/it]
LOGO CV @ 99%:  92%|#########1| 111/121 [30:51<02:46, 16.63s/it]
LOGO CV @ 99%:  93%|#########2| 112/121 [31:08<02:30, 16.67s/it]
LOGO CV @ 99%:  93%|#########3| 113/121 [31:25<02:13, 16.65s/it]
LOGO CV @ 99%:  94%|#########4| 114/121 [31:41<01:56, 16.66s/it]
LOGO CV @ 99%:  95%|#########5| 115/121 [31:58<01:39, 16.66s/it]
LOGO CV @ 99%:  96%|#########5| 116/121 [32:15<01:23, 16.74s/it]
LOGO CV @ 99%:  97%|#########6| 117/121 [32:32<01:07, 16.75s/it]
LOGO CV @ 99%:  98%|#########7| 118/121 [32:49<00:50, 16.81s/it]
LOGO CV @ 99%:  98%|#########8| 119/121 [33:05<00:33, 16.65s/it]
LOGO CV @ 99%:  99%|#########9| 120/121 [33:22<00:16, 16.68s/it]
LOGO CV @ 99%: 100%|##########| 121/121 [33:39<00:00, 16.73s/it]
LOGO CV @ 99%: 100%|##########| 121/121 [33:39<00:00, 16.69s/it]
Final AUC after host-averaged adjustment: 0.7
Skipping 95%
Skipping 90%
Skipping 85%
Skipping 80%
Skipping 75%

Wrote Results/0_AUCs_original_replica.pkl — all 8 thresholds: [np.float64(0.817), np.float64(0.745), np.float64(0.7), np.float64(0.671), np.float64(0.661), np.float64(0.649), np.float64(0.678), np.float64(0.699)]
