
======================================================================
2026-08-20 02:51:59  2b_serotype_only.py  device=cuda  thresholds=['100', '99.5', '99', '95', '90', '85', '80', '75']
======================================================================
Loaded cache: 487,400 pairs, 3,880 host proteins, 274 RBPs
Interaction-level table: 10,006 pairs (3.33% positive)
Serotype encoding: 87 columns (the ONLY features this model sees)

serotype-only @ 100%:   0%|          | 0/185 [00:00<?, ?it/s]C:\Users\IamAh\anaconda3\envs\keymotif\Lib\site-packages\xgboost\core.py:158: UserWarning: [02:52:03] WARNING: C:\buildkite-agent\builds\buildkite-windows-cpu-autoscaling-group-i-08cbc0333d8d4aae1-1\xgboost\xgboost-ci-windows\src\common\error_msg.cc:58: Falling back to prediction using DMatrix due to mismatched devices. This might lead to higher memory usage and slower performance. XGBoost is running on: cuda:0, while the input data is on: cpu.
Potential solutions:
- Use a data structure that matches the device ordinal in the booster.
- Set the device for booster before call to inplace_predict.

This warning will only be shown once.

  warnings.warn(smsg, UserWarning)

serotype-only @ 100%:   1%|          | 1/185 [00:01<04:30,  1.47s/it]
serotype-only @ 100%:   1%|1         | 2/185 [00:02<03:09,  1.04s/it]
serotype-only @ 100%:   2%|1         | 3/185 [00:02<02:43,  1.12it/s]
serotype-only @ 100%:   2%|2         | 4/185 [00:03<02:32,  1.19it/s]
serotype-only @ 100%:   3%|2         | 5/185 [00:04<02:25,  1.24it/s]
serotype-only @ 100%:   3%|3         | 6/185 [00:05<02:19,  1.28it/s]
serotype-only @ 100%:   4%|3         | 7/185 [00:05<02:18,  1.29it/s]
serotype-only @ 100%:   4%|4         | 8/185 [00:06<02:16,  1.30it/s]
serotype-only @ 100%:   5%|4         | 9/185 [00:07<02:13,  1.32it/s]
serotype-only @ 100%:   5%|5         | 10/185 [00:08<02:11,  1.33it/s]
serotype-only @ 100%:   6%|5         | 11/185 [00:08<02:11,  1.33it/s]
serotype-only @ 100%:   6%|6         | 12/185 [00:09<02:14,  1.29it/s]
serotype-only @ 100%:   7%|7         | 13/185 [00:10<02:11,  1.31it/s]
serotype-only @ 100%:   8%|7         | 14/185 [00:11<02:09,  1.32it/s]
serotype-only @ 100%:   8%|8         | 15/185 [00:11<02:08,  1.32it/s]
serotype-only @ 100%:   9%|8         | 16/185 [00:12<02:06,  1.33it/s]
serotype-only @ 100%:   9%|9         | 17/185 [00:13<02:06,  1.33it/s]
serotype-only @ 100%:  10%|9         | 18/185 [00:14<02:05,  1.33it/s]
serotype-only @ 100%:  10%|#         | 19/185 [00:14<02:05,  1.32it/s]
serotype-only @ 100%:  11%|#         | 20/185 [00:15<02:07,  1.30it/s]
serotype-only @ 100%:  11%|#1        | 21/185 [00:16<02:06,  1.29it/s]
serotype-only @ 100%:  12%|#1        | 22/185 [00:17<02:04,  1.31it/s]
serotype-only @ 100%:  12%|#2        | 23/185 [00:18<02:03,  1.32it/s]
serotype-only @ 100%:  13%|#2        | 24/185 [00:18<02:01,  1.32it/s]
serotype-only @ 100%:  14%|#3        | 25/185 [00:19<01:59,  1.34it/s]
serotype-only @ 100%:  14%|#4        | 26/185 [00:20<01:59,  1.33it/s]
serotype-only @ 100%:  15%|#4        | 27/185 [00:21<01:57,  1.35it/s]
serotype-only @ 100%:  15%|#5        | 28/185 [00:21<01:57,  1.34it/s]
serotype-only @ 100%:  16%|#5        | 29/185 [00:22<01:56,  1.33it/s]
serotype-only @ 100%:  16%|#6        | 30/185 [00:23<01:56,  1.33it/s]
serotype-only @ 100%:  17%|#6        | 31/185 [00:24<01:54,  1.34it/s]
serotype-only @ 100%:  17%|#7        | 32/185 [00:24<01:54,  1.33it/s]
serotype-only @ 100%:  18%|#7        | 33/185 [00:25<01:55,  1.31it/s]
serotype-only @ 100%:  18%|#8        | 34/185 [00:26<01:56,  1.30it/s]
serotype-only @ 100%:  19%|#8        | 35/185 [00:27<01:54,  1.31it/s]
serotype-only @ 100%:  19%|#9        | 36/185 [00:27<01:52,  1.33it/s]
serotype-only @ 100%:  20%|##        | 37/185 [00:28<01:52,  1.32it/s]
serotype-only @ 100%:  21%|##        | 38/185 [00:29<01:51,  1.32it/s]
serotype-only @ 100%:  21%|##1       | 39/185 [00:30<01:50,  1.32it/s]
serotype-only @ 100%:  22%|##1       | 40/185 [00:30<01:50,  1.31it/s]
serotype-only @ 100%:  22%|##2       | 41/185 [00:31<01:50,  1.30it/s]
serotype-only @ 100%:  23%|##2       | 42/185 [00:32<01:49,  1.30it/s]
serotype-only @ 100%:  23%|##3       | 43/185 [00:33<01:47,  1.33it/s]
serotype-only @ 100%:  24%|##3       | 44/185 [00:33<01:45,  1.33it/s]
serotype-only @ 100%:  24%|##4       | 45/185 [00:34<01:45,  1.33it/s]
serotype-only @ 100%:  25%|##4       | 46/185 [00:35<01:43,  1.34it/s]
serotype-only @ 100%:  25%|##5       | 47/185 [00:36<01:43,  1.33it/s]
serotype-only @ 100%:  26%|##5       | 48/185 [00:36<01:43,  1.32it/s]
serotype-only @ 100%:  26%|##6       | 49/185 [00:37<01:42,  1.33it/s]
serotype-only @ 100%:  27%|##7       | 50/185 [00:38<01:40,  1.34it/s]
serotype-only @ 100%:  28%|##7       | 51/185 [00:39<01:40,  1.33it/s]
serotype-only @ 100%:  28%|##8       | 52/185 [00:39<01:39,  1.34it/s]
serotype-only @ 100%:  29%|##8       | 53/185 [00:40<01:38,  1.33it/s]
serotype-only @ 100%:  29%|##9       | 54/185 [00:41<01:37,  1.35it/s]
serotype-only @ 100%:  30%|##9       | 55/185 [00:42<01:36,  1.35it/s]
serotype-only @ 100%:  30%|###       | 56/185 [00:42<01:36,  1.34it/s]
serotype-only @ 100%:  31%|###       | 57/185 [00:43<01:36,  1.33it/s]
serotype-only @ 100%:  31%|###1      | 58/185 [00:44<01:36,  1.32it/s]
serotype-only @ 100%:  32%|###1      | 59/185 [00:45<01:37,  1.29it/s]
serotype-only @ 100%:  32%|###2      | 60/185 [00:45<01:35,  1.32it/s]
serotype-only @ 100%:  33%|###2      | 61/185 [00:46<01:34,  1.31it/s]
serotype-only @ 100%:  34%|###3      | 62/185 [00:47<01:32,  1.33it/s]
serotype-only @ 100%:  34%|###4      | 63/185 [00:48<01:30,  1.34it/s]
serotype-only @ 100%:  35%|###4      | 64/185 [00:48<01:29,  1.35it/s]
serotype-only @ 100%:  35%|###5      | 65/185 [00:49<01:28,  1.35it/s]
serotype-only @ 100%:  36%|###5      | 66/185 [00:50<01:28,  1.34it/s]
serotype-only @ 100%:  36%|###6      | 67/185 [00:51<01:27,  1.34it/s]
serotype-only @ 100%:  37%|###6      | 68/185 [00:51<01:26,  1.35it/s]
serotype-only @ 100%:  37%|###7      | 69/185 [00:52<01:25,  1.36it/s]
serotype-only @ 100%:  38%|###7      | 70/185 [00:53<01:24,  1.36it/s]
serotype-only @ 100%:  38%|###8      | 71/185 [00:54<01:24,  1.35it/s]
serotype-only @ 100%:  39%|###8      | 72/185 [00:54<01:23,  1.35it/s]
serotype-only @ 100%:  39%|###9      | 73/185 [00:55<01:23,  1.34it/s]
serotype-only @ 100%:  40%|####      | 74/185 [00:56<01:23,  1.33it/s]
serotype-only @ 100%:  41%|####      | 75/185 [00:57<01:23,  1.32it/s]
serotype-only @ 100%:  41%|####1     | 76/185 [00:57<01:22,  1.33it/s]
serotype-only @ 100%:  42%|####1     | 77/185 [00:58<01:21,  1.33it/s]
serotype-only @ 100%:  42%|####2     | 78/185 [00:59<01:19,  1.35it/s]
serotype-only @ 100%:  43%|####2     | 79/185 [01:00<01:19,  1.34it/s]
serotype-only @ 100%:  43%|####3     | 80/185 [01:00<01:17,  1.35it/s]
serotype-only @ 100%:  44%|####3     | 81/185 [01:01<01:17,  1.34it/s]
serotype-only @ 100%:  44%|####4     | 82/185 [01:02<01:16,  1.35it/s]
serotype-only @ 100%:  45%|####4     | 83/185 [01:03<01:15,  1.36it/s]
serotype-only @ 100%:  45%|####5     | 84/185 [01:03<01:14,  1.36it/s]
serotype-only @ 100%:  46%|####5     | 85/185 [01:04<01:13,  1.36it/s]
serotype-only @ 100%:  46%|####6     | 86/185 [01:05<01:13,  1.35it/s]
serotype-only @ 100%:  47%|####7     | 87/185 [01:05<01:12,  1.36it/s]
serotype-only @ 100%:  48%|####7     | 88/185 [01:06<01:11,  1.36it/s]
serotype-only @ 100%:  48%|####8     | 89/185 [01:07<01:11,  1.35it/s]
serotype-only @ 100%:  49%|####8     | 90/185 [01:08<01:11,  1.33it/s]
serotype-only @ 100%:  49%|####9     | 91/185 [01:08<01:10,  1.33it/s]
serotype-only @ 100%:  50%|####9     | 92/185 [01:09<01:09,  1.33it/s]
serotype-only @ 100%:  50%|#####     | 93/185 [01:10<01:09,  1.32it/s]
serotype-only @ 100%:  51%|#####     | 94/185 [01:11<01:09,  1.31it/s]
serotype-only @ 100%:  51%|#####1    | 95/185 [01:12<01:08,  1.31it/s]
serotype-only @ 100%:  52%|#####1    | 96/185 [01:12<01:07,  1.32it/s]
serotype-only @ 100%:  52%|#####2    | 97/185 [01:13<01:06,  1.33it/s]
serotype-only @ 100%:  53%|#####2    | 98/185 [01:14<01:05,  1.33it/s]
serotype-only @ 100%:  54%|#####3    | 99/185 [01:15<01:04,  1.32it/s]
serotype-only @ 100%:  54%|#####4    | 100/185 [01:15<01:03,  1.34it/s]
serotype-only @ 100%:  55%|#####4    | 101/185 [01:16<01:02,  1.34it/s]
serotype-only @ 100%:  55%|#####5    | 102/185 [01:17<01:01,  1.36it/s]
serotype-only @ 100%:  56%|#####5    | 103/185 [01:18<01:01,  1.33it/s]
serotype-only @ 100%:  56%|#####6    | 104/185 [01:18<01:01,  1.33it/s]
serotype-only @ 100%:  57%|#####6    | 105/185 [01:19<01:00,  1.32it/s]
serotype-only @ 100%:  57%|#####7    | 106/185 [01:20<00:59,  1.33it/s]
serotype-only @ 100%:  58%|#####7    | 107/185 [01:21<00:58,  1.33it/s]
serotype-only @ 100%:  58%|#####8    | 108/185 [01:21<00:58,  1.32it/s]
serotype-only @ 100%:  59%|#####8    | 109/185 [01:22<00:57,  1.32it/s]
serotype-only @ 100%:  59%|#####9    | 110/185 [01:23<00:55,  1.34it/s]
serotype-only @ 100%:  60%|######    | 111/185 [01:24<00:55,  1.33it/s]
serotype-only @ 100%:  61%|######    | 112/185 [01:24<00:54,  1.35it/s]
serotype-only @ 100%:  61%|######1   | 113/185 [01:25<00:53,  1.34it/s]
serotype-only @ 100%:  62%|######1   | 114/185 [01:26<00:54,  1.31it/s]
serotype-only @ 100%:  62%|######2   | 115/185 [01:27<00:53,  1.30it/s]
serotype-only @ 100%:  63%|######2   | 116/185 [01:27<00:52,  1.31it/s]
serotype-only @ 100%:  63%|######3   | 117/185 [01:28<00:51,  1.31it/s]
serotype-only @ 100%:  64%|######3   | 118/185 [01:29<00:51,  1.31it/s]
serotype-only @ 100%:  64%|######4   | 119/185 [01:30<00:50,  1.31it/s]
serotype-only @ 100%:  65%|######4   | 120/185 [01:30<00:49,  1.31it/s]
serotype-only @ 100%:  65%|######5   | 121/185 [01:31<00:48,  1.32it/s]
serotype-only @ 100%:  66%|######5   | 122/185 [01:32<00:47,  1.33it/s]
serotype-only @ 100%:  66%|######6   | 123/185 [01:33<00:46,  1.32it/s]
serotype-only @ 100%:  67%|######7   | 124/185 [01:33<00:45,  1.33it/s]
serotype-only @ 100%:  68%|######7   | 125/185 [01:34<00:44,  1.34it/s]
serotype-only @ 100%:  68%|######8   | 126/185 [01:35<00:44,  1.32it/s]
serotype-only @ 100%:  69%|######8   | 127/185 [01:36<00:43,  1.34it/s]
serotype-only @ 100%:  69%|######9   | 128/185 [01:36<00:42,  1.34it/s]
serotype-only @ 100%:  70%|######9   | 129/185 [01:37<00:41,  1.35it/s]
serotype-only @ 100%:  70%|#######   | 130/185 [01:38<00:42,  1.29it/s]
serotype-only @ 100%:  71%|#######   | 131/185 [01:39<00:42,  1.28it/s]
serotype-only @ 100%:  71%|#######1  | 132/185 [01:40<00:41,  1.28it/s]
serotype-only @ 100%:  72%|#######1  | 133/185 [01:40<00:40,  1.29it/s]
serotype-only @ 100%:  72%|#######2  | 134/185 [01:41<00:39,  1.29it/s]
serotype-only @ 100%:  73%|#######2  | 135/185 [01:42<00:38,  1.32it/s]
serotype-only @ 100%:  74%|#######3  | 136/185 [01:43<00:36,  1.33it/s]
serotype-only @ 100%:  74%|#######4  | 137/185 [01:43<00:36,  1.33it/s]
serotype-only @ 100%:  75%|#######4  | 138/185 [01:44<00:35,  1.34it/s]
serotype-only @ 100%:  75%|#######5  | 139/185 [01:45<00:34,  1.34it/s]
serotype-only @ 100%:  76%|#######5  | 140/185 [01:45<00:33,  1.35it/s]
serotype-only @ 100%:  76%|#######6  | 141/185 [01:46<00:32,  1.34it/s]
serotype-only @ 100%:  77%|#######6  | 142/185 [01:47<00:32,  1.33it/s]
serotype-only @ 100%:  77%|#######7  | 143/185 [01:48<00:31,  1.33it/s]
serotype-only @ 100%:  78%|#######7  | 144/185 [01:49<00:30,  1.33it/s]
serotype-only @ 100%:  78%|#######8  | 145/185 [01:49<00:30,  1.33it/s]
serotype-only @ 100%:  79%|#######8  | 146/185 [01:50<00:29,  1.33it/s]
serotype-only @ 100%:  79%|#######9  | 147/185 [01:51<00:28,  1.32it/s]
serotype-only @ 100%:  80%|########  | 148/185 [01:52<00:28,  1.32it/s]
serotype-only @ 100%:  81%|########  | 149/185 [01:52<00:27,  1.33it/s]
serotype-only @ 100%:  81%|########1 | 150/185 [01:53<00:26,  1.33it/s]
serotype-only @ 100%:  82%|########1 | 151/185 [01:54<00:26,  1.30it/s]
serotype-only @ 100%:  82%|########2 | 152/185 [01:55<00:25,  1.32it/s]
serotype-only @ 100%:  83%|########2 | 153/185 [01:55<00:24,  1.32it/s]
serotype-only @ 100%:  83%|########3 | 154/185 [01:56<00:23,  1.33it/s]
serotype-only @ 100%:  84%|########3 | 155/185 [01:57<00:22,  1.33it/s]
serotype-only @ 100%:  84%|########4 | 156/185 [01:58<00:21,  1.34it/s]
serotype-only @ 100%:  85%|########4 | 157/185 [01:58<00:21,  1.32it/s]
serotype-only @ 100%:  85%|########5 | 158/185 [01:59<00:20,  1.33it/s]
serotype-only @ 100%:  86%|########5 | 159/185 [02:00<00:19,  1.33it/s]
serotype-only @ 100%:  86%|########6 | 160/185 [02:01<00:18,  1.33it/s]
serotype-only @ 100%:  87%|########7 | 161/185 [02:01<00:18,  1.33it/s]
serotype-only @ 100%:  88%|########7 | 162/185 [02:02<00:17,  1.35it/s]
serotype-only @ 100%:  88%|########8 | 163/185 [02:03<00:16,  1.33it/s]
serotype-only @ 100%:  89%|########8 | 164/185 [02:04<00:15,  1.33it/s]
serotype-only @ 100%:  89%|########9 | 165/185 [02:04<00:15,  1.30it/s]
serotype-only @ 100%:  90%|########9 | 166/185 [02:05<00:14,  1.30it/s]
serotype-only @ 100%:  90%|######### | 167/185 [02:06<00:13,  1.31it/s]
serotype-only @ 100%:  91%|######### | 168/185 [02:07<00:12,  1.33it/s]
serotype-only @ 100%:  91%|#########1| 169/185 [02:07<00:12,  1.31it/s]
serotype-only @ 100%:  92%|#########1| 170/185 [02:08<00:11,  1.33it/s]
serotype-only @ 100%:  92%|#########2| 171/185 [02:09<00:10,  1.33it/s]
serotype-only @ 100%:  93%|#########2| 172/185 [02:10<00:09,  1.33it/s]
serotype-only @ 100%:  94%|#########3| 173/185 [02:10<00:09,  1.32it/s]
serotype-only @ 100%:  94%|#########4| 174/185 [02:11<00:08,  1.34it/s]
serotype-only @ 100%:  95%|#########4| 175/185 [02:12<00:07,  1.35it/s]
serotype-only @ 100%:  95%|#########5| 176/185 [02:13<00:06,  1.34it/s]
serotype-only @ 100%:  96%|#########5| 177/185 [02:13<00:06,  1.33it/s]
serotype-only @ 100%:  96%|#########6| 178/185 [02:14<00:05,  1.33it/s]
serotype-only @ 100%:  97%|#########6| 179/185 [02:15<00:04,  1.33it/s]
serotype-only @ 100%:  97%|#########7| 180/185 [02:16<00:03,  1.34it/s]
serotype-only @ 100%:  98%|#########7| 181/185 [02:16<00:03,  1.30it/s]
serotype-only @ 100%:  98%|#########8| 182/185 [02:17<00:02,  1.29it/s]C:\Users\IamAh\Desktop\TheKeyMotif\keymotif_data.py:321: FutureWarning: Downcasting object dtype arrays on .fillna, .ffill, .bfill is deprecated and will change in a future version. Call result.infer_objects(copy=False) instead. To opt-in to the future behavior, set `pd.set_option('future.no_silent_downcasting', True)`
  block = merged[sero_cols].fillna(0)

serotype-only @ 100%:  99%|#########8| 183/185 [02:18<00:01,  1.36it/s]
serotype-only @ 100%:  99%|#########9| 184/185 [02:19<00:00,  1.35it/s]
serotype-only @ 100%: 100%|##########| 185/185 [02:19<00:00,  1.30it/s]
serotype-only @ 100%: 100%|##########| 185/185 [02:19<00:00,  1.32it/s]
Serotype-only AUC: 0.589   PR-AUC: 0.041

serotype-only @ 99.5%:   0%|          | 0/133 [00:00<?, ?it/s]
serotype-only @ 99.5%:   1%|          | 1/133 [00:00<01:40,  1.31it/s]
serotype-only @ 99.5%:   2%|1         | 2/133 [00:01<01:40,  1.30it/s]
serotype-only @ 99.5%:   2%|2         | 3/133 [00:02<01:39,  1.30it/s]
serotype-only @ 99.5%:   3%|3         | 4/133 [00:03<01:37,  1.32it/s]
serotype-only @ 99.5%:   4%|3         | 5/133 [00:03<01:37,  1.32it/s]
serotype-only @ 99.5%:   5%|4         | 6/133 [00:04<01:35,  1.33it/s]
serotype-only @ 99.5%:   5%|5         | 7/133 [00:05<01:36,  1.31it/s]
serotype-only @ 99.5%:   6%|6         | 8/133 [00:06<01:34,  1.33it/s]
serotype-only @ 99.5%:   7%|6         | 9/133 [00:06<01:33,  1.33it/s]
serotype-only @ 99.5%:   8%|7         | 10/133 [00:07<01:32,  1.32it/s]
serotype-only @ 99.5%:   8%|8         | 11/133 [00:08<01:31,  1.33it/s]
serotype-only @ 99.5%:   9%|9         | 12/133 [00:09<01:31,  1.32it/s]
serotype-only @ 99.5%:  10%|9         | 13/133 [00:09<01:30,  1.33it/s]
serotype-only @ 99.5%:  11%|#         | 14/133 [00:10<01:29,  1.33it/s]
serotype-only @ 99.5%:  11%|#1        | 15/133 [00:11<01:28,  1.34it/s]
serotype-only @ 99.5%:  12%|#2        | 16/133 [00:12<01:27,  1.34it/s]
serotype-only @ 99.5%:  13%|#2        | 17/133 [00:12<01:26,  1.34it/s]
serotype-only @ 99.5%:  14%|#3        | 18/133 [00:13<01:26,  1.33it/s]
serotype-only @ 99.5%:  14%|#4        | 19/133 [00:14<01:25,  1.33it/s]
serotype-only @ 99.5%:  15%|#5        | 20/133 [00:15<01:26,  1.31it/s]
serotype-only @ 99.5%:  16%|#5        | 21/133 [00:15<01:24,  1.32it/s]
serotype-only @ 99.5%:  17%|#6        | 22/133 [00:16<01:23,  1.34it/s]
serotype-only @ 99.5%:  17%|#7        | 23/133 [00:17<01:22,  1.34it/s]
serotype-only @ 99.5%:  18%|#8        | 24/133 [00:18<01:22,  1.32it/s]
serotype-only @ 99.5%:  19%|#8        | 25/133 [00:18<01:21,  1.32it/s]
serotype-only @ 99.5%:  20%|#9        | 26/133 [00:19<01:21,  1.32it/s]
serotype-only @ 99.5%:  20%|##        | 27/133 [00:20<01:20,  1.31it/s]
serotype-only @ 99.5%:  21%|##1       | 28/133 [00:21<01:19,  1.32it/s]
serotype-only @ 99.5%:  22%|##1       | 29/133 [00:21<01:18,  1.32it/s]
serotype-only @ 99.5%:  23%|##2       | 30/133 [00:22<01:18,  1.30it/s]
serotype-only @ 99.5%:  23%|##3       | 31/133 [00:23<01:20,  1.27it/s]
serotype-only @ 99.5%:  24%|##4       | 32/133 [00:24<01:19,  1.27it/s]
serotype-only @ 99.5%:  25%|##4       | 33/133 [00:25<01:17,  1.29it/s]
serotype-only @ 99.5%:  26%|##5       | 34/133 [00:25<01:17,  1.28it/s]
serotype-only @ 99.5%:  26%|##6       | 35/133 [00:26<01:14,  1.31it/s]
serotype-only @ 99.5%:  27%|##7       | 36/133 [00:27<01:13,  1.31it/s]
serotype-only @ 99.5%:  28%|##7       | 37/133 [00:28<01:12,  1.33it/s]
serotype-only @ 99.5%:  29%|##8       | 38/133 [00:28<01:11,  1.33it/s]
serotype-only @ 99.5%:  29%|##9       | 39/133 [00:29<01:10,  1.34it/s]
serotype-only @ 99.5%:  30%|###       | 40/133 [00:30<01:08,  1.35it/s]
serotype-only @ 99.5%:  31%|###       | 41/133 [00:31<01:09,  1.32it/s]
serotype-only @ 99.5%:  32%|###1      | 42/133 [00:31<01:08,  1.33it/s]
serotype-only @ 99.5%:  32%|###2      | 43/133 [00:32<01:07,  1.33it/s]
serotype-only @ 99.5%:  33%|###3      | 44/133 [00:33<01:06,  1.33it/s]
serotype-only @ 99.5%:  34%|###3      | 45/133 [00:34<01:05,  1.35it/s]
serotype-only @ 99.5%:  35%|###4      | 46/133 [00:34<01:04,  1.35it/s]
serotype-only @ 99.5%:  35%|###5      | 47/133 [00:35<01:03,  1.35it/s]
serotype-only @ 99.5%:  36%|###6      | 48/133 [00:36<01:03,  1.34it/s]
serotype-only @ 99.5%:  37%|###6      | 49/133 [00:37<01:02,  1.34it/s]
serotype-only @ 99.5%:  38%|###7      | 50/133 [00:37<01:01,  1.36it/s]
serotype-only @ 99.5%:  38%|###8      | 51/133 [00:38<01:00,  1.35it/s]
serotype-only @ 99.5%:  39%|###9      | 52/133 [00:39<01:00,  1.34it/s]
serotype-only @ 99.5%:  40%|###9      | 53/133 [00:40<01:00,  1.32it/s]
serotype-only @ 99.5%:  41%|####      | 54/133 [00:40<01:00,  1.31it/s]
serotype-only @ 99.5%:  41%|####1     | 55/133 [00:41<00:58,  1.33it/s]
serotype-only @ 99.5%:  42%|####2     | 56/133 [00:42<00:57,  1.34it/s]
serotype-only @ 99.5%:  43%|####2     | 57/133 [00:43<00:56,  1.33it/s]
serotype-only @ 99.5%:  44%|####3     | 58/133 [00:43<00:55,  1.34it/s]
serotype-only @ 99.5%:  44%|####4     | 59/133 [00:44<00:54,  1.35it/s]
serotype-only @ 99.5%:  45%|####5     | 60/133 [00:45<00:54,  1.35it/s]
serotype-only @ 99.5%:  46%|####5     | 61/133 [00:45<00:53,  1.36it/s]
serotype-only @ 99.5%:  47%|####6     | 62/133 [00:46<00:52,  1.36it/s]
serotype-only @ 99.5%:  47%|####7     | 63/133 [00:47<00:52,  1.33it/s]
serotype-only @ 99.5%:  48%|####8     | 64/133 [00:48<00:52,  1.32it/s]
serotype-only @ 99.5%:  49%|####8     | 65/133 [00:49<00:51,  1.33it/s]
serotype-only @ 99.5%:  50%|####9     | 66/133 [00:49<00:50,  1.33it/s]
serotype-only @ 99.5%:  50%|#####     | 67/133 [00:50<00:50,  1.30it/s]
serotype-only @ 99.5%:  51%|#####1    | 68/133 [00:51<00:49,  1.31it/s]
serotype-only @ 99.5%:  52%|#####1    | 69/133 [00:52<00:49,  1.30it/s]
serotype-only @ 99.5%:  53%|#####2    | 70/133 [00:52<00:47,  1.32it/s]
serotype-only @ 99.5%:  53%|#####3    | 71/133 [00:53<00:46,  1.32it/s]
serotype-only @ 99.5%:  54%|#####4    | 72/133 [00:54<00:46,  1.32it/s]
serotype-only @ 99.5%:  55%|#####4    | 73/133 [00:55<00:46,  1.28it/s]
serotype-only @ 99.5%:  56%|#####5    | 74/133 [00:55<00:45,  1.29it/s]
serotype-only @ 99.5%:  56%|#####6    | 75/133 [00:56<00:44,  1.31it/s]
serotype-only @ 99.5%:  57%|#####7    | 76/133 [00:57<00:43,  1.31it/s]
serotype-only @ 99.5%:  58%|#####7    | 77/133 [00:58<00:42,  1.33it/s]
serotype-only @ 99.5%:  59%|#####8    | 78/133 [00:58<00:42,  1.30it/s]
serotype-only @ 99.5%:  59%|#####9    | 79/133 [00:59<00:41,  1.29it/s]
serotype-only @ 99.5%:  60%|######    | 80/133 [01:00<00:41,  1.29it/s]
serotype-only @ 99.5%:  61%|######    | 81/133 [01:01<00:40,  1.30it/s]
serotype-only @ 99.5%:  62%|######1   | 82/133 [01:02<00:38,  1.32it/s]
serotype-only @ 99.5%:  62%|######2   | 83/133 [01:02<00:37,  1.33it/s]
serotype-only @ 99.5%:  63%|######3   | 84/133 [01:03<00:37,  1.31it/s]
serotype-only @ 99.5%:  64%|######3   | 85/133 [01:04<00:36,  1.32it/s]
serotype-only @ 99.5%:  65%|######4   | 86/133 [01:05<00:35,  1.33it/s]
serotype-only @ 99.5%:  65%|######5   | 87/133 [01:05<00:34,  1.34it/s]
serotype-only @ 99.5%:  66%|######6   | 88/133 [01:06<00:33,  1.35it/s]
serotype-only @ 99.5%:  67%|######6   | 89/133 [01:07<00:32,  1.35it/s]
serotype-only @ 99.5%:  68%|######7   | 90/133 [01:07<00:32,  1.34it/s]
serotype-only @ 99.5%:  68%|######8   | 91/133 [01:08<00:31,  1.34it/s]
serotype-only @ 99.5%:  69%|######9   | 92/133 [01:09<00:31,  1.32it/s]
serotype-only @ 99.5%:  70%|######9   | 93/133 [01:10<00:30,  1.31it/s]
serotype-only @ 99.5%:  71%|#######   | 94/133 [01:11<00:29,  1.33it/s]
serotype-only @ 99.5%:  71%|#######1  | 95/133 [01:11<00:28,  1.32it/s]
serotype-only @ 99.5%:  72%|#######2  | 96/133 [01:12<00:28,  1.29it/s]
serotype-only @ 99.5%:  73%|#######2  | 97/133 [01:13<00:27,  1.30it/s]
serotype-only @ 99.5%:  74%|#######3  | 98/133 [01:14<00:26,  1.31it/s]
serotype-only @ 99.5%:  74%|#######4  | 99/133 [01:14<00:25,  1.32it/s]
serotype-only @ 99.5%:  75%|#######5  | 100/133 [01:15<00:24,  1.34it/s]
serotype-only @ 99.5%:  76%|#######5  | 101/133 [01:16<00:23,  1.34it/s]
serotype-only @ 99.5%:  77%|#######6  | 102/133 [01:17<00:23,  1.34it/s]
serotype-only @ 99.5%:  77%|#######7  | 103/133 [01:17<00:22,  1.35it/s]
serotype-only @ 99.5%:  78%|#######8  | 104/133 [01:18<00:21,  1.36it/s]
serotype-only @ 99.5%:  79%|#######8  | 105/133 [01:19<00:20,  1.36it/s]
serotype-only @ 99.5%:  80%|#######9  | 106/133 [01:19<00:19,  1.42it/s]
serotype-only @ 99.5%:  80%|########  | 107/133 [01:20<00:18,  1.37it/s]
serotype-only @ 99.5%:  81%|########1 | 108/133 [01:21<00:18,  1.36it/s]
serotype-only @ 99.5%:  82%|########1 | 109/133 [01:22<00:17,  1.37it/s]
serotype-only @ 99.5%:  83%|########2 | 110/133 [01:22<00:16,  1.36it/s]
serotype-only @ 99.5%:  83%|########3 | 111/133 [01:23<00:16,  1.37it/s]
serotype-only @ 99.5%:  84%|########4 | 112/133 [01:24<00:15,  1.36it/s]
serotype-only @ 99.5%:  85%|########4 | 113/133 [01:25<00:14,  1.33it/s]
serotype-only @ 99.5%:  86%|########5 | 114/133 [01:25<00:14,  1.35it/s]
serotype-only @ 99.5%:  86%|########6 | 115/133 [01:26<00:13,  1.34it/s]
serotype-only @ 99.5%:  87%|########7 | 116/133 [01:27<00:12,  1.33it/s]
serotype-only @ 99.5%:  88%|########7 | 117/133 [01:28<00:11,  1.34it/s]
serotype-only @ 99.5%:  89%|########8 | 118/133 [01:28<00:11,  1.32it/s]
serotype-only @ 99.5%:  89%|########9 | 119/133 [01:29<00:10,  1.32it/s]
serotype-only @ 99.5%:  90%|######### | 120/133 [01:30<00:10,  1.28it/s]
serotype-only @ 99.5%:  91%|######### | 121/133 [01:31<00:09,  1.31it/s]
serotype-only @ 99.5%:  92%|#########1| 122/133 [01:31<00:08,  1.32it/s]
serotype-only @ 99.5%:  92%|#########2| 123/133 [01:32<00:07,  1.31it/s]
serotype-only @ 99.5%:  93%|#########3| 124/133 [01:33<00:06,  1.31it/s]
serotype-only @ 99.5%:  94%|#########3| 125/133 [01:34<00:06,  1.31it/s]
serotype-only @ 99.5%:  95%|#########4| 126/133 [01:34<00:05,  1.33it/s]
serotype-only @ 99.5%:  95%|#########5| 127/133 [01:35<00:04,  1.34it/s]
serotype-only @ 99.5%:  96%|#########6| 128/133 [01:36<00:03,  1.35it/s]
serotype-only @ 99.5%:  97%|#########6| 129/133 [01:37<00:02,  1.34it/s]
serotype-only @ 99.5%:  98%|#########7| 130/133 [01:37<00:02,  1.35it/s]
serotype-only @ 99.5%:  98%|#########8| 131/133 [01:38<00:01,  1.36it/s]
serotype-only @ 99.5%:  99%|#########9| 132/133 [01:39<00:00,  1.36it/s]
serotype-only @ 99.5%: 100%|##########| 133/133 [01:40<00:00,  1.33it/s]
serotype-only @ 99.5%: 100%|##########| 133/133 [01:40<00:00,  1.33it/s]
Serotype-only AUC: 0.554   PR-AUC: 0.037

serotype-only @ 99%:   0%|          | 0/121 [00:00<?, ?it/s]
serotype-only @ 99%:   1%|          | 1/121 [00:00<01:37,  1.23it/s]
serotype-only @ 99%:   2%|1         | 2/121 [00:01<01:31,  1.30it/s]
serotype-only @ 99%:   2%|2         | 3/121 [00:02<01:28,  1.34it/s]
serotype-only @ 99%:   3%|3         | 4/121 [00:03<01:28,  1.33it/s]
serotype-only @ 99%:   4%|4         | 5/121 [00:03<01:28,  1.32it/s]
serotype-only @ 99%:   5%|4         | 6/121 [00:04<01:26,  1.33it/s]
serotype-only @ 99%:   6%|5         | 7/121 [00:05<01:25,  1.33it/s]
serotype-only @ 99%:   7%|6         | 8/121 [00:06<01:24,  1.34it/s]
serotype-only @ 99%:   7%|7         | 9/121 [00:06<01:23,  1.34it/s]
serotype-only @ 99%:   8%|8         | 10/121 [00:07<01:24,  1.31it/s]
serotype-only @ 99%:   9%|9         | 11/121 [00:08<01:24,  1.31it/s]
serotype-only @ 99%:  10%|9         | 12/121 [00:09<01:24,  1.29it/s]
serotype-only @ 99%:  11%|#         | 13/121 [00:09<01:22,  1.31it/s]
serotype-only @ 99%:  12%|#1        | 14/121 [00:10<01:21,  1.31it/s]
serotype-only @ 99%:  12%|#2        | 15/121 [00:11<01:20,  1.32it/s]
serotype-only @ 99%:  13%|#3        | 16/121 [00:12<01:19,  1.32it/s]
serotype-only @ 99%:  14%|#4        | 17/121 [00:12<01:18,  1.33it/s]
serotype-only @ 99%:  15%|#4        | 18/121 [00:13<01:18,  1.32it/s]
serotype-only @ 99%:  16%|#5        | 19/121 [00:14<01:17,  1.31it/s]
serotype-only @ 99%:  17%|#6        | 20/121 [00:15<01:15,  1.33it/s]
serotype-only @ 99%:  17%|#7        | 21/121 [00:15<01:15,  1.32it/s]
serotype-only @ 99%:  18%|#8        | 22/121 [00:16<01:15,  1.32it/s]
serotype-only @ 99%:  19%|#9        | 23/121 [00:17<01:14,  1.32it/s]
serotype-only @ 99%:  20%|#9        | 24/121 [00:18<01:12,  1.34it/s]
serotype-only @ 99%:  21%|##        | 25/121 [00:18<01:12,  1.32it/s]
serotype-only @ 99%:  21%|##1       | 26/121 [00:19<01:10,  1.34it/s]
serotype-only @ 99%:  22%|##2       | 27/121 [00:20<01:11,  1.32it/s]
serotype-only @ 99%:  23%|##3       | 28/121 [00:21<01:10,  1.32it/s]
serotype-only @ 99%:  24%|##3       | 29/121 [00:21<01:10,  1.31it/s]
serotype-only @ 99%:  25%|##4       | 30/121 [00:22<01:08,  1.32it/s]
serotype-only @ 99%:  26%|##5       | 31/121 [00:23<01:08,  1.31it/s]
serotype-only @ 99%:  26%|##6       | 32/121 [00:24<01:08,  1.29it/s]
serotype-only @ 99%:  27%|##7       | 33/121 [00:25<01:06,  1.32it/s]
serotype-only @ 99%:  28%|##8       | 34/121 [00:25<01:05,  1.32it/s]
serotype-only @ 99%:  29%|##8       | 35/121 [00:26<01:05,  1.32it/s]
serotype-only @ 99%:  30%|##9       | 36/121 [00:27<01:04,  1.32it/s]
serotype-only @ 99%:  31%|###       | 37/121 [00:28<01:03,  1.31it/s]
serotype-only @ 99%:  31%|###1      | 38/121 [00:28<01:03,  1.32it/s]
serotype-only @ 99%:  32%|###2      | 39/121 [00:29<01:01,  1.33it/s]
serotype-only @ 99%:  33%|###3      | 40/121 [00:30<01:01,  1.32it/s]
serotype-only @ 99%:  34%|###3      | 41/121 [00:31<01:01,  1.31it/s]
serotype-only @ 99%:  35%|###4      | 42/121 [00:31<01:00,  1.31it/s]
serotype-only @ 99%:  36%|###5      | 43/121 [00:32<00:59,  1.31it/s]
serotype-only @ 99%:  36%|###6      | 44/121 [00:33<00:58,  1.33it/s]
serotype-only @ 99%:  37%|###7      | 45/121 [00:34<00:57,  1.32it/s]
serotype-only @ 99%:  38%|###8      | 46/121 [00:34<00:56,  1.33it/s]
serotype-only @ 99%:  39%|###8      | 47/121 [00:35<00:52,  1.40it/s]
serotype-only @ 99%:  40%|###9      | 48/121 [00:36<00:52,  1.38it/s]
serotype-only @ 99%:  40%|####      | 49/121 [00:37<00:52,  1.36it/s]
serotype-only @ 99%:  41%|####1     | 50/121 [00:37<00:52,  1.36it/s]
serotype-only @ 99%:  42%|####2     | 51/121 [00:38<00:51,  1.36it/s]
serotype-only @ 99%:  43%|####2     | 52/121 [00:39<00:50,  1.36it/s]
serotype-only @ 99%:  44%|####3     | 53/121 [00:40<00:52,  1.30it/s]
serotype-only @ 99%:  45%|####4     | 54/121 [00:40<00:50,  1.32it/s]
serotype-only @ 99%:  45%|####5     | 55/121 [00:41<00:50,  1.32it/s]
serotype-only @ 99%:  46%|####6     | 56/121 [00:42<00:48,  1.34it/s]
serotype-only @ 99%:  47%|####7     | 57/121 [00:42<00:47,  1.35it/s]
serotype-only @ 99%:  48%|####7     | 58/121 [00:43<00:47,  1.34it/s]
serotype-only @ 99%:  49%|####8     | 59/121 [00:44<00:47,  1.31it/s]
serotype-only @ 99%:  50%|####9     | 60/121 [00:45<00:46,  1.32it/s]
serotype-only @ 99%:  50%|#####     | 61/121 [00:46<00:45,  1.32it/s]
serotype-only @ 99%:  51%|#####1    | 62/121 [00:46<00:44,  1.33it/s]
serotype-only @ 99%:  52%|#####2    | 63/121 [00:47<00:43,  1.34it/s]
serotype-only @ 99%:  53%|#####2    | 64/121 [00:48<00:42,  1.33it/s]
serotype-only @ 99%:  54%|#####3    | 65/121 [00:49<00:41,  1.34it/s]
serotype-only @ 99%:  55%|#####4    | 66/121 [00:49<00:41,  1.34it/s]
serotype-only @ 99%:  55%|#####5    | 67/121 [00:50<00:40,  1.32it/s]
serotype-only @ 99%:  56%|#####6    | 68/121 [00:51<00:40,  1.31it/s]
serotype-only @ 99%:  57%|#####7    | 69/121 [00:52<00:39,  1.32it/s]
serotype-only @ 99%:  58%|#####7    | 70/121 [00:52<00:39,  1.30it/s]
serotype-only @ 99%:  59%|#####8    | 71/121 [00:53<00:37,  1.32it/s]
serotype-only @ 99%:  60%|#####9    | 72/121 [00:54<00:37,  1.31it/s]
serotype-only @ 99%:  60%|######    | 73/121 [00:55<00:36,  1.31it/s]
serotype-only @ 99%:  61%|######1   | 74/121 [00:55<00:35,  1.33it/s]
serotype-only @ 99%:  62%|######1   | 75/121 [00:56<00:34,  1.33it/s]
serotype-only @ 99%:  63%|######2   | 76/121 [00:57<00:34,  1.32it/s]
serotype-only @ 99%:  64%|######3   | 77/121 [00:58<00:33,  1.32it/s]
serotype-only @ 99%:  64%|######4   | 78/121 [00:58<00:32,  1.31it/s]
serotype-only @ 99%:  65%|######5   | 79/121 [00:59<00:31,  1.33it/s]
serotype-only @ 99%:  66%|######6   | 80/121 [01:00<00:30,  1.34it/s]
serotype-only @ 99%:  67%|######6   | 81/121 [01:01<00:29,  1.34it/s]
serotype-only @ 99%:  68%|######7   | 82/121 [01:01<00:29,  1.32it/s]
serotype-only @ 99%:  69%|######8   | 83/121 [01:02<00:28,  1.33it/s]
serotype-only @ 99%:  69%|######9   | 84/121 [01:03<00:27,  1.34it/s]
serotype-only @ 99%:  70%|#######   | 85/121 [01:04<00:26,  1.34it/s]
serotype-only @ 99%:  71%|#######1  | 86/121 [01:04<00:26,  1.33it/s]
serotype-only @ 99%:  72%|#######1  | 87/121 [01:05<00:25,  1.32it/s]
serotype-only @ 99%:  73%|#######2  | 88/121 [01:06<00:24,  1.32it/s]
serotype-only @ 99%:  74%|#######3  | 89/121 [01:07<00:24,  1.33it/s]
serotype-only @ 99%:  74%|#######4  | 90/121 [01:07<00:23,  1.31it/s]
serotype-only @ 99%:  75%|#######5  | 91/121 [01:08<00:22,  1.33it/s]
serotype-only @ 99%:  76%|#######6  | 92/121 [01:09<00:21,  1.33it/s]
serotype-only @ 99%:  77%|#######6  | 93/121 [01:10<00:20,  1.34it/s]
serotype-only @ 99%:  78%|#######7  | 94/121 [01:10<00:20,  1.35it/s]
serotype-only @ 99%:  79%|#######8  | 95/121 [01:11<00:19,  1.35it/s]
serotype-only @ 99%:  79%|#######9  | 96/121 [01:12<00:18,  1.32it/s]
serotype-only @ 99%:  80%|########  | 97/121 [01:13<00:18,  1.32it/s]
serotype-only @ 99%:  81%|########  | 98/121 [01:13<00:17,  1.33it/s]
serotype-only @ 99%:  82%|########1 | 99/121 [01:14<00:16,  1.35it/s]
serotype-only @ 99%:  83%|########2 | 100/121 [01:15<00:15,  1.34it/s]
serotype-only @ 99%:  83%|########3 | 101/121 [01:16<00:14,  1.35it/s]
serotype-only @ 99%:  84%|########4 | 102/121 [01:16<00:14,  1.35it/s]
serotype-only @ 99%:  85%|########5 | 103/121 [01:17<00:13,  1.35it/s]
serotype-only @ 99%:  86%|########5 | 104/121 [01:18<00:12,  1.33it/s]
serotype-only @ 99%:  87%|########6 | 105/121 [01:19<00:12,  1.33it/s]
serotype-only @ 99%:  88%|########7 | 106/121 [01:19<00:11,  1.31it/s]
serotype-only @ 99%:  88%|########8 | 107/121 [01:20<00:10,  1.29it/s]
serotype-only @ 99%:  89%|########9 | 108/121 [01:21<00:09,  1.31it/s]
serotype-only @ 99%:  90%|######### | 109/121 [01:22<00:09,  1.32it/s]
serotype-only @ 99%:  91%|######### | 110/121 [01:22<00:08,  1.33it/s]
serotype-only @ 99%:  92%|#########1| 111/121 [01:23<00:07,  1.34it/s]
serotype-only @ 99%:  93%|#########2| 112/121 [01:24<00:06,  1.33it/s]
serotype-only @ 99%:  93%|#########3| 113/121 [01:25<00:05,  1.35it/s]
serotype-only @ 99%:  94%|#########4| 114/121 [01:26<00:05,  1.28it/s]
serotype-only @ 99%:  95%|#########5| 115/121 [01:26<00:04,  1.26it/s]
serotype-only @ 99%:  96%|#########5| 116/121 [01:27<00:03,  1.26it/s]
serotype-only @ 99%:  97%|#########6| 117/121 [01:28<00:03,  1.26it/s]
serotype-only @ 99%:  98%|#########7| 118/121 [01:29<00:02,  1.26it/s]
serotype-only @ 99%:  98%|#########8| 119/121 [01:30<00:01,  1.27it/s]
serotype-only @ 99%:  99%|#########9| 120/121 [01:30<00:00,  1.28it/s]
serotype-only @ 99%: 100%|##########| 121/121 [01:31<00:00,  1.30it/s]
serotype-only @ 99%: 100%|##########| 121/121 [01:31<00:00,  1.32it/s]
Serotype-only AUC: 0.536   PR-AUC: 0.037

serotype-only @ 95%:   0%|          | 0/110 [00:00<?, ?it/s]
serotype-only @ 95%:   1%|          | 1/110 [00:00<01:23,  1.31it/s]
serotype-only @ 95%:   2%|1         | 2/110 [00:01<01:21,  1.33it/s]
serotype-only @ 95%:   3%|2         | 3/110 [00:02<01:23,  1.29it/s]
serotype-only @ 95%:   4%|3         | 4/110 [00:03<01:20,  1.31it/s]
serotype-only @ 95%:   5%|4         | 5/110 [00:03<01:21,  1.29it/s]
serotype-only @ 95%:   5%|5         | 6/110 [00:04<01:18,  1.32it/s]
serotype-only @ 95%:   6%|6         | 7/110 [00:05<01:17,  1.32it/s]
serotype-only @ 95%:   7%|7         | 8/110 [00:06<01:18,  1.29it/s]
serotype-only @ 95%:   8%|8         | 9/110 [00:06<01:16,  1.32it/s]
serotype-only @ 95%:   9%|9         | 10/110 [00:07<01:17,  1.29it/s]
serotype-only @ 95%:  10%|#         | 11/110 [00:08<01:16,  1.29it/s]
serotype-only @ 95%:  11%|#         | 12/110 [00:09<01:16,  1.28it/s]
serotype-only @ 95%:  12%|#1        | 13/110 [00:09<01:13,  1.31it/s]
serotype-only @ 95%:  13%|#2        | 14/110 [00:10<01:13,  1.31it/s]
serotype-only @ 95%:  14%|#3        | 15/110 [00:11<01:12,  1.31it/s]
serotype-only @ 95%:  15%|#4        | 16/110 [00:12<01:12,  1.29it/s]
serotype-only @ 95%:  15%|#5        | 17/110 [00:13<01:11,  1.30it/s]
serotype-only @ 95%:  16%|#6        | 18/110 [00:13<01:10,  1.31it/s]
serotype-only @ 95%:  17%|#7        | 19/110 [00:14<01:08,  1.32it/s]
serotype-only @ 95%:  18%|#8        | 20/110 [00:15<01:07,  1.33it/s]
serotype-only @ 95%:  19%|#9        | 21/110 [00:16<01:06,  1.34it/s]
serotype-only @ 95%:  20%|##        | 22/110 [00:16<01:05,  1.34it/s]
serotype-only @ 95%:  21%|##        | 23/110 [00:17<01:05,  1.32it/s]
serotype-only @ 95%:  22%|##1       | 24/110 [00:18<01:04,  1.33it/s]
serotype-only @ 95%:  23%|##2       | 25/110 [00:19<01:03,  1.34it/s]
serotype-only @ 95%:  24%|##3       | 26/110 [00:19<01:02,  1.35it/s]
serotype-only @ 95%:  25%|##4       | 27/110 [00:20<01:01,  1.35it/s]
serotype-only @ 95%:  25%|##5       | 28/110 [00:21<01:01,  1.34it/s]
serotype-only @ 95%:  26%|##6       | 29/110 [00:22<01:01,  1.32it/s]
serotype-only @ 95%:  27%|##7       | 30/110 [00:22<01:00,  1.33it/s]
serotype-only @ 95%:  28%|##8       | 31/110 [00:23<00:59,  1.33it/s]
serotype-only @ 95%:  29%|##9       | 32/110 [00:24<00:58,  1.33it/s]
serotype-only @ 95%:  30%|###       | 33/110 [00:25<00:57,  1.34it/s]
serotype-only @ 95%:  31%|###       | 34/110 [00:25<00:56,  1.34it/s]
serotype-only @ 95%:  32%|###1      | 35/110 [00:26<00:56,  1.32it/s]
serotype-only @ 95%:  33%|###2      | 36/110 [00:27<00:55,  1.33it/s]
serotype-only @ 95%:  34%|###3      | 37/110 [00:28<00:54,  1.33it/s]
serotype-only @ 95%:  35%|###4      | 38/110 [00:28<00:54,  1.32it/s]
serotype-only @ 95%:  35%|###5      | 39/110 [00:29<00:54,  1.29it/s]
serotype-only @ 95%:  36%|###6      | 40/110 [00:30<00:54,  1.29it/s]
serotype-only @ 95%:  37%|###7      | 41/110 [00:31<00:52,  1.32it/s]
serotype-only @ 95%:  38%|###8      | 42/110 [00:32<00:54,  1.24it/s]
serotype-only @ 95%:  39%|###9      | 43/110 [00:32<00:52,  1.27it/s]
serotype-only @ 95%:  40%|####      | 44/110 [00:33<00:51,  1.28it/s]
serotype-only @ 95%:  41%|####      | 45/110 [00:34<00:48,  1.35it/s]
serotype-only @ 95%:  42%|####1     | 46/110 [00:34<00:47,  1.35it/s]
serotype-only @ 95%:  43%|####2     | 47/110 [00:35<00:46,  1.35it/s]
serotype-only @ 95%:  44%|####3     | 48/110 [00:36<00:46,  1.34it/s]
serotype-only @ 95%:  45%|####4     | 49/110 [00:37<00:45,  1.33it/s]
serotype-only @ 95%:  45%|####5     | 50/110 [00:37<00:44,  1.34it/s]
serotype-only @ 95%:  46%|####6     | 51/110 [00:38<00:43,  1.35it/s]
serotype-only @ 95%:  47%|####7     | 52/110 [00:39<00:42,  1.36it/s]
serotype-only @ 95%:  48%|####8     | 53/110 [00:40<00:41,  1.36it/s]
serotype-only @ 95%:  49%|####9     | 54/110 [00:40<00:41,  1.36it/s]
serotype-only @ 95%:  50%|#####     | 55/110 [00:41<00:40,  1.35it/s]
serotype-only @ 95%:  51%|#####     | 56/110 [00:42<00:40,  1.34it/s]
serotype-only @ 95%:  52%|#####1    | 57/110 [00:43<00:39,  1.34it/s]
serotype-only @ 95%:  53%|#####2    | 58/110 [00:43<00:38,  1.34it/s]
serotype-only @ 95%:  54%|#####3    | 59/110 [00:44<00:38,  1.33it/s]
serotype-only @ 95%:  55%|#####4    | 60/110 [00:45<00:37,  1.33it/s]
serotype-only @ 95%:  55%|#####5    | 61/110 [00:46<00:36,  1.33it/s]
serotype-only @ 95%:  56%|#####6    | 62/110 [00:46<00:36,  1.32it/s]
serotype-only @ 95%:  57%|#####7    | 63/110 [00:47<00:35,  1.32it/s]
serotype-only @ 95%:  58%|#####8    | 64/110 [00:48<00:35,  1.31it/s]
serotype-only @ 95%:  59%|#####9    | 65/110 [00:49<00:34,  1.32it/s]
serotype-only @ 95%:  60%|######    | 66/110 [00:49<00:33,  1.33it/s]
serotype-only @ 95%:  61%|######    | 67/110 [00:50<00:32,  1.34it/s]
serotype-only @ 95%:  62%|######1   | 68/110 [00:51<00:31,  1.34it/s]
serotype-only @ 95%:  63%|######2   | 69/110 [00:52<00:31,  1.32it/s]
serotype-only @ 95%:  64%|######3   | 70/110 [00:52<00:30,  1.31it/s]
serotype-only @ 95%:  65%|######4   | 71/110 [00:53<00:29,  1.31it/s]
serotype-only @ 95%:  65%|######5   | 72/110 [00:54<00:28,  1.32it/s]
serotype-only @ 95%:  66%|######6   | 73/110 [00:55<00:27,  1.34it/s]
serotype-only @ 95%:  67%|######7   | 74/110 [00:55<00:26,  1.35it/s]
serotype-only @ 95%:  68%|######8   | 75/110 [00:56<00:25,  1.35it/s]
serotype-only @ 95%:  69%|######9   | 76/110 [00:57<00:25,  1.35it/s]
serotype-only @ 95%:  70%|#######   | 77/110 [00:58<00:24,  1.34it/s]
serotype-only @ 95%:  71%|#######   | 78/110 [00:58<00:23,  1.34it/s]
serotype-only @ 95%:  72%|#######1  | 79/110 [00:59<00:23,  1.33it/s]
serotype-only @ 95%:  73%|#######2  | 80/110 [01:00<00:22,  1.34it/s]
serotype-only @ 95%:  74%|#######3  | 81/110 [01:01<00:21,  1.34it/s]
serotype-only @ 95%:  75%|#######4  | 82/110 [01:01<00:21,  1.32it/s]
serotype-only @ 95%:  75%|#######5  | 83/110 [01:02<00:20,  1.32it/s]
serotype-only @ 95%:  76%|#######6  | 84/110 [01:03<00:19,  1.31it/s]
serotype-only @ 95%:  77%|#######7  | 85/110 [01:04<00:18,  1.33it/s]
serotype-only @ 95%:  78%|#######8  | 86/110 [01:04<00:18,  1.31it/s]
serotype-only @ 95%:  79%|#######9  | 87/110 [01:05<00:17,  1.31it/s]
serotype-only @ 95%:  80%|########  | 88/110 [01:06<00:16,  1.33it/s]
serotype-only @ 95%:  81%|########  | 89/110 [01:07<00:15,  1.34it/s]
serotype-only @ 95%:  82%|########1 | 90/110 [01:07<00:14,  1.35it/s]
serotype-only @ 95%:  83%|########2 | 91/110 [01:08<00:14,  1.33it/s]
serotype-only @ 95%:  84%|########3 | 92/110 [01:09<00:13,  1.32it/s]
serotype-only @ 95%:  85%|########4 | 93/110 [01:10<00:12,  1.32it/s]
serotype-only @ 95%:  85%|########5 | 94/110 [01:10<00:12,  1.33it/s]
serotype-only @ 95%:  86%|########6 | 95/110 [01:11<00:11,  1.33it/s]
serotype-only @ 95%:  87%|########7 | 96/110 [01:12<00:10,  1.32it/s]
serotype-only @ 95%:  88%|########8 | 97/110 [01:13<00:09,  1.34it/s]
serotype-only @ 95%:  89%|########9 | 98/110 [01:13<00:09,  1.32it/s]
serotype-only @ 95%:  90%|######### | 99/110 [01:14<00:08,  1.33it/s]
serotype-only @ 95%:  91%|######### | 100/110 [01:15<00:07,  1.32it/s]
serotype-only @ 95%:  92%|#########1| 101/110 [01:16<00:06,  1.33it/s]
serotype-only @ 95%:  93%|#########2| 102/110 [01:16<00:05,  1.34it/s]
serotype-only @ 95%:  94%|#########3| 103/110 [01:17<00:05,  1.34it/s]
serotype-only @ 95%:  95%|#########4| 104/110 [01:18<00:04,  1.31it/s]
serotype-only @ 95%:  95%|#########5| 105/110 [01:19<00:03,  1.31it/s]
serotype-only @ 95%:  96%|#########6| 106/110 [01:19<00:02,  1.34it/s]
serotype-only @ 95%:  97%|#########7| 107/110 [01:20<00:02,  1.34it/s]
serotype-only @ 95%:  98%|#########8| 108/110 [01:21<00:01,  1.33it/s]
serotype-only @ 95%:  99%|#########9| 109/110 [01:22<00:00,  1.35it/s]
serotype-only @ 95%: 100%|##########| 110/110 [01:22<00:00,  1.35it/s]
serotype-only @ 95%: 100%|##########| 110/110 [01:22<00:00,  1.33it/s]
Serotype-only AUC: 0.487   PR-AUC: 0.034

serotype-only @ 90%:   0%|          | 0/101 [00:00<?, ?it/s]
serotype-only @ 90%:   1%|          | 1/101 [00:00<01:14,  1.34it/s]
serotype-only @ 90%:   2%|1         | 2/101 [00:01<01:12,  1.36it/s]
serotype-only @ 90%:   3%|2         | 3/101 [00:02<01:13,  1.33it/s]
serotype-only @ 90%:   4%|3         | 4/101 [00:02<01:12,  1.34it/s]
serotype-only @ 90%:   5%|4         | 5/101 [00:03<01:12,  1.32it/s]
serotype-only @ 90%:   6%|5         | 6/101 [00:04<01:11,  1.34it/s]
serotype-only @ 90%:   7%|6         | 7/101 [00:05<01:09,  1.35it/s]
serotype-only @ 90%:   8%|7         | 8/101 [00:05<01:09,  1.34it/s]
serotype-only @ 90%:   9%|8         | 9/101 [00:06<01:08,  1.34it/s]
serotype-only @ 90%:  10%|9         | 10/101 [00:07<01:08,  1.33it/s]
serotype-only @ 90%:  11%|#         | 11/101 [00:08<01:08,  1.32it/s]
serotype-only @ 90%:  12%|#1        | 12/101 [00:09<01:07,  1.32it/s]
serotype-only @ 90%:  13%|#2        | 13/101 [00:09<01:06,  1.33it/s]
serotype-only @ 90%:  14%|#3        | 14/101 [00:10<01:05,  1.33it/s]
serotype-only @ 90%:  15%|#4        | 15/101 [00:11<01:04,  1.34it/s]
serotype-only @ 90%:  16%|#5        | 16/101 [00:12<01:03,  1.33it/s]
serotype-only @ 90%:  17%|#6        | 17/101 [00:12<01:04,  1.31it/s]
serotype-only @ 90%:  18%|#7        | 18/101 [00:13<01:03,  1.30it/s]
serotype-only @ 90%:  19%|#8        | 19/101 [00:14<01:02,  1.31it/s]
serotype-only @ 90%:  20%|#9        | 20/101 [00:15<01:02,  1.30it/s]
serotype-only @ 90%:  21%|##        | 21/101 [00:15<01:01,  1.31it/s]
serotype-only @ 90%:  22%|##1       | 22/101 [00:16<01:00,  1.31it/s]
serotype-only @ 90%:  23%|##2       | 23/101 [00:17<00:59,  1.32it/s]
serotype-only @ 90%:  24%|##3       | 24/101 [00:18<00:57,  1.34it/s]
serotype-only @ 90%:  25%|##4       | 25/101 [00:18<00:56,  1.35it/s]
serotype-only @ 90%:  26%|##5       | 26/101 [00:19<00:55,  1.35it/s]
serotype-only @ 90%:  27%|##6       | 27/101 [00:20<00:55,  1.33it/s]
serotype-only @ 90%:  28%|##7       | 28/101 [00:21<00:55,  1.33it/s]
serotype-only @ 90%:  29%|##8       | 29/101 [00:21<00:54,  1.33it/s]
serotype-only @ 90%:  30%|##9       | 30/101 [00:22<00:53,  1.33it/s]
serotype-only @ 90%:  31%|###       | 31/101 [00:23<00:52,  1.33it/s]
serotype-only @ 90%:  32%|###1      | 32/101 [00:24<00:52,  1.32it/s]
serotype-only @ 90%:  33%|###2      | 33/101 [00:24<00:50,  1.34it/s]
serotype-only @ 90%:  34%|###3      | 34/101 [00:25<00:50,  1.33it/s]
serotype-only @ 90%:  35%|###4      | 35/101 [00:26<00:49,  1.35it/s]
serotype-only @ 90%:  36%|###5      | 36/101 [00:27<00:48,  1.35it/s]
serotype-only @ 90%:  37%|###6      | 37/101 [00:27<00:49,  1.30it/s]
serotype-only @ 90%:  38%|###7      | 38/101 [00:28<00:47,  1.32it/s]
serotype-only @ 90%:  39%|###8      | 39/101 [00:29<00:47,  1.31it/s]
serotype-only @ 90%:  40%|###9      | 40/101 [00:30<00:46,  1.32it/s]
serotype-only @ 90%:  41%|####      | 41/101 [00:30<00:45,  1.31it/s]
serotype-only @ 90%:  42%|####1     | 42/101 [00:31<00:45,  1.30it/s]
serotype-only @ 90%:  43%|####2     | 43/101 [00:32<00:44,  1.30it/s]
serotype-only @ 90%:  44%|####3     | 44/101 [00:33<00:41,  1.37it/s]
serotype-only @ 90%:  45%|####4     | 45/101 [00:33<00:40,  1.37it/s]
serotype-only @ 90%:  46%|####5     | 46/101 [00:34<00:40,  1.35it/s]
serotype-only @ 90%:  47%|####6     | 47/101 [00:35<00:40,  1.33it/s]
serotype-only @ 90%:  48%|####7     | 48/101 [00:36<00:39,  1.34it/s]
serotype-only @ 90%:  49%|####8     | 49/101 [00:36<00:39,  1.33it/s]
serotype-only @ 90%:  50%|####9     | 50/101 [00:37<00:38,  1.32it/s]
serotype-only @ 90%:  50%|#####     | 51/101 [00:38<00:37,  1.33it/s]
serotype-only @ 90%:  51%|#####1    | 52/101 [00:39<00:36,  1.34it/s]
serotype-only @ 90%:  52%|#####2    | 53/101 [00:39<00:35,  1.35it/s]
serotype-only @ 90%:  53%|#####3    | 54/101 [00:40<00:35,  1.32it/s]
serotype-only @ 90%:  54%|#####4    | 55/101 [00:41<00:34,  1.34it/s]
serotype-only @ 90%:  55%|#####5    | 56/101 [00:42<00:33,  1.34it/s]
serotype-only @ 90%:  56%|#####6    | 57/101 [00:42<00:32,  1.35it/s]
serotype-only @ 90%:  57%|#####7    | 58/101 [00:43<00:32,  1.34it/s]
serotype-only @ 90%:  58%|#####8    | 59/101 [00:44<00:31,  1.35it/s]
serotype-only @ 90%:  59%|#####9    | 60/101 [00:45<00:30,  1.34it/s]
serotype-only @ 90%:  60%|######    | 61/101 [00:45<00:30,  1.33it/s]
serotype-only @ 90%:  61%|######1   | 62/101 [00:46<00:29,  1.32it/s]
serotype-only @ 90%:  62%|######2   | 63/101 [00:47<00:30,  1.25it/s]
serotype-only @ 90%:  63%|######3   | 64/101 [00:48<00:29,  1.27it/s]
serotype-only @ 90%:  64%|######4   | 65/101 [00:49<00:28,  1.27it/s]
serotype-only @ 90%:  65%|######5   | 66/101 [00:49<00:27,  1.30it/s]
serotype-only @ 90%:  66%|######6   | 67/101 [00:50<00:25,  1.31it/s]
serotype-only @ 90%:  67%|######7   | 68/101 [00:51<00:25,  1.31it/s]
serotype-only @ 90%:  68%|######8   | 69/101 [00:52<00:24,  1.33it/s]
serotype-only @ 90%:  69%|######9   | 70/101 [00:52<00:23,  1.31it/s]
serotype-only @ 90%:  70%|#######   | 71/101 [00:53<00:22,  1.31it/s]
serotype-only @ 90%:  71%|#######1  | 72/101 [00:54<00:21,  1.33it/s]
serotype-only @ 90%:  72%|#######2  | 73/101 [00:55<00:21,  1.33it/s]
serotype-only @ 90%:  73%|#######3  | 74/101 [00:55<00:20,  1.33it/s]
serotype-only @ 90%:  74%|#######4  | 75/101 [00:56<00:19,  1.34it/s]
serotype-only @ 90%:  75%|#######5  | 76/101 [00:57<00:18,  1.33it/s]
serotype-only @ 90%:  76%|#######6  | 77/101 [00:58<00:18,  1.33it/s]
serotype-only @ 90%:  77%|#######7  | 78/101 [00:58<00:17,  1.35it/s]
serotype-only @ 90%:  78%|#######8  | 79/101 [00:59<00:16,  1.32it/s]
serotype-only @ 90%:  79%|#######9  | 80/101 [01:00<00:15,  1.33it/s]
serotype-only @ 90%:  80%|########  | 81/101 [01:01<00:15,  1.32it/s]
serotype-only @ 90%:  81%|########1 | 82/101 [01:01<00:14,  1.32it/s]
serotype-only @ 90%:  82%|########2 | 83/101 [01:02<00:13,  1.31it/s]
serotype-only @ 90%:  83%|########3 | 84/101 [01:03<00:12,  1.33it/s]
serotype-only @ 90%:  84%|########4 | 85/101 [01:04<00:12,  1.32it/s]
serotype-only @ 90%:  85%|########5 | 86/101 [01:04<00:11,  1.34it/s]
serotype-only @ 90%:  86%|########6 | 87/101 [01:05<00:10,  1.32it/s]
serotype-only @ 90%:  87%|########7 | 88/101 [01:06<00:09,  1.34it/s]
serotype-only @ 90%:  88%|########8 | 89/101 [01:07<00:09,  1.32it/s]
serotype-only @ 90%:  89%|########9 | 90/101 [01:07<00:08,  1.32it/s]
serotype-only @ 90%:  90%|######### | 91/101 [01:08<00:07,  1.31it/s]
serotype-only @ 90%:  91%|#########1| 92/101 [01:09<00:06,  1.32it/s]
serotype-only @ 90%:  92%|#########2| 93/101 [01:10<00:06,  1.32it/s]
serotype-only @ 90%:  93%|#########3| 94/101 [01:10<00:05,  1.32it/s]
serotype-only @ 90%:  94%|#########4| 95/101 [01:11<00:04,  1.27it/s]
serotype-only @ 90%:  95%|#########5| 96/101 [01:12<00:03,  1.29it/s]
serotype-only @ 90%:  96%|#########6| 97/101 [01:13<00:03,  1.30it/s]
serotype-only @ 90%:  97%|#########7| 98/101 [01:14<00:02,  1.30it/s]
serotype-only @ 90%:  98%|#########8| 99/101 [01:14<00:01,  1.31it/s]
serotype-only @ 90%:  99%|#########9| 100/101 [01:15<00:00,  1.32it/s]
serotype-only @ 90%: 100%|##########| 101/101 [01:16<00:00,  1.29it/s]
serotype-only @ 90%: 100%|##########| 101/101 [01:16<00:00,  1.32it/s]
Serotype-only AUC: 0.485   PR-AUC: 0.034

serotype-only @ 85%:   0%|          | 0/96 [00:00<?, ?it/s]
serotype-only @ 85%:   1%|1         | 1/96 [00:00<01:09,  1.37it/s]
serotype-only @ 85%:   2%|2         | 2/96 [00:01<01:08,  1.37it/s]
serotype-only @ 85%:   3%|3         | 3/96 [00:02<01:08,  1.35it/s]
serotype-only @ 85%:   4%|4         | 4/96 [00:02<01:09,  1.33it/s]
serotype-only @ 85%:   5%|5         | 5/96 [00:03<01:08,  1.33it/s]
serotype-only @ 85%:   6%|6         | 6/96 [00:04<01:07,  1.34it/s]
serotype-only @ 85%:   7%|7         | 7/96 [00:05<01:06,  1.35it/s]
serotype-only @ 85%:   8%|8         | 8/96 [00:05<01:05,  1.35it/s]
serotype-only @ 85%:   9%|9         | 9/96 [00:06<01:05,  1.34it/s]
serotype-only @ 85%:  10%|#         | 10/96 [00:07<01:04,  1.34it/s]
serotype-only @ 85%:  11%|#1        | 11/96 [00:08<01:03,  1.34it/s]
serotype-only @ 85%:  12%|#2        | 12/96 [00:08<01:03,  1.31it/s]
serotype-only @ 85%:  14%|#3        | 13/96 [00:09<01:02,  1.34it/s]
serotype-only @ 85%:  15%|#4        | 14/96 [00:10<01:01,  1.34it/s]
serotype-only @ 85%:  16%|#5        | 15/96 [00:11<01:00,  1.34it/s]
serotype-only @ 85%:  17%|#6        | 16/96 [00:11<00:59,  1.34it/s]
serotype-only @ 85%:  18%|#7        | 17/96 [00:12<00:59,  1.32it/s]
serotype-only @ 85%:  19%|#8        | 18/96 [00:13<00:58,  1.33it/s]
serotype-only @ 85%:  20%|#9        | 19/96 [00:14<00:57,  1.33it/s]
serotype-only @ 85%:  21%|##        | 20/96 [00:14<00:56,  1.34it/s]
serotype-only @ 85%:  22%|##1       | 21/96 [00:15<00:55,  1.34it/s]
serotype-only @ 85%:  23%|##2       | 22/96 [00:16<00:55,  1.34it/s]
serotype-only @ 85%:  24%|##3       | 23/96 [00:17<00:54,  1.34it/s]
serotype-only @ 85%:  25%|##5       | 24/96 [00:17<00:53,  1.35it/s]
serotype-only @ 85%:  26%|##6       | 25/96 [00:18<00:52,  1.35it/s]
serotype-only @ 85%:  27%|##7       | 26/96 [00:19<00:51,  1.36it/s]
serotype-only @ 85%:  28%|##8       | 27/96 [00:20<00:51,  1.35it/s]
serotype-only @ 85%:  29%|##9       | 28/96 [00:20<00:50,  1.36it/s]
serotype-only @ 85%:  30%|###       | 29/96 [00:21<00:52,  1.28it/s]
serotype-only @ 85%:  31%|###1      | 30/96 [00:22<00:51,  1.28it/s]
serotype-only @ 85%:  32%|###2      | 31/96 [00:23<00:51,  1.27it/s]
serotype-only @ 85%:  33%|###3      | 32/96 [00:24<00:49,  1.30it/s]
serotype-only @ 85%:  34%|###4      | 33/96 [00:24<00:47,  1.31it/s]
serotype-only @ 85%:  35%|###5      | 34/96 [00:25<00:46,  1.33it/s]
serotype-only @ 85%:  36%|###6      | 35/96 [00:26<00:46,  1.32it/s]
serotype-only @ 85%:  38%|###7      | 36/96 [00:27<00:45,  1.32it/s]
serotype-only @ 85%:  39%|###8      | 37/96 [00:27<00:44,  1.32it/s]
serotype-only @ 85%:  40%|###9      | 38/96 [00:28<00:43,  1.34it/s]
serotype-only @ 85%:  41%|####      | 39/96 [00:29<00:42,  1.33it/s]
serotype-only @ 85%:  42%|####1     | 40/96 [00:30<00:41,  1.34it/s]
serotype-only @ 85%:  43%|####2     | 41/96 [00:30<00:40,  1.34it/s]
serotype-only @ 85%:  44%|####3     | 42/96 [00:31<00:40,  1.32it/s]
serotype-only @ 85%:  45%|####4     | 43/96 [00:32<00:37,  1.40it/s]
serotype-only @ 85%:  46%|####5     | 44/96 [00:32<00:38,  1.36it/s]
serotype-only @ 85%:  47%|####6     | 45/96 [00:33<00:37,  1.35it/s]
serotype-only @ 85%:  48%|####7     | 46/96 [00:34<00:36,  1.35it/s]
serotype-only @ 85%:  49%|####8     | 47/96 [00:35<00:36,  1.34it/s]
serotype-only @ 85%:  50%|#####     | 48/96 [00:35<00:35,  1.34it/s]
serotype-only @ 85%:  51%|#####1    | 49/96 [00:36<00:34,  1.35it/s]
serotype-only @ 85%:  52%|#####2    | 50/96 [00:37<00:34,  1.34it/s]
serotype-only @ 85%:  53%|#####3    | 51/96 [00:38<00:34,  1.32it/s]
serotype-only @ 85%:  54%|#####4    | 52/96 [00:38<00:32,  1.34it/s]
serotype-only @ 85%:  55%|#####5    | 53/96 [00:39<00:31,  1.34it/s]
serotype-only @ 85%:  56%|#####6    | 54/96 [00:40<00:31,  1.33it/s]
serotype-only @ 85%:  57%|#####7    | 55/96 [00:41<00:30,  1.34it/s]
serotype-only @ 85%:  58%|#####8    | 56/96 [00:41<00:30,  1.33it/s]
serotype-only @ 85%:  59%|#####9    | 57/96 [00:42<00:29,  1.32it/s]
serotype-only @ 85%:  60%|######    | 58/96 [00:43<00:29,  1.29it/s]
serotype-only @ 85%:  61%|######1   | 59/96 [00:44<00:28,  1.31it/s]
serotype-only @ 85%:  62%|######2   | 60/96 [00:44<00:27,  1.33it/s]
serotype-only @ 85%:  64%|######3   | 61/96 [00:45<00:26,  1.34it/s]
serotype-only @ 85%:  65%|######4   | 62/96 [00:46<00:25,  1.33it/s]
serotype-only @ 85%:  66%|######5   | 63/96 [00:47<00:25,  1.32it/s]
serotype-only @ 85%:  67%|######6   | 64/96 [00:47<00:23,  1.34it/s]
serotype-only @ 85%:  68%|######7   | 65/96 [00:48<00:23,  1.34it/s]
serotype-only @ 85%:  69%|######8   | 66/96 [00:49<00:22,  1.34it/s]
serotype-only @ 85%:  70%|######9   | 67/96 [00:50<00:21,  1.34it/s]
serotype-only @ 85%:  71%|#######   | 68/96 [00:50<00:20,  1.35it/s]
serotype-only @ 85%:  72%|#######1  | 69/96 [00:51<00:20,  1.34it/s]
serotype-only @ 85%:  73%|#######2  | 70/96 [00:52<00:19,  1.34it/s]
serotype-only @ 85%:  74%|#######3  | 71/96 [00:53<00:18,  1.35it/s]
serotype-only @ 85%:  75%|#######5  | 72/96 [00:53<00:18,  1.32it/s]
serotype-only @ 85%:  76%|#######6  | 73/96 [00:54<00:17,  1.32it/s]
serotype-only @ 85%:  77%|#######7  | 74/96 [00:55<00:16,  1.33it/s]
serotype-only @ 85%:  78%|#######8  | 75/96 [00:56<00:15,  1.33it/s]
serotype-only @ 85%:  79%|#######9  | 76/96 [00:57<00:15,  1.31it/s]
serotype-only @ 85%:  80%|########  | 77/96 [00:57<00:14,  1.33it/s]
serotype-only @ 85%:  81%|########1 | 78/96 [00:58<00:13,  1.33it/s]
serotype-only @ 85%:  82%|########2 | 79/96 [00:59<00:13,  1.25it/s]
serotype-only @ 85%:  83%|########3 | 80/96 [01:00<00:12,  1.26it/s]
serotype-only @ 85%:  84%|########4 | 81/96 [01:01<00:11,  1.25it/s]
serotype-only @ 85%:  85%|########5 | 82/96 [01:01<00:11,  1.26it/s]
serotype-only @ 85%:  86%|########6 | 83/96 [01:02<00:10,  1.28it/s]
serotype-only @ 85%:  88%|########7 | 84/96 [01:03<00:09,  1.29it/s]
serotype-only @ 85%:  89%|########8 | 85/96 [01:04<00:08,  1.31it/s]
serotype-only @ 85%:  90%|########9 | 86/96 [01:04<00:07,  1.31it/s]
serotype-only @ 85%:  91%|######### | 87/96 [01:05<00:06,  1.33it/s]
serotype-only @ 85%:  92%|#########1| 88/96 [01:06<00:06,  1.33it/s]
serotype-only @ 85%:  93%|#########2| 89/96 [01:07<00:05,  1.33it/s]
serotype-only @ 85%:  94%|#########3| 90/96 [01:07<00:04,  1.34it/s]
serotype-only @ 85%:  95%|#########4| 91/96 [01:08<00:03,  1.33it/s]
serotype-only @ 85%:  96%|#########5| 92/96 [01:09<00:02,  1.34it/s]
serotype-only @ 85%:  97%|#########6| 93/96 [01:10<00:02,  1.33it/s]
serotype-only @ 85%:  98%|#########7| 94/96 [01:10<00:01,  1.33it/s]
serotype-only @ 85%:  99%|#########8| 95/96 [01:11<00:00,  1.32it/s]
serotype-only @ 85%: 100%|##########| 96/96 [01:12<00:00,  1.32it/s]
serotype-only @ 85%: 100%|##########| 96/96 [01:12<00:00,  1.33it/s]
Serotype-only AUC: 0.484   PR-AUC: 0.034

serotype-only @ 80%:   0%|          | 0/93 [00:00<?, ?it/s]
serotype-only @ 80%:   1%|1         | 1/93 [00:00<01:08,  1.35it/s]
serotype-only @ 80%:   2%|2         | 2/93 [00:01<01:09,  1.31it/s]
serotype-only @ 80%:   3%|3         | 3/93 [00:02<01:10,  1.28it/s]
serotype-only @ 80%:   4%|4         | 4/93 [00:03<01:08,  1.31it/s]
serotype-only @ 80%:   5%|5         | 5/93 [00:03<01:06,  1.32it/s]
serotype-only @ 80%:   6%|6         | 6/93 [00:04<01:04,  1.34it/s]
serotype-only @ 80%:   8%|7         | 7/93 [00:05<01:05,  1.32it/s]
serotype-only @ 80%:   9%|8         | 8/93 [00:06<01:04,  1.32it/s]
serotype-only @ 80%:  10%|9         | 9/93 [00:06<01:04,  1.30it/s]
serotype-only @ 80%:  11%|#         | 10/93 [00:07<01:03,  1.30it/s]
serotype-only @ 80%:  12%|#1        | 11/93 [00:08<01:02,  1.31it/s]
serotype-only @ 80%:  13%|#2        | 12/93 [00:09<01:00,  1.33it/s]
serotype-only @ 80%:  14%|#3        | 13/93 [00:09<01:01,  1.31it/s]
serotype-only @ 80%:  15%|#5        | 14/93 [00:10<00:59,  1.32it/s]
serotype-only @ 80%:  16%|#6        | 15/93 [00:11<00:59,  1.32it/s]
serotype-only @ 80%:  17%|#7        | 16/93 [00:12<00:58,  1.31it/s]
serotype-only @ 80%:  18%|#8        | 17/93 [00:12<00:57,  1.31it/s]
serotype-only @ 80%:  19%|#9        | 18/93 [00:13<00:56,  1.32it/s]
serotype-only @ 80%:  20%|##        | 19/93 [00:14<00:55,  1.34it/s]
serotype-only @ 80%:  22%|##1       | 20/93 [00:15<00:54,  1.34it/s]
serotype-only @ 80%:  23%|##2       | 21/93 [00:15<00:54,  1.33it/s]
serotype-only @ 80%:  24%|##3       | 22/93 [00:16<00:53,  1.34it/s]
serotype-only @ 80%:  25%|##4       | 23/93 [00:17<00:52,  1.35it/s]
serotype-only @ 80%:  26%|##5       | 24/93 [00:18<00:52,  1.33it/s]
serotype-only @ 80%:  27%|##6       | 25/93 [00:18<00:51,  1.32it/s]
serotype-only @ 80%:  28%|##7       | 26/93 [00:19<00:50,  1.34it/s]
serotype-only @ 80%:  29%|##9       | 27/93 [00:20<00:49,  1.34it/s]
serotype-only @ 80%:  30%|###       | 28/93 [00:21<00:48,  1.33it/s]
serotype-only @ 80%:  31%|###1      | 29/93 [00:21<00:48,  1.32it/s]
serotype-only @ 80%:  32%|###2      | 30/93 [00:22<00:47,  1.33it/s]
serotype-only @ 80%:  33%|###3      | 31/93 [00:23<00:46,  1.33it/s]
serotype-only @ 80%:  34%|###4      | 32/93 [00:24<00:45,  1.34it/s]
serotype-only @ 80%:  35%|###5      | 33/93 [00:24<00:45,  1.33it/s]
serotype-only @ 80%:  37%|###6      | 34/93 [00:25<00:44,  1.33it/s]
serotype-only @ 80%:  38%|###7      | 35/93 [00:26<00:44,  1.32it/s]
serotype-only @ 80%:  39%|###8      | 36/93 [00:27<00:43,  1.30it/s]
serotype-only @ 80%:  40%|###9      | 37/93 [00:27<00:42,  1.31it/s]
serotype-only @ 80%:  41%|####      | 38/93 [00:28<00:41,  1.32it/s]
serotype-only @ 80%:  42%|####1     | 39/93 [00:29<00:40,  1.33it/s]
serotype-only @ 80%:  43%|####3     | 40/93 [00:30<00:39,  1.34it/s]
serotype-only @ 80%:  44%|####4     | 41/93 [00:30<00:39,  1.32it/s]
serotype-only @ 80%:  45%|####5     | 42/93 [00:31<00:37,  1.38it/s]
serotype-only @ 80%:  46%|####6     | 43/93 [00:32<00:36,  1.38it/s]
serotype-only @ 80%:  47%|####7     | 44/93 [00:33<00:36,  1.34it/s]
serotype-only @ 80%:  48%|####8     | 45/93 [00:33<00:36,  1.33it/s]
serotype-only @ 80%:  49%|####9     | 46/93 [00:34<00:35,  1.33it/s]
serotype-only @ 80%:  51%|#####     | 47/93 [00:35<00:34,  1.32it/s]
serotype-only @ 80%:  52%|#####1    | 48/93 [00:36<00:33,  1.33it/s]
serotype-only @ 80%:  53%|#####2    | 49/93 [00:36<00:33,  1.33it/s]
serotype-only @ 80%:  54%|#####3    | 50/93 [00:37<00:32,  1.31it/s]
serotype-only @ 80%:  55%|#####4    | 51/93 [00:38<00:31,  1.32it/s]
serotype-only @ 80%:  56%|#####5    | 52/93 [00:39<00:30,  1.34it/s]
serotype-only @ 80%:  57%|#####6    | 53/93 [00:39<00:29,  1.35it/s]
serotype-only @ 80%:  58%|#####8    | 54/93 [00:40<00:29,  1.30it/s]
serotype-only @ 80%:  59%|#####9    | 55/93 [00:41<00:28,  1.32it/s]
serotype-only @ 80%:  60%|######    | 56/93 [00:42<00:28,  1.31it/s]
serotype-only @ 80%:  61%|######1   | 57/93 [00:43<00:27,  1.31it/s]
serotype-only @ 80%:  62%|######2   | 58/93 [00:43<00:26,  1.32it/s]
serotype-only @ 80%:  63%|######3   | 59/93 [00:44<00:25,  1.33it/s]
serotype-only @ 80%:  65%|######4   | 60/93 [00:45<00:24,  1.34it/s]
serotype-only @ 80%:  66%|######5   | 61/93 [00:45<00:23,  1.34it/s]
serotype-only @ 80%:  67%|######6   | 62/93 [00:46<00:23,  1.33it/s]
serotype-only @ 80%:  68%|######7   | 63/93 [00:47<00:22,  1.32it/s]
serotype-only @ 80%:  69%|######8   | 64/93 [00:48<00:21,  1.33it/s]
serotype-only @ 80%:  70%|######9   | 65/93 [00:48<00:20,  1.35it/s]
serotype-only @ 80%:  71%|#######   | 66/93 [00:49<00:20,  1.34it/s]
serotype-only @ 80%:  72%|#######2  | 67/93 [00:50<00:19,  1.33it/s]
serotype-only @ 80%:  73%|#######3  | 68/93 [00:51<00:18,  1.33it/s]
serotype-only @ 80%:  74%|#######4  | 69/93 [00:51<00:17,  1.34it/s]
serotype-only @ 80%:  75%|#######5  | 70/93 [00:52<00:17,  1.33it/s]
serotype-only @ 80%:  76%|#######6  | 71/93 [00:53<00:16,  1.34it/s]
serotype-only @ 80%:  77%|#######7  | 72/93 [00:54<00:15,  1.35it/s]
serotype-only @ 80%:  78%|#######8  | 73/93 [00:54<00:14,  1.35it/s]
serotype-only @ 80%:  80%|#######9  | 74/93 [00:55<00:14,  1.34it/s]
serotype-only @ 80%:  81%|########  | 75/93 [00:56<00:13,  1.33it/s]
serotype-only @ 80%:  82%|########1 | 76/93 [00:57<00:12,  1.33it/s]
serotype-only @ 80%:  83%|########2 | 77/93 [00:57<00:12,  1.33it/s]
serotype-only @ 80%:  84%|########3 | 78/93 [00:58<00:11,  1.34it/s]
serotype-only @ 80%:  85%|########4 | 79/93 [00:59<00:10,  1.35it/s]
serotype-only @ 80%:  86%|########6 | 80/93 [01:00<00:09,  1.33it/s]
serotype-only @ 80%:  87%|########7 | 81/93 [01:00<00:09,  1.32it/s]
serotype-only @ 80%:  88%|########8 | 82/93 [01:01<00:08,  1.33it/s]
serotype-only @ 80%:  89%|########9 | 83/93 [01:02<00:07,  1.33it/s]
serotype-only @ 80%:  90%|######### | 84/93 [01:03<00:06,  1.33it/s]
serotype-only @ 80%:  91%|#########1| 85/93 [01:03<00:06,  1.32it/s]
serotype-only @ 80%:  92%|#########2| 86/93 [01:04<00:05,  1.32it/s]
serotype-only @ 80%:  94%|#########3| 87/93 [01:05<00:04,  1.33it/s]
serotype-only @ 80%:  95%|#########4| 88/93 [01:06<00:03,  1.34it/s]
serotype-only @ 80%:  96%|#########5| 89/93 [01:07<00:03,  1.33it/s]
serotype-only @ 80%:  97%|#########6| 90/93 [01:07<00:02,  1.33it/s]
serotype-only @ 80%:  98%|#########7| 91/93 [01:08<00:01,  1.34it/s]
serotype-only @ 80%:  99%|#########8| 92/93 [01:09<00:00,  1.33it/s]
serotype-only @ 80%: 100%|##########| 93/93 [01:09<00:00,  1.34it/s]
serotype-only @ 80%: 100%|##########| 93/93 [01:09<00:00,  1.33it/s]
Serotype-only AUC: 0.51   PR-AUC: 0.038

serotype-only @ 75%:   0%|          | 0/89 [00:00<?, ?it/s]
serotype-only @ 75%:   1%|1         | 1/89 [00:00<01:06,  1.32it/s]
serotype-only @ 75%:   2%|2         | 2/89 [00:01<01:05,  1.34it/s]
serotype-only @ 75%:   3%|3         | 3/89 [00:02<01:05,  1.32it/s]
serotype-only @ 75%:   4%|4         | 4/89 [00:03<01:05,  1.30it/s]
serotype-only @ 75%:   6%|5         | 5/89 [00:03<01:05,  1.28it/s]
serotype-only @ 75%:   7%|6         | 6/89 [00:04<01:03,  1.31it/s]
serotype-only @ 75%:   8%|7         | 7/89 [00:05<01:02,  1.31it/s]
serotype-only @ 75%:   9%|8         | 8/89 [00:06<01:01,  1.31it/s]
serotype-only @ 75%:  10%|#         | 9/89 [00:06<01:01,  1.31it/s]
serotype-only @ 75%:  11%|#1        | 10/89 [00:07<01:00,  1.30it/s]
serotype-only @ 75%:  12%|#2        | 11/89 [00:08<00:59,  1.31it/s]
serotype-only @ 75%:  13%|#3        | 12/89 [00:09<00:58,  1.32it/s]
serotype-only @ 75%:  15%|#4        | 13/89 [00:09<00:57,  1.31it/s]
serotype-only @ 75%:  16%|#5        | 14/89 [00:10<00:57,  1.30it/s]
serotype-only @ 75%:  17%|#6        | 15/89 [00:11<00:56,  1.32it/s]
serotype-only @ 75%:  18%|#7        | 16/89 [00:12<00:55,  1.30it/s]
serotype-only @ 75%:  19%|#9        | 17/89 [00:12<00:54,  1.31it/s]
serotype-only @ 75%:  20%|##        | 18/89 [00:13<00:53,  1.32it/s]
serotype-only @ 75%:  21%|##1       | 19/89 [00:14<00:53,  1.32it/s]
serotype-only @ 75%:  22%|##2       | 20/89 [00:15<00:51,  1.33it/s]
serotype-only @ 75%:  24%|##3       | 21/89 [00:15<00:50,  1.34it/s]
serotype-only @ 75%:  25%|##4       | 22/89 [00:16<00:50,  1.33it/s]
serotype-only @ 75%:  26%|##5       | 23/89 [00:17<00:51,  1.29it/s]
serotype-only @ 75%:  27%|##6       | 24/89 [00:18<00:50,  1.29it/s]
serotype-only @ 75%:  28%|##8       | 25/89 [00:19<00:49,  1.30it/s]
serotype-only @ 75%:  29%|##9       | 26/89 [00:19<00:47,  1.33it/s]
serotype-only @ 75%:  30%|###       | 27/89 [00:20<00:47,  1.31it/s]
serotype-only @ 75%:  31%|###1      | 28/89 [00:21<00:46,  1.31it/s]
serotype-only @ 75%:  33%|###2      | 29/89 [00:22<00:46,  1.28it/s]
serotype-only @ 75%:  34%|###3      | 30/89 [00:22<00:45,  1.30it/s]
serotype-only @ 75%:  35%|###4      | 31/89 [00:23<00:44,  1.31it/s]
serotype-only @ 75%:  36%|###5      | 32/89 [00:24<00:43,  1.33it/s]
serotype-only @ 75%:  37%|###7      | 33/89 [00:25<00:42,  1.33it/s]
serotype-only @ 75%:  38%|###8      | 34/89 [00:25<00:41,  1.34it/s]
serotype-only @ 75%:  39%|###9      | 35/89 [00:26<00:40,  1.33it/s]
serotype-only @ 75%:  40%|####      | 36/89 [00:27<00:39,  1.34it/s]
serotype-only @ 75%:  42%|####1     | 37/89 [00:28<00:39,  1.33it/s]
serotype-only @ 75%:  43%|####2     | 38/89 [00:28<00:38,  1.33it/s]
serotype-only @ 75%:  44%|####3     | 39/89 [00:29<00:37,  1.33it/s]
serotype-only @ 75%:  45%|####4     | 40/89 [00:30<00:36,  1.34it/s]
serotype-only @ 75%:  46%|####6     | 41/89 [00:31<00:35,  1.33it/s]
serotype-only @ 75%:  47%|####7     | 42/89 [00:31<00:33,  1.40it/s]
serotype-only @ 75%:  48%|####8     | 43/89 [00:32<00:33,  1.39it/s]
serotype-only @ 75%:  49%|####9     | 44/89 [00:33<00:32,  1.38it/s]
serotype-only @ 75%:  51%|#####     | 45/89 [00:33<00:32,  1.37it/s]
serotype-only @ 75%:  52%|#####1    | 46/89 [00:34<00:31,  1.35it/s]
serotype-only @ 75%:  53%|#####2    | 47/89 [00:35<00:31,  1.35it/s]
serotype-only @ 75%:  54%|#####3    | 48/89 [00:36<00:30,  1.35it/s]
serotype-only @ 75%:  55%|#####5    | 49/89 [00:37<00:30,  1.31it/s]
serotype-only @ 75%:  56%|#####6    | 50/89 [00:37<00:29,  1.33it/s]
serotype-only @ 75%:  57%|#####7    | 51/89 [00:38<00:28,  1.34it/s]
serotype-only @ 75%:  58%|#####8    | 52/89 [00:39<00:27,  1.35it/s]
serotype-only @ 75%:  60%|#####9    | 53/89 [00:39<00:27,  1.32it/s]
serotype-only @ 75%:  61%|######    | 54/89 [00:40<00:26,  1.34it/s]
serotype-only @ 75%:  62%|######1   | 55/89 [00:41<00:25,  1.34it/s]
serotype-only @ 75%:  63%|######2   | 56/89 [00:42<00:24,  1.35it/s]
serotype-only @ 75%:  64%|######4   | 57/89 [00:42<00:23,  1.36it/s]
serotype-only @ 75%:  65%|######5   | 58/89 [00:43<00:22,  1.36it/s]
serotype-only @ 75%:  66%|######6   | 59/89 [00:44<00:22,  1.36it/s]
serotype-only @ 75%:  67%|######7   | 60/89 [00:45<00:21,  1.33it/s]
serotype-only @ 75%:  69%|######8   | 61/89 [00:45<00:21,  1.33it/s]
serotype-only @ 75%:  70%|######9   | 62/89 [00:46<00:20,  1.33it/s]
serotype-only @ 75%:  71%|#######   | 63/89 [00:47<00:19,  1.34it/s]
serotype-only @ 75%:  72%|#######1  | 64/89 [00:48<00:18,  1.33it/s]
serotype-only @ 75%:  73%|#######3  | 65/89 [00:48<00:18,  1.31it/s]
serotype-only @ 75%:  74%|#######4  | 66/89 [00:49<00:17,  1.32it/s]
serotype-only @ 75%:  75%|#######5  | 67/89 [00:50<00:16,  1.32it/s]
serotype-only @ 75%:  76%|#######6  | 68/89 [00:51<00:15,  1.32it/s]
serotype-only @ 75%:  78%|#######7  | 69/89 [00:51<00:15,  1.32it/s]
serotype-only @ 75%:  79%|#######8  | 70/89 [00:52<00:14,  1.32it/s]
serotype-only @ 75%:  80%|#######9  | 71/89 [00:53<00:13,  1.33it/s]
serotype-only @ 75%:  81%|########  | 72/89 [00:54<00:12,  1.34it/s]
serotype-only @ 75%:  82%|########2 | 73/89 [00:55<00:12,  1.31it/s]
serotype-only @ 75%:  83%|########3 | 74/89 [00:55<00:11,  1.33it/s]
serotype-only @ 75%:  84%|########4 | 75/89 [00:56<00:10,  1.32it/s]
serotype-only @ 75%:  85%|########5 | 76/89 [00:57<00:09,  1.33it/s]
serotype-only @ 75%:  87%|########6 | 77/89 [00:57<00:08,  1.34it/s]
serotype-only @ 75%:  88%|########7 | 78/89 [00:58<00:08,  1.35it/s]
serotype-only @ 75%:  89%|########8 | 79/89 [00:59<00:07,  1.35it/s]
serotype-only @ 75%:  90%|########9 | 80/89 [01:00<00:06,  1.36it/s]
serotype-only @ 75%:  91%|#########1| 81/89 [01:00<00:05,  1.35it/s]
serotype-only @ 75%:  92%|#########2| 82/89 [01:01<00:05,  1.34it/s]
serotype-only @ 75%:  93%|#########3| 83/89 [01:02<00:04,  1.33it/s]
serotype-only @ 75%:  94%|#########4| 84/89 [01:03<00:03,  1.33it/s]
serotype-only @ 75%:  96%|#########5| 85/89 [01:03<00:02,  1.34it/s]
serotype-only @ 75%:  97%|#########6| 86/89 [01:04<00:02,  1.35it/s]
serotype-only @ 75%:  98%|#########7| 87/89 [01:05<00:01,  1.33it/s]
serotype-only @ 75%:  99%|#########8| 88/89 [01:06<00:00,  1.32it/s]
serotype-only @ 75%: 100%|##########| 89/89 [01:06<00:00,  1.34it/s]
serotype-only @ 75%: 100%|##########| 89/89 [01:06<00:00,  1.33it/s]
Serotype-only AUC: 0.53   PR-AUC: 0.048

Wrote Results/2b_AUCs_serotype_only.pkl — all 8 thresholds: [np.float64(0.589), np.float64(0.554), np.float64(0.536), np.float64(0.487), np.float64(0.485), np.float64(0.484), np.float64(0.51), np.float64(0.53)]

Compare against published PHL-RBP+S:
  [0.817, 0.747, 0.690, 0.644, 0.636, 0.615, 0.659, 0.672]
If these are close, the viral side is contributing little.
