
======================================================================
2026-08-20 03:03:42  3_max_max_sero_compact.py  device=cuda  thresholds=['100', '99.5', '99', '95', '90', '85', '80', '75']
======================================================================
Loaded cache: 487,400 pairs, 3,880 host proteins, 274 RBPs
Serotype encoding: 87 columns

LOGO CV @ 100%:   0%|          | 0/185 [00:00<?, ?it/s]C:\Users\IamAh\anaconda3\envs\keymotif\Lib\site-packages\xgboost\core.py:158: UserWarning: [03:04:43] WARNING: C:\buildkite-agent\builds\buildkite-windows-cpu-autoscaling-group-i-08cbc0333d8d4aae1-1\xgboost\xgboost-ci-windows\src\common\error_msg.cc:58: Falling back to prediction using DMatrix due to mismatched devices. This might lead to higher memory usage and slower performance. XGBoost is running on: cuda:0, while the input data is on: cpu.
Potential solutions:
- Use a data structure that matches the device ordinal in the booster.
- Set the device for booster before call to inplace_predict.

This warning will only be shown once.

  warnings.warn(smsg, UserWarning)

LOGO CV @ 100%:   1%|          | 1/185 [00:58<3:00:05, 58.72s/it]
LOGO CV @ 100%:   1%|1         | 2/185 [01:57<2:58:24, 58.49s/it]
LOGO CV @ 100%:   2%|1         | 3/185 [02:54<2:56:19, 58.13s/it]
LOGO CV @ 100%:   2%|2         | 4/185 [03:52<2:54:57, 58.00s/it]
LOGO CV @ 100%:   3%|2         | 5/185 [04:51<2:54:55, 58.31s/it]
LOGO CV @ 100%:   3%|3         | 6/185 [05:49<2:53:14, 58.07s/it]
LOGO CV @ 100%:   4%|3         | 7/185 [06:46<2:51:43, 57.88s/it]
LOGO CV @ 100%:   4%|4         | 8/185 [07:43<2:50:06, 57.67s/it]
LOGO CV @ 100%:   5%|4         | 9/185 [08:41<2:48:49, 57.55s/it]
LOGO CV @ 100%:   5%|5         | 10/185 [09:38<2:47:25, 57.41s/it]
LOGO CV @ 100%:   6%|5         | 11/185 [10:35<2:46:18, 57.35s/it]
LOGO CV @ 100%:   6%|6         | 12/185 [11:32<2:45:17, 57.33s/it]
LOGO CV @ 100%:   7%|7         | 13/185 [12:29<2:44:04, 57.23s/it]
LOGO CV @ 100%:   8%|7         | 14/185 [13:27<2:43:16, 57.29s/it]
LOGO CV @ 100%:   8%|8         | 15/185 [14:23<2:41:54, 57.15s/it]
LOGO CV @ 100%:   9%|8         | 16/185 [15:21<2:41:12, 57.23s/it]
LOGO CV @ 100%:   9%|9         | 17/185 [16:18<2:40:27, 57.31s/it]
LOGO CV @ 100%:  10%|9         | 18/185 [17:15<2:39:21, 57.25s/it]
LOGO CV @ 100%:  10%|#         | 19/185 [18:13<2:38:32, 57.31s/it]
LOGO CV @ 100%:  11%|#         | 20/185 [19:10<2:37:49, 57.39s/it]
LOGO CV @ 100%:  11%|#1        | 21/185 [20:08<2:37:09, 57.50s/it]
LOGO CV @ 100%:  12%|#1        | 22/185 [21:05<2:35:43, 57.32s/it]
LOGO CV @ 100%:  12%|#2        | 23/185 [22:02<2:34:37, 57.27s/it]
LOGO CV @ 100%:  13%|#2        | 24/185 [23:00<2:34:02, 57.41s/it]
LOGO CV @ 100%:  14%|#3        | 25/185 [23:57<2:33:00, 57.38s/it]
LOGO CV @ 100%:  14%|#4        | 26/185 [24:54<2:31:26, 57.15s/it]
LOGO CV @ 100%:  15%|#4        | 27/185 [25:51<2:30:32, 57.17s/it]
LOGO CV @ 100%:  15%|#5        | 28/185 [26:49<2:29:52, 57.28s/it]
LOGO CV @ 100%:  16%|#5        | 29/185 [27:46<2:28:37, 57.16s/it]
LOGO CV @ 100%:  16%|#6        | 30/185 [28:42<2:27:29, 57.10s/it]
LOGO CV @ 100%:  17%|#6        | 31/185 [29:39<2:26:21, 57.02s/it]
LOGO CV @ 100%:  17%|#7        | 32/185 [30:36<2:25:21, 57.00s/it]
LOGO CV @ 100%:  18%|#7        | 33/185 [31:34<2:24:39, 57.11s/it]
LOGO CV @ 100%:  18%|#8        | 34/185 [32:32<2:24:21, 57.36s/it]
LOGO CV @ 100%:  19%|#8        | 35/185 [33:29<2:23:12, 57.28s/it]
LOGO CV @ 100%:  19%|#9        | 36/185 [34:26<2:22:05, 57.22s/it]
LOGO CV @ 100%:  20%|##        | 37/185 [35:23<2:20:57, 57.15s/it]
LOGO CV @ 100%:  21%|##        | 38/185 [36:20<2:19:49, 57.07s/it]
LOGO CV @ 100%:  21%|##1       | 39/185 [37:17<2:18:56, 57.10s/it]
LOGO CV @ 100%:  22%|##1       | 40/185 [38:14<2:18:01, 57.11s/it]
LOGO CV @ 100%:  22%|##2       | 41/185 [39:11<2:17:04, 57.12s/it]
LOGO CV @ 100%:  23%|##2       | 42/185 [40:09<2:16:54, 57.44s/it]
LOGO CV @ 100%:  23%|##3       | 43/185 [41:06<2:15:38, 57.31s/it]
LOGO CV @ 100%:  24%|##3       | 44/185 [42:04<2:14:40, 57.31s/it]
LOGO CV @ 100%:  24%|##4       | 45/185 [43:01<2:13:45, 57.33s/it]
LOGO CV @ 100%:  25%|##4       | 46/185 [43:58<2:12:37, 57.25s/it]
LOGO CV @ 100%:  25%|##5       | 47/185 [44:55<2:11:46, 57.29s/it]
LOGO CV @ 100%:  26%|##5       | 48/185 [45:53<2:11:09, 57.44s/it]
LOGO CV @ 100%:  26%|##6       | 49/185 [46:50<2:09:51, 57.29s/it]
LOGO CV @ 100%:  27%|##7       | 50/185 [47:47<2:08:57, 57.32s/it]
LOGO CV @ 100%:  28%|##7       | 51/185 [48:45<2:07:56, 57.29s/it]
LOGO CV @ 100%:  28%|##8       | 52/185 [49:42<2:06:46, 57.19s/it]
LOGO CV @ 100%:  29%|##8       | 53/185 [50:39<2:05:50, 57.20s/it]
LOGO CV @ 100%:  29%|##9       | 54/185 [51:36<2:05:00, 57.25s/it]
LOGO CV @ 100%:  30%|##9       | 55/185 [52:33<2:03:46, 57.13s/it]
LOGO CV @ 100%:  30%|###       | 56/185 [53:30<2:02:54, 57.17s/it]
LOGO CV @ 100%:  31%|###       | 57/185 [54:27<2:01:53, 57.13s/it]
LOGO CV @ 100%:  31%|###1      | 58/185 [55:24<2:00:46, 57.06s/it]
LOGO CV @ 100%:  32%|###1      | 59/185 [56:22<2:00:04, 57.18s/it]
LOGO CV @ 100%:  32%|###2      | 60/185 [57:19<1:59:10, 57.20s/it]
LOGO CV @ 100%:  33%|###2      | 61/185 [58:16<1:58:20, 57.26s/it]
LOGO CV @ 100%:  34%|###3      | 62/185 [59:14<1:57:26, 57.29s/it]
LOGO CV @ 100%:  34%|###4      | 63/185 [1:00:11<1:56:25, 57.26s/it]
LOGO CV @ 100%:  35%|###4      | 64/185 [1:01:08<1:55:12, 57.13s/it]
LOGO CV @ 100%:  35%|###5      | 65/185 [1:02:06<1:54:42, 57.35s/it]
LOGO CV @ 100%:  36%|###5      | 66/185 [1:03:03<1:53:40, 57.31s/it]
LOGO CV @ 100%:  36%|###6      | 67/185 [1:04:00<1:52:46, 57.34s/it]
LOGO CV @ 100%:  37%|###6      | 68/185 [1:04:57<1:51:42, 57.29s/it]
LOGO CV @ 100%:  37%|###7      | 69/185 [1:05:54<1:50:16, 57.04s/it]
LOGO CV @ 100%:  38%|###7      | 70/185 [1:06:51<1:49:29, 57.12s/it]
LOGO CV @ 100%:  38%|###8      | 71/185 [1:07:49<1:48:40, 57.20s/it]
LOGO CV @ 100%:  39%|###8      | 72/185 [1:08:46<1:47:52, 57.28s/it]
LOGO CV @ 100%:  39%|###9      | 73/185 [1:09:43<1:46:53, 57.26s/it]
LOGO CV @ 100%:  40%|####      | 74/185 [1:10:41<1:46:07, 57.36s/it]
LOGO CV @ 100%:  41%|####      | 75/185 [1:11:38<1:45:14, 57.41s/it]
LOGO CV @ 100%:  41%|####1     | 76/185 [1:12:35<1:44:06, 57.31s/it]
LOGO CV @ 100%:  42%|####1     | 77/185 [1:13:33<1:43:06, 57.29s/it]
LOGO CV @ 100%:  42%|####2     | 78/185 [1:14:30<1:42:00, 57.21s/it]
LOGO CV @ 100%:  43%|####2     | 79/185 [1:15:27<1:41:20, 57.36s/it]
LOGO CV @ 100%:  43%|####3     | 80/185 [1:16:25<1:40:20, 57.33s/it]
LOGO CV @ 100%:  44%|####3     | 81/185 [1:17:22<1:39:25, 57.36s/it]
LOGO CV @ 100%:  44%|####4     | 82/185 [1:18:19<1:38:11, 57.20s/it]
LOGO CV @ 100%:  45%|####4     | 83/185 [1:19:16<1:37:16, 57.22s/it]
LOGO CV @ 100%:  45%|####5     | 84/185 [1:20:13<1:36:18, 57.21s/it]
LOGO CV @ 100%:  46%|####5     | 85/185 [1:21:11<1:35:17, 57.17s/it]
LOGO CV @ 100%:  46%|####6     | 86/185 [1:22:08<1:34:21, 57.19s/it]
LOGO CV @ 100%:  47%|####7     | 87/185 [1:23:05<1:33:25, 57.20s/it]
LOGO CV @ 100%:  48%|####7     | 88/185 [1:24:03<1:32:52, 57.45s/it]
LOGO CV @ 100%:  48%|####8     | 89/185 [1:25:01<1:31:58, 57.49s/it]
LOGO CV @ 100%:  49%|####8     | 90/185 [1:25:58<1:30:45, 57.32s/it]
LOGO CV @ 100%:  49%|####9     | 91/185 [1:26:55<1:29:48, 57.32s/it]
LOGO CV @ 100%:  50%|####9     | 92/185 [1:27:52<1:28:47, 57.29s/it]
LOGO CV @ 100%:  50%|#####     | 93/185 [1:28:49<1:27:53, 57.32s/it]
LOGO CV @ 100%:  51%|#####     | 94/185 [1:29:46<1:26:46, 57.21s/it]
LOGO CV @ 100%:  51%|#####1    | 95/185 [1:30:44<1:25:49, 57.22s/it]
LOGO CV @ 100%:  52%|#####1    | 96/185 [1:31:40<1:24:42, 57.11s/it]
LOGO CV @ 100%:  52%|#####2    | 97/185 [1:32:38<1:23:50, 57.17s/it]
LOGO CV @ 100%:  53%|#####2    | 98/185 [1:33:35<1:22:48, 57.11s/it]
LOGO CV @ 100%:  54%|#####3    | 99/185 [1:34:32<1:21:57, 57.17s/it]
LOGO CV @ 100%:  54%|#####4    | 100/185 [1:35:29<1:20:53, 57.10s/it]
LOGO CV @ 100%:  55%|#####4    | 101/185 [1:36:27<1:20:07, 57.24s/it]
LOGO CV @ 100%:  55%|#####5    | 102/185 [1:37:24<1:19:16, 57.31s/it]
LOGO CV @ 100%:  56%|#####5    | 103/185 [1:38:22<1:18:23, 57.36s/it]
LOGO CV @ 100%:  56%|#####6    | 104/185 [1:39:19<1:17:22, 57.31s/it]
LOGO CV @ 100%:  57%|#####6    | 105/185 [1:40:16<1:16:24, 57.31s/it]
LOGO CV @ 100%:  57%|#####7    | 106/185 [1:41:14<1:15:43, 57.52s/it]
LOGO CV @ 100%:  58%|#####7    | 107/185 [1:42:11<1:14:40, 57.44s/it]
LOGO CV @ 100%:  58%|#####8    | 108/185 [1:43:08<1:13:35, 57.34s/it]
LOGO CV @ 100%:  59%|#####8    | 109/185 [1:44:05<1:12:25, 57.18s/it]
LOGO CV @ 100%:  59%|#####9    | 110/185 [1:45:02<1:11:11, 56.95s/it]
LOGO CV @ 100%:  60%|######    | 111/185 [1:45:59<1:10:18, 57.00s/it]
LOGO CV @ 100%:  61%|######    | 112/185 [1:46:56<1:09:31, 57.15s/it]
LOGO CV @ 100%:  61%|######1   | 113/185 [1:47:53<1:08:25, 57.02s/it]
LOGO CV @ 100%:  62%|######1   | 114/185 [1:48:50<1:07:28, 57.01s/it]
LOGO CV @ 100%:  62%|######2   | 115/185 [1:49:47<1:06:32, 57.03s/it]
LOGO CV @ 100%:  63%|######2   | 116/185 [1:50:45<1:05:45, 57.19s/it]
LOGO CV @ 100%:  63%|######3   | 117/185 [1:51:42<1:04:48, 57.18s/it]
LOGO CV @ 100%:  64%|######3   | 118/185 [1:52:39<1:04:02, 57.35s/it]
LOGO CV @ 100%:  64%|######4   | 119/185 [1:53:36<1:02:56, 57.22s/it]
LOGO CV @ 100%:  65%|######4   | 120/185 [1:54:33<1:01:54, 57.15s/it]
LOGO CV @ 100%:  65%|######5   | 121/185 [1:55:31<1:01:03, 57.24s/it]
LOGO CV @ 100%:  66%|######5   | 122/185 [1:56:28<1:00:07, 57.26s/it]
LOGO CV @ 100%:  66%|######6   | 123/185 [1:57:25<59:07, 57.21s/it]  
LOGO CV @ 100%:  67%|######7   | 124/185 [1:58:22<58:02, 57.09s/it]
LOGO CV @ 100%:  68%|######7   | 125/185 [1:59:19<57:08, 57.15s/it]
LOGO CV @ 100%:  68%|######8   | 126/185 [2:00:16<56:10, 57.13s/it]
LOGO CV @ 100%:  69%|######8   | 127/185 [2:01:14<55:13, 57.14s/it]
LOGO CV @ 100%:  69%|######9   | 128/185 [2:02:11<54:18, 57.17s/it]
LOGO CV @ 100%:  70%|######9   | 129/185 [2:03:09<53:33, 57.38s/it]
LOGO CV @ 100%:  70%|#######   | 130/185 [2:04:07<52:45, 57.55s/it]
LOGO CV @ 100%:  71%|#######   | 131/185 [2:05:04<51:51, 57.62s/it]
LOGO CV @ 100%:  71%|#######1  | 132/185 [2:06:02<50:50, 57.55s/it]
LOGO CV @ 100%:  72%|#######1  | 133/185 [2:06:59<49:49, 57.49s/it]
LOGO CV @ 100%:  72%|#######2  | 134/185 [2:07:56<48:45, 57.37s/it]
LOGO CV @ 100%:  73%|#######2  | 135/185 [2:08:54<47:47, 57.35s/it]
LOGO CV @ 100%:  74%|#######3  | 136/185 [2:09:50<46:40, 57.16s/it]
LOGO CV @ 100%:  74%|#######4  | 137/185 [2:10:47<45:43, 57.16s/it]
LOGO CV @ 100%:  75%|#######4  | 138/185 [2:11:45<44:49, 57.22s/it]
LOGO CV @ 100%:  75%|#######5  | 139/185 [2:12:42<43:54, 57.27s/it]
LOGO CV @ 100%:  76%|#######5  | 140/185 [2:13:40<42:58, 57.29s/it]
LOGO CV @ 100%:  76%|#######6  | 141/185 [2:14:37<42:00, 57.27s/it]
LOGO CV @ 100%:  77%|#######6  | 142/185 [2:15:34<41:00, 57.22s/it]
LOGO CV @ 100%:  77%|#######7  | 143/185 [2:16:31<40:06, 57.30s/it]
LOGO CV @ 100%:  78%|#######7  | 144/185 [2:17:29<39:09, 57.30s/it]
LOGO CV @ 100%:  78%|#######8  | 145/185 [2:18:26<38:08, 57.21s/it]
LOGO CV @ 100%:  79%|#######8  | 146/185 [2:19:23<37:10, 57.20s/it]
LOGO CV @ 100%:  79%|#######9  | 147/185 [2:20:20<36:10, 57.13s/it]
LOGO CV @ 100%:  80%|########  | 148/185 [2:21:17<35:11, 57.07s/it]
LOGO CV @ 100%:  81%|########  | 149/185 [2:22:14<34:15, 57.10s/it]
LOGO CV @ 100%:  81%|########1 | 150/185 [2:23:11<33:23, 57.26s/it]
LOGO CV @ 100%:  82%|########1 | 151/185 [2:24:09<32:32, 57.44s/it]
LOGO CV @ 100%:  82%|########2 | 152/185 [2:25:07<31:36, 57.48s/it]
LOGO CV @ 100%:  83%|########2 | 153/185 [2:26:06<30:52, 57.88s/it]
LOGO CV @ 100%:  83%|########3 | 154/185 [2:27:03<29:48, 57.70s/it]
LOGO CV @ 100%:  84%|########3 | 155/185 [2:28:00<28:46, 57.55s/it]
LOGO CV @ 100%:  84%|########4 | 156/185 [2:28:57<27:38, 57.18s/it]
LOGO CV @ 100%:  85%|########4 | 157/185 [2:29:54<26:42, 57.23s/it]
LOGO CV @ 100%:  85%|########5 | 158/185 [2:30:51<25:46, 57.26s/it]
LOGO CV @ 100%:  86%|########5 | 159/185 [2:31:49<24:49, 57.27s/it]
LOGO CV @ 100%:  86%|########6 | 160/185 [2:32:47<23:57, 57.49s/it]
LOGO CV @ 100%:  87%|########7 | 161/185 [2:33:44<23:00, 57.52s/it]
LOGO CV @ 100%:  88%|########7 | 162/185 [2:34:43<22:09, 57.79s/it]
LOGO CV @ 100%:  88%|########8 | 163/185 [2:35:39<21:05, 57.54s/it]
LOGO CV @ 100%:  89%|########8 | 164/185 [2:36:37<20:05, 57.40s/it]
LOGO CV @ 100%:  89%|########9 | 165/185 [2:37:34<19:10, 57.51s/it]
LOGO CV @ 100%:  90%|########9 | 166/185 [2:38:32<18:11, 57.45s/it]
LOGO CV @ 100%:  90%|######### | 167/185 [2:39:30<17:18, 57.67s/it]
LOGO CV @ 100%:  91%|######### | 168/185 [2:40:28<16:20, 57.69s/it]
LOGO CV @ 100%:  91%|#########1| 169/185 [2:41:26<15:27, 57.99s/it]
LOGO CV @ 100%:  92%|#########1| 170/185 [2:42:25<14:33, 58.22s/it]
LOGO CV @ 100%:  92%|#########2| 171/185 [2:43:26<13:45, 58.98s/it]
LOGO CV @ 100%:  93%|#########2| 172/185 [2:44:24<12:42, 58.64s/it]
LOGO CV @ 100%:  94%|#########3| 173/185 [2:45:21<11:40, 58.38s/it]
LOGO CV @ 100%:  94%|#########4| 174/185 [2:46:19<10:38, 58.02s/it]
LOGO CV @ 100%:  95%|#########4| 175/185 [2:47:15<09:36, 57.65s/it]
LOGO CV @ 100%:  95%|#########5| 176/185 [2:48:13<08:38, 57.66s/it]
LOGO CV @ 100%:  96%|#########5| 177/185 [2:49:11<07:41, 57.67s/it]
LOGO CV @ 100%:  96%|#########6| 178/185 [2:50:08<06:42, 57.49s/it]
LOGO CV @ 100%:  97%|#########6| 179/185 [2:51:05<05:44, 57.37s/it]
LOGO CV @ 100%:  97%|#########7| 180/185 [2:52:03<04:47, 57.52s/it]
LOGO CV @ 100%:  98%|#########7| 181/185 [2:53:00<03:50, 57.52s/it]
LOGO CV @ 100%:  98%|#########8| 182/185 [2:53:58<02:52, 57.47s/it]C:\Users\IamAh\Desktop\TheKeyMotif\keymotif_data.py:321: FutureWarning: Downcasting object dtype arrays on .fillna, .ffill, .bfill is deprecated and will change in a future version. Call result.infer_objects(copy=False) instead. To opt-in to the future behavior, set `pd.set_option('future.no_silent_downcasting', True)`
  block = merged[sero_cols].fillna(0)

LOGO CV @ 100%:  99%|#########8| 183/185 [2:54:51<01:52, 56.23s/it]
LOGO CV @ 100%:  99%|#########9| 184/185 [2:55:49<00:56, 56.76s/it]
LOGO CV @ 100%: 100%|##########| 185/185 [2:56:47<00:00, 57.00s/it]
LOGO CV @ 100%: 100%|##########| 185/185 [2:56:47<00:00, 57.34s/it]
Final AUC with max protein-serotype scoring: 0.817

LOGO CV @ 99.5%:   0%|          | 0/133 [00:00<?, ?it/s]
LOGO CV @ 99.5%:   1%|          | 1/133 [00:57<2:06:47, 57.63s/it]
LOGO CV @ 99.5%:   2%|1         | 2/133 [01:54<2:05:23, 57.43s/it]
LOGO CV @ 99.5%:   2%|2         | 3/133 [02:52<2:04:31, 57.47s/it]
LOGO CV @ 99.5%:   3%|3         | 4/133 [03:49<2:02:49, 57.13s/it]
LOGO CV @ 99.5%:   4%|3         | 5/133 [04:46<2:02:23, 57.37s/it]
LOGO CV @ 99.5%:   5%|4         | 6/133 [05:43<2:01:04, 57.20s/it]
LOGO CV @ 99.5%:   5%|5         | 7/133 [06:41<2:00:19, 57.29s/it]
LOGO CV @ 99.5%:   6%|6         | 8/133 [07:38<1:59:03, 57.15s/it]
LOGO CV @ 99.5%:   7%|6         | 9/133 [08:35<1:58:28, 57.33s/it]
LOGO CV @ 99.5%:   8%|7         | 10/133 [09:33<1:57:38, 57.39s/it]
LOGO CV @ 99.5%:   8%|8         | 11/133 [10:30<1:56:22, 57.23s/it]
LOGO CV @ 99.5%:   9%|9         | 12/133 [11:27<1:55:22, 57.21s/it]
LOGO CV @ 99.5%:  10%|9         | 13/133 [12:24<1:54:09, 57.08s/it]
LOGO CV @ 99.5%:  11%|#         | 14/133 [13:21<1:53:16, 57.11s/it]
LOGO CV @ 99.5%:  11%|#1        | 15/133 [14:18<1:52:11, 57.05s/it]
LOGO CV @ 99.5%:  12%|#2        | 16/133 [15:15<1:51:20, 57.10s/it]
LOGO CV @ 99.5%:  13%|#2        | 17/133 [16:12<1:50:40, 57.25s/it]
LOGO CV @ 99.5%:  14%|#3        | 18/133 [17:10<1:49:49, 57.30s/it]
LOGO CV @ 99.5%:  14%|#4        | 19/133 [18:07<1:48:55, 57.33s/it]
LOGO CV @ 99.5%:  15%|#5        | 20/133 [19:05<1:48:08, 57.42s/it]
LOGO CV @ 99.5%:  16%|#5        | 21/133 [20:02<1:47:12, 57.44s/it]
LOGO CV @ 99.5%:  17%|#6        | 22/133 [21:00<1:46:05, 57.35s/it]
LOGO CV @ 99.5%:  17%|#7        | 23/133 [21:56<1:44:43, 57.12s/it]
LOGO CV @ 99.5%:  18%|#8        | 24/133 [22:54<1:44:04, 57.29s/it]
LOGO CV @ 99.5%:  19%|#8        | 25/133 [23:51<1:42:47, 57.11s/it]
LOGO CV @ 99.5%:  20%|#9        | 26/133 [24:48<1:41:53, 57.13s/it]
LOGO CV @ 99.5%:  20%|##        | 27/133 [25:45<1:41:07, 57.24s/it]
LOGO CV @ 99.5%:  21%|##1       | 28/133 [26:43<1:40:15, 57.29s/it]
LOGO CV @ 99.5%:  22%|##1       | 29/133 [27:40<1:39:16, 57.28s/it]
LOGO CV @ 99.5%:  23%|##2       | 30/133 [28:37<1:38:12, 57.21s/it]
LOGO CV @ 99.5%:  23%|##3       | 31/133 [29:35<1:37:32, 57.38s/it]
LOGO CV @ 99.5%:  24%|##4       | 32/133 [30:31<1:36:13, 57.17s/it]
LOGO CV @ 99.5%:  25%|##4       | 33/133 [31:29<1:35:29, 57.29s/it]
LOGO CV @ 99.5%:  26%|##5       | 34/133 [32:25<1:34:06, 57.03s/it]
LOGO CV @ 99.5%:  26%|##6       | 35/133 [33:23<1:33:14, 57.09s/it]
LOGO CV @ 99.5%:  27%|##7       | 36/133 [34:20<1:32:22, 57.14s/it]
LOGO CV @ 99.5%:  28%|##7       | 37/133 [35:17<1:31:32, 57.22s/it]
LOGO CV @ 99.5%:  29%|##8       | 38/133 [36:15<1:30:38, 57.25s/it]
LOGO CV @ 99.5%:  29%|##9       | 39/133 [37:12<1:29:43, 57.27s/it]
LOGO CV @ 99.5%:  30%|###       | 40/133 [38:09<1:28:44, 57.25s/it]
LOGO CV @ 99.5%:  31%|###       | 41/133 [39:06<1:27:51, 57.29s/it]
LOGO CV @ 99.5%:  32%|###1      | 42/133 [40:04<1:26:53, 57.30s/it]
LOGO CV @ 99.5%:  32%|###2      | 43/133 [41:02<1:26:11, 57.47s/it]
LOGO CV @ 99.5%:  33%|###3      | 44/133 [41:59<1:25:03, 57.34s/it]
LOGO CV @ 99.5%:  34%|###3      | 45/133 [42:56<1:24:07, 57.35s/it]
LOGO CV @ 99.5%:  35%|###4      | 46/133 [43:53<1:23:05, 57.31s/it]
LOGO CV @ 99.5%:  35%|###5      | 47/133 [44:50<1:22:06, 57.28s/it]
LOGO CV @ 99.5%:  36%|###6      | 48/133 [45:48<1:21:22, 57.44s/it]
LOGO CV @ 99.5%:  37%|###6      | 49/133 [46:46<1:20:31, 57.52s/it]
LOGO CV @ 99.5%:  38%|###7      | 50/133 [47:43<1:19:25, 57.42s/it]
LOGO CV @ 99.5%:  38%|###8      | 51/133 [48:41<1:18:38, 57.54s/it]
LOGO CV @ 99.5%:  39%|###9      | 52/133 [49:38<1:17:28, 57.39s/it]
LOGO CV @ 99.5%:  40%|###9      | 53/133 [50:35<1:16:29, 57.37s/it]
LOGO CV @ 99.5%:  41%|####      | 54/133 [51:32<1:15:22, 57.25s/it]
LOGO CV @ 99.5%:  41%|####1     | 55/133 [52:30<1:14:26, 57.27s/it]
LOGO CV @ 99.5%:  42%|####2     | 56/133 [53:27<1:13:33, 57.32s/it]
LOGO CV @ 99.5%:  43%|####2     | 57/133 [54:24<1:12:27, 57.21s/it]
LOGO CV @ 99.5%:  44%|####3     | 58/133 [55:21<1:11:32, 57.24s/it]
LOGO CV @ 99.5%:  44%|####4     | 59/133 [56:18<1:10:22, 57.06s/it]
LOGO CV @ 99.5%:  45%|####5     | 60/133 [57:15<1:09:17, 56.95s/it]
LOGO CV @ 99.5%:  46%|####5     | 61/133 [58:12<1:08:33, 57.13s/it]
LOGO CV @ 99.5%:  47%|####6     | 62/133 [59:09<1:07:38, 57.17s/it]
LOGO CV @ 99.5%:  47%|####7     | 63/133 [1:00:06<1:06:29, 57.00s/it]
LOGO CV @ 99.5%:  48%|####8     | 64/133 [1:01:03<1:05:38, 57.08s/it]
LOGO CV @ 99.5%:  49%|####8     | 65/133 [1:02:01<1:04:54, 57.28s/it]
LOGO CV @ 99.5%:  50%|####9     | 66/133 [1:02:58<1:03:51, 57.19s/it]
LOGO CV @ 99.5%:  50%|#####     | 67/133 [1:03:56<1:03:00, 57.28s/it]
LOGO CV @ 99.5%:  51%|#####1    | 68/133 [1:04:53<1:02:01, 57.25s/it]
LOGO CV @ 99.5%:  52%|#####1    | 69/133 [1:05:50<1:01:05, 57.27s/it]
LOGO CV @ 99.5%:  53%|#####2    | 70/133 [1:06:48<1:00:13, 57.36s/it]
LOGO CV @ 99.5%:  53%|#####3    | 71/133 [1:07:45<59:11, 57.28s/it]  
LOGO CV @ 99.5%:  54%|#####4    | 72/133 [1:08:42<58:13, 57.26s/it]
LOGO CV @ 99.5%:  55%|#####4    | 73/133 [1:09:40<57:25, 57.43s/it]
LOGO CV @ 99.5%:  56%|#####5    | 74/133 [1:10:37<56:31, 57.49s/it]
LOGO CV @ 99.5%:  56%|#####6    | 75/133 [1:11:34<55:24, 57.32s/it]
LOGO CV @ 99.5%:  57%|#####7    | 76/133 [1:12:31<54:22, 57.24s/it]
LOGO CV @ 99.5%:  58%|#####7    | 77/133 [1:13:29<53:28, 57.30s/it]
LOGO CV @ 99.5%:  59%|#####8    | 78/133 [1:14:26<52:30, 57.29s/it]
LOGO CV @ 99.5%:  59%|#####9    | 79/133 [1:15:23<51:32, 57.27s/it]
LOGO CV @ 99.5%:  60%|######    | 80/133 [1:16:21<50:35, 57.26s/it]
LOGO CV @ 99.5%:  61%|######    | 81/133 [1:17:18<49:36, 57.23s/it]
LOGO CV @ 99.5%:  62%|######1   | 82/133 [1:18:15<48:36, 57.18s/it]
LOGO CV @ 99.5%:  62%|######2   | 83/133 [1:19:12<47:32, 57.05s/it]
LOGO CV @ 99.5%:  63%|######3   | 84/133 [1:20:09<46:38, 57.11s/it]
LOGO CV @ 99.5%:  64%|######3   | 85/133 [1:21:06<45:42, 57.13s/it]
LOGO CV @ 99.5%:  65%|######4   | 86/133 [1:22:03<44:44, 57.12s/it]
LOGO CV @ 99.5%:  65%|######5   | 87/133 [1:23:00<43:50, 57.18s/it]
LOGO CV @ 99.5%:  66%|######6   | 88/133 [1:23:58<42:52, 57.17s/it]
LOGO CV @ 99.5%:  67%|######6   | 89/133 [1:24:55<41:55, 57.16s/it]
LOGO CV @ 99.5%:  68%|######7   | 90/133 [1:25:52<40:56, 57.13s/it]
LOGO CV @ 99.5%:  68%|######8   | 91/133 [1:26:49<39:59, 57.13s/it]
LOGO CV @ 99.5%:  69%|######9   | 92/133 [1:27:46<39:02, 57.14s/it]
LOGO CV @ 99.5%:  70%|######9   | 93/133 [1:28:43<38:09, 57.24s/it]
LOGO CV @ 99.5%:  71%|#######   | 94/133 [1:29:41<37:13, 57.26s/it]
LOGO CV @ 99.5%:  71%|#######1  | 95/133 [1:30:38<36:10, 57.12s/it]
LOGO CV @ 99.5%:  72%|#######2  | 96/133 [1:31:35<35:14, 57.14s/it]
LOGO CV @ 99.5%:  73%|#######2  | 97/133 [1:32:32<34:23, 57.31s/it]
LOGO CV @ 99.5%:  74%|#######3  | 98/133 [1:33:30<33:23, 57.25s/it]
LOGO CV @ 99.5%:  74%|#######4  | 99/133 [1:34:26<32:20, 57.09s/it]
LOGO CV @ 99.5%:  75%|#######5  | 100/133 [1:35:24<31:26, 57.16s/it]
LOGO CV @ 99.5%:  76%|#######5  | 101/133 [1:36:21<30:26, 57.08s/it]
LOGO CV @ 99.5%:  77%|#######6  | 102/133 [1:37:17<29:27, 57.02s/it]
LOGO CV @ 99.5%:  77%|#######7  | 103/133 [1:38:15<28:33, 57.12s/it]
LOGO CV @ 99.5%:  78%|#######8  | 104/133 [1:39:12<27:38, 57.20s/it]
LOGO CV @ 99.5%:  79%|#######8  | 105/133 [1:40:10<26:45, 57.32s/it]
LOGO CV @ 99.5%:  80%|#######9  | 106/133 [1:41:02<25:09, 55.89s/it]
LOGO CV @ 99.5%:  80%|########  | 107/133 [1:41:59<24:22, 56.25s/it]
LOGO CV @ 99.5%:  81%|########1 | 108/133 [1:42:57<23:34, 56.58s/it]
LOGO CV @ 99.5%:  82%|########1 | 109/133 [1:43:54<22:42, 56.78s/it]
LOGO CV @ 99.5%:  83%|########2 | 110/133 [1:44:51<21:50, 56.97s/it]
LOGO CV @ 99.5%:  83%|########3 | 111/133 [1:45:49<20:54, 57.03s/it]
LOGO CV @ 99.5%:  84%|########4 | 112/133 [1:46:46<20:03, 57.29s/it]
LOGO CV @ 99.5%:  85%|########4 | 113/133 [1:47:43<19:04, 57.21s/it]
LOGO CV @ 99.5%:  86%|########5 | 114/133 [1:48:40<18:04, 57.10s/it]
LOGO CV @ 99.5%:  86%|########6 | 115/133 [1:49:37<17:07, 57.08s/it]
LOGO CV @ 99.5%:  87%|########7 | 116/133 [1:50:35<16:13, 57.28s/it]
LOGO CV @ 99.5%:  88%|########7 | 117/133 [1:51:33<15:17, 57.33s/it]
LOGO CV @ 99.5%:  89%|########8 | 118/133 [1:52:30<14:21, 57.41s/it]
LOGO CV @ 99.5%:  89%|########9 | 119/133 [1:53:27<13:22, 57.34s/it]
LOGO CV @ 99.5%:  90%|######### | 120/133 [1:54:25<12:25, 57.33s/it]
LOGO CV @ 99.5%:  91%|######### | 121/133 [1:55:22<11:26, 57.23s/it]
LOGO CV @ 99.5%:  92%|#########1| 122/133 [1:56:19<10:30, 57.29s/it]
LOGO CV @ 99.5%:  92%|#########2| 123/133 [1:57:17<09:34, 57.47s/it]
LOGO CV @ 99.5%:  93%|#########3| 124/133 [1:58:14<08:35, 57.25s/it]
LOGO CV @ 99.5%:  94%|#########3| 125/133 [1:59:11<07:37, 57.18s/it]
LOGO CV @ 99.5%:  95%|#########4| 126/133 [2:00:09<06:41, 57.39s/it]
LOGO CV @ 99.5%:  95%|#########5| 127/133 [2:01:06<05:45, 57.51s/it]
LOGO CV @ 99.5%:  96%|#########6| 128/133 [2:02:04<04:47, 57.43s/it]
LOGO CV @ 99.5%:  97%|#########6| 129/133 [2:03:01<03:49, 57.43s/it]
LOGO CV @ 99.5%:  98%|#########7| 130/133 [2:03:58<02:51, 57.31s/it]
LOGO CV @ 99.5%:  98%|#########8| 131/133 [2:04:55<01:54, 57.21s/it]
LOGO CV @ 99.5%:  99%|#########9| 132/133 [2:05:53<00:57, 57.44s/it]
LOGO CV @ 99.5%: 100%|##########| 133/133 [2:06:50<00:00, 57.45s/it]
LOGO CV @ 99.5%: 100%|##########| 133/133 [2:06:50<00:00, 57.23s/it]
Final AUC with max protein-serotype scoring: 0.747

LOGO CV @ 99%:   0%|          | 0/121 [00:00<?, ?it/s]
LOGO CV @ 99%:   1%|          | 1/121 [00:57<1:55:54, 57.95s/it]
LOGO CV @ 99%:   2%|1         | 2/121 [01:55<1:54:36, 57.79s/it]
LOGO CV @ 99%:   2%|2         | 3/121 [02:52<1:53:15, 57.59s/it]
LOGO CV @ 99%:   3%|3         | 4/121 [03:49<1:51:33, 57.21s/it]
LOGO CV @ 99%:   4%|4         | 5/121 [04:46<1:50:40, 57.24s/it]
LOGO CV @ 99%:   5%|4         | 6/121 [05:43<1:49:31, 57.14s/it]
LOGO CV @ 99%:   6%|5         | 7/121 [06:40<1:48:17, 57.00s/it]
LOGO CV @ 99%:   7%|6         | 8/121 [07:37<1:47:14, 56.94s/it]
LOGO CV @ 99%:   7%|7         | 9/121 [08:35<1:46:50, 57.23s/it]
LOGO CV @ 99%:   8%|8         | 10/121 [09:32<1:45:50, 57.22s/it]
LOGO CV @ 99%:   9%|9         | 11/121 [10:30<1:45:29, 57.54s/it]
LOGO CV @ 99%:  10%|9         | 12/121 [11:28<1:44:38, 57.60s/it]
LOGO CV @ 99%:  11%|#         | 13/121 [12:26<1:43:59, 57.78s/it]
LOGO CV @ 99%:  12%|#1        | 14/121 [13:23<1:42:46, 57.63s/it]
LOGO CV @ 99%:  12%|#2        | 15/121 [14:20<1:41:31, 57.47s/it]
LOGO CV @ 99%:  13%|#3        | 16/121 [15:18<1:40:34, 57.48s/it]
LOGO CV @ 99%:  14%|#4        | 17/121 [16:16<1:39:42, 57.52s/it]
LOGO CV @ 99%:  15%|#4        | 18/121 [17:13<1:38:48, 57.56s/it]
LOGO CV @ 99%:  16%|#5        | 19/121 [18:11<1:37:45, 57.50s/it]
LOGO CV @ 99%:  17%|#6        | 20/121 [19:08<1:36:56, 57.59s/it]
LOGO CV @ 99%:  17%|#7        | 21/121 [20:06<1:35:55, 57.55s/it]
LOGO CV @ 99%:  18%|#8        | 22/121 [21:03<1:34:43, 57.41s/it]
LOGO CV @ 99%:  19%|#9        | 23/121 [22:00<1:33:23, 57.18s/it]
LOGO CV @ 99%:  20%|#9        | 24/121 [22:57<1:32:34, 57.26s/it]
LOGO CV @ 99%:  21%|##        | 25/121 [23:54<1:31:25, 57.14s/it]
LOGO CV @ 99%:  21%|##1       | 26/121 [24:52<1:30:54, 57.42s/it]
LOGO CV @ 99%:  22%|##2       | 27/121 [25:49<1:29:55, 57.40s/it]
LOGO CV @ 99%:  23%|##3       | 28/121 [26:46<1:28:50, 57.32s/it]
LOGO CV @ 99%:  24%|##3       | 29/121 [27:44<1:27:50, 57.29s/it]
LOGO CV @ 99%:  25%|##4       | 30/121 [28:40<1:26:38, 57.13s/it]
LOGO CV @ 99%:  26%|##5       | 31/121 [29:38<1:25:44, 57.17s/it]
LOGO CV @ 99%:  26%|##6       | 32/121 [30:34<1:24:33, 57.01s/it]
LOGO CV @ 99%:  27%|##7       | 33/121 [31:38<1:26:43, 59.13s/it]
LOGO CV @ 99%:  28%|##8       | 34/121 [32:43<1:27:57, 60.66s/it]
LOGO CV @ 99%:  29%|##8       | 35/121 [33:45<1:27:27, 61.02s/it]
LOGO CV @ 99%:  30%|##9       | 36/121 [34:46<1:26:43, 61.22s/it]
LOGO CV @ 99%:  31%|###       | 37/121 [35:53<1:27:59, 62.85s/it]
LOGO CV @ 99%:  31%|###1      | 38/121 [37:00<1:28:54, 64.27s/it]
LOGO CV @ 99%:  32%|###2      | 39/121 [38:04<1:27:39, 64.14s/it]
LOGO CV @ 99%:  33%|###3      | 40/121 [39:03<1:24:29, 62.59s/it]
LOGO CV @ 99%:  34%|###3      | 41/121 [40:01<1:21:26, 61.08s/it]
LOGO CV @ 99%:  35%|###4      | 42/121 [41:00<1:19:45, 60.57s/it]
LOGO CV @ 99%:  36%|###5      | 43/121 [42:00<1:18:19, 60.25s/it]
LOGO CV @ 99%:  36%|###6      | 44/121 [42:59<1:17:03, 60.05s/it]
LOGO CV @ 99%:  37%|###7      | 45/121 [43:58<1:15:33, 59.65s/it]
LOGO CV @ 99%:  38%|###8      | 46/121 [44:57<1:14:19, 59.46s/it]
LOGO CV @ 99%:  39%|###8      | 47/121 [45:51<1:11:11, 57.73s/it]
LOGO CV @ 99%:  40%|###9      | 48/121 [46:49<1:10:35, 58.03s/it]
LOGO CV @ 99%:  40%|####      | 49/121 [47:48<1:09:44, 58.12s/it]
LOGO CV @ 99%:  41%|####1     | 50/121 [48:45<1:08:21, 57.77s/it]
LOGO CV @ 99%:  42%|####2     | 51/121 [49:44<1:07:59, 58.28s/it]
LOGO CV @ 99%:  43%|####2     | 52/121 [50:43<1:07:20, 58.56s/it]
LOGO CV @ 99%:  44%|####3     | 53/121 [51:42<1:06:27, 58.64s/it]
LOGO CV @ 99%:  45%|####4     | 54/121 [52:41<1:05:34, 58.73s/it]
LOGO CV @ 99%:  45%|####5     | 55/121 [53:40<1:04:36, 58.74s/it]
LOGO CV @ 99%:  46%|####6     | 56/121 [54:39<1:03:40, 58.78s/it]
LOGO CV @ 99%:  47%|####7     | 57/121 [55:36<1:02:21, 58.46s/it]
LOGO CV @ 99%:  48%|####7     | 58/121 [56:34<1:01:02, 58.14s/it]
LOGO CV @ 99%:  49%|####8     | 59/121 [57:33<1:00:16, 58.33s/it]
LOGO CV @ 99%:  50%|####9     | 60/121 [58:32<59:30, 58.53s/it]  
LOGO CV @ 99%:  50%|#####     | 61/121 [59:31<58:43, 58.73s/it]
LOGO CV @ 99%:  51%|#####1    | 62/121 [1:00:30<57:55, 58.90s/it]
LOGO CV @ 99%:  52%|#####2    | 63/121 [1:01:29<56:55, 58.89s/it]
LOGO CV @ 99%:  53%|#####2    | 64/121 [1:02:32<56:58, 59.98s/it]
LOGO CV @ 99%:  54%|#####3    | 65/121 [1:03:30<55:37, 59.60s/it]
LOGO CV @ 99%:  55%|#####4    | 66/121 [1:04:29<54:22, 59.32s/it]
LOGO CV @ 99%:  55%|#####5    | 67/121 [1:05:28<53:16, 59.20s/it]
LOGO CV @ 99%:  56%|#####6    | 68/121 [1:06:27<52:19, 59.24s/it]
LOGO CV @ 99%:  57%|#####7    | 69/121 [1:07:26<51:17, 59.19s/it]
LOGO CV @ 99%:  58%|#####7    | 70/121 [1:08:25<50:19, 59.21s/it]
LOGO CV @ 99%:  59%|#####8    | 71/121 [1:09:24<49:04, 58.89s/it]
LOGO CV @ 99%:  60%|#####9    | 72/121 [1:10:22<47:58, 58.74s/it]
LOGO CV @ 99%:  60%|######    | 73/121 [1:11:21<46:59, 58.74s/it]
LOGO CV @ 99%:  61%|######1   | 74/121 [1:12:19<45:57, 58.67s/it]
LOGO CV @ 99%:  62%|######1   | 75/121 [1:13:18<45:00, 58.72s/it]
LOGO CV @ 99%:  63%|######2   | 76/121 [1:14:18<44:11, 58.93s/it]
LOGO CV @ 99%:  64%|######3   | 77/121 [1:15:17<43:22, 59.14s/it]
LOGO CV @ 99%:  64%|######4   | 78/121 [1:16:23<43:50, 61.17s/it]
LOGO CV @ 99%:  65%|######5   | 79/121 [1:17:34<44:46, 63.96s/it]
LOGO CV @ 99%:  66%|######6   | 80/121 [1:18:33<42:48, 62.65s/it]
LOGO CV @ 99%:  67%|######6   | 81/121 [1:19:32<41:05, 61.63s/it]
LOGO CV @ 99%:  68%|######7   | 82/121 [1:20:37<40:33, 62.40s/it]
LOGO CV @ 99%:  69%|######8   | 83/121 [1:21:36<38:57, 61.52s/it]
LOGO CV @ 99%:  69%|######9   | 84/121 [1:22:36<37:43, 61.18s/it]
LOGO CV @ 99%:  70%|#######   | 85/121 [1:23:37<36:32, 60.91s/it]
LOGO CV @ 99%:  71%|#######1  | 86/121 [1:24:38<35:34, 60.99s/it]
LOGO CV @ 99%:  72%|#######1  | 87/121 [1:25:40<34:42, 61.24s/it]
LOGO CV @ 99%:  73%|#######2  | 88/121 [1:26:40<33:32, 60.98s/it]
LOGO CV @ 99%:  74%|#######3  | 89/121 [1:27:37<31:49, 59.69s/it]
LOGO CV @ 99%:  74%|#######4  | 90/121 [1:28:34<30:24, 58.85s/it]
LOGO CV @ 99%:  75%|#######5  | 91/121 [1:29:31<29:10, 58.34s/it]
LOGO CV @ 99%:  76%|#######6  | 92/121 [1:30:28<28:01, 57.99s/it]
LOGO CV @ 99%:  77%|#######6  | 93/121 [1:31:33<28:00, 60.00s/it]
LOGO CV @ 99%:  78%|#######7  | 94/121 [1:32:34<27:08, 60.31s/it]
LOGO CV @ 99%:  79%|#######8  | 95/121 [1:33:34<26:05, 60.23s/it]
LOGO CV @ 99%:  79%|#######9  | 96/121 [1:34:34<25:06, 60.26s/it]
LOGO CV @ 99%:  80%|########  | 97/121 [1:35:35<24:12, 60.50s/it]
LOGO CV @ 99%:  81%|########  | 98/121 [1:36:35<23:09, 60.40s/it]
LOGO CV @ 99%:  82%|########1 | 99/121 [1:37:34<21:56, 59.85s/it]
LOGO CV @ 99%:  83%|########2 | 100/121 [1:38:40<21:38, 61.82s/it]
LOGO CV @ 99%:  83%|########3 | 101/121 [1:39:41<20:28, 61.44s/it]
LOGO CV @ 99%:  84%|########4 | 102/121 [1:40:43<19:32, 61.72s/it]
LOGO CV @ 99%:  85%|########5 | 103/121 [1:41:47<18:40, 62.22s/it]
LOGO CV @ 99%:  86%|########5 | 104/121 [1:42:49<17:36, 62.15s/it]
LOGO CV @ 99%:  87%|########6 | 105/121 [1:43:53<16:45, 62.87s/it]
LOGO CV @ 99%:  88%|########7 | 106/121 [1:44:58<15:51, 63.41s/it]
LOGO CV @ 99%:  88%|########8 | 107/121 [1:45:58<14:34, 62.47s/it]
LOGO CV @ 99%:  89%|########9 | 108/121 [1:46:59<13:24, 61.91s/it]
LOGO CV @ 99%:  90%|######### | 109/121 [1:48:03<12:29, 62.50s/it]
LOGO CV @ 99%:  91%|######### | 110/121 [1:49:16<12:04, 65.83s/it]
LOGO CV @ 99%:  92%|#########1| 111/121 [1:50:25<11:07, 66.80s/it]
LOGO CV @ 99%:  93%|#########2| 112/121 [1:51:35<10:08, 67.57s/it]
LOGO CV @ 99%:  93%|#########3| 113/121 [1:52:40<08:56, 67.02s/it]
LOGO CV @ 99%:  94%|#########4| 114/121 [1:53:48<07:51, 67.36s/it]
LOGO CV @ 99%:  95%|#########5| 115/121 [1:55:05<07:00, 70.16s/it]
LOGO CV @ 99%:  96%|#########5| 116/121 [1:56:13<05:47, 69.45s/it]
LOGO CV @ 99%:  97%|#########6| 117/121 [1:57:24<04:40, 70.01s/it]
LOGO CV @ 99%:  98%|#########7| 118/121 [1:58:34<03:30, 70.02s/it]
LOGO CV @ 99%:  98%|#########8| 119/121 [1:59:44<02:19, 69.96s/it]
LOGO CV @ 99%:  99%|#########9| 120/121 [2:00:57<01:10, 70.75s/it]
LOGO CV @ 99%: 100%|##########| 121/121 [2:02:07<00:00, 70.74s/it]
LOGO CV @ 99%: 100%|##########| 121/121 [2:02:07<00:00, 60.56s/it]
Final AUC with max protein-serotype scoring: 0.69

LOGO CV @ 95%:   0%|          | 0/110 [00:00<?, ?it/s]
LOGO CV @ 95%:   1%|          | 1/110 [01:08<2:04:16, 68.41s/it]
LOGO CV @ 95%:   2%|1         | 2/110 [02:18<2:04:55, 69.40s/it]
LOGO CV @ 95%:   3%|2         | 3/110 [03:26<2:02:17, 68.58s/it]
LOGO CV @ 95%:   4%|3         | 4/110 [04:30<1:58:35, 67.12s/it]
LOGO CV @ 95%:   5%|4         | 5/110 [05:35<1:55:51, 66.21s/it]
LOGO CV @ 95%:   5%|5         | 6/110 [06:41<1:54:28, 66.04s/it]
LOGO CV @ 95%:   6%|6         | 7/110 [07:46<1:53:09, 65.91s/it]
LOGO CV @ 95%:   7%|7         | 8/110 [08:52<1:51:41, 65.70s/it]
LOGO CV @ 95%:   8%|8         | 9/110 [09:57<1:50:32, 65.67s/it]
LOGO CV @ 95%:   9%|9         | 10/110 [11:03<1:49:18, 65.58s/it]
LOGO CV @ 95%:  10%|#         | 11/110 [12:07<1:47:43, 65.29s/it]
LOGO CV @ 95%:  11%|#         | 12/110 [13:12<1:46:35, 65.26s/it]
LOGO CV @ 95%:  12%|#1        | 13/110 [14:17<1:45:09, 65.05s/it]
LOGO CV @ 95%:  13%|#2        | 14/110 [15:23<1:44:20, 65.21s/it]
LOGO CV @ 95%:  14%|#3        | 15/110 [16:28<1:43:30, 65.37s/it]
LOGO CV @ 95%:  15%|#4        | 16/110 [17:34<1:42:33, 65.46s/it]
LOGO CV @ 95%:  15%|#5        | 17/110 [18:40<1:41:34, 65.53s/it]
LOGO CV @ 95%:  16%|#6        | 18/110 [19:47<1:41:20, 66.09s/it]
LOGO CV @ 95%:  17%|#7        | 19/110 [20:54<1:40:42, 66.40s/it]
LOGO CV @ 95%:  18%|#8        | 20/110 [22:05<1:41:43, 67.82s/it]
LOGO CV @ 95%:  19%|#9        | 21/110 [23:14<1:40:59, 68.08s/it]
LOGO CV @ 95%:  20%|##        | 22/110 [24:22<1:39:44, 68.00s/it]
LOGO CV @ 95%:  21%|##        | 23/110 [25:28<1:37:52, 67.49s/it]
LOGO CV @ 95%:  22%|##1       | 24/110 [26:32<1:35:12, 66.43s/it]
LOGO CV @ 95%:  23%|##2       | 25/110 [27:37<1:33:29, 65.99s/it]
LOGO CV @ 95%:  24%|##3       | 26/110 [28:43<1:32:22, 65.99s/it]
LOGO CV @ 95%:  25%|##4       | 27/110 [29:53<1:32:51, 67.12s/it]
LOGO CV @ 95%:  25%|##5       | 28/110 [31:01<1:32:00, 67.32s/it]
LOGO CV @ 95%:  26%|##6       | 29/110 [32:06<1:30:08, 66.77s/it]
LOGO CV @ 95%:  27%|##7       | 30/110 [33:15<1:29:54, 67.43s/it]
LOGO CV @ 95%:  28%|##8       | 31/110 [34:25<1:29:37, 68.07s/it]
LOGO CV @ 95%:  29%|##9       | 32/110 [35:28<1:26:44, 66.72s/it]
LOGO CV @ 95%:  30%|###       | 33/110 [36:33<1:24:42, 66.01s/it]
LOGO CV @ 95%:  31%|###       | 34/110 [37:36<1:22:47, 65.36s/it]
LOGO CV @ 95%:  32%|###1      | 35/110 [38:41<1:21:24, 65.12s/it]
LOGO CV @ 95%:  33%|###2      | 36/110 [39:46<1:20:14, 65.06s/it]
LOGO CV @ 95%:  34%|###3      | 37/110 [40:51<1:19:01, 64.95s/it]
LOGO CV @ 95%:  35%|###4      | 38/110 [41:56<1:18:12, 65.17s/it]
LOGO CV @ 95%:  35%|###5      | 39/110 [43:00<1:16:43, 64.83s/it]
LOGO CV @ 95%:  36%|###6      | 40/110 [44:05<1:15:39, 64.85s/it]
LOGO CV @ 95%:  37%|###7      | 41/110 [45:10<1:14:40, 64.94s/it]
LOGO CV @ 95%:  38%|###8      | 42/110 [46:16<1:13:56, 65.24s/it]
LOGO CV @ 95%:  39%|###9      | 43/110 [47:22<1:12:57, 65.34s/it]
LOGO CV @ 95%:  40%|####      | 44/110 [48:31<1:13:05, 66.45s/it]
LOGO CV @ 95%:  41%|####      | 45/110 [49:30<1:09:33, 64.21s/it]
LOGO CV @ 95%:  42%|####1     | 46/110 [50:34<1:08:35, 64.30s/it]
LOGO CV @ 95%:  43%|####2     | 47/110 [51:40<1:07:47, 64.56s/it]
LOGO CV @ 95%:  44%|####3     | 48/110 [52:43<1:06:25, 64.29s/it]
LOGO CV @ 95%:  45%|####4     | 49/110 [53:49<1:05:40, 64.60s/it]
LOGO CV @ 95%:  45%|####5     | 50/110 [54:52<1:04:05, 64.09s/it]
LOGO CV @ 95%:  46%|####6     | 51/110 [55:56<1:03:02, 64.11s/it]
LOGO CV @ 95%:  47%|####7     | 52/110 [57:00<1:02:00, 64.14s/it]
LOGO CV @ 95%:  48%|####8     | 53/110 [58:04<1:00:53, 64.09s/it]
LOGO CV @ 95%:  49%|####9     | 54/110 [59:08<59:49, 64.10s/it]  
LOGO CV @ 95%:  50%|#####     | 55/110 [1:00:05<56:45, 61.91s/it]
LOGO CV @ 95%:  51%|#####     | 56/110 [1:01:04<54:56, 61.05s/it]
LOGO CV @ 95%:  52%|#####1    | 57/110 [1:02:01<52:46, 59.75s/it]
LOGO CV @ 95%:  53%|#####2    | 58/110 [1:02:58<51:07, 58.99s/it]
LOGO CV @ 95%:  54%|#####3    | 59/110 [1:03:55<49:37, 58.38s/it]
LOGO CV @ 95%:  55%|#####4    | 60/110 [1:04:52<48:24, 58.09s/it]
LOGO CV @ 95%:  55%|#####5    | 61/110 [1:05:49<47:11, 57.79s/it]
LOGO CV @ 95%:  56%|#####6    | 62/110 [1:06:47<46:07, 57.65s/it]
LOGO CV @ 95%:  57%|#####7    | 63/110 [1:07:43<44:56, 57.38s/it]
LOGO CV @ 95%:  58%|#####8    | 64/110 [1:08:40<43:55, 57.30s/it]
LOGO CV @ 95%:  59%|#####9    | 65/110 [1:09:38<43:06, 57.48s/it]
LOGO CV @ 95%:  60%|######    | 66/110 [1:10:35<41:59, 57.26s/it]
LOGO CV @ 95%:  61%|######    | 67/110 [1:11:32<40:55, 57.11s/it]
LOGO CV @ 95%:  62%|######1   | 68/110 [1:12:29<39:54, 57.01s/it]
LOGO CV @ 95%:  63%|######2   | 69/110 [1:13:25<38:50, 56.83s/it]
LOGO CV @ 95%:  64%|######3   | 70/110 [1:14:22<37:58, 56.97s/it]
LOGO CV @ 95%:  65%|######4   | 71/110 [1:15:19<36:56, 56.82s/it]
LOGO CV @ 95%:  65%|######5   | 72/110 [1:16:16<35:58, 56.80s/it]
LOGO CV @ 95%:  66%|######6   | 73/110 [1:17:12<35:02, 56.81s/it]
LOGO CV @ 95%:  67%|######7   | 74/110 [1:18:09<34:05, 56.81s/it]
LOGO CV @ 95%:  68%|######8   | 75/110 [1:19:06<33:09, 56.83s/it]
LOGO CV @ 95%:  69%|######9   | 76/110 [1:20:02<32:07, 56.70s/it]
LOGO CV @ 95%:  70%|#######   | 77/110 [1:20:59<31:10, 56.70s/it]
LOGO CV @ 95%:  71%|#######   | 78/110 [1:21:56<30:11, 56.62s/it]
LOGO CV @ 95%:  72%|#######1  | 79/110 [1:22:52<29:16, 56.66s/it]
LOGO CV @ 95%:  73%|#######2  | 80/110 [1:23:49<28:22, 56.74s/it]
LOGO CV @ 95%:  74%|#######3  | 81/110 [1:24:45<27:19, 56.55s/it]
LOGO CV @ 95%:  75%|#######4  | 82/110 [1:25:42<26:26, 56.67s/it]
LOGO CV @ 95%:  75%|#######5  | 83/110 [1:26:39<25:33, 56.80s/it]
LOGO CV @ 95%:  76%|#######6  | 84/110 [1:27:36<24:36, 56.79s/it]
LOGO CV @ 95%:  77%|#######7  | 85/110 [1:28:32<23:34, 56.58s/it]
LOGO CV @ 95%:  78%|#######8  | 86/110 [1:29:29<22:38, 56.62s/it]
LOGO CV @ 95%:  79%|#######9  | 87/110 [1:30:25<21:38, 56.46s/it]
LOGO CV @ 95%:  80%|########  | 88/110 [1:31:21<20:40, 56.38s/it]
LOGO CV @ 95%:  81%|########  | 89/110 [1:32:19<19:49, 56.65s/it]
LOGO CV @ 95%:  82%|########1 | 90/110 [1:33:15<18:53, 56.65s/it]
LOGO CV @ 95%:  83%|########2 | 91/110 [1:34:12<17:55, 56.63s/it]
LOGO CV @ 95%:  84%|########3 | 92/110 [1:35:09<16:59, 56.67s/it]
LOGO CV @ 95%:  85%|########4 | 93/110 [1:36:06<16:04, 56.76s/it]
LOGO CV @ 95%:  85%|########5 | 94/110 [1:37:02<15:07, 56.70s/it]
LOGO CV @ 95%:  86%|########6 | 95/110 [1:37:59<14:10, 56.69s/it]
LOGO CV @ 95%:  87%|########7 | 96/110 [1:38:55<13:12, 56.63s/it]
LOGO CV @ 95%:  88%|########8 | 97/110 [1:39:52<12:16, 56.62s/it]
LOGO CV @ 95%:  89%|########9 | 98/110 [1:40:49<11:20, 56.75s/it]
LOGO CV @ 95%:  90%|######### | 99/110 [1:41:46<10:24, 56.81s/it]
LOGO CV @ 95%:  91%|######### | 100/110 [1:42:43<09:28, 56.80s/it]
LOGO CV @ 95%:  92%|#########1| 101/110 [1:43:39<08:29, 56.64s/it]
LOGO CV @ 95%:  93%|#########2| 102/110 [1:44:35<07:32, 56.59s/it]
LOGO CV @ 95%:  94%|#########3| 103/110 [1:45:33<06:37, 56.84s/it]
LOGO CV @ 95%:  95%|#########4| 104/110 [1:46:29<05:39, 56.53s/it]
LOGO CV @ 95%:  95%|#########5| 105/110 [1:47:26<04:43, 56.70s/it]
LOGO CV @ 95%:  96%|#########6| 106/110 [1:48:22<03:46, 56.65s/it]
LOGO CV @ 95%:  97%|#########7| 107/110 [1:49:19<02:50, 56.73s/it]
LOGO CV @ 95%:  98%|#########8| 108/110 [1:50:15<01:53, 56.57s/it]
LOGO CV @ 95%:  99%|#########9| 109/110 [1:51:12<00:56, 56.50s/it]
LOGO CV @ 95%: 100%|##########| 110/110 [1:52:08<00:00, 56.55s/it]
LOGO CV @ 95%: 100%|##########| 110/110 [1:52:08<00:00, 61.17s/it]
Final AUC with max protein-serotype scoring: 0.644

LOGO CV @ 90%:   0%|          | 0/101 [00:00<?, ?it/s]
LOGO CV @ 90%:   1%|          | 1/101 [00:56<1:34:40, 56.81s/it]
LOGO CV @ 90%:   2%|1         | 2/101 [01:53<1:33:48, 56.85s/it]
LOGO CV @ 90%:   3%|2         | 3/101 [02:50<1:32:49, 56.83s/it]
LOGO CV @ 90%:   4%|3         | 4/101 [03:46<1:31:18, 56.48s/it]
LOGO CV @ 90%:   5%|4         | 5/101 [04:42<1:30:08, 56.33s/it]
LOGO CV @ 90%:   6%|5         | 6/101 [05:38<1:29:07, 56.29s/it]
LOGO CV @ 90%:   7%|6         | 7/101 [06:34<1:28:00, 56.17s/it]
LOGO CV @ 90%:   8%|7         | 8/101 [07:30<1:27:05, 56.19s/it]
LOGO CV @ 90%:   9%|8         | 9/101 [08:27<1:26:35, 56.47s/it]
LOGO CV @ 90%:  10%|9         | 10/101 [09:24<1:25:42, 56.51s/it]
LOGO CV @ 90%:  11%|#         | 11/101 [10:22<1:25:33, 57.04s/it]
LOGO CV @ 90%:  12%|#1        | 12/101 [11:19<1:24:27, 56.94s/it]
LOGO CV @ 90%:  13%|#2        | 13/101 [12:15<1:23:10, 56.71s/it]
LOGO CV @ 90%:  14%|#3        | 14/101 [13:11<1:22:00, 56.56s/it]
LOGO CV @ 90%:  15%|#4        | 15/101 [14:07<1:20:49, 56.39s/it]
LOGO CV @ 90%:  16%|#5        | 16/101 [15:04<1:19:58, 56.45s/it]
LOGO CV @ 90%:  17%|#6        | 17/101 [16:00<1:18:59, 56.43s/it]
LOGO CV @ 90%:  18%|#7        | 18/101 [16:57<1:18:12, 56.53s/it]
LOGO CV @ 90%:  19%|#8        | 19/101 [17:54<1:17:31, 56.73s/it]
LOGO CV @ 90%:  20%|#9        | 20/101 [18:51<1:16:37, 56.76s/it]
LOGO CV @ 90%:  21%|##        | 21/101 [19:47<1:15:30, 56.63s/it]
LOGO CV @ 90%:  22%|##1       | 22/101 [20:44<1:14:22, 56.49s/it]
LOGO CV @ 90%:  23%|##2       | 23/101 [21:40<1:13:32, 56.57s/it]
LOGO CV @ 90%:  24%|##3       | 24/101 [22:36<1:12:15, 56.31s/it]
LOGO CV @ 90%:  25%|##4       | 25/101 [23:33<1:11:24, 56.38s/it]
LOGO CV @ 90%:  26%|##5       | 26/101 [24:29<1:10:18, 56.25s/it]
LOGO CV @ 90%:  27%|##6       | 27/101 [25:24<1:09:13, 56.13s/it]
LOGO CV @ 90%:  28%|##7       | 28/101 [26:20<1:08:09, 56.02s/it]
LOGO CV @ 90%:  29%|##8       | 29/101 [27:16<1:07:18, 56.08s/it]
LOGO CV @ 90%:  30%|##9       | 30/101 [28:15<1:07:23, 56.95s/it]
LOGO CV @ 90%:  31%|###       | 31/101 [29:12<1:06:18, 56.84s/it]
LOGO CV @ 90%:  32%|###1      | 32/101 [30:08<1:05:02, 56.55s/it]
LOGO CV @ 90%:  33%|###2      | 33/101 [31:12<1:06:45, 58.91s/it]
LOGO CV @ 90%:  34%|###3      | 34/101 [32:12<1:05:56, 59.04s/it]
LOGO CV @ 90%:  35%|###4      | 35/101 [33:18<1:07:21, 61.23s/it]
LOGO CV @ 90%:  36%|###5      | 36/101 [34:22<1:07:09, 62.00s/it]
LOGO CV @ 90%:  37%|###6      | 37/101 [35:22<1:05:24, 61.32s/it]
LOGO CV @ 90%:  38%|###7      | 38/101 [36:23<1:04:21, 61.29s/it]
LOGO CV @ 90%:  39%|###8      | 39/101 [37:25<1:03:44, 61.68s/it]
LOGO CV @ 90%:  40%|###9      | 40/101 [38:24<1:01:48, 60.79s/it]
LOGO CV @ 90%:  41%|####      | 41/101 [39:23<1:00:12, 60.21s/it]
LOGO CV @ 90%:  42%|####1     | 42/101 [40:21<58:35, 59.58s/it]  
LOGO CV @ 90%:  43%|####2     | 43/101 [41:20<57:21, 59.33s/it]
LOGO CV @ 90%:  44%|####3     | 44/101 [42:14<54:49, 57.71s/it]
LOGO CV @ 90%:  45%|####4     | 45/101 [43:29<58:41, 62.89s/it]
LOGO CV @ 90%:  46%|####5     | 46/101 [45:57<1:21:12, 88.60s/it]
LOGO CV @ 90%:  47%|####6     | 47/101 [47:59<1:28:42, 98.57s/it]
LOGO CV @ 90%:  48%|####7     | 48/101 [50:01<1:33:07, 105.43s/it]
LOGO CV @ 90%:  49%|####8     | 49/101 [52:04<1:35:58, 110.74s/it]
LOGO CV @ 90%:  50%|####9     | 50/101 [54:13<1:38:58, 116.44s/it]
LOGO CV @ 90%:  50%|#####     | 51/101 [56:45<1:45:53, 127.07s/it]
LOGO CV @ 90%:  51%|#####1    | 52/101 [59:24<1:51:25, 136.45s/it]
LOGO CV @ 90%:  52%|#####2    | 53/101 [1:02:04<1:54:58, 143.73s/it]
LOGO CV @ 90%:  53%|#####3    | 54/101 [1:04:58<1:59:38, 152.74s/it]
LOGO CV @ 90%:  54%|#####4    | 55/101 [1:06:17<1:40:03, 130.50s/it]
LOGO CV @ 90%:  55%|#####5    | 56/101 [1:07:17<1:22:02, 109.38s/it]
LOGO CV @ 90%:  56%|#####6    | 57/101 [1:08:17<1:09:19, 94.53s/it] 
LOGO CV @ 90%:  57%|#####7    | 58/101 [1:09:20<1:01:03, 85.19s/it]
LOGO CV @ 90%:  58%|#####8    | 59/101 [1:10:23<54:59, 78.56s/it]  
LOGO CV @ 90%:  59%|#####9    | 60/101 [1:11:25<50:11, 73.44s/it]
LOGO CV @ 90%:  60%|######    | 61/101 [1:12:29<47:07, 70.68s/it]
LOGO CV @ 90%:  61%|######1   | 62/101 [1:13:31<44:14, 68.07s/it]
LOGO CV @ 90%:  62%|######2   | 63/101 [1:14:32<41:47, 65.98s/it]
LOGO CV @ 90%:  63%|######3   | 64/101 [1:15:33<39:46, 64.50s/it]
LOGO CV @ 90%:  64%|######4   | 65/101 [1:16:34<38:05, 63.49s/it]
LOGO CV @ 90%:  65%|######5   | 66/101 [1:17:35<36:37, 62.80s/it]
LOGO CV @ 90%:  66%|######6   | 67/101 [1:18:37<35:26, 62.54s/it]
LOGO CV @ 90%:  67%|######7   | 68/101 [1:19:41<34:40, 63.05s/it]
LOGO CV @ 90%:  68%|######8   | 69/101 [1:20:44<33:31, 62.86s/it]
LOGO CV @ 90%:  69%|######9   | 70/101 [1:21:47<32:30, 62.90s/it]
LOGO CV @ 90%:  70%|#######   | 71/101 [1:22:48<31:12, 62.42s/it]
LOGO CV @ 90%:  71%|#######1  | 72/101 [1:23:50<30:07, 62.34s/it]
LOGO CV @ 90%:  72%|#######2  | 73/101 [1:24:52<28:55, 61.98s/it]
LOGO CV @ 90%:  73%|#######3  | 74/101 [1:25:53<27:50, 61.87s/it]
LOGO CV @ 90%:  74%|#######4  | 75/101 [1:26:54<26:38, 61.50s/it]
LOGO CV @ 90%:  75%|#######5  | 76/101 [1:27:55<25:33, 61.35s/it]
LOGO CV @ 90%:  76%|#######6  | 77/101 [1:28:58<24:42, 61.78s/it]
LOGO CV @ 90%:  77%|#######7  | 78/101 [1:29:59<23:36, 61.61s/it]
LOGO CV @ 90%:  78%|#######8  | 79/101 [1:31:01<22:37, 61.72s/it]
LOGO CV @ 90%:  79%|#######9  | 80/101 [1:32:01<21:24, 61.18s/it]
LOGO CV @ 90%:  80%|########  | 81/101 [1:32:58<20:02, 60.15s/it]
LOGO CV @ 90%:  81%|########1 | 82/101 [1:33:58<18:57, 59.88s/it]
LOGO CV @ 90%:  82%|########2 | 83/101 [1:34:58<17:58, 59.94s/it]
LOGO CV @ 90%:  83%|########3 | 84/101 [1:35:59<17:03, 60.21s/it]
LOGO CV @ 90%:  84%|########4 | 85/101 [1:37:00<16:07, 60.48s/it]
LOGO CV @ 90%:  85%|########5 | 86/101 [1:38:02<15:13, 60.92s/it]
LOGO CV @ 90%:  86%|########6 | 87/101 [1:39:02<14:08, 60.63s/it]
LOGO CV @ 90%:  87%|########7 | 88/101 [1:40:01<13:04, 60.33s/it]
LOGO CV @ 90%:  88%|########8 | 89/101 [1:41:00<12:00, 60.02s/it]
LOGO CV @ 90%:  89%|########9 | 90/101 [1:42:00<10:57, 59.80s/it]
LOGO CV @ 90%:  90%|######### | 91/101 [1:43:01<10:00, 60.08s/it]
LOGO CV @ 90%:  91%|#########1| 92/101 [1:44:01<09:01, 60.19s/it]
LOGO CV @ 90%:  92%|#########2| 93/101 [1:45:02<08:02, 60.34s/it]
LOGO CV @ 90%:  93%|#########3| 94/101 [1:46:04<07:07, 61.03s/it]
LOGO CV @ 90%:  94%|#########4| 95/101 [1:47:05<06:05, 60.99s/it]
LOGO CV @ 90%:  95%|#########5| 96/101 [1:48:06<05:05, 61.01s/it]
LOGO CV @ 90%:  96%|#########6| 97/101 [1:49:07<04:03, 60.88s/it]
LOGO CV @ 90%:  97%|#########7| 98/101 [1:50:06<03:01, 60.49s/it]
LOGO CV @ 90%:  98%|#########8| 99/101 [1:51:08<02:01, 60.70s/it]
LOGO CV @ 90%:  99%|#########9| 100/101 [1:52:08<01:00, 60.68s/it]
LOGO CV @ 90%: 100%|##########| 101/101 [1:53:09<00:00, 60.85s/it]
LOGO CV @ 90%: 100%|##########| 101/101 [1:53:10<00:00, 67.23s/it]
Final AUC with max protein-serotype scoring: 0.636

LOGO CV @ 85%:   0%|          | 0/96 [00:00<?, ?it/s]
LOGO CV @ 85%:   1%|1         | 1/96 [01:01<1:37:09, 61.37s/it]
LOGO CV @ 85%:   2%|2         | 2/96 [02:03<1:36:52, 61.84s/it]
LOGO CV @ 85%:   3%|3         | 3/96 [03:02<1:34:04, 60.69s/it]
LOGO CV @ 85%:   4%|4         | 4/96 [04:00<1:31:13, 59.49s/it]
LOGO CV @ 85%:   5%|5         | 5/96 [04:58<1:29:14, 58.84s/it]
LOGO CV @ 85%:   6%|6         | 6/96 [05:55<1:27:30, 58.34s/it]
LOGO CV @ 85%:   7%|7         | 7/96 [06:52<1:25:58, 57.96s/it]
LOGO CV @ 85%:   8%|8         | 8/96 [07:49<1:24:40, 57.73s/it]
LOGO CV @ 85%:   9%|9         | 9/96 [08:50<1:25:04, 58.67s/it]
LOGO CV @ 85%:  10%|#         | 10/96 [09:50<1:24:48, 59.17s/it]
LOGO CV @ 85%:  11%|#1        | 11/96 [10:48<1:23:07, 58.68s/it]
LOGO CV @ 85%:  12%|#2        | 12/96 [11:45<1:21:26, 58.18s/it]
LOGO CV @ 85%:  14%|#3        | 13/96 [12:42<1:19:46, 57.67s/it]
LOGO CV @ 85%:  15%|#4        | 14/96 [13:38<1:18:21, 57.33s/it]
LOGO CV @ 85%:  16%|#5        | 15/96 [14:35<1:17:10, 57.16s/it]
LOGO CV @ 85%:  17%|#6        | 16/96 [15:32<1:16:10, 57.13s/it]
LOGO CV @ 85%:  18%|#7        | 17/96 [16:29<1:15:15, 57.16s/it]
LOGO CV @ 85%:  19%|#8        | 18/96 [17:32<1:16:26, 58.80s/it]
LOGO CV @ 85%:  20%|#9        | 19/96 [18:32<1:15:51, 59.10s/it]
LOGO CV @ 85%:  21%|##        | 20/96 [19:31<1:15:03, 59.26s/it]
LOGO CV @ 85%:  22%|##1       | 21/96 [20:30<1:13:47, 59.04s/it]
LOGO CV @ 85%:  23%|##2       | 22/96 [21:30<1:13:12, 59.36s/it]
LOGO CV @ 85%:  24%|##3       | 23/96 [22:28<1:11:41, 58.92s/it]
LOGO CV @ 85%:  25%|##5       | 24/96 [23:26<1:10:26, 58.70s/it]
LOGO CV @ 85%:  26%|##6       | 25/96 [24:24<1:09:07, 58.42s/it]
LOGO CV @ 85%:  27%|##7       | 26/96 [25:25<1:09:03, 59.19s/it]
LOGO CV @ 85%:  28%|##8       | 27/96 [26:23<1:07:43, 58.89s/it]
LOGO CV @ 85%:  29%|##9       | 28/96 [27:22<1:06:50, 58.97s/it]
LOGO CV @ 85%:  30%|###       | 29/96 [28:22<1:06:07, 59.21s/it]
LOGO CV @ 85%:  31%|###1      | 30/96 [29:21<1:05:07, 59.20s/it]
LOGO CV @ 85%:  32%|###2      | 31/96 [30:18<1:03:33, 58.66s/it]
LOGO CV @ 85%:  33%|###3      | 32/96 [31:18<1:02:48, 58.89s/it]
LOGO CV @ 85%:  34%|###4      | 33/96 [32:17<1:01:47, 58.84s/it]
LOGO CV @ 85%:  35%|###5      | 34/96 [33:17<1:01:08, 59.17s/it]
LOGO CV @ 85%:  36%|###6      | 35/96 [34:15<1:00:03, 59.08s/it]
LOGO CV @ 85%:  38%|###7      | 36/96 [35:14<59:02, 59.05s/it]  
LOGO CV @ 85%:  39%|###8      | 37/96 [36:13<58:01, 59.02s/it]
LOGO CV @ 85%:  40%|###9      | 38/96 [37:14<57:28, 59.45s/it]
LOGO CV @ 85%:  41%|####      | 39/96 [38:14<56:39, 59.63s/it]
LOGO CV @ 85%:  42%|####1     | 40/96 [39:12<55:19, 59.28s/it]
LOGO CV @ 85%:  43%|####2     | 41/96 [40:11<54:13, 59.15s/it]
LOGO CV @ 85%:  44%|####3     | 42/96 [41:13<53:55, 59.91s/it]
LOGO CV @ 85%:  45%|####4     | 43/96 [42:09<51:54, 58.77s/it]
LOGO CV @ 85%:  46%|####5     | 44/96 [43:09<51:11, 59.06s/it]
LOGO CV @ 85%:  47%|####6     | 45/96 [44:08<50:09, 59.01s/it]
LOGO CV @ 85%:  48%|####7     | 46/96 [45:13<50:45, 60.91s/it]
LOGO CV @ 85%:  49%|####8     | 47/96 [46:14<49:51, 61.06s/it]
LOGO CV @ 85%:  50%|#####     | 48/96 [47:15<48:38, 60.80s/it]
LOGO CV @ 85%:  51%|#####1    | 49/96 [48:15<47:36, 60.77s/it]
LOGO CV @ 85%:  52%|#####2    | 50/96 [49:14<46:07, 60.17s/it]
LOGO CV @ 85%:  53%|#####3    | 51/96 [50:13<44:48, 59.75s/it]
LOGO CV @ 85%:  54%|#####4    | 52/96 [51:11<43:32, 59.38s/it]
LOGO CV @ 85%:  55%|#####5    | 53/96 [52:11<42:32, 59.37s/it]
LOGO CV @ 85%:  56%|#####6    | 54/96 [53:12<42:04, 60.12s/it]
LOGO CV @ 85%:  57%|#####7    | 55/96 [54:12<40:59, 59.99s/it]
LOGO CV @ 85%:  58%|#####8    | 56/96 [55:16<40:40, 61.01s/it]
LOGO CV @ 85%:  59%|#####9    | 57/96 [56:14<39:10, 60.28s/it]
LOGO CV @ 85%:  60%|######    | 58/96 [57:13<37:53, 59.83s/it]
LOGO CV @ 85%:  61%|######1   | 59/96 [58:10<36:25, 59.08s/it]
LOGO CV @ 85%:  62%|######2   | 60/96 [59:08<35:14, 58.72s/it]
LOGO CV @ 85%:  64%|######3   | 61/96 [1:00:05<33:58, 58.26s/it]
LOGO CV @ 85%:  65%|######4   | 62/96 [1:01:03<32:55, 58.10s/it]
LOGO CV @ 85%:  66%|######5   | 63/96 [1:02:01<31:52, 57.96s/it]
LOGO CV @ 85%:  67%|######6   | 64/96 [1:02:58<30:50, 57.83s/it]
LOGO CV @ 85%:  68%|######7   | 65/96 [1:03:55<29:46, 57.62s/it]
LOGO CV @ 85%:  69%|######8   | 66/96 [1:04:51<28:32, 57.09s/it]
LOGO CV @ 85%:  70%|######9   | 67/96 [1:05:48<27:37, 57.15s/it]
LOGO CV @ 85%:  71%|#######   | 68/96 [1:06:46<26:40, 57.15s/it]
LOGO CV @ 85%:  72%|#######1  | 69/96 [1:07:43<25:43, 57.17s/it]
LOGO CV @ 85%:  73%|#######2  | 70/96 [1:08:40<24:45, 57.13s/it]
LOGO CV @ 85%:  74%|#######3  | 71/96 [1:09:37<23:48, 57.15s/it]
LOGO CV @ 85%:  75%|#######5  | 72/96 [1:10:34<22:51, 57.16s/it]
LOGO CV @ 85%:  76%|#######6  | 73/96 [1:11:32<21:57, 57.29s/it]
LOGO CV @ 85%:  77%|#######7  | 74/96 [1:12:30<21:04, 57.46s/it]
LOGO CV @ 85%:  78%|#######8  | 75/96 [1:13:28<20:14, 57.81s/it]
LOGO CV @ 85%:  79%|#######9  | 76/96 [1:14:25<19:11, 57.58s/it]
LOGO CV @ 85%:  80%|########  | 77/96 [1:15:23<18:14, 57.61s/it]
LOGO CV @ 85%:  81%|########1 | 78/96 [1:16:21<17:17, 57.64s/it]
LOGO CV @ 85%:  82%|########2 | 79/96 [1:17:17<16:15, 57.36s/it]
LOGO CV @ 85%:  83%|########3 | 80/96 [1:18:15<15:17, 57.37s/it]
LOGO CV @ 85%:  84%|########4 | 81/96 [1:19:12<14:18, 57.20s/it]
LOGO CV @ 85%:  85%|########5 | 82/96 [1:20:09<13:21, 57.25s/it]
LOGO CV @ 85%:  86%|########6 | 83/96 [1:21:06<12:22, 57.14s/it]
LOGO CV @ 85%:  88%|########7 | 84/96 [1:22:03<11:23, 57.00s/it]
LOGO CV @ 85%:  89%|########8 | 85/96 [1:22:59<10:25, 56.85s/it]
LOGO CV @ 85%:  90%|########9 | 86/96 [1:23:56<09:27, 56.79s/it]
LOGO CV @ 85%:  91%|######### | 87/96 [1:24:52<08:30, 56.69s/it]
LOGO CV @ 85%:  92%|#########1| 88/96 [1:25:49<07:34, 56.75s/it]
LOGO CV @ 85%:  93%|#########2| 89/96 [1:26:46<06:38, 56.93s/it]
LOGO CV @ 85%:  94%|#########3| 90/96 [1:27:44<05:42, 57.12s/it]
LOGO CV @ 85%:  95%|#########4| 91/96 [1:28:40<04:44, 56.92s/it]
LOGO CV @ 85%:  96%|#########5| 92/96 [1:29:37<03:47, 56.84s/it]
LOGO CV @ 85%:  97%|#########6| 93/96 [1:30:33<02:49, 56.65s/it]
LOGO CV @ 85%:  98%|#########7| 94/96 [1:31:30<01:53, 56.59s/it]
LOGO CV @ 85%:  99%|#########8| 95/96 [1:32:27<00:56, 56.66s/it]
LOGO CV @ 85%: 100%|##########| 96/96 [1:33:23<00:00, 56.70s/it]
LOGO CV @ 85%: 100%|##########| 96/96 [1:33:23<00:00, 58.37s/it]
Final AUC with max protein-serotype scoring: 0.615

LOGO CV @ 80%:   0%|          | 0/93 [00:00<?, ?it/s]
LOGO CV @ 80%:   1%|1         | 1/93 [00:57<1:28:11, 57.52s/it]
LOGO CV @ 80%:   2%|2         | 2/93 [01:54<1:27:08, 57.45s/it]
LOGO CV @ 80%:   3%|3         | 3/93 [02:52<1:26:16, 57.51s/it]
LOGO CV @ 80%:   4%|4         | 4/93 [03:49<1:24:59, 57.30s/it]
LOGO CV @ 80%:   5%|5         | 5/93 [04:49<1:25:35, 58.36s/it]
LOGO CV @ 80%:   6%|6         | 6/93 [05:48<1:24:35, 58.34s/it]
LOGO CV @ 80%:   8%|7         | 7/93 [06:46<1:23:32, 58.28s/it]
LOGO CV @ 80%:   9%|8         | 8/93 [07:46<1:23:18, 58.81s/it]
LOGO CV @ 80%:  10%|9         | 9/93 [08:51<1:25:19, 60.95s/it]
LOGO CV @ 80%:  11%|#         | 10/93 [09:50<1:23:29, 60.36s/it]
LOGO CV @ 80%:  12%|#1        | 11/93 [10:49<1:21:46, 59.84s/it]
LOGO CV @ 80%:  13%|#2        | 12/93 [11:47<1:19:56, 59.21s/it]
LOGO CV @ 80%:  14%|#3        | 13/93 [12:49<1:20:20, 60.26s/it]
LOGO CV @ 80%:  15%|#5        | 14/93 [13:49<1:19:07, 60.10s/it]
LOGO CV @ 80%:  16%|#6        | 15/93 [14:49<1:18:03, 60.04s/it]
LOGO CV @ 80%:  17%|#7        | 16/93 [15:49<1:16:55, 59.95s/it]
LOGO CV @ 80%:  18%|#8        | 17/93 [16:50<1:16:18, 60.24s/it]
LOGO CV @ 80%:  19%|#9        | 18/93 [17:51<1:15:51, 60.69s/it]
LOGO CV @ 80%:  20%|##        | 19/93 [18:54<1:15:43, 61.39s/it]
LOGO CV @ 80%:  22%|##1       | 20/93 [19:56<1:14:48, 61.49s/it]
LOGO CV @ 80%:  23%|##2       | 21/93 [20:56<1:13:11, 60.99s/it]
LOGO CV @ 80%:  24%|##3       | 22/93 [21:58<1:12:21, 61.15s/it]
LOGO CV @ 80%:  25%|##4       | 23/93 [22:57<1:10:46, 60.66s/it]
LOGO CV @ 80%:  26%|##5       | 24/93 [23:58<1:09:44, 60.65s/it]
LOGO CV @ 80%:  27%|##6       | 25/93 [24:58<1:08:31, 60.46s/it]
LOGO CV @ 80%:  28%|##7       | 26/93 [25:58<1:07:26, 60.40s/it]
LOGO CV @ 80%:  29%|##9       | 27/93 [26:57<1:06:01, 60.02s/it]
LOGO CV @ 80%:  30%|###       | 28/93 [27:56<1:04:47, 59.81s/it]
LOGO CV @ 80%:  31%|###1      | 29/93 [28:55<1:03:30, 59.54s/it]
LOGO CV @ 80%:  32%|###2      | 30/93 [29:55<1:02:27, 59.48s/it]
LOGO CV @ 80%:  33%|###3      | 31/93 [30:53<1:01:13, 59.24s/it]
LOGO CV @ 80%:  34%|###4      | 32/93 [31:53<1:00:12, 59.23s/it]
LOGO CV @ 80%:  35%|###5      | 33/93 [32:53<59:30, 59.52s/it]  
LOGO CV @ 80%:  37%|###6      | 34/93 [33:52<58:31, 59.52s/it]
LOGO CV @ 80%:  38%|###7      | 35/93 [34:52<57:32, 59.53s/it]
LOGO CV @ 80%:  39%|###8      | 36/93 [35:51<56:27, 59.43s/it]
LOGO CV @ 80%:  40%|###9      | 37/93 [36:50<55:27, 59.41s/it]
LOGO CV @ 80%:  41%|####      | 38/93 [37:51<54:40, 59.65s/it]
LOGO CV @ 80%:  42%|####1     | 39/93 [38:50<53:32, 59.50s/it]
LOGO CV @ 80%:  43%|####3     | 40/93 [39:48<52:16, 59.18s/it]
LOGO CV @ 80%:  44%|####4     | 41/93 [40:48<51:23, 59.30s/it]
LOGO CV @ 80%:  45%|####5     | 42/93 [41:41<48:56, 57.59s/it]
LOGO CV @ 80%:  46%|####6     | 43/93 [42:41<48:25, 58.10s/it]
LOGO CV @ 80%:  47%|####7     | 44/93 [43:39<47:29, 58.15s/it]
LOGO CV @ 80%:  48%|####8     | 45/93 [44:38<46:47, 58.49s/it]
LOGO CV @ 80%:  49%|####9     | 46/93 [45:38<46:01, 58.75s/it]
LOGO CV @ 80%:  51%|#####     | 47/93 [46:35<44:42, 58.32s/it]
LOGO CV @ 80%:  52%|#####1    | 48/93 [47:33<43:37, 58.17s/it]
LOGO CV @ 80%:  53%|#####2    | 49/93 [48:30<42:34, 58.06s/it]
LOGO CV @ 80%:  54%|#####3    | 50/93 [49:28<41:24, 57.77s/it]
LOGO CV @ 80%:  55%|#####4    | 51/93 [50:25<40:18, 57.58s/it]
LOGO CV @ 80%:  56%|#####5    | 52/93 [51:22<39:17, 57.50s/it]
LOGO CV @ 80%:  57%|#####6    | 53/93 [52:20<38:23, 57.59s/it]
LOGO CV @ 80%:  58%|#####8    | 54/93 [53:17<37:19, 57.42s/it]
LOGO CV @ 80%:  59%|#####9    | 55/93 [54:17<36:53, 58.26s/it]
LOGO CV @ 80%:  60%|######    | 56/93 [55:17<36:10, 58.65s/it]
LOGO CV @ 80%:  61%|######1   | 57/93 [56:16<35:17, 58.82s/it]
LOGO CV @ 80%:  62%|######2   | 58/93 [57:14<34:15, 58.73s/it]
LOGO CV @ 80%:  63%|######3   | 59/93 [58:12<33:07, 58.47s/it]
LOGO CV @ 80%:  65%|######4   | 60/93 [59:10<31:57, 58.11s/it]
LOGO CV @ 80%:  66%|######5   | 61/93 [1:00:07<30:52, 57.90s/it]
LOGO CV @ 80%:  67%|######6   | 62/93 [1:01:04<29:47, 57.66s/it]
LOGO CV @ 80%:  68%|######7   | 63/93 [1:02:02<28:48, 57.61s/it]
LOGO CV @ 80%:  69%|######8   | 64/93 [1:02:59<27:49, 57.58s/it]
LOGO CV @ 80%:  70%|######9   | 65/93 [1:03:56<26:50, 57.53s/it]
LOGO CV @ 80%:  71%|#######   | 66/93 [1:04:53<25:47, 57.33s/it]
LOGO CV @ 80%:  72%|#######2  | 67/93 [1:05:51<24:51, 57.38s/it]
LOGO CV @ 80%:  73%|#######3  | 68/93 [1:06:48<23:51, 57.26s/it]
LOGO CV @ 80%:  74%|#######4  | 69/93 [1:07:45<22:55, 57.33s/it]
LOGO CV @ 80%:  75%|#######5  | 70/93 [1:08:42<21:55, 57.20s/it]
LOGO CV @ 80%:  76%|#######6  | 71/93 [1:09:39<20:56, 57.11s/it]
LOGO CV @ 80%:  77%|#######7  | 72/93 [1:10:36<19:57, 57.01s/it]
LOGO CV @ 80%:  78%|#######8  | 73/93 [1:11:33<19:02, 57.13s/it]
LOGO CV @ 80%:  80%|#######9  | 74/93 [1:12:31<18:10, 57.38s/it]
LOGO CV @ 80%:  81%|########  | 75/93 [1:13:28<17:10, 57.28s/it]
LOGO CV @ 80%:  82%|########1 | 76/93 [1:14:25<16:09, 57.05s/it]
LOGO CV @ 80%:  83%|########2 | 77/93 [1:15:23<15:19, 57.44s/it]
LOGO CV @ 80%:  84%|########3 | 78/93 [1:16:20<14:19, 57.28s/it]
LOGO CV @ 80%:  85%|########4 | 79/93 [1:17:17<13:19, 57.12s/it]
LOGO CV @ 80%:  86%|########6 | 80/93 [1:18:17<12:33, 57.99s/it]
LOGO CV @ 80%:  87%|########7 | 81/93 [1:19:17<11:43, 58.65s/it]
LOGO CV @ 80%:  88%|########8 | 82/93 [1:20:16<10:47, 58.89s/it]
LOGO CV @ 80%:  89%|########9 | 83/93 [1:21:17<09:53, 59.30s/it]
LOGO CV @ 80%:  90%|######### | 84/93 [1:22:16<08:54, 59.41s/it]
LOGO CV @ 80%:  91%|#########1| 85/93 [1:23:17<07:58, 59.75s/it]
LOGO CV @ 80%:  92%|#########2| 86/93 [1:24:17<06:58, 59.84s/it]
LOGO CV @ 80%:  94%|#########3| 87/93 [1:25:14<05:54, 59.13s/it]
LOGO CV @ 80%:  95%|#########4| 88/93 [1:26:11<04:52, 58.44s/it]
LOGO CV @ 80%:  96%|#########5| 89/93 [1:27:11<03:55, 58.84s/it]
LOGO CV @ 80%:  97%|#########6| 90/93 [1:28:10<02:56, 58.95s/it]
LOGO CV @ 80%:  98%|#########7| 91/93 [1:29:12<01:59, 59.74s/it]
LOGO CV @ 80%:  99%|#########8| 92/93 [1:30:14<01:00, 60.47s/it]
LOGO CV @ 80%: 100%|##########| 93/93 [1:31:14<00:00, 60.30s/it]
LOGO CV @ 80%: 100%|##########| 93/93 [1:31:14<00:00, 58.86s/it]
Final AUC with max protein-serotype scoring: 0.659

LOGO CV @ 75%:   0%|          | 0/89 [00:00<?, ?it/s]
LOGO CV @ 75%:   1%|1         | 1/89 [01:01<1:29:43, 61.17s/it]
LOGO CV @ 75%:   2%|2         | 2/89 [02:01<1:27:51, 60.60s/it]
LOGO CV @ 75%:   3%|3         | 3/89 [03:01<1:26:30, 60.35s/it]
LOGO CV @ 75%:   4%|4         | 4/89 [04:01<1:25:14, 60.17s/it]
LOGO CV @ 75%:   6%|5         | 5/89 [05:00<1:23:56, 59.96s/it]
LOGO CV @ 75%:   7%|6         | 6/89 [06:01<1:23:23, 60.28s/it]
LOGO CV @ 75%:   8%|7         | 7/89 [06:59<1:21:02, 59.30s/it]
LOGO CV @ 75%:   9%|8         | 8/89 [07:56<1:19:06, 58.59s/it]
LOGO CV @ 75%:  10%|#         | 9/89 [08:53<1:17:48, 58.35s/it]
LOGO CV @ 75%:  11%|#1        | 10/89 [09:49<1:15:47, 57.56s/it]
LOGO CV @ 75%:  12%|#2        | 11/89 [10:46<1:14:41, 57.45s/it]
LOGO CV @ 75%:  13%|#3        | 12/89 [11:49<1:15:33, 58.87s/it]
LOGO CV @ 75%:  15%|#4        | 13/89 [12:48<1:14:55, 59.15s/it]
LOGO CV @ 75%:  16%|#5        | 14/89 [13:47<1:13:53, 59.12s/it]
LOGO CV @ 75%:  17%|#6        | 15/89 [14:47<1:13:04, 59.26s/it]
LOGO CV @ 75%:  18%|#7        | 16/89 [15:48<1:12:47, 59.83s/it]
LOGO CV @ 75%:  19%|#9        | 17/89 [16:50<1:12:28, 60.40s/it]
LOGO CV @ 75%:  20%|##        | 18/89 [17:50<1:11:32, 60.45s/it]
LOGO CV @ 75%:  21%|##1       | 19/89 [18:48<1:09:26, 59.52s/it]
LOGO CV @ 75%:  22%|##2       | 20/89 [19:45<1:07:46, 58.94s/it]
LOGO CV @ 75%:  24%|##3       | 21/89 [20:47<1:07:46, 59.80s/it]
LOGO CV @ 75%:  25%|##4       | 22/89 [21:49<1:07:19, 60.29s/it]
LOGO CV @ 75%:  26%|##5       | 23/89 [22:48<1:06:04, 60.07s/it]
LOGO CV @ 75%:  27%|##6       | 24/89 [23:49<1:05:13, 60.20s/it]
LOGO CV @ 75%:  28%|##8       | 25/89 [24:49<1:04:07, 60.11s/it]
LOGO CV @ 75%:  29%|##9       | 26/89 [25:49<1:03:11, 60.19s/it]
LOGO CV @ 75%:  30%|###       | 27/89 [26:49<1:02:15, 60.26s/it]
LOGO CV @ 75%:  31%|###1      | 28/89 [27:53<1:02:09, 61.15s/it]
LOGO CV @ 75%:  33%|###2      | 29/89 [28:54<1:01:04, 61.07s/it]
LOGO CV @ 75%:  34%|###3      | 30/89 [29:54<59:58, 61.00s/it]  
LOGO CV @ 75%:  35%|###4      | 31/89 [30:56<59:06, 61.14s/it]
LOGO CV @ 75%:  36%|###5      | 32/89 [31:58<58:16, 61.34s/it]
LOGO CV @ 75%:  37%|###7      | 33/89 [32:58<57:02, 61.12s/it]
LOGO CV @ 75%:  38%|###8      | 34/89 [34:00<56:19, 61.44s/it]
LOGO CV @ 75%:  39%|###9      | 35/89 [35:01<55:10, 61.31s/it]
LOGO CV @ 75%:  40%|####      | 36/89 [36:04<54:22, 61.56s/it]
LOGO CV @ 75%:  42%|####1     | 37/89 [37:05<53:19, 61.53s/it]
LOGO CV @ 75%:  43%|####2     | 38/89 [38:07<52:27, 61.71s/it]
LOGO CV @ 75%:  44%|####3     | 39/89 [39:10<51:38, 61.97s/it]
LOGO CV @ 75%:  45%|####4     | 40/89 [40:13<50:51, 62.28s/it]
LOGO CV @ 75%:  46%|####6     | 41/89 [41:16<50:08, 62.69s/it]
LOGO CV @ 75%:  47%|####7     | 42/89 [42:14<48:00, 61.29s/it]
LOGO CV @ 75%:  48%|####8     | 43/89 [43:17<47:12, 61.57s/it]
LOGO CV @ 75%:  49%|####9     | 44/89 [44:20<46:30, 62.01s/it]
LOGO CV @ 75%:  51%|#####     | 45/89 [45:22<45:38, 62.23s/it]
LOGO CV @ 75%:  52%|#####1    | 46/89 [46:29<45:27, 63.44s/it]
LOGO CV @ 75%:  53%|#####2    | 47/89 [47:27<43:26, 62.05s/it]
LOGO CV @ 75%:  54%|#####3    | 48/89 [48:25<41:30, 60.74s/it]
LOGO CV @ 75%:  55%|#####5    | 49/89 [49:23<39:51, 59.80s/it]
LOGO CV @ 75%:  56%|#####6    | 50/89 [50:20<38:22, 59.05s/it]
LOGO CV @ 75%:  57%|#####7    | 51/89 [51:21<37:41, 59.50s/it]
LOGO CV @ 75%:  58%|#####8    | 52/89 [52:19<36:32, 59.25s/it]
LOGO CV @ 75%:  60%|#####9    | 53/89 [53:20<35:51, 59.77s/it]
LOGO CV @ 75%:  61%|######    | 54/89 [54:22<35:12, 60.34s/it]
LOGO CV @ 75%:  62%|######1   | 55/89 [55:24<34:27, 60.81s/it]
LOGO CV @ 75%:  63%|######2   | 56/89 [56:24<33:15, 60.47s/it]
LOGO CV @ 75%:  64%|######4   | 57/89 [57:24<32:16, 60.53s/it]
LOGO CV @ 75%:  65%|######5   | 58/89 [58:22<30:51, 59.73s/it]
LOGO CV @ 75%:  66%|######6   | 59/89 [59:19<29:27, 58.91s/it]
LOGO CV @ 75%:  67%|######7   | 60/89 [1:00:16<28:13, 58.41s/it]
LOGO CV @ 75%:  69%|######8   | 61/89 [1:01:13<27:03, 57.97s/it]
LOGO CV @ 75%:  70%|######9   | 62/89 [1:02:09<25:51, 57.45s/it]
LOGO CV @ 75%:  71%|#######   | 63/89 [1:03:07<24:52, 57.40s/it]
LOGO CV @ 75%:  72%|#######1  | 64/89 [1:04:04<23:50, 57.23s/it]
LOGO CV @ 75%:  73%|#######3  | 65/89 [1:05:00<22:50, 57.09s/it]
LOGO CV @ 75%:  74%|#######4  | 66/89 [1:05:57<21:49, 56.95s/it]
LOGO CV @ 75%:  75%|#######5  | 67/89 [1:06:54<20:50, 56.82s/it]
LOGO CV @ 75%:  76%|#######6  | 68/89 [1:07:50<19:49, 56.62s/it]
LOGO CV @ 75%:  78%|#######7  | 69/89 [1:08:46<18:51, 56.57s/it]
LOGO CV @ 75%:  79%|#######8  | 70/89 [1:09:42<17:52, 56.46s/it]
LOGO CV @ 75%:  80%|#######9  | 71/89 [1:10:39<16:56, 56.47s/it]
LOGO CV @ 75%:  81%|########  | 72/89 [1:11:36<16:01, 56.57s/it]
LOGO CV @ 75%:  82%|########2 | 73/89 [1:12:33<15:07, 56.72s/it]
LOGO CV @ 75%:  83%|########3 | 74/89 [1:13:29<14:10, 56.68s/it]
LOGO CV @ 75%:  84%|########4 | 75/89 [1:14:26<13:15, 56.83s/it]
LOGO CV @ 75%:  85%|########5 | 76/89 [1:15:24<12:20, 56.96s/it]
LOGO CV @ 75%:  87%|########6 | 77/89 [1:16:21<11:24, 57.07s/it]
LOGO CV @ 75%:  88%|########7 | 78/89 [1:17:18<10:26, 56.99s/it]
LOGO CV @ 75%:  89%|########8 | 79/89 [1:18:15<09:31, 57.14s/it]
LOGO CV @ 75%:  90%|########9 | 80/89 [1:19:12<08:33, 57.05s/it]
LOGO CV @ 75%:  91%|#########1| 81/89 [1:20:09<07:34, 56.87s/it]
LOGO CV @ 75%:  92%|#########2| 82/89 [1:21:05<06:37, 56.78s/it]
LOGO CV @ 75%:  93%|#########3| 83/89 [1:22:02<05:39, 56.63s/it]
LOGO CV @ 75%:  94%|#########4| 84/89 [1:22:59<04:43, 56.76s/it]
LOGO CV @ 75%:  96%|#########5| 85/89 [1:23:55<03:46, 56.68s/it]
LOGO CV @ 75%:  97%|#########6| 86/89 [1:24:52<02:50, 56.70s/it]
LOGO CV @ 75%:  98%|#########7| 87/89 [1:25:48<01:53, 56.59s/it]
LOGO CV @ 75%:  99%|#########8| 88/89 [1:26:45<00:56, 56.59s/it]
LOGO CV @ 75%: 100%|##########| 89/89 [1:27:41<00:00, 56.63s/it]
LOGO CV @ 75%: 100%|##########| 89/89 [1:27:41<00:00, 59.12s/it]
Final AUC with max protein-serotype scoring: 0.672

Wrote Results/3_AUCs_max_max_sero.pkl — all 8 thresholds: [np.float64(0.817), np.float64(0.747), np.float64(0.69), np.float64(0.644), np.float64(0.636), np.float64(0.615), np.float64(0.659), np.float64(0.672)]
